19:37:23.412 INFO  manager.ApplicationManager -- All tests runs in FIREFOX Browser
19:37:25.391 INFO  manager.ApplicationManager -- The link --->https://telranedu.web.app/home
19:37:25.418 INFO  manager.TestNGListener -- Start testing on date -->Thu Jun 04 19:37:25 IDT 2026
19:37:25.500 INFO  tests.TestBase -- Name of method (test) -->loginSuccess
19:37:30.536 INFO  manager.TestNGListener -- Start test -->loginSuccess
19:37:30.538 INFO  tests.TestBase -- Start test with name 'loginSuccess'
19:37:30.539 INFO  tests.TestBase -- Test data ---> email: margo@gmail.com & password: Mmar123456$
19:37:30.542 INFO  manager.ListenerWD -- Before find element-->By.cssSelector: a[href='/login']
19:37:30.575 INFO  manager.ListenerWD -- After find element-->By.cssSelector: a[href='/login']
19:37:30.584 INFO  manager.ListenerWD -- Location of element-->a
19:37:30.602 INFO  manager.ListenerWD -- Before click element -->atext-->LOGIN
19:37:30.702 INFO  manager.ListenerWD -- After click element -->a
19:37:30.703 INFO  manager.HelperBase -- open form by click on button with locator a[href='/login']
19:37:30.704 INFO  manager.ListenerWD -- Before find element-->By.name: email
19:37:30.731 INFO  manager.ListenerWD -- After find element-->By.name: email
19:37:30.736 INFO  manager.ListenerWD -- Location of element-->input
19:37:30.754 INFO  manager.ListenerWD -- Before click element -->inputtext-->
19:37:30.827 INFO  manager.ListenerWD -- After click element -->input
19:37:30.843 INFO  manager.ListenerWD -- sendKeyds-->
19:37:30.849 INFO  manager.ListenerWD -- sendKeyds_TagName-->input
19:37:30.882 INFO  manager.ListenerWD -- sendKeyds-->
19:37:30.887 INFO  manager.ListenerWD -- sendKeyds_TagName-->input
19:37:30.910 INFO  manager.ListenerWD -- sendKeyds-->
19:37:30.915 INFO  manager.ListenerWD -- sendKeyds_TagName-->input
19:37:30.939 INFO  manager.HelperBase -- type in input with locator By.name("email") 
19:37:30.940 INFO  manager.ListenerWD -- Before find element-->By.xpath: //input[@placeholder='Password']
19:37:30.961 INFO  manager.ListenerWD -- After find element-->By.xpath: //input[@placeholder='Password']
19:37:30.967 INFO  manager.ListenerWD -- Location of element-->input
19:37:30.979 INFO  manager.ListenerWD -- Before click element -->inputtext-->
19:37:31.053 INFO  manager.ListenerWD -- After click element -->input
19:37:31.068 INFO  manager.ListenerWD -- sendKeyds-->
19:37:31.072 INFO  manager.ListenerWD -- sendKeyds_TagName-->input
19:37:31.095 INFO  manager.ListenerWD -- sendKeyds-->
19:37:31.101 INFO  manager.ListenerWD -- sendKeyds_TagName-->input
19:37:31.119 INFO  manager.ListenerWD -- sendKeyds-->
19:37:31.124 INFO  manager.ListenerWD -- sendKeyds_TagName-->input
19:37:31.141 INFO  manager.ListenerWD -- Before find element-->By.xpath: //button[text()='Login']
19:37:31.166 INFO  manager.ListenerWD -- After find element-->By.xpath: //button[text()='Login']
19:37:31.172 INFO  manager.ListenerWD -- Location of element-->button
19:37:31.186 INFO  manager.ListenerWD -- Before click element -->buttontext-->Login
19:37:32.214 INFO  tests.TestBase -- Assert check is element button 'Sign out' present
19:37:32.218 INFO  manager.TestNGListener -- Success test -->loginSuccess
19:37:32.220 INFO  tests.TestBase -- ==============================================
19:37:32.221 INFO  tests.TestBase -- Name of method (test) -->loginSuccess
19:37:32.248 INFO  manager.ListenerWD -- Before find element-->By.xpath: //button[text()='Sign Out']
19:37:32.268 INFO  manager.ListenerWD -- After find element-->By.xpath: //button[text()='Sign Out']
19:37:32.273 INFO  manager.ListenerWD -- Location of element-->button
19:37:32.287 INFO  manager.ListenerWD -- Before click element -->buttontext-->Sign Out
19:37:32.368 INFO  tests.TestBase -- Before method finished logout
19:37:32.369 INFO  manager.TestNGListener -- Start test -->loginSuccess
19:37:32.370 INFO  tests.TestBase -- Start test with name 'loginSuccess'
19:37:32.370 INFO  tests.TestBase -- Test data ---> email: sonya@gmail.com & password: Ss12345$
19:37:32.370 INFO  manager.ListenerWD -- Before find element-->By.cssSelector: a[href='/login']
19:37:32.388 INFO  manager.ListenerWD -- After find element-->By.cssSelector: a[href='/login']
19:37:32.394 INFO  manager.ListenerWD -- Location of element-->a
19:37:32.407 INFO  manager.ListenerWD -- Before click element -->atext-->LOGIN
19:37:32.479 INFO  manager.ListenerWD -- After click element -->a
19:37:32.479 INFO  manager.HelperBase -- open form by click on button with locator a[href='/login']
19:37:32.480 INFO  manager.ListenerWD -- Before find element-->By.name: email
19:37:32.496 INFO  manager.ListenerWD -- After find element-->By.name: email
19:37:32.502 INFO  manager.ListenerWD -- Location of element-->input
19:37:32.515 INFO  manager.ListenerWD -- Before click element -->inputtext-->
19:37:32.584 INFO  manager.ListenerWD -- After click element -->input
19:37:32.596 INFO  manager.ListenerWD -- sendKeyds-->
19:37:32.602 INFO  manager.ListenerWD -- sendKeyds_TagName-->input
19:37:32.620 INFO  manager.ListenerWD -- sendKeyds-->
19:37:32.626 INFO  manager.ListenerWD -- sendKeyds_TagName-->input
19:37:32.648 INFO  manager.ListenerWD -- sendKeyds-->
19:37:32.654 INFO  manager.ListenerWD -- sendKeyds_TagName-->input
19:37:32.679 INFO  manager.HelperBase -- type in input with locator By.name("email") 
19:37:32.679 INFO  manager.ListenerWD -- Before find element-->By.xpath: //input[@placeholder='Password']
19:37:32.697 INFO  manager.ListenerWD -- After find element-->By.xpath: //input[@placeholder='Password']
19:37:32.703 INFO  manager.ListenerWD -- Location of element-->input
19:37:32.715 INFO  manager.ListenerWD -- Before click element -->inputtext-->
19:37:32.793 INFO  manager.ListenerWD -- After click element -->input
19:37:32.809 INFO  manager.ListenerWD -- sendKeyds-->
19:37:32.815 INFO  manager.ListenerWD -- sendKeyds_TagName-->input
19:37:32.833 INFO  manager.ListenerWD -- sendKeyds-->
19:37:32.838 INFO  manager.ListenerWD -- sendKeyds_TagName-->input
19:37:32.857 INFO  manager.ListenerWD -- sendKeyds-->
19:37:32.861 INFO  manager.ListenerWD -- sendKeyds_TagName-->input
19:37:32.874 INFO  manager.ListenerWD -- Before find element-->By.xpath: //button[text()='Login']
19:37:32.891 INFO  manager.ListenerWD -- After find element-->By.xpath: //button[text()='Login']
19:37:32.897 INFO  manager.ListenerWD -- Location of element-->button
19:37:32.910 INFO  manager.ListenerWD -- Before click element -->buttontext-->Login
19:37:33.213 INFO  tests.TestBase -- Assert check is element button 'Sign out' present
19:37:33.214 INFO  manager.TestNGListener -- Success test -->loginSuccess
19:37:33.215 INFO  tests.TestBase -- ==============================================
19:37:33.216 INFO  tests.TestBase -- Name of method (test) -->loginSuccess
19:37:33.237 INFO  manager.ListenerWD -- Before find element-->By.xpath: //button[text()='Sign Out']
19:37:33.254 INFO  manager.ListenerWD -- After find element-->By.xpath: //button[text()='Sign Out']
19:37:33.261 INFO  manager.ListenerWD -- Location of element-->button
19:37:33.271 INFO  manager.ListenerWD -- Before click element -->buttontext-->Sign Out
19:37:33.348 INFO  tests.TestBase -- Before method finished logout
19:37:33.349 INFO  manager.TestNGListener -- Start test -->loginSuccess
19:37:33.349 INFO  tests.TestBase -- Start test with name 'loginSuccess'
19:37:33.349 INFO  tests.TestBase -- Test data ---> email: art276@art.com & password: $Art1$2$3456789
19:37:33.349 INFO  manager.ListenerWD -- Before find element-->By.cssSelector: a[href='/login']
19:37:33.362 INFO  manager.ListenerWD -- After find element-->By.cssSelector: a[href='/login']
19:37:33.367 INFO  manager.ListenerWD -- Location of element-->a
19:37:33.380 INFO  manager.ListenerWD -- Before click element -->atext-->LOGIN
19:37:33.446 INFO  manager.ListenerWD -- After click element -->a
19:37:33.446 INFO  manager.HelperBase -- open form by click on button with locator a[href='/login']
19:37:33.446 INFO  manager.ListenerWD -- Before find element-->By.name: email
19:37:33.460 INFO  manager.ListenerWD -- After find element-->By.name: email
19:37:33.465 INFO  manager.ListenerWD -- Location of element-->input
19:37:33.475 INFO  manager.ListenerWD -- Before click element -->inputtext-->
19:37:33.543 INFO  manager.ListenerWD -- After click element -->input
19:37:33.560 INFO  manager.ListenerWD -- sendKeyds-->
19:37:33.564 INFO  manager.ListenerWD -- sendKeyds_TagName-->input
19:37:33.580 INFO  manager.ListenerWD -- sendKeyds-->
19:37:33.584 INFO  manager.ListenerWD -- sendKeyds_TagName-->input
19:37:33.601 INFO  manager.ListenerWD -- sendKeyds-->
19:37:33.605 INFO  manager.ListenerWD -- sendKeyds_TagName-->input
19:37:33.620 INFO  manager.HelperBase -- type in input with locator By.name("email") 
19:37:33.620 INFO  manager.ListenerWD -- Before find element-->By.xpath: //input[@placeholder='Password']
19:37:33.635 INFO  manager.ListenerWD -- After find element-->By.xpath: //input[@placeholder='Password']
19:37:33.639 INFO  manager.ListenerWD -- Location of element-->input
19:37:33.651 INFO  manager.ListenerWD -- Before click element -->inputtext-->
19:37:33.723 INFO  manager.ListenerWD -- After click element -->input
19:37:33.737 INFO  manager.ListenerWD -- sendKeyds-->
19:37:33.740 INFO  manager.ListenerWD -- sendKeyds_TagName-->input
19:37:33.756 INFO  manager.ListenerWD -- sendKeyds-->
19:37:33.761 INFO  manager.ListenerWD -- sendKeyds_TagName-->input
19:37:33.778 INFO  manager.ListenerWD -- sendKeyds-->
19:37:33.782 INFO  manager.ListenerWD -- sendKeyds_TagName-->input
19:37:33.800 INFO  manager.ListenerWD -- Before find element-->By.xpath: //button[text()='Login']
19:37:33.814 INFO  manager.ListenerWD -- After find element-->By.xpath: //button[text()='Login']
19:37:33.818 INFO  manager.ListenerWD -- Location of element-->button
19:37:33.830 INFO  manager.ListenerWD -- Before click element -->buttontext-->Login
19:37:34.130 INFO  tests.TestBase -- Assert check is element button 'Sign out' present
19:37:34.131 INFO  manager.TestNGListener -- Success test -->loginSuccess
19:37:34.132 INFO  tests.TestBase -- ==============================================
19:37:34.134 INFO  tests.TestBase -- Name of method (test) -->loginSuccess1
19:37:34.149 INFO  manager.ListenerWD -- Before find element-->By.xpath: //button[text()='Sign Out']
19:37:34.165 INFO  manager.ListenerWD -- After find element-->By.xpath: //button[text()='Sign Out']
19:37:34.169 INFO  manager.ListenerWD -- Location of element-->button
19:37:34.183 INFO  manager.ListenerWD -- Before click element -->buttontext-->Sign Out
19:37:34.259 INFO  tests.TestBase -- Before method finished logout
19:37:34.260 INFO  manager.TestNGListener -- Start test -->loginSuccess1
19:37:34.261 INFO  manager.ListenerWD -- Before find element-->By.cssSelector: a[href='/login']
19:37:34.277 INFO  manager.ListenerWD -- After find element-->By.cssSelector: a[href='/login']
19:37:34.283 INFO  manager.ListenerWD -- Location of element-->a
19:37:34.296 INFO  manager.ListenerWD -- Before click element -->atext-->LOGIN
19:37:34.360 INFO  manager.ListenerWD -- After click element -->a
19:37:34.360 INFO  manager.HelperBase -- open form by click on button with locator a[href='/login']
19:37:34.360 INFO  manager.ListenerWD -- Before find element-->By.name: email
19:37:34.372 INFO  manager.ListenerWD -- After find element-->By.name: email
19:37:34.379 INFO  manager.ListenerWD -- Location of element-->input
19:37:34.389 INFO  manager.ListenerWD -- Before click element -->inputtext-->
19:37:34.461 INFO  manager.ListenerWD -- After click element -->input
19:37:34.473 INFO  manager.ListenerWD -- sendKeyds-->
19:37:34.477 INFO  manager.ListenerWD -- sendKeyds_TagName-->input
19:37:34.495 INFO  manager.ListenerWD -- sendKeyds-->
19:37:34.499 INFO  manager.ListenerWD -- sendKeyds_TagName-->input
19:37:34.514 INFO  manager.ListenerWD -- sendKeyds-->
19:37:34.519 INFO  manager.ListenerWD -- sendKeyds_TagName-->input
19:37:34.536 INFO  manager.ListenerWD -- Before find element-->By.xpath: //input[@placeholder='Password']
19:37:34.551 INFO  manager.ListenerWD -- After find element-->By.xpath: //input[@placeholder='Password']
19:37:34.555 INFO  manager.ListenerWD -- Location of element-->input
19:37:34.568 INFO  manager.ListenerWD -- Before click element -->inputtext-->
19:37:34.640 INFO  manager.ListenerWD -- After click element -->input
19:37:34.654 INFO  manager.ListenerWD -- sendKeyds-->
19:37:34.660 INFO  manager.ListenerWD -- sendKeyds_TagName-->input
19:37:34.678 INFO  manager.ListenerWD -- sendKeyds-->
19:37:34.683 INFO  manager.ListenerWD -- sendKeyds_TagName-->input
19:37:34.700 INFO  manager.ListenerWD -- sendKeyds-->
19:37:34.703 INFO  manager.ListenerWD -- sendKeyds_TagName-->input
19:37:34.719 INFO  manager.ListenerWD -- Before find element-->By.xpath: //button[text()='Login']
19:37:34.732 INFO  manager.ListenerWD -- After find element-->By.xpath: //button[text()='Login']
19:37:34.736 INFO  manager.ListenerWD -- Location of element-->button
19:37:34.749 INFO  manager.ListenerWD -- Before click element -->buttontext-->Login
19:37:35.046 INFO  manager.TestNGListener -- Success test -->loginSuccess1
19:37:35.047 INFO  tests.TestBase -- ==============================================
19:37:35.050 INFO  tests.TestBase -- Name of method (test) -->loginSuccessModel
19:37:35.064 INFO  manager.ListenerWD -- Before find element-->By.xpath: //button[text()='Sign Out']
19:37:35.078 INFO  manager.ListenerWD -- After find element-->By.xpath: //button[text()='Sign Out']
19:37:35.083 INFO  manager.ListenerWD -- Location of element-->button
19:37:35.097 INFO  manager.ListenerWD -- Before click element -->buttontext-->Sign Out
19:37:35.171 INFO  tests.TestBase -- Before method finished logout
19:37:35.172 INFO  manager.TestNGListener -- Start test -->loginSuccessModel
19:37:35.174 INFO  tests.TestBase -- Test data---> User{email='margo@gmail.com', password='Mmar123456$'}
19:37:35.174 INFO  manager.ListenerWD -- Before find element-->By.cssSelector: a[href='/login']
19:37:35.186 INFO  manager.ListenerWD -- After find element-->By.cssSelector: a[href='/login']
19:37:35.191 INFO  manager.ListenerWD -- Location of element-->a
19:37:35.205 INFO  manager.ListenerWD -- Before click element -->atext-->LOGIN
19:37:35.273 INFO  manager.ListenerWD -- After click element -->a
19:37:35.273 INFO  manager.HelperBase -- open form by click on button with locator a[href='/login']
19:37:35.274 INFO  manager.ListenerWD -- Before find element-->By.name: email
19:37:35.288 INFO  manager.ListenerWD -- After find element-->By.name: email
19:37:35.293 INFO  manager.ListenerWD -- Location of element-->input
19:37:35.305 INFO  manager.ListenerWD -- Before click element -->inputtext-->
19:37:35.372 INFO  manager.ListenerWD -- After click element -->input
19:37:35.384 INFO  manager.ListenerWD -- sendKeyds-->
19:37:35.390 INFO  manager.ListenerWD -- sendKeyds_TagName-->input
19:37:35.403 INFO  manager.ListenerWD -- sendKeyds-->
19:37:35.407 INFO  manager.ListenerWD -- sendKeyds_TagName-->input
19:37:35.423 INFO  manager.ListenerWD -- sendKeyds-->
19:37:35.427 INFO  manager.ListenerWD -- sendKeyds_TagName-->input
19:37:35.443 INFO  manager.ListenerWD -- Before find element-->By.xpath: //input[@placeholder='Password']
19:37:35.460 INFO  manager.ListenerWD -- After find element-->By.xpath: //input[@placeholder='Password']
19:37:35.464 INFO  manager.ListenerWD -- Location of element-->input
19:37:35.477 INFO  manager.ListenerWD -- Before click element -->inputtext-->
19:37:35.551 INFO  manager.ListenerWD -- After click element -->input
19:37:35.563 INFO  manager.ListenerWD -- sendKeyds-->
19:37:35.568 INFO  manager.ListenerWD -- sendKeyds_TagName-->input
19:37:35.587 INFO  manager.ListenerWD -- sendKeyds-->
19:37:35.594 INFO  manager.ListenerWD -- sendKeyds_TagName-->input
19:37:35.611 INFO  manager.ListenerWD -- sendKeyds-->
19:37:35.616 INFO  manager.ListenerWD -- sendKeyds_TagName-->input
19:37:35.630 INFO  manager.ListenerWD -- Before find element-->By.xpath: //button[text()='Login']
19:37:35.646 INFO  manager.ListenerWD -- After find element-->By.xpath: //button[text()='Login']
19:37:35.652 INFO  manager.ListenerWD -- Location of element-->button
19:37:35.667 INFO  manager.ListenerWD -- Before click element -->buttontext-->Login
19:37:35.967 INFO  tests.TestBase -- Assert check is element button 'Sign out' present
19:37:35.968 INFO  manager.TestNGListener -- Success test -->loginSuccessModel
19:37:35.969 INFO  tests.TestBase -- ==============================================
19:37:35.971 INFO  tests.TestBase -- Name of method (test) -->loginSuccessModel
19:37:35.986 INFO  manager.ListenerWD -- Before find element-->By.xpath: //button[text()='Sign Out']
19:37:35.999 INFO  manager.ListenerWD -- After find element-->By.xpath: //button[text()='Sign Out']
19:37:36.003 INFO  manager.ListenerWD -- Location of element-->button
19:37:36.014 INFO  manager.ListenerWD -- Before click element -->buttontext-->Sign Out
19:37:36.084 INFO  tests.TestBase -- Before method finished logout
19:37:36.085 INFO  manager.TestNGListener -- Start test -->loginSuccessModel
19:37:36.085 INFO  tests.TestBase -- Test data---> User{email='sonya@gmail.com', password='Ss12345$'}
19:37:36.086 INFO  manager.ListenerWD -- Before find element-->By.cssSelector: a[href='/login']
19:37:36.097 INFO  manager.ListenerWD -- After find element-->By.cssSelector: a[href='/login']
19:37:36.102 INFO  manager.ListenerWD -- Location of element-->a
19:37:36.113 INFO  manager.ListenerWD -- Before click element -->atext-->LOGIN
19:37:36.177 INFO  manager.ListenerWD -- After click element -->a
19:37:36.177 INFO  manager.HelperBase -- open form by click on button with locator a[href='/login']
19:37:36.177 INFO  manager.ListenerWD -- Before find element-->By.name: email
19:37:36.193 INFO  manager.ListenerWD -- After find element-->By.name: email
19:37:36.200 INFO  manager.ListenerWD -- Location of element-->input
19:37:36.213 INFO  manager.ListenerWD -- Before click element -->inputtext-->
19:37:36.280 INFO  manager.ListenerWD -- After click element -->input
19:37:36.292 INFO  manager.ListenerWD -- sendKeyds-->
19:37:36.295 INFO  manager.ListenerWD -- sendKeyds_TagName-->input
19:37:36.311 INFO  manager.ListenerWD -- sendKeyds-->
19:37:36.315 INFO  manager.ListenerWD -- sendKeyds_TagName-->input
19:37:36.333 INFO  manager.ListenerWD -- sendKeyds-->
19:37:36.336 INFO  manager.ListenerWD -- sendKeyds_TagName-->input
19:37:36.350 INFO  manager.ListenerWD -- Before find element-->By.xpath: //input[@placeholder='Password']
19:37:36.361 INFO  manager.ListenerWD -- After find element-->By.xpath: //input[@placeholder='Password']
19:37:36.366 INFO  manager.ListenerWD -- Location of element-->input
19:37:36.378 INFO  manager.ListenerWD -- Before click element -->inputtext-->
19:37:36.451 INFO  manager.ListenerWD -- After click element -->input
19:37:36.465 INFO  manager.ListenerWD -- sendKeyds-->
19:37:36.471 INFO  manager.ListenerWD -- sendKeyds_TagName-->input
19:37:36.487 INFO  manager.ListenerWD -- sendKeyds-->
19:37:36.490 INFO  manager.ListenerWD -- sendKeyds_TagName-->input
19:37:36.505 INFO  manager.ListenerWD -- sendKeyds-->
19:37:36.510 INFO  manager.ListenerWD -- sendKeyds_TagName-->input
19:37:36.521 INFO  manager.ListenerWD -- Before find element-->By.xpath: //button[text()='Login']
19:37:36.536 INFO  manager.ListenerWD -- After find element-->By.xpath: //button[text()='Login']
19:37:36.541 INFO  manager.ListenerWD -- Location of element-->button
19:37:36.552 INFO  manager.ListenerWD -- Before click element -->buttontext-->Login
19:37:36.850 INFO  tests.TestBase -- Assert check is element button 'Sign out' present
19:37:36.851 INFO  manager.TestNGListener -- Success test -->loginSuccessModel
19:37:36.852 INFO  tests.TestBase -- ==============================================
19:37:36.855 INFO  tests.TestBase -- Name of method (test) -->loginSuccessModelDPF
19:37:36.870 INFO  manager.ListenerWD -- Before find element-->By.xpath: //button[text()='Sign Out']
19:37:36.884 INFO  manager.ListenerWD -- After find element-->By.xpath: //button[text()='Sign Out']
19:37:36.889 INFO  manager.ListenerWD -- Location of element-->button
19:37:36.900 INFO  manager.ListenerWD -- Before click element -->buttontext-->Sign Out
19:37:36.974 INFO  tests.TestBase -- Before method finished logout
19:37:36.975 INFO  manager.TestNGListener -- Start test -->loginSuccessModelDPF
19:37:36.975 INFO  tests.TestBase -- Test data---> User{email='margo@gmail.com', password='Mmar123456$'}
19:37:36.975 INFO  manager.ListenerWD -- Before find element-->By.cssSelector: a[href='/login']
19:37:36.989 INFO  manager.ListenerWD -- After find element-->By.cssSelector: a[href='/login']
19:37:36.993 INFO  manager.ListenerWD -- Location of element-->a
19:37:37.002 INFO  manager.ListenerWD -- Before click element -->atext-->LOGIN
19:37:37.069 INFO  manager.ListenerWD -- After click element -->a
19:37:37.069 INFO  manager.HelperBase -- open form by click on button with locator a[href='/login']
19:37:37.069 INFO  manager.ListenerWD -- Before find element-->By.name: email
19:37:37.081 INFO  manager.ListenerWD -- After find element-->By.name: email
19:37:37.086 INFO  manager.ListenerWD -- Location of element-->input
19:37:37.097 INFO  manager.ListenerWD -- Before click element -->inputtext-->
19:37:37.163 INFO  manager.ListenerWD -- After click element -->input
19:37:37.176 INFO  manager.ListenerWD -- sendKeyds-->
19:37:37.181 INFO  manager.ListenerWD -- sendKeyds_TagName-->input
19:37:37.202 INFO  manager.ListenerWD -- sendKeyds-->
19:37:37.207 INFO  manager.ListenerWD -- sendKeyds_TagName-->input
19:37:37.225 INFO  manager.ListenerWD -- sendKeyds-->
19:37:37.229 INFO  manager.ListenerWD -- sendKeyds_TagName-->input
19:37:37.245 INFO  manager.ListenerWD -- Before find element-->By.xpath: //input[@placeholder='Password']
19:37:37.258 INFO  manager.ListenerWD -- After find element-->By.xpath: //input[@placeholder='Password']
19:37:37.262 INFO  manager.ListenerWD -- Location of element-->input
19:37:37.272 INFO  manager.ListenerWD -- Before click element -->inputtext-->
19:37:37.341 INFO  manager.ListenerWD -- After click element -->input
19:37:37.352 INFO  manager.ListenerWD -- sendKeyds-->
19:37:37.356 INFO  manager.ListenerWD -- sendKeyds_TagName-->input
19:37:37.372 INFO  manager.ListenerWD -- sendKeyds-->
19:37:37.376 INFO  manager.ListenerWD -- sendKeyds_TagName-->input
19:37:37.392 INFO  manager.ListenerWD -- sendKeyds-->
19:37:37.396 INFO  manager.ListenerWD -- sendKeyds_TagName-->input
19:37:37.417 INFO  manager.ListenerWD -- Before find element-->By.xpath: //button[text()='Login']
19:37:37.428 INFO  manager.ListenerWD -- After find element-->By.xpath: //button[text()='Login']
19:37:37.432 INFO  manager.ListenerWD -- Location of element-->button
19:37:37.442 INFO  manager.ListenerWD -- Before click element -->buttontext-->Login
19:37:37.750 INFO  tests.TestBase -- Assert check is element button 'Sign out' present
19:37:37.750 INFO  manager.TestNGListener -- Success test -->loginSuccessModelDPF
19:37:37.751 INFO  tests.TestBase -- ==============================================
19:37:37.753 INFO  tests.TestBase -- Name of method (test) -->loginSuccessModelDPF
19:37:37.769 INFO  manager.ListenerWD -- Before find element-->By.xpath: //button[text()='Sign Out']
19:37:37.781 INFO  manager.ListenerWD -- After find element-->By.xpath: //button[text()='Sign Out']
19:37:37.786 INFO  manager.ListenerWD -- Location of element-->button
19:37:37.797 INFO  manager.ListenerWD -- Before click element -->buttontext-->Sign Out
19:37:37.867 INFO  tests.TestBase -- Before method finished logout
19:37:37.868 INFO  manager.TestNGListener -- Start test -->loginSuccessModelDPF
19:37:37.868 INFO  tests.TestBase -- Test data---> User{email='sonya@gmail.com', password='Ss12345$'}
19:37:37.868 INFO  manager.ListenerWD -- Before find element-->By.cssSelector: a[href='/login']
19:37:37.881 INFO  manager.ListenerWD -- After find element-->By.cssSelector: a[href='/login']
19:37:37.886 INFO  manager.ListenerWD -- Location of element-->a
19:37:37.898 INFO  manager.ListenerWD -- Before click element -->atext-->LOGIN
19:37:37.965 INFO  manager.ListenerWD -- After click element -->a
19:37:37.965 INFO  manager.HelperBase -- open form by click on button with locator a[href='/login']
19:37:37.966 INFO  manager.ListenerWD -- Before find element-->By.name: email
19:37:37.980 INFO  manager.ListenerWD -- After find element-->By.name: email
19:37:37.987 INFO  manager.ListenerWD -- Location of element-->input
19:37:37.997 INFO  manager.ListenerWD -- Before click element -->inputtext-->
19:37:38.062 INFO  manager.ListenerWD -- After click element -->input
19:37:38.075 INFO  manager.ListenerWD -- sendKeyds-->
19:37:38.079 INFO  manager.ListenerWD -- sendKeyds_TagName-->input
19:37:38.097 INFO  manager.ListenerWD -- sendKeyds-->
19:37:38.100 INFO  manager.ListenerWD -- sendKeyds_TagName-->input
19:37:38.114 INFO  manager.ListenerWD -- sendKeyds-->
19:37:38.117 INFO  manager.ListenerWD -- sendKeyds_TagName-->input
19:37:38.133 INFO  manager.ListenerWD -- Before find element-->By.xpath: //input[@placeholder='Password']
19:37:38.144 INFO  manager.ListenerWD -- After find element-->By.xpath: //input[@placeholder='Password']
19:37:38.149 INFO  manager.ListenerWD -- Location of element-->input
19:37:38.157 INFO  manager.ListenerWD -- Before click element -->inputtext-->
19:37:38.224 INFO  manager.ListenerWD -- After click element -->input
19:37:38.236 INFO  manager.ListenerWD -- sendKeyds-->
19:37:38.240 INFO  manager.ListenerWD -- sendKeyds_TagName-->input
19:37:38.256 INFO  manager.ListenerWD -- sendKeyds-->
19:37:38.260 INFO  manager.ListenerWD -- sendKeyds_TagName-->input
19:37:38.277 INFO  manager.ListenerWD -- sendKeyds-->
19:37:38.282 INFO  manager.ListenerWD -- sendKeyds_TagName-->input
19:37:38.291 INFO  manager.ListenerWD -- Before find element-->By.xpath: //button[text()='Login']
19:37:38.303 INFO  manager.ListenerWD -- After find element-->By.xpath: //button[text()='Login']
19:37:38.310 INFO  manager.ListenerWD -- Location of element-->button
19:37:38.320 INFO  manager.ListenerWD -- Before click element -->buttontext-->Login
19:37:38.609 INFO  tests.TestBase -- Assert check is element button 'Sign out' present
19:37:38.610 INFO  manager.TestNGListener -- Success test -->loginSuccessModelDPF
19:37:38.611 INFO  tests.TestBase -- ==============================================
19:37:38.613 INFO  tests.TestBase -- Name of method (test) -->loginSuccessModelDPF
19:37:38.628 INFO  manager.ListenerWD -- Before find element-->By.xpath: //button[text()='Sign Out']
19:37:38.639 INFO  manager.ListenerWD -- After find element-->By.xpath: //button[text()='Sign Out']
19:37:38.645 INFO  manager.ListenerWD -- Location of element-->button
19:37:38.655 INFO  manager.ListenerWD -- Before click element -->buttontext-->Sign Out
19:37:38.724 INFO  tests.TestBase -- Before method finished logout
19:37:38.724 INFO  manager.TestNGListener -- Start test -->loginSuccessModelDPF
19:37:38.724 INFO  tests.TestBase -- Test data---> User{email='margo@gmail.com', password='Mmar123456$'}
19:37:38.725 INFO  manager.ListenerWD -- Before find element-->By.cssSelector: a[href='/login']
19:37:38.738 INFO  manager.ListenerWD -- After find element-->By.cssSelector: a[href='/login']
19:37:38.742 INFO  manager.ListenerWD -- Location of element-->a
19:37:38.831 INFO  manager.ListenerWD -- Before click element -->atext-->LOGIN
19:37:38.950 INFO  manager.ListenerWD -- After click element -->a
19:37:38.950 INFO  manager.HelperBase -- open form by click on button with locator a[href='/login']
19:37:38.951 INFO  manager.ListenerWD -- Before find element-->By.name: email
19:37:38.975 INFO  manager.ListenerWD -- After find element-->By.name: email
19:37:38.992 INFO  manager.ListenerWD -- Location of element-->input
19:37:39.018 INFO  manager.ListenerWD -- Before click element -->inputtext-->
19:37:39.105 INFO  manager.ListenerWD -- After click element -->input
19:37:39.137 INFO  manager.ListenerWD -- sendKeyds-->
19:37:39.147 INFO  manager.ListenerWD -- sendKeyds_TagName-->input
19:37:39.173 INFO  manager.ListenerWD -- sendKeyds-->
19:37:39.178 INFO  manager.ListenerWD -- sendKeyds_TagName-->input
19:37:39.194 INFO  manager.ListenerWD -- sendKeyds-->
19:37:39.198 INFO  manager.ListenerWD -- sendKeyds_TagName-->input
19:37:39.216 INFO  manager.ListenerWD -- Before find element-->By.xpath: //input[@placeholder='Password']
19:37:39.227 INFO  manager.ListenerWD -- After find element-->By.xpath: //input[@placeholder='Password']
19:37:39.232 INFO  manager.ListenerWD -- Location of element-->input
19:37:39.251 INFO  manager.ListenerWD -- Before click element -->inputtext-->
19:37:39.315 INFO  manager.ListenerWD -- After click element -->input
19:37:39.326 INFO  manager.ListenerWD -- sendKeyds-->
19:37:39.329 INFO  manager.ListenerWD -- sendKeyds_TagName-->input
19:37:39.344 INFO  manager.ListenerWD -- sendKeyds-->
19:37:39.348 INFO  manager.ListenerWD -- sendKeyds_TagName-->input
19:37:39.364 INFO  manager.ListenerWD -- sendKeyds-->
19:37:39.368 INFO  manager.ListenerWD -- sendKeyds_TagName-->input
19:37:39.383 INFO  manager.ListenerWD -- Before find element-->By.xpath: //button[text()='Login']
19:37:39.396 INFO  manager.ListenerWD -- After find element-->By.xpath: //button[text()='Login']
19:37:39.400 INFO  manager.ListenerWD -- Location of element-->button
19:37:39.412 INFO  manager.ListenerWD -- Before click element -->buttontext-->Login
19:37:39.715 INFO  tests.TestBase -- Assert check is element button 'Sign out' present
19:37:39.716 INFO  manager.TestNGListener -- Success test -->loginSuccessModelDPF
19:37:39.717 INFO  tests.TestBase -- ==============================================
19:37:39.719 INFO  tests.TestBase -- Name of method (test) -->loginUnregisteredUser
19:37:39.770 INFO  manager.ListenerWD -- Before find element-->By.xpath: //button[text()='Sign Out']
19:37:39.783 INFO  manager.ListenerWD -- After find element-->By.xpath: //button[text()='Sign Out']
19:37:39.790 INFO  manager.ListenerWD -- Location of element-->button
19:37:39.802 INFO  manager.ListenerWD -- Before click element -->buttontext-->Sign Out
19:37:39.879 INFO  tests.TestBase -- Before method finished logout
19:37:39.879 INFO  manager.TestNGListener -- Start test -->loginUnregisteredUser
19:37:39.880 INFO  tests.TestBase -- Test data---> email: 'margo_m@gmail.com' & password: 'Mmar123456$'
19:37:39.880 INFO  manager.ListenerWD -- Before find element-->By.cssSelector: a[href='/login']
19:37:39.889 INFO  manager.ListenerWD -- After find element-->By.cssSelector: a[href='/login']
19:37:39.894 INFO  manager.ListenerWD -- Location of element-->a
19:37:39.904 INFO  manager.ListenerWD -- Before click element -->atext-->LOGIN
19:37:39.969 INFO  manager.ListenerWD -- After click element -->a
19:37:39.969 INFO  manager.HelperBase -- open form by click on button with locator a[href='/login']
19:37:39.969 INFO  manager.ListenerWD -- Before find element-->By.name: email
19:37:39.979 INFO  manager.ListenerWD -- After find element-->By.name: email
19:37:39.983 INFO  manager.ListenerWD -- Location of element-->input
19:37:39.996 INFO  manager.ListenerWD -- Before click element -->inputtext-->
19:37:40.059 INFO  manager.ListenerWD -- After click element -->input
19:37:40.069 INFO  manager.ListenerWD -- sendKeyds-->
19:37:40.072 INFO  manager.ListenerWD -- sendKeyds_TagName-->input
19:37:40.091 INFO  manager.ListenerWD -- sendKeyds-->
19:37:40.095 INFO  manager.ListenerWD -- sendKeyds_TagName-->input
19:37:40.111 INFO  manager.ListenerWD -- sendKeyds-->
19:37:40.114 INFO  manager.ListenerWD -- sendKeyds_TagName-->input
19:37:40.129 INFO  manager.HelperBase -- type in input with locator By.name("email") 
19:37:40.129 INFO  manager.ListenerWD -- Before find element-->By.xpath: //input[@placeholder='Password']
19:37:40.142 INFO  manager.ListenerWD -- After find element-->By.xpath: //input[@placeholder='Password']
19:37:40.146 INFO  manager.ListenerWD -- Location of element-->input
19:37:40.155 INFO  manager.ListenerWD -- Before click element -->inputtext-->
19:37:40.225 INFO  manager.ListenerWD -- After click element -->input
19:37:40.235 INFO  manager.ListenerWD -- sendKeyds-->
19:37:40.239 INFO  manager.ListenerWD -- sendKeyds_TagName-->input
19:37:40.254 INFO  manager.ListenerWD -- sendKeyds-->
19:37:40.258 INFO  manager.ListenerWD -- sendKeyds_TagName-->input
19:37:40.273 INFO  manager.ListenerWD -- sendKeyds-->
19:37:40.277 INFO  manager.ListenerWD -- sendKeyds_TagName-->input
19:37:40.290 INFO  manager.ListenerWD -- Before find element-->By.xpath: //button[text()='Login']
19:37:40.303 INFO  manager.ListenerWD -- After find element-->By.xpath: //button[text()='Login']
19:37:40.308 INFO  manager.ListenerWD -- Location of element-->button
19:37:40.316 INFO  manager.ListenerWD -- Before click element -->buttontext-->Login
19:37:40.404 INFO  manager.ListenerWD -- Huston, we have a problem!
19:37:40.404 INFO  manager.ListenerWD -- Failed method:alert
19:37:40.404 INFO  manager.ListenerWD -- ***************
19:37:40.404 INFO  manager.ListenerWD -- Arguments:null
19:37:40.404 INFO  manager.ListenerWD -- ***************
19:37:40.404 INFO  manager.ListenerWD -- Exception:NoAlertPresentException
19:37:40.404 INFO  manager.ListenerWD -- ***************
19:37:40.404 INFO  manager.ListenerWD -- MessageBuild info: version: '4.26.0', revision: '8ccf0219d7'
System info: os.name: 'Windows 11', os.arch: 'amd64', os.version: '10.0', java.version: '17.0.12'
Driver info: org.openqa.selenium.firefox.FirefoxDriver
Command: [9bb660e5-782a-4c33-828d-5a6c47b300cc, getAlertText {}]
Capabilities {acceptInsecureCerts: true, browserName: firefox, browserVersion: 151.0.3, moz:accessibilityChecks: false, moz:buildID: 20260601110758, moz:geckodriverVersion: 0.37.0, moz:headless: false, moz:platformVersion: 10.0, moz:processID: 12792, moz:profile: C:\Users\marii\AppData\Loca..., moz:shutdownTimeout: 60000, moz:webdriverClick: true, moz:windowless: false, pageLoadStrategy: normal, platformName: windows, proxy: Proxy(), setWindowRect: true, strictFileInteractability: false, timeouts: {implicit: 0, pageLoad: 300000, script: 30000}, unhandledPromptBehavior: dismiss and notify, userAgent: Mozilla/5.0 (Windows NT 10....}
Session ID: 9bb660e5-782a-4c33-828d-5a6c47b300cc
19:37:40.406 INFO  manager.ListenerWD -- ***************
19:37:40.406 INFO  manager.ListenerWD -- ***************
19:37:40.406 INFO  manager.ListenerWD -- Screen with error is--->src/test/screenshots/screen_1432.png
19:37:40.974 INFO  tests.TestBase -- Assert check is alert present with error text 'Wrong email or password'
19:37:40.974 INFO  manager.TestNGListener -- Success test -->loginUnregisteredUser
19:37:40.975 INFO  tests.TestBase -- ==============================================
19:37:40.978 INFO  tests.TestBase -- Name of method (test) -->loginWrongEmail
19:37:45.994 INFO  manager.TestNGListener -- Start test -->loginWrongEmail
19:37:45.994 INFO  tests.TestBase -- Test data---> email: 'margogmail.com' & password: 'Mmar123456$'
19:37:45.995 INFO  manager.ListenerWD -- Before find element-->By.cssSelector: a[href='/login']
19:37:46.015 INFO  manager.ListenerWD -- After find element-->By.cssSelector: a[href='/login']
19:37:46.021 INFO  manager.ListenerWD -- Location of element-->a
19:37:46.035 INFO  manager.ListenerWD -- Before click element -->atext-->LOGIN
19:37:46.113 INFO  manager.ListenerWD -- After click element -->a
19:37:46.113 INFO  manager.HelperBase -- open form by click on button with locator a[href='/login']
19:37:46.113 INFO  manager.ListenerWD -- Before find element-->By.name: email
19:37:46.127 INFO  manager.ListenerWD -- After find element-->By.name: email
19:37:46.132 INFO  manager.ListenerWD -- Location of element-->input
19:37:46.143 INFO  manager.ListenerWD -- Before click element -->inputtext-->
19:37:46.218 INFO  manager.ListenerWD -- After click element -->input
19:37:46.252 INFO  manager.ListenerWD -- sendKeyds-->
19:37:46.256 INFO  manager.ListenerWD -- sendKeyds_TagName-->input
19:37:46.282 INFO  manager.ListenerWD -- sendKeyds-->
19:37:46.286 INFO  manager.ListenerWD -- sendKeyds_TagName-->input
19:37:46.302 INFO  manager.ListenerWD -- sendKeyds-->
19:37:46.305 INFO  manager.ListenerWD -- sendKeyds_TagName-->input
19:37:46.322 INFO  manager.HelperBase -- type in input with locator By.name("email") 
19:37:46.322 INFO  manager.ListenerWD -- Before find element-->By.xpath: //input[@placeholder='Password']
19:37:46.336 INFO  manager.ListenerWD -- After find element-->By.xpath: //input[@placeholder='Password']
19:37:46.341 INFO  manager.ListenerWD -- Location of element-->input
19:37:46.352 INFO  manager.ListenerWD -- Before click element -->inputtext-->
19:37:46.429 INFO  manager.ListenerWD -- After click element -->input
19:37:46.452 INFO  manager.ListenerWD -- sendKeyds-->
19:37:46.457 INFO  manager.ListenerWD -- sendKeyds_TagName-->input
19:37:46.484 INFO  manager.ListenerWD -- sendKeyds-->
19:37:46.488 INFO  manager.ListenerWD -- sendKeyds_TagName-->input
19:37:46.503 INFO  manager.ListenerWD -- sendKeyds-->
19:37:46.506 INFO  manager.ListenerWD -- sendKeyds_TagName-->input
19:37:46.521 INFO  manager.ListenerWD -- Before find element-->By.xpath: //button[text()='Login']
19:37:46.533 INFO  manager.ListenerWD -- After find element-->By.xpath: //button[text()='Login']
19:37:46.538 INFO  manager.ListenerWD -- Location of element-->button
19:37:46.550 INFO  manager.ListenerWD -- Before click element -->buttontext-->Login
19:37:46.633 INFO  manager.ListenerWD -- Huston, we have a problem!
19:37:46.633 INFO  manager.ListenerWD -- Failed method:alert
19:37:46.633 INFO  manager.ListenerWD -- ***************
19:37:46.633 INFO  manager.ListenerWD -- Arguments:null
19:37:46.633 INFO  manager.ListenerWD -- ***************
19:37:46.634 INFO  manager.ListenerWD -- Exception:NoAlertPresentException
19:37:46.634 INFO  manager.ListenerWD -- ***************
19:37:46.634 INFO  manager.ListenerWD -- MessageBuild info: version: '4.26.0', revision: '8ccf0219d7'
System info: os.name: 'Windows 11', os.arch: 'amd64', os.version: '10.0', java.version: '17.0.12'
Driver info: org.openqa.selenium.firefox.FirefoxDriver
Command: [9bb660e5-782a-4c33-828d-5a6c47b300cc, getAlertText {}]
Capabilities {acceptInsecureCerts: true, browserName: firefox, browserVersion: 151.0.3, moz:accessibilityChecks: false, moz:buildID: 20260601110758, moz:geckodriverVersion: 0.37.0, moz:headless: false, moz:platformVersion: 10.0, moz:processID: 12792, moz:profile: C:\Users\marii\AppData\Loca..., moz:shutdownTimeout: 60000, moz:webdriverClick: true, moz:windowless: false, pageLoadStrategy: normal, platformName: windows, proxy: Proxy(), setWindowRect: true, strictFileInteractability: false, timeouts: {implicit: 0, pageLoad: 300000, script: 30000}, unhandledPromptBehavior: dismiss and notify, userAgent: Mozilla/5.0 (Windows NT 10....}
Session ID: 9bb660e5-782a-4c33-828d-5a6c47b300cc
19:37:46.634 INFO  manager.ListenerWD -- ***************
19:37:46.634 INFO  manager.ListenerWD -- ***************
19:37:46.634 INFO  manager.ListenerWD -- Screen with error is--->src/test/screenshots/screen_1307.png
19:37:47.190 INFO  tests.TestBase -- Assert check is alert present with error text 'Wrong email or password'
19:37:47.191 INFO  manager.TestNGListener -- Success test -->loginWrongEmail
19:37:47.192 INFO  tests.TestBase -- ==============================================
19:37:47.193 INFO  tests.TestBase -- Name of method (test) -->loginWrongPassword
19:37:52.201 INFO  manager.TestNGListener -- Start test -->loginWrongPassword
19:37:52.201 INFO  tests.TestBase -- Test data---> email: 'margo@gmail.com' & password: 'Mmar123'
19:37:52.201 INFO  manager.ListenerWD -- Before find element-->By.cssSelector: a[href='/login']
19:37:52.213 INFO  manager.ListenerWD -- After find element-->By.cssSelector: a[href='/login']
19:37:52.218 INFO  manager.ListenerWD -- Location of element-->a
19:37:52.231 INFO  manager.ListenerWD -- Before click element -->atext-->LOGIN
19:37:52.302 INFO  manager.ListenerWD -- After click element -->a
19:37:52.302 INFO  manager.HelperBase -- open form by click on button with locator a[href='/login']
19:37:52.302 INFO  manager.ListenerWD -- Before find element-->By.name: email
19:37:52.315 INFO  manager.ListenerWD -- After find element-->By.name: email
19:37:52.320 INFO  manager.ListenerWD -- Location of element-->input
19:37:52.332 INFO  manager.ListenerWD -- Before click element -->inputtext-->
19:37:52.415 INFO  manager.ListenerWD -- After click element -->input
19:37:52.439 INFO  manager.ListenerWD -- sendKeyds-->
19:37:52.443 INFO  manager.ListenerWD -- sendKeyds_TagName-->input
19:37:52.483 INFO  manager.ListenerWD -- sendKeyds-->
19:37:52.488 INFO  manager.ListenerWD -- sendKeyds_TagName-->input
19:37:52.510 INFO  manager.ListenerWD -- sendKeyds-->
19:37:52.514 INFO  manager.ListenerWD -- sendKeyds_TagName-->input
19:37:52.537 INFO  manager.HelperBase -- type in input with locator By.name("email") 
19:37:52.537 INFO  manager.ListenerWD -- Before find element-->By.xpath: //input[@placeholder='Password']
19:37:52.550 INFO  manager.ListenerWD -- After find element-->By.xpath: //input[@placeholder='Password']
19:37:52.555 INFO  manager.ListenerWD -- Location of element-->input
19:37:52.565 INFO  manager.ListenerWD -- Before click element -->inputtext-->
19:37:52.636 INFO  manager.ListenerWD -- After click element -->input
19:37:52.653 INFO  manager.ListenerWD -- sendKeyds-->
19:37:52.657 INFO  manager.ListenerWD -- sendKeyds_TagName-->input
19:37:52.686 INFO  manager.ListenerWD -- sendKeyds-->
19:37:52.689 INFO  manager.ListenerWD -- sendKeyds_TagName-->input
19:37:52.707 INFO  manager.ListenerWD -- sendKeyds-->
19:37:52.711 INFO  manager.ListenerWD -- sendKeyds_TagName-->input
19:37:52.721 INFO  manager.ListenerWD -- Before find element-->By.xpath: //button[text()='Login']
19:37:52.733 INFO  manager.ListenerWD -- After find element-->By.xpath: //button[text()='Login']
19:37:52.738 INFO  manager.ListenerWD -- Location of element-->button
19:37:52.749 INFO  manager.ListenerWD -- Before click element -->buttontext-->Login
19:37:52.830 INFO  manager.ListenerWD -- Huston, we have a problem!
19:37:52.831 INFO  manager.ListenerWD -- Failed method:alert
19:37:52.831 INFO  manager.ListenerWD -- ***************
19:37:52.831 INFO  manager.ListenerWD -- Arguments:null
19:37:52.831 INFO  manager.ListenerWD -- ***************
19:37:52.831 INFO  manager.ListenerWD -- Exception:NoAlertPresentException
19:37:52.831 INFO  manager.ListenerWD -- ***************
19:37:52.831 INFO  manager.ListenerWD -- MessageBuild info: version: '4.26.0', revision: '8ccf0219d7'
System info: os.name: 'Windows 11', os.arch: 'amd64', os.version: '10.0', java.version: '17.0.12'
Driver info: org.openqa.selenium.firefox.FirefoxDriver
Command: [9bb660e5-782a-4c33-828d-5a6c47b300cc, getAlertText {}]
Capabilities {acceptInsecureCerts: true, browserName: firefox, browserVersion: 151.0.3, moz:accessibilityChecks: false, moz:buildID: 20260601110758, moz:geckodriverVersion: 0.37.0, moz:headless: false, moz:platformVersion: 10.0, moz:processID: 12792, moz:profile: C:\Users\marii\AppData\Loca..., moz:shutdownTimeout: 60000, moz:webdriverClick: true, moz:windowless: false, pageLoadStrategy: normal, platformName: windows, proxy: Proxy(), setWindowRect: true, strictFileInteractability: false, timeouts: {implicit: 0, pageLoad: 300000, script: 30000}, unhandledPromptBehavior: dismiss and notify, userAgent: Mozilla/5.0 (Windows NT 10....}
Session ID: 9bb660e5-782a-4c33-828d-5a6c47b300cc
19:37:52.831 INFO  manager.ListenerWD -- ***************
19:37:52.831 INFO  manager.ListenerWD -- ***************
19:37:52.831 INFO  manager.ListenerWD -- Screen with error is--->src/test/screenshots/screen_1306.png
19:37:53.392 INFO  tests.TestBase -- Assert check is alert present with error text 'Wrong email or password'
19:37:53.392 INFO  manager.TestNGListener -- Success test -->loginWrongPassword
19:37:53.393 INFO  tests.TestBase -- ==============================================
19:37:53.396 INFO  manager.TestNGListener -- Stop testing on date -->Thu Jun 04 19:37:53 IDT 2026
