20:30:30.229 INFO  manager.ApplicationManager -- All tests runs in Chrome Browser
20:30:31.107 INFO  manager.ApplicationManager -- The link --->https://telranedu.web.app/home
20:30:31.125 INFO  manager.TestNGListener -- Start testing on date -->Mon May 25 20:30:31 IDT 2026
20:30:31.144 INFO  tests.TestBase -- Name of method (test) -->loginSuccess
20:30:36.154 INFO  manager.TestNGListener -- Start test -->null
20:30:36.155 INFO  tests.TestBase -- Start test with name 'loginSuccess'
20:30:36.156 INFO  tests.TestBase -- Test data---> email: 'margo@gmail.com' & password: 'Mmar123456$'
20:30:36.159 INFO  manager.ListenerWD -- Before find element-->By.cssSelector: a[href='/login']
20:30:36.182 INFO  manager.ListenerWD -- After find element-->By.cssSelector: a[href='/login']
20:30:36.191 INFO  manager.ListenerWD -- Location of element-->a
20:30:36.208 INFO  manager.ListenerWD -- Before click element -->atext-->LOGIN
20:30:36.271 INFO  manager.ListenerWD -- After click element -->a
20:30:36.271 INFO  manager.HelperBase -- open form by click on button with locator a[href='/login']
20:30:36.272 INFO  manager.ListenerWD -- Before find element-->By.name: email
20:30:36.296 INFO  manager.ListenerWD -- After find element-->By.name: email
20:30:36.303 INFO  manager.ListenerWD -- Location of element-->input
20:30:36.316 INFO  manager.ListenerWD -- Before click element -->inputtext-->
20:30:36.372 INFO  manager.ListenerWD -- After click element -->input
20:30:36.402 INFO  manager.ListenerWD -- sendKeyds-->
20:30:36.408 INFO  manager.ListenerWD -- sendKeyds_TagName-->input
20:30:36.446 INFO  manager.ListenerWD -- sendKeyds-->
20:30:36.450 INFO  manager.ListenerWD -- sendKeyds_TagName-->input
20:30:36.480 INFO  manager.ListenerWD -- sendKeyds-->
20:30:36.485 INFO  manager.ListenerWD -- sendKeyds_TagName-->input
20:30:36.515 INFO  manager.HelperBase -- type in input with locator By.name("email") 
20:30:36.515 INFO  manager.ListenerWD -- Before find element-->By.xpath: //input[@placeholder='Password']
20:30:36.536 INFO  manager.ListenerWD -- After find element-->By.xpath: //input[@placeholder='Password']
20:30:36.542 INFO  manager.ListenerWD -- Location of element-->input
20:30:36.556 INFO  manager.ListenerWD -- Before click element -->inputtext-->
20:30:36.603 INFO  manager.ListenerWD -- After click element -->input
20:30:36.626 INFO  manager.ListenerWD -- sendKeyds-->
20:30:36.632 INFO  manager.ListenerWD -- sendKeyds_TagName-->input
20:30:36.661 INFO  manager.ListenerWD -- sendKeyds-->
20:30:36.666 INFO  manager.ListenerWD -- sendKeyds_TagName-->input
20:30:36.694 INFO  manager.ListenerWD -- sendKeyds-->
20:30:36.700 INFO  manager.ListenerWD -- sendKeyds_TagName-->input
20:30:36.726 INFO  manager.ListenerWD -- Before find element-->By.xpath: //button[text()='Login']
20:30:36.746 INFO  manager.ListenerWD -- After find element-->By.xpath: //button[text()='Login']
20:30:36.753 INFO  manager.ListenerWD -- Location of element-->button
20:30:36.764 INFO  manager.ListenerWD -- Before click element -->buttontext-->Login
20:30:37.830 INFO  tests.TestBase -- Assert check is element button 'Sign out' present
20:30:37.831 INFO  manager.TestNGListener -- Success test -->null
20:30:37.833 INFO  tests.TestBase -- ==============================================
20:30:37.837 INFO  tests.TestBase -- Name of method (test) -->loginSuccess1
20:30:37.853 INFO  manager.ListenerWD -- Before find element-->By.xpath: //button[text()='Sign Out']
20:30:37.872 INFO  manager.ListenerWD -- After find element-->By.xpath: //button[text()='Sign Out']
20:30:37.878 INFO  manager.ListenerWD -- Location of element-->button
20:30:37.892 INFO  manager.ListenerWD -- Before click element -->buttontext-->Sign Out
20:30:37.953 INFO  tests.TestBase -- Before method finished logout
20:30:37.954 INFO  manager.TestNGListener -- Start test -->null
20:30:37.955 INFO  manager.ListenerWD -- Before find element-->By.cssSelector: a[href='/login']
20:30:37.972 INFO  manager.ListenerWD -- After find element-->By.cssSelector: a[href='/login']
20:30:37.979 INFO  manager.ListenerWD -- Location of element-->a
20:30:37.992 INFO  manager.ListenerWD -- Before click element -->atext-->LOGIN
20:30:38.037 INFO  manager.ListenerWD -- After click element -->a
20:30:38.037 INFO  manager.HelperBase -- open form by click on button with locator a[href='/login']
20:30:38.037 INFO  manager.ListenerWD -- Before find element-->By.name: email
20:30:38.057 INFO  manager.ListenerWD -- After find element-->By.name: email
20:30:38.062 INFO  manager.ListenerWD -- Location of element-->input
20:30:38.075 INFO  manager.ListenerWD -- Before click element -->inputtext-->
20:30:38.141 INFO  manager.ListenerWD -- After click element -->input
20:30:38.178 INFO  manager.ListenerWD -- sendKeyds-->
20:30:38.184 INFO  manager.ListenerWD -- sendKeyds_TagName-->input
20:30:38.209 INFO  manager.ListenerWD -- sendKeyds-->
20:30:38.213 INFO  manager.ListenerWD -- sendKeyds_TagName-->input
20:30:38.238 INFO  manager.ListenerWD -- sendKeyds-->
20:30:38.245 INFO  manager.ListenerWD -- sendKeyds_TagName-->input
20:30:38.272 INFO  manager.ListenerWD -- Before find element-->By.xpath: //input[@placeholder='Password']
20:30:38.284 INFO  manager.ListenerWD -- After find element-->By.xpath: //input[@placeholder='Password']
20:30:38.290 INFO  manager.ListenerWD -- Location of element-->input
20:30:38.302 INFO  manager.ListenerWD -- Before click element -->inputtext-->
20:30:38.357 INFO  manager.ListenerWD -- After click element -->input
20:30:38.384 INFO  manager.ListenerWD -- sendKeyds-->
20:30:38.389 INFO  manager.ListenerWD -- sendKeyds_TagName-->input
20:30:38.412 INFO  manager.ListenerWD -- sendKeyds-->
20:30:38.416 INFO  manager.ListenerWD -- sendKeyds_TagName-->input
20:30:38.445 INFO  manager.ListenerWD -- sendKeyds-->
20:30:38.448 INFO  manager.ListenerWD -- sendKeyds_TagName-->input
20:30:38.475 INFO  manager.ListenerWD -- Before find element-->By.xpath: //button[text()='Login']
20:30:38.488 INFO  manager.ListenerWD -- After find element-->By.xpath: //button[text()='Login']
20:30:38.494 INFO  manager.ListenerWD -- Location of element-->button
20:30:38.505 INFO  manager.ListenerWD -- Before click element -->buttontext-->Login
20:30:38.872 INFO  manager.TestNGListener -- Success test -->null
20:30:38.873 INFO  tests.TestBase -- ==============================================
20:30:38.875 INFO  tests.TestBase -- Name of method (test) -->loginSuccessModel
20:30:38.889 INFO  manager.ListenerWD -- Before find element-->By.xpath: //button[text()='Sign Out']
20:30:38.902 INFO  manager.ListenerWD -- After find element-->By.xpath: //button[text()='Sign Out']
20:30:38.908 INFO  manager.ListenerWD -- Location of element-->button
20:30:38.919 INFO  manager.ListenerWD -- Before click element -->buttontext-->Sign Out
20:30:38.968 INFO  tests.TestBase -- Before method finished logout
20:30:38.969 INFO  manager.TestNGListener -- Start test -->null
20:30:38.969 INFO  tests.TestBase -- Test data---> email: 'margo@gmail.com' & password: 'Mmar123456$'
20:30:38.970 INFO  manager.ListenerWD -- Before find element-->By.cssSelector: a[href='/login']
20:30:38.985 INFO  manager.ListenerWD -- After find element-->By.cssSelector: a[href='/login']
20:30:38.990 INFO  manager.ListenerWD -- Location of element-->a
20:30:38.999 INFO  manager.ListenerWD -- Before click element -->atext-->LOGIN
20:30:39.041 INFO  manager.ListenerWD -- After click element -->a
20:30:39.041 INFO  manager.HelperBase -- open form by click on button with locator a[href='/login']
20:30:39.041 INFO  manager.ListenerWD -- Before find element-->By.name: email
20:30:39.054 INFO  manager.ListenerWD -- After find element-->By.name: email
20:30:39.059 INFO  manager.ListenerWD -- Location of element-->input
20:30:39.068 INFO  manager.ListenerWD -- Before click element -->inputtext-->
20:30:39.126 INFO  manager.ListenerWD -- After click element -->input
20:30:39.149 INFO  manager.ListenerWD -- sendKeyds-->
20:30:39.153 INFO  manager.ListenerWD -- sendKeyds_TagName-->input
20:30:39.177 INFO  manager.ListenerWD -- sendKeyds-->
20:30:39.180 INFO  manager.ListenerWD -- sendKeyds_TagName-->input
20:30:39.206 INFO  manager.ListenerWD -- sendKeyds-->
20:30:39.210 INFO  manager.ListenerWD -- sendKeyds_TagName-->input
20:30:39.236 INFO  manager.HelperBase -- type in input with locator By.name("email") 
20:30:39.236 INFO  manager.ListenerWD -- Before find element-->By.xpath: //input[@placeholder='Password']
20:30:39.250 INFO  manager.ListenerWD -- After find element-->By.xpath: //input[@placeholder='Password']
20:30:39.256 INFO  manager.ListenerWD -- Location of element-->input
20:30:39.271 INFO  manager.ListenerWD -- Before click element -->inputtext-->
20:30:39.329 INFO  manager.ListenerWD -- After click element -->input
20:30:39.352 INFO  manager.ListenerWD -- sendKeyds-->
20:30:39.357 INFO  manager.ListenerWD -- sendKeyds_TagName-->input
20:30:39.380 INFO  manager.ListenerWD -- sendKeyds-->
20:30:39.384 INFO  manager.ListenerWD -- sendKeyds_TagName-->input
20:30:39.411 INFO  manager.ListenerWD -- sendKeyds-->
20:30:39.416 INFO  manager.ListenerWD -- sendKeyds_TagName-->input
20:30:39.439 INFO  manager.ListenerWD -- Before find element-->By.xpath: //button[text()='Login']
20:30:39.450 INFO  manager.ListenerWD -- After find element-->By.xpath: //button[text()='Login']
20:30:39.457 INFO  manager.ListenerWD -- Location of element-->button
20:30:39.468 INFO  manager.ListenerWD -- Before click element -->buttontext-->Login
20:30:39.786 INFO  tests.TestBase -- Assert check is element button 'Sign out' present
20:30:39.787 INFO  manager.TestNGListener -- Success test -->null
20:30:39.788 INFO  tests.TestBase -- ==============================================
20:30:39.789 INFO  tests.TestBase -- Name of method (test) -->loginUnregisteredUser
20:30:39.802 INFO  manager.ListenerWD -- Before find element-->By.xpath: //button[text()='Sign Out']
20:30:39.815 INFO  manager.ListenerWD -- After find element-->By.xpath: //button[text()='Sign Out']
20:30:39.820 INFO  manager.ListenerWD -- Location of element-->button
20:30:39.832 INFO  manager.ListenerWD -- Before click element -->buttontext-->Sign Out
20:30:39.880 INFO  tests.TestBase -- Before method finished logout
20:30:39.881 INFO  manager.TestNGListener -- Start test -->null
20:30:39.881 INFO  tests.TestBase -- Test data---> email: 'margo_m@gmail.com' & password: 'Mmar123456$'
20:30:39.882 INFO  manager.ListenerWD -- Before find element-->By.cssSelector: a[href='/login']
20:30:39.897 INFO  manager.ListenerWD -- After find element-->By.cssSelector: a[href='/login']
20:30:39.903 INFO  manager.ListenerWD -- Location of element-->a
20:30:39.918 INFO  manager.ListenerWD -- Before click element -->atext-->LOGIN
20:30:39.960 INFO  manager.ListenerWD -- After click element -->a
20:30:39.960 INFO  manager.HelperBase -- open form by click on button with locator a[href='/login']
20:30:39.960 INFO  manager.ListenerWD -- Before find element-->By.name: email
20:30:39.973 INFO  manager.ListenerWD -- After find element-->By.name: email
20:30:39.980 INFO  manager.ListenerWD -- Location of element-->input
20:30:39.992 INFO  manager.ListenerWD -- Before click element -->inputtext-->
20:30:40.052 INFO  manager.ListenerWD -- After click element -->input
20:30:40.077 INFO  manager.ListenerWD -- sendKeyds-->
20:30:40.082 INFO  manager.ListenerWD -- sendKeyds_TagName-->input
20:30:40.107 INFO  manager.ListenerWD -- sendKeyds-->
20:30:40.113 INFO  manager.ListenerWD -- sendKeyds_TagName-->input
20:30:40.140 INFO  manager.ListenerWD -- sendKeyds-->
20:30:40.146 INFO  manager.ListenerWD -- sendKeyds_TagName-->input
20:30:40.181 INFO  manager.HelperBase -- type in input with locator By.name("email") 
20:30:40.181 INFO  manager.ListenerWD -- Before find element-->By.xpath: //input[@placeholder='Password']
20:30:40.195 INFO  manager.ListenerWD -- After find element-->By.xpath: //input[@placeholder='Password']
20:30:40.199 INFO  manager.ListenerWD -- Location of element-->input
20:30:40.212 INFO  manager.ListenerWD -- Before click element -->inputtext-->
20:30:40.268 INFO  manager.ListenerWD -- After click element -->input
20:30:40.294 INFO  manager.ListenerWD -- sendKeyds-->
20:30:40.299 INFO  manager.ListenerWD -- sendKeyds_TagName-->input
20:30:40.326 INFO  manager.ListenerWD -- sendKeyds-->
20:30:40.331 INFO  manager.ListenerWD -- sendKeyds_TagName-->input
20:30:40.366 INFO  manager.ListenerWD -- sendKeyds-->
20:30:40.371 INFO  manager.ListenerWD -- sendKeyds_TagName-->input
20:30:40.398 INFO  manager.ListenerWD -- Before find element-->By.xpath: //button[text()='Login']
20:30:40.410 INFO  manager.ListenerWD -- After find element-->By.xpath: //button[text()='Login']
20:30:40.416 INFO  manager.ListenerWD -- Location of element-->button
20:30:40.428 INFO  manager.ListenerWD -- Before click element -->buttontext-->Login
20:30:40.483 INFO  manager.ListenerWD -- Huston, we have a problem!
20:30:40.483 INFO  manager.ListenerWD -- Failed method:alert
20:30:40.483 INFO  manager.ListenerWD -- ***************
20:30:40.483 INFO  manager.ListenerWD -- Arguments:null
20:30:40.484 INFO  manager.ListenerWD -- ***************
20:30:40.484 INFO  manager.ListenerWD -- Exception:NoAlertPresentException
20:30:40.484 INFO  manager.ListenerWD -- ***************
20:30:40.484 INFO  manager.ListenerWD -- Messageno such alert
  (Session info: chrome=148.0.7778.179)
Build info: version: '4.26.0', revision: '8ccf0219d7'
System info: os.name: 'Windows 11', os.arch: 'amd64', os.version: '10.0', java.version: '17.0.19'
Driver info: org.openqa.selenium.chrome.ChromeDriver
Command: [7b8de13be9e20d770d2857ad1affc80f, getAlertText {}]
Capabilities {acceptInsecureCerts: false, browserName: chrome, browserVersion: 148.0.7778.179, chrome: {chromedriverVersion: 148.0.7778.178 (d096af1c9e9..., userDataDir: C:\Users\marii\AppData\Loca...}, fedcm:accounts: true, goog:chromeOptions: {debuggerAddress: localhost:60781}, goog:processID: 6160, networkConnectionEnabled: false, pageLoadStrategy: normal, platformName: windows, proxy: Proxy(), se:cdp: ws://localhost:60781/devtoo..., se:cdpVersion: 148.0.7778.179, setWindowRect: true, strictFileInteractability: false, timeouts: {implicit: 0, pageLoad: 300000, script: 30000}, unhandledPromptBehavior: dismiss and notify, webauthn:extension:credBlob: true, webauthn:extension:largeBlob: true, webauthn:extension:minPinLength: true, webauthn:extension:prf: true, webauthn:virtualAuthenticators: true}
Session ID: 7b8de13be9e20d770d2857ad1affc80f
20:30:40.484 INFO  manager.ListenerWD -- ***************
20:30:40.484 INFO  manager.ListenerWD -- ***************
20:30:40.484 INFO  manager.ListenerWD -- Screen with error is--->src/test/screenshots/screen_1136.png
20:30:41.012 INFO  tests.TestBase -- Assert check is alert present with error text 'Wrong email or password'
20:30:41.013 INFO  manager.TestNGListener -- Success test -->null
20:30:41.014 INFO  tests.TestBase -- ==============================================
20:30:41.016 INFO  tests.TestBase -- Name of method (test) -->loginWrongEmail
20:30:46.073 INFO  manager.TestNGListener -- Start test -->null
20:30:46.074 INFO  tests.TestBase -- Test data---> email: 'margogmail.com' & password: 'Mmar123456$'
20:30:46.074 INFO  manager.ListenerWD -- Before find element-->By.cssSelector: a[href='/login']
20:30:46.104 INFO  manager.ListenerWD -- After find element-->By.cssSelector: a[href='/login']
20:30:46.120 INFO  manager.ListenerWD -- Location of element-->a
20:30:46.136 INFO  manager.ListenerWD -- Before click element -->atext-->LOGIN
20:30:46.193 INFO  manager.ListenerWD -- After click element -->a
20:30:46.194 INFO  manager.HelperBase -- open form by click on button with locator a[href='/login']
20:30:46.194 INFO  manager.ListenerWD -- Before find element-->By.name: email
20:30:46.211 INFO  manager.ListenerWD -- After find element-->By.name: email
20:30:46.218 INFO  manager.ListenerWD -- Location of element-->input
20:30:46.234 INFO  manager.ListenerWD -- Before click element -->inputtext-->
20:30:46.289 INFO  manager.ListenerWD -- After click element -->input
20:30:46.327 INFO  manager.ListenerWD -- sendKeyds-->
20:30:46.333 INFO  manager.ListenerWD -- sendKeyds_TagName-->input
20:30:46.385 INFO  manager.ListenerWD -- sendKeyds-->
20:30:46.391 INFO  manager.ListenerWD -- sendKeyds_TagName-->input
20:30:46.425 INFO  manager.ListenerWD -- sendKeyds-->
20:30:46.430 INFO  manager.ListenerWD -- sendKeyds_TagName-->input
20:30:46.462 INFO  manager.HelperBase -- type in input with locator By.name("email") 
20:30:46.463 INFO  manager.ListenerWD -- Before find element-->By.xpath: //input[@placeholder='Password']
20:30:46.476 INFO  manager.ListenerWD -- After find element-->By.xpath: //input[@placeholder='Password']
20:30:46.482 INFO  manager.ListenerWD -- Location of element-->input
20:30:46.494 INFO  manager.ListenerWD -- Before click element -->inputtext-->
20:30:46.551 INFO  manager.ListenerWD -- After click element -->input
20:30:46.584 INFO  manager.ListenerWD -- sendKeyds-->
20:30:46.589 INFO  manager.ListenerWD -- sendKeyds_TagName-->input
20:30:46.634 INFO  manager.ListenerWD -- sendKeyds-->
20:30:46.643 INFO  manager.ListenerWD -- sendKeyds_TagName-->input
20:30:46.670 INFO  manager.ListenerWD -- sendKeyds-->
20:30:46.675 INFO  manager.ListenerWD -- sendKeyds_TagName-->input
20:30:46.701 INFO  manager.ListenerWD -- Before find element-->By.xpath: //button[text()='Login']
20:30:46.716 INFO  manager.ListenerWD -- After find element-->By.xpath: //button[text()='Login']
20:30:46.723 INFO  manager.ListenerWD -- Location of element-->button
20:30:46.735 INFO  manager.ListenerWD -- Before click element -->buttontext-->Login
20:30:46.794 INFO  manager.ListenerWD -- Huston, we have a problem!
20:30:46.794 INFO  manager.ListenerWD -- Failed method:alert
20:30:46.794 INFO  manager.ListenerWD -- ***************
20:30:46.794 INFO  manager.ListenerWD -- Arguments:null
20:30:46.794 INFO  manager.ListenerWD -- ***************
20:30:46.794 INFO  manager.ListenerWD -- Exception:NoAlertPresentException
20:30:46.794 INFO  manager.ListenerWD -- ***************
20:30:46.794 INFO  manager.ListenerWD -- Messageno such alert
  (Session info: chrome=148.0.7778.179)
Build info: version: '4.26.0', revision: '8ccf0219d7'
System info: os.name: 'Windows 11', os.arch: 'amd64', os.version: '10.0', java.version: '17.0.19'
Driver info: org.openqa.selenium.chrome.ChromeDriver
Command: [7b8de13be9e20d770d2857ad1affc80f, getAlertText {}]
Capabilities {acceptInsecureCerts: false, browserName: chrome, browserVersion: 148.0.7778.179, chrome: {chromedriverVersion: 148.0.7778.178 (d096af1c9e9..., userDataDir: C:\Users\marii\AppData\Loca...}, fedcm:accounts: true, goog:chromeOptions: {debuggerAddress: localhost:60781}, goog:processID: 6160, networkConnectionEnabled: false, pageLoadStrategy: normal, platformName: windows, proxy: Proxy(), se:cdp: ws://localhost:60781/devtoo..., se:cdpVersion: 148.0.7778.179, setWindowRect: true, strictFileInteractability: false, timeouts: {implicit: 0, pageLoad: 300000, script: 30000}, unhandledPromptBehavior: dismiss and notify, webauthn:extension:credBlob: true, webauthn:extension:largeBlob: true, webauthn:extension:minPinLength: true, webauthn:extension:prf: true, webauthn:virtualAuthenticators: true}
Session ID: 7b8de13be9e20d770d2857ad1affc80f
20:30:46.794 INFO  manager.ListenerWD -- ***************
20:30:46.794 INFO  manager.ListenerWD -- ***************
20:30:46.794 INFO  manager.ListenerWD -- Screen with error is--->src/test/screenshots/screen_1388.png
20:30:47.319 INFO  tests.TestBase -- Assert check is alert present with error text 'Wrong email or password'
20:30:47.319 INFO  manager.TestNGListener -- Success test -->null
20:30:47.320 INFO  tests.TestBase -- ==============================================
20:30:47.323 INFO  tests.TestBase -- Name of method (test) -->loginWrongPassword
20:30:52.376 INFO  manager.TestNGListener -- Start test -->null
20:30:52.377 INFO  tests.TestBase -- Test data---> email: 'margo@gmail.com' & password: 'Mmar123'
20:30:52.377 INFO  manager.ListenerWD -- Before find element-->By.cssSelector: a[href='/login']
20:30:52.390 INFO  manager.ListenerWD -- After find element-->By.cssSelector: a[href='/login']
20:30:52.395 INFO  manager.ListenerWD -- Location of element-->a
20:30:52.412 INFO  manager.ListenerWD -- Before click element -->atext-->LOGIN
20:30:52.469 INFO  manager.ListenerWD -- After click element -->a
20:30:52.469 INFO  manager.HelperBase -- open form by click on button with locator a[href='/login']
20:30:52.469 INFO  manager.ListenerWD -- Before find element-->By.name: email
20:30:52.482 INFO  manager.ListenerWD -- After find element-->By.name: email
20:30:52.488 INFO  manager.ListenerWD -- Location of element-->input
20:30:52.502 INFO  manager.ListenerWD -- Before click element -->inputtext-->
20:30:52.558 INFO  manager.ListenerWD -- After click element -->input
20:30:52.592 INFO  manager.ListenerWD -- sendKeyds-->
20:30:52.598 INFO  manager.ListenerWD -- sendKeyds_TagName-->input
20:30:52.652 INFO  manager.ListenerWD -- sendKeyds-->
20:30:52.660 INFO  manager.ListenerWD -- sendKeyds_TagName-->input
20:30:52.695 INFO  manager.ListenerWD -- sendKeyds-->
20:30:52.702 INFO  manager.ListenerWD -- sendKeyds_TagName-->input
20:30:52.738 INFO  manager.HelperBase -- type in input with locator By.name("email") 
20:30:52.738 INFO  manager.ListenerWD -- Before find element-->By.xpath: //input[@placeholder='Password']
20:30:52.750 INFO  manager.ListenerWD -- After find element-->By.xpath: //input[@placeholder='Password']
20:30:52.757 INFO  manager.ListenerWD -- Location of element-->input
20:30:52.771 INFO  manager.ListenerWD -- Before click element -->inputtext-->
20:30:52.824 INFO  manager.ListenerWD -- After click element -->input
20:30:52.857 INFO  manager.ListenerWD -- sendKeyds-->
20:30:52.864 INFO  manager.ListenerWD -- sendKeyds_TagName-->input
20:30:52.915 INFO  manager.ListenerWD -- sendKeyds-->
20:30:52.921 INFO  manager.ListenerWD -- sendKeyds_TagName-->input
20:30:52.954 INFO  manager.ListenerWD -- sendKeyds-->
20:30:52.959 INFO  manager.ListenerWD -- sendKeyds_TagName-->input
20:30:53.002 INFO  manager.ListenerWD -- Before find element-->By.xpath: //button[text()='Login']
20:30:53.019 INFO  manager.ListenerWD -- After find element-->By.xpath: //button[text()='Login']
20:30:53.026 INFO  manager.ListenerWD -- Location of element-->button
20:30:53.037 INFO  manager.ListenerWD -- Before click element -->buttontext-->Login
20:30:53.110 INFO  manager.ListenerWD -- Huston, we have a problem!
20:30:53.110 INFO  manager.ListenerWD -- Failed method:alert
20:30:53.110 INFO  manager.ListenerWD -- ***************
20:30:53.110 INFO  manager.ListenerWD -- Arguments:null
20:30:53.110 INFO  manager.ListenerWD -- ***************
20:30:53.110 INFO  manager.ListenerWD -- Exception:NoAlertPresentException
20:30:53.110 INFO  manager.ListenerWD -- ***************
20:30:53.111 INFO  manager.ListenerWD -- Messageno such alert
  (Session info: chrome=148.0.7778.179)
Build info: version: '4.26.0', revision: '8ccf0219d7'
System info: os.name: 'Windows 11', os.arch: 'amd64', os.version: '10.0', java.version: '17.0.19'
Driver info: org.openqa.selenium.chrome.ChromeDriver
Command: [7b8de13be9e20d770d2857ad1affc80f, getAlertText {}]
Capabilities {acceptInsecureCerts: false, browserName: chrome, browserVersion: 148.0.7778.179, chrome: {chromedriverVersion: 148.0.7778.178 (d096af1c9e9..., userDataDir: C:\Users\marii\AppData\Loca...}, fedcm:accounts: true, goog:chromeOptions: {debuggerAddress: localhost:60781}, goog:processID: 6160, networkConnectionEnabled: false, pageLoadStrategy: normal, platformName: windows, proxy: Proxy(), se:cdp: ws://localhost:60781/devtoo..., se:cdpVersion: 148.0.7778.179, setWindowRect: true, strictFileInteractability: false, timeouts: {implicit: 0, pageLoad: 300000, script: 30000}, unhandledPromptBehavior: dismiss and notify, webauthn:extension:credBlob: true, webauthn:extension:largeBlob: true, webauthn:extension:minPinLength: true, webauthn:extension:prf: true, webauthn:virtualAuthenticators: true}
Session ID: 7b8de13be9e20d770d2857ad1affc80f
20:30:53.111 INFO  manager.ListenerWD -- ***************
20:30:53.111 INFO  manager.ListenerWD -- ***************
20:30:53.111 INFO  manager.ListenerWD -- Screen with error is--->src/test/screenshots/screen_1315.png
20:30:53.643 INFO  tests.TestBase -- Assert check is alert present with error text 'Wrong email or password'
20:30:53.644 INFO  manager.TestNGListener -- Success test -->null
20:30:53.645 INFO  tests.TestBase -- ==============================================
20:30:53.646 INFO  manager.TestNGListener -- Stop testing on date -->Mon May 25 20:30:53 IDT 2026
