20:10:16.115 INFO  manager.ApplicationManager -- All tests runs in Chrome Browser
20:10:17.054 INFO  manager.ApplicationManager -- The link --->https://telranedu.web.app/home
20:10:17.081 INFO  manager.TestNGListener -- Start testing on date -->Mon Jun 08 20:10:17 IDT 2026
20:10:17.124 INFO  tests.TestBase -- Name of method (test) -->loginSuccess1
20:10:22.162 INFO  manager.TestNGListener -- Start test -->loginSuccess1
20:10:22.164 INFO  manager.ListenerWD -- Before find element-->By.cssSelector: a[href='/login']
20:10:22.208 INFO  manager.ListenerWD -- After find element-->By.cssSelector: a[href='/login']
20:10:22.227 INFO  manager.ListenerWD -- Location of element-->a
20:10:22.251 INFO  manager.ListenerWD -- Before click element -->atext-->LOGIN
20:10:22.360 INFO  manager.ListenerWD -- After click element -->a
20:10:22.361 INFO  manager.HelperBase -- open form by click on button with locator a[href='/login']
20:10:22.362 INFO  manager.ListenerWD -- Before find element-->By.name: email
20:10:22.393 INFO  manager.ListenerWD -- After find element-->By.name: email
20:10:22.402 INFO  manager.ListenerWD -- Location of element-->input
20:10:22.424 INFO  manager.ListenerWD -- Before click element -->inputtext-->
20:10:22.523 INFO  manager.ListenerWD -- After click element -->input
20:10:22.581 INFO  manager.ListenerWD -- sendKeyds-->
20:10:22.593 INFO  manager.ListenerWD -- sendKeyds_TagName-->input
20:10:22.660 INFO  manager.ListenerWD -- sendKeyds-->
20:10:22.670 INFO  manager.ListenerWD -- sendKeyds_TagName-->input
20:10:22.716 INFO  manager.ListenerWD -- sendKeyds-->
20:10:22.724 INFO  manager.ListenerWD -- sendKeyds_TagName-->input
20:10:22.767 INFO  manager.ListenerWD -- Before find element-->By.xpath: //input[@placeholder='Password']
20:10:22.798 INFO  manager.ListenerWD -- After find element-->By.xpath: //input[@placeholder='Password']
20:10:22.808 INFO  manager.ListenerWD -- Location of element-->input
20:10:22.829 INFO  manager.ListenerWD -- Before click element -->inputtext-->
20:10:22.904 INFO  manager.ListenerWD -- After click element -->input
20:10:22.944 INFO  manager.ListenerWD -- sendKeyds-->
20:10:22.953 INFO  manager.ListenerWD -- sendKeyds_TagName-->input
20:10:22.994 INFO  manager.ListenerWD -- sendKeyds-->
20:10:23.002 INFO  manager.ListenerWD -- sendKeyds_TagName-->input
20:10:23.044 INFO  manager.ListenerWD -- sendKeyds-->
20:10:23.051 INFO  manager.ListenerWD -- sendKeyds_TagName-->input
20:10:23.091 INFO  manager.ListenerWD -- Before find element-->By.xpath: //button[text()='Login']
20:10:23.121 INFO  manager.ListenerWD -- After find element-->By.xpath: //button[text()='Login']
20:10:23.137 INFO  manager.ListenerWD -- Location of element-->button
20:10:23.161 INFO  manager.ListenerWD -- Before click element -->buttontext-->Login
20:10:24.210 INFO  manager.TestNGListener -- Success test -->loginSuccess1
20:10:24.214 INFO  tests.TestBase -- ==============================================
20:10:24.220 INFO  tests.TestBase -- Name of method (test) -->loginWrongEmail
20:10:24.249 INFO  manager.ListenerWD -- Before find element-->By.xpath: //button[text()='Sign Out']
20:10:24.276 INFO  manager.ListenerWD -- After find element-->By.xpath: //button[text()='Sign Out']
20:10:24.284 INFO  manager.ListenerWD -- Location of element-->button
20:10:24.303 INFO  manager.ListenerWD -- Before click element -->buttontext-->Sign Out
20:10:24.386 INFO  tests.TestBase -- Before method finished logout
20:10:24.386 INFO  manager.TestNGListener -- Start test -->loginWrongEmail
20:10:24.388 INFO  tests.TestBase -- Test data---> email: 'margogmail.com' & password: 'Mmar123456$'
20:10:24.389 INFO  manager.ListenerWD -- Before find element-->By.cssSelector: a[href='/login']
20:10:24.417 INFO  manager.ListenerWD -- After find element-->By.cssSelector: a[href='/login']
20:10:24.426 INFO  manager.ListenerWD -- Location of element-->a
20:10:24.444 INFO  manager.ListenerWD -- Before click element -->atext-->LOGIN
20:10:24.515 INFO  manager.ListenerWD -- After click element -->a
20:10:24.516 INFO  manager.HelperBase -- open form by click on button with locator a[href='/login']
20:10:24.516 INFO  manager.ListenerWD -- Before find element-->By.name: email
20:10:24.538 INFO  manager.ListenerWD -- After find element-->By.name: email
20:10:24.548 INFO  manager.ListenerWD -- Location of element-->input
20:10:24.568 INFO  manager.ListenerWD -- Before click element -->inputtext-->
20:10:24.635 INFO  manager.ListenerWD -- After click element -->input
20:10:24.681 INFO  manager.ListenerWD -- sendKeyds-->
20:10:24.688 INFO  manager.ListenerWD -- sendKeyds_TagName-->input
20:10:24.728 INFO  manager.ListenerWD -- sendKeyds-->
20:10:24.737 INFO  manager.ListenerWD -- sendKeyds_TagName-->input
20:10:24.775 INFO  manager.ListenerWD -- sendKeyds-->
20:10:24.783 INFO  manager.ListenerWD -- sendKeyds_TagName-->input
20:10:24.824 INFO  manager.HelperBase -- type in input with locator By.name("email") 
20:10:24.826 INFO  manager.ListenerWD -- Before find element-->By.xpath: //input[@placeholder='Password']
20:10:24.851 INFO  manager.ListenerWD -- After find element-->By.xpath: //input[@placeholder='Password']
20:10:24.861 INFO  manager.ListenerWD -- Location of element-->input
20:10:24.880 INFO  manager.ListenerWD -- Before click element -->inputtext-->
20:10:24.954 INFO  manager.ListenerWD -- After click element -->input
20:10:24.996 INFO  manager.ListenerWD -- sendKeyds-->
20:10:25.005 INFO  manager.ListenerWD -- sendKeyds_TagName-->input
20:10:25.059 INFO  manager.ListenerWD -- sendKeyds-->
20:10:25.069 INFO  manager.ListenerWD -- sendKeyds_TagName-->input
20:10:25.118 INFO  manager.ListenerWD -- sendKeyds-->
20:10:25.127 INFO  manager.ListenerWD -- sendKeyds_TagName-->input
20:10:25.163 INFO  manager.ListenerWD -- Before find element-->By.xpath: //button[text()='Login']
20:10:25.186 INFO  manager.ListenerWD -- After find element-->By.xpath: //button[text()='Login']
20:10:25.195 INFO  manager.ListenerWD -- Location of element-->button
20:10:25.214 INFO  manager.ListenerWD -- Before click element -->buttontext-->Login
20:10:25.308 INFO  manager.ListenerWD -- Huston, we have a problem!
20:10:25.308 INFO  manager.ListenerWD -- Failed method:alert
20:10:25.308 INFO  manager.ListenerWD -- ***************
20:10:25.309 INFO  manager.ListenerWD -- Arguments:null
20:10:25.309 INFO  manager.ListenerWD -- ***************
20:10:25.309 INFO  manager.ListenerWD -- Exception:NoAlertPresentException
20:10:25.309 INFO  manager.ListenerWD -- ***************
20:10:25.310 INFO  manager.ListenerWD -- Messageno such alert
  (Session info: chrome=148.0.7778.179)
Build info: version: '4.26.0', revision: '8ccf0219d7'
System info: os.name: 'Windows 11', os.arch: 'amd64', os.version: '10.0', java.version: '21.0.10'
Driver info: org.openqa.selenium.chrome.ChromeDriver
Command: [c4e7a5ebebe671ad1e112ebe9e41e60b, getAlertText {}]
Capabilities {acceptInsecureCerts: false, browserName: chrome, browserVersion: 148.0.7778.179, chrome: {chromedriverVersion: 148.0.7778.178 (d096af1c9e9..., userDataDir: C:\Users\marii\AppData\Loca...}, fedcm:accounts: true, goog:chromeOptions: {debuggerAddress: localhost:56924}, goog:processID: 34764, networkConnectionEnabled: false, pageLoadStrategy: normal, platformName: windows, proxy: Proxy(), se:cdp: ws://localhost:56924/devtoo..., se:cdpVersion: 148.0.7778.179, setWindowRect: true, strictFileInteractability: false, timeouts: {implicit: 0, pageLoad: 300000, script: 30000}, unhandledPromptBehavior: dismiss and notify, webauthn:extension:credBlob: true, webauthn:extension:largeBlob: true, webauthn:extension:minPinLength: true, webauthn:extension:prf: true, webauthn:virtualAuthenticators: true}
Session ID: c4e7a5ebebe671ad1e112ebe9e41e60b
20:10:25.310 INFO  manager.ListenerWD -- ***************
20:10:25.310 INFO  manager.ListenerWD -- ***************
20:10:25.310 INFO  manager.ListenerWD -- Screen with error is--->src/test/screenshots/screen_1258.png
20:10:25.851 INFO  tests.TestBase -- Assert check is alert present with error text 'Wrong email or password'
20:10:25.852 INFO  manager.TestNGListener -- Success test -->loginWrongEmail
20:10:25.852 INFO  tests.TestBase -- ==============================================
20:10:30.868 INFO  manager.ListenerWD -- Before find element-->By.cssSelector: a[href='/login']
20:10:30.888 INFO  manager.ListenerWD -- After find element-->By.cssSelector: a[href='/login']
20:10:30.895 INFO  manager.ListenerWD -- Location of element-->a
20:10:30.913 INFO  manager.ListenerWD -- Before click element -->atext-->LOGIN
20:10:30.994 INFO  manager.ListenerWD -- After click element -->a
20:10:30.994 INFO  manager.HelperBase -- open form by click on button with locator a[href='/login']
20:10:30.994 INFO  manager.ListenerWD -- Before find element-->By.name: email
20:10:31.027 INFO  manager.ListenerWD -- After find element-->By.name: email
20:10:31.036 INFO  manager.ListenerWD -- Location of element-->input
20:10:31.057 INFO  manager.ListenerWD -- Before click element -->inputtext-->
20:10:31.120 INFO  manager.ListenerWD -- After click element -->input
20:10:31.163 INFO  manager.ListenerWD -- sendKeyds-->
20:10:31.171 INFO  manager.ListenerWD -- sendKeyds_TagName-->input
20:10:31.228 INFO  manager.ListenerWD -- sendKeyds-->
20:10:31.242 INFO  manager.ListenerWD -- sendKeyds_TagName-->input
20:10:31.284 INFO  manager.ListenerWD -- sendKeyds-->
20:10:31.295 INFO  manager.ListenerWD -- sendKeyds_TagName-->input
20:10:31.348 INFO  manager.ListenerWD -- Before find element-->By.xpath: //input[@placeholder='Password']
20:10:31.372 INFO  manager.ListenerWD -- After find element-->By.xpath: //input[@placeholder='Password']
20:10:31.380 INFO  manager.ListenerWD -- Location of element-->input
20:10:31.397 INFO  manager.ListenerWD -- Before click element -->inputtext-->
20:10:31.464 INFO  manager.ListenerWD -- After click element -->input
20:10:31.502 INFO  manager.ListenerWD -- sendKeyds-->
20:10:31.510 INFO  manager.ListenerWD -- sendKeyds_TagName-->input
20:10:31.571 INFO  manager.ListenerWD -- sendKeyds-->
20:10:31.579 INFO  manager.ListenerWD -- sendKeyds_TagName-->input
20:10:31.619 INFO  manager.ListenerWD -- sendKeyds-->
20:10:31.626 INFO  manager.ListenerWD -- sendKeyds_TagName-->input
20:10:31.657 INFO  manager.ListenerWD -- Before find element-->By.xpath: //button[text()='Login']
20:10:31.674 INFO  manager.ListenerWD -- After find element-->By.xpath: //button[text()='Login']
20:10:31.685 INFO  manager.ListenerWD -- Location of element-->button
20:10:31.702 INFO  manager.ListenerWD -- Before click element -->buttontext-->Login
20:10:31.766 INFO  tests.TestBase -- Name of method (test) -->addNewContactSuccessRequiredFields
20:10:31.768 INFO  manager.TestNGListener -- Start test -->addNewContactSuccessRequiredFields
20:10:31.770 INFO  manager.ListenerWD -- Before find element-->By.cssSelector: [placeholder='Name']
20:10:36.803 INFO  manager.ListenerWD -- Huston, we have a problem!
20:10:36.804 INFO  manager.ListenerWD -- Failed method:findElement
20:10:36.804 INFO  manager.ListenerWD -- ***************
20:10:36.804 INFO  manager.ListenerWD -- Arguments:[By.cssSelector: [placeholder='Name']]
20:10:36.804 INFO  manager.ListenerWD -- ***************
20:10:36.804 INFO  manager.ListenerWD -- Exception:NoSuchElementException
20:10:36.804 INFO  manager.ListenerWD -- ***************
20:10:36.804 INFO  manager.ListenerWD -- Messageno such element: Unable to locate element: {"method":"css selector","selector":"[placeholder='Name']"}
  (Session info: chrome=148.0.7778.179)
For documentation on this error, please visit: https://www.selenium.dev/documentation/webdriver/troubleshooting/errors#no-such-element-exception
Build info: version: '4.26.0', revision: '8ccf0219d7'
System info: os.name: 'Windows 11', os.arch: 'amd64', os.version: '10.0', java.version: '21.0.10'
Driver info: org.openqa.selenium.chrome.ChromeDriver
Command: [c4e7a5ebebe671ad1e112ebe9e41e60b, findElement {value=[placeholder='Name'], using=css selector}]
Capabilities {acceptInsecureCerts: false, browserName: chrome, browserVersion: 148.0.7778.179, chrome: {chromedriverVersion: 148.0.7778.178 (d096af1c9e9..., userDataDir: C:\Users\marii\AppData\Loca...}, fedcm:accounts: true, goog:chromeOptions: {debuggerAddress: localhost:56924}, goog:processID: 34764, networkConnectionEnabled: false, pageLoadStrategy: normal, platformName: windows, proxy: Proxy(), se:cdp: ws://localhost:56924/devtoo..., se:cdpVersion: 148.0.7778.179, setWindowRect: true, strictFileInteractability: false, timeouts: {implicit: 0, pageLoad: 300000, script: 30000}, unhandledPromptBehavior: dismiss and notify, webauthn:extension:credBlob: true, webauthn:extension:largeBlob: true, webauthn:extension:minPinLength: true, webauthn:extension:prf: true, webauthn:virtualAuthenticators: true}
Session ID: c4e7a5ebebe671ad1e112ebe9e41e60b
20:10:36.804 INFO  manager.ListenerWD -- ***************
20:10:36.804 INFO  manager.ListenerWD -- ***************
20:10:36.804 INFO  manager.ListenerWD -- Screen with error is--->src/test/screenshots/screen_1107.png
20:10:37.068 INFO  manager.TestNGListener -- Failure test -->null
20:10:37.070 INFO  tests.TestBase -- ==============================================
20:10:37.072 INFO  tests.TestBase -- Name of method (test) -->registrationSuccess
20:10:37.097 INFO  manager.ListenerWD -- Before find element-->By.xpath: //button[text()='Sign Out']
20:10:37.120 INFO  manager.ListenerWD -- After find element-->By.xpath: //button[text()='Sign Out']
20:10:37.131 INFO  manager.ListenerWD -- Location of element-->button
20:10:37.154 INFO  manager.ListenerWD -- Before click element -->buttontext-->Sign Out
20:10:37.254 INFO  manager.TestNGListener -- Start test -->registrationSuccess
20:10:37.256 INFO  manager.ListenerWD -- Before find element-->By.cssSelector: a[href='/login']
20:10:37.279 INFO  manager.ListenerWD -- After find element-->By.cssSelector: a[href='/login']
20:10:37.287 INFO  manager.ListenerWD -- Location of element-->a
20:10:37.307 INFO  manager.ListenerWD -- Before click element -->atext-->LOGIN
20:10:37.381 INFO  manager.ListenerWD -- After click element -->a
20:10:37.382 INFO  manager.HelperBase -- open form by click on button with locator a[href='/login']
20:10:37.382 INFO  manager.ListenerWD -- Before find element-->By.name: email
20:10:37.404 INFO  manager.ListenerWD -- After find element-->By.name: email
20:10:37.413 INFO  manager.ListenerWD -- Location of element-->input
20:10:37.433 INFO  manager.ListenerWD -- Before click element -->inputtext-->
20:10:37.551 INFO  manager.ListenerWD -- After click element -->input
20:10:37.600 INFO  manager.ListenerWD -- sendKeyds-->
20:10:37.613 INFO  manager.ListenerWD -- sendKeyds_TagName-->input
20:10:37.666 INFO  manager.ListenerWD -- sendKeyds-->
20:10:37.676 INFO  manager.ListenerWD -- sendKeyds_TagName-->input
20:10:37.726 INFO  manager.ListenerWD -- sendKeyds-->
20:10:37.734 INFO  manager.ListenerWD -- sendKeyds_TagName-->input
20:10:37.786 INFO  manager.ListenerWD -- Before find element-->By.xpath: //input[@placeholder='Password']
20:10:37.812 INFO  manager.ListenerWD -- After find element-->By.xpath: //input[@placeholder='Password']
20:10:37.821 INFO  manager.ListenerWD -- Location of element-->input
20:10:37.843 INFO  manager.ListenerWD -- Before click element -->inputtext-->
20:10:37.968 INFO  manager.ListenerWD -- After click element -->input
20:10:38.009 INFO  manager.ListenerWD -- sendKeyds-->
20:10:38.018 INFO  manager.ListenerWD -- sendKeyds_TagName-->input
20:10:38.062 INFO  manager.ListenerWD -- sendKeyds-->
20:10:38.070 INFO  manager.ListenerWD -- sendKeyds_TagName-->input
20:10:38.119 INFO  manager.ListenerWD -- sendKeyds-->
20:10:38.128 INFO  manager.ListenerWD -- sendKeyds_TagName-->input
20:10:38.174 INFO  manager.ListenerWD -- Before find element-->By.xpath: //button[text()='Registration']
20:10:38.200 INFO  manager.ListenerWD -- After find element-->By.xpath: //button[text()='Registration']
20:10:38.210 INFO  manager.ListenerWD -- Location of element-->button
20:10:38.230 INFO  manager.ListenerWD -- Before click element -->buttontext-->Registration
20:10:39.014 INFO  manager.ListenerWD -- Before find element-->By.cssSelector: .contact-page_message__2qafk>h1
20:10:39.228 INFO  manager.ListenerWD -- After find element-->By.cssSelector: .contact-page_message__2qafk>h1
20:10:39.236 INFO  manager.ListenerWD -- Location of element-->h1
20:10:39.251 INFO  manager.TestNGListener -- Success test -->registrationSuccess
20:10:39.252 INFO  tests.TestBase -- ==============================================
20:10:39.253 INFO  tests.TestBase -- Name of method (test) -->registrationWrongEmail
20:10:39.274 INFO  manager.ListenerWD -- Before find element-->By.xpath: //button[text()='Sign Out']
20:10:39.293 INFO  manager.ListenerWD -- After find element-->By.xpath: //button[text()='Sign Out']
20:10:39.300 INFO  manager.ListenerWD -- Location of element-->button
20:10:39.317 INFO  manager.ListenerWD -- Before click element -->buttontext-->Sign Out
20:10:39.386 INFO  manager.TestNGListener -- Start test -->registrationWrongEmail
20:10:39.388 INFO  manager.ListenerWD -- Before find element-->By.cssSelector: a[href='/login']
20:10:39.407 INFO  manager.ListenerWD -- After find element-->By.cssSelector: a[href='/login']
20:10:39.416 INFO  manager.ListenerWD -- Location of element-->a
20:10:39.433 INFO  manager.ListenerWD -- Before click element -->atext-->LOGIN
20:10:39.501 INFO  manager.ListenerWD -- After click element -->a
20:10:39.501 INFO  manager.HelperBase -- open form by click on button with locator a[href='/login']
20:10:39.501 INFO  manager.ListenerWD -- Before find element-->By.name: email
20:10:39.516 INFO  manager.ListenerWD -- After find element-->By.name: email
20:10:39.523 INFO  manager.ListenerWD -- Location of element-->input
20:10:39.541 INFO  manager.ListenerWD -- Before click element -->inputtext-->
20:10:39.645 INFO  manager.ListenerWD -- After click element -->input
20:10:39.684 INFO  manager.ListenerWD -- sendKeyds-->
20:10:39.693 INFO  manager.ListenerWD -- sendKeyds_TagName-->input
20:10:39.734 INFO  manager.ListenerWD -- sendKeyds-->
20:10:39.742 INFO  manager.ListenerWD -- sendKeyds_TagName-->input
20:10:39.783 INFO  manager.ListenerWD -- sendKeyds-->
20:10:39.790 INFO  manager.ListenerWD -- sendKeyds_TagName-->input
20:10:39.826 INFO  manager.ListenerWD -- Before find element-->By.xpath: //input[@placeholder='Password']
20:10:39.843 INFO  manager.ListenerWD -- After find element-->By.xpath: //input[@placeholder='Password']
20:10:39.851 INFO  manager.ListenerWD -- Location of element-->input
20:10:39.867 INFO  manager.ListenerWD -- Before click element -->inputtext-->
20:10:39.984 INFO  manager.ListenerWD -- After click element -->input
20:10:40.026 INFO  manager.ListenerWD -- sendKeyds-->
20:10:40.034 INFO  manager.ListenerWD -- sendKeyds_TagName-->input
20:10:40.079 INFO  manager.ListenerWD -- sendKeyds-->
20:10:40.089 INFO  manager.ListenerWD -- sendKeyds_TagName-->input
20:10:40.135 INFO  manager.ListenerWD -- sendKeyds-->
20:10:40.143 INFO  manager.ListenerWD -- sendKeyds_TagName-->input
20:10:40.177 INFO  manager.ListenerWD -- Before find element-->By.xpath: //button[text()='Registration']
20:10:40.193 INFO  manager.ListenerWD -- After find element-->By.xpath: //button[text()='Registration']
20:10:40.200 INFO  manager.ListenerWD -- Location of element-->button
20:10:40.218 INFO  manager.ListenerWD -- Before click element -->buttontext-->Registration
20:10:40.293 INFO  manager.ListenerWD -- Huston, we have a problem!
20:10:40.293 INFO  manager.ListenerWD -- Failed method:alert
20:10:40.293 INFO  manager.ListenerWD -- ***************
20:10:40.294 INFO  manager.ListenerWD -- Arguments:null
20:10:40.294 INFO  manager.ListenerWD -- ***************
20:10:40.294 INFO  manager.ListenerWD -- Exception:NoAlertPresentException
20:10:40.294 INFO  manager.ListenerWD -- ***************
20:10:40.294 INFO  manager.ListenerWD -- Messageno such alert
  (Session info: chrome=148.0.7778.179)
Build info: version: '4.26.0', revision: '8ccf0219d7'
System info: os.name: 'Windows 11', os.arch: 'amd64', os.version: '10.0', java.version: '21.0.10'
Driver info: org.openqa.selenium.chrome.ChromeDriver
Command: [c4e7a5ebebe671ad1e112ebe9e41e60b, getAlertText {}]
Capabilities {acceptInsecureCerts: false, browserName: chrome, browserVersion: 148.0.7778.179, chrome: {chromedriverVersion: 148.0.7778.178 (d096af1c9e9..., userDataDir: C:\Users\marii\AppData\Loca...}, fedcm:accounts: true, goog:chromeOptions: {debuggerAddress: localhost:56924}, goog:processID: 34764, networkConnectionEnabled: false, pageLoadStrategy: normal, platformName: windows, proxy: Proxy(), se:cdp: ws://localhost:56924/devtoo..., se:cdpVersion: 148.0.7778.179, setWindowRect: true, strictFileInteractability: false, timeouts: {implicit: 0, pageLoad: 300000, script: 30000}, unhandledPromptBehavior: dismiss and notify, webauthn:extension:credBlob: true, webauthn:extension:largeBlob: true, webauthn:extension:minPinLength: true, webauthn:extension:prf: true, webauthn:virtualAuthenticators: true}
Session ID: c4e7a5ebebe671ad1e112ebe9e41e60b
20:10:40.294 INFO  manager.ListenerWD -- ***************
20:10:40.294 INFO  manager.ListenerWD -- ***************
20:10:40.294 INFO  manager.ListenerWD -- Screen with error is--->src/test/screenshots/screen_1681.png
20:10:40.823 INFO  manager.TestNGListener -- Success test -->registrationWrongEmail
20:10:40.824 INFO  tests.TestBase -- ==============================================
20:10:40.826 INFO  tests.TestBase -- Name of method (test) -->removeFirstContact
20:10:45.836 INFO  manager.ListenerWD -- Before find element-->By.cssSelector: a[href='/login']
20:10:45.857 INFO  manager.ListenerWD -- After find element-->By.cssSelector: a[href='/login']
20:10:45.866 INFO  manager.ListenerWD -- Location of element-->a
20:10:45.885 INFO  manager.ListenerWD -- Before click element -->atext-->LOGIN
20:10:45.952 INFO  manager.ListenerWD -- After click element -->a
20:10:45.952 INFO  manager.HelperBase -- open form by click on button with locator a[href='/login']
20:10:45.952 INFO  manager.ListenerWD -- Before find element-->By.name: email
20:10:45.975 INFO  manager.ListenerWD -- After find element-->By.name: email
20:10:45.983 INFO  manager.ListenerWD -- Location of element-->input
20:10:46.001 INFO  manager.ListenerWD -- Before click element -->inputtext-->
20:10:46.068 INFO  manager.ListenerWD -- After click element -->input
20:10:46.102 INFO  manager.ListenerWD -- sendKeyds-->
20:10:46.111 INFO  manager.ListenerWD -- sendKeyds_TagName-->input
20:10:46.165 INFO  manager.ListenerWD -- sendKeyds-->
20:10:46.174 INFO  manager.ListenerWD -- sendKeyds_TagName-->input
20:10:46.210 INFO  manager.ListenerWD -- sendKeyds-->
20:10:46.218 INFO  manager.ListenerWD -- sendKeyds_TagName-->input
20:10:46.258 INFO  manager.ListenerWD -- Before find element-->By.xpath: //input[@placeholder='Password']
20:10:46.273 INFO  manager.ListenerWD -- After find element-->By.xpath: //input[@placeholder='Password']
20:10:46.281 INFO  manager.ListenerWD -- Location of element-->input
20:10:46.299 INFO  manager.ListenerWD -- Before click element -->inputtext-->
20:10:46.359 INFO  manager.ListenerWD -- After click element -->input
20:10:46.404 INFO  manager.ListenerWD -- sendKeyds-->
20:10:46.413 INFO  manager.ListenerWD -- sendKeyds_TagName-->input
20:10:46.467 INFO  manager.ListenerWD -- sendKeyds-->
20:10:46.473 INFO  manager.ListenerWD -- sendKeyds_TagName-->input
20:10:46.508 INFO  manager.ListenerWD -- sendKeyds-->
20:10:46.515 INFO  manager.ListenerWD -- sendKeyds_TagName-->input
20:10:46.548 INFO  manager.ListenerWD -- Before find element-->By.xpath: //button[text()='Login']
20:10:46.568 INFO  manager.ListenerWD -- After find element-->By.xpath: //button[text()='Login']
20:10:46.576 INFO  manager.ListenerWD -- Location of element-->button
20:10:46.592 INFO  manager.ListenerWD -- Before click element -->buttontext-->Login
20:10:47.190 INFO  manager.TestNGListener -- Start test -->removeFirstContact
20:10:47.221 INFO  manager.HelperBase -- Number of Contacts before remove is-->3
20:10:47.222 INFO  manager.ListenerWD -- Before find element-->By.cssSelector: .contact-item_card__2SOIM
20:10:47.242 INFO  manager.ListenerWD -- After find element-->By.cssSelector: .contact-item_card__2SOIM
20:10:47.251 INFO  manager.ListenerWD -- Location of element-->div
20:10:47.268 INFO  manager.ListenerWD -- Before click element -->divtext-->Harry
555667771785
20:10:47.333 INFO  manager.ListenerWD -- After click element -->div
20:10:47.334 INFO  manager.ListenerWD -- Before find element-->By.xpath: //button[text()='Remove']
20:10:47.351 INFO  manager.ListenerWD -- After find element-->By.xpath: //button[text()='Remove']
20:10:47.358 INFO  manager.ListenerWD -- Location of element-->button
20:10:47.373 INFO  manager.ListenerWD -- Before click element -->buttontext-->Remove
20:10:47.431 INFO  manager.ListenerWD -- After click element -->button
20:10:48.465 INFO  manager.HelperBase -- Number of Contacts after remove is-->2
20:10:48.466 INFO  manager.TestNGListener -- Success test -->removeFirstContact
20:10:48.466 INFO  tests.TestBase -- ==============================================
20:10:48.468 INFO  manager.TestNGListener -- Stop testing on date -->Mon Jun 08 20:10:48 IDT 2026
