20:43:19.649 INFO  manager.ApplicationManager -- All tests runs in Chrome Browser
20:43:20.456 INFO  manager.ApplicationManager -- The link --->https://telranedu.web.app/home
20:43:20.474 INFO  manager.TestNGListener -- Start testing on date -->Thu May 28 20:43:20 IDT 2026
20:43:25.512 INFO  manager.ListenerWD -- Before find element-->By.cssSelector: a[href='/login']
20:43:25.554 INFO  manager.ListenerWD -- After find element-->By.cssSelector: a[href='/login']
20:43:25.567 INFO  manager.ListenerWD -- Location of element-->a
20:43:25.596 INFO  manager.ListenerWD -- Before click element -->atext-->LOGIN
20:43:25.705 INFO  manager.ListenerWD -- After click element -->a
20:43:25.705 INFO  manager.HelperBase -- open form by click on button with locator a[href='/login']
20:43:25.706 INFO  manager.ListenerWD -- Before find element-->By.name: email
20:43:25.742 INFO  manager.ListenerWD -- After find element-->By.name: email
20:43:25.752 INFO  manager.ListenerWD -- Location of element-->input
20:43:25.769 INFO  manager.ListenerWD -- Before click element -->inputtext-->
20:43:25.830 INFO  manager.ListenerWD -- After click element -->input
20:43:25.868 INFO  manager.ListenerWD -- sendKeyds-->
20:43:25.875 INFO  manager.ListenerWD -- sendKeyds_TagName-->input
20:43:25.920 INFO  manager.ListenerWD -- sendKeyds-->
20:43:25.928 INFO  manager.ListenerWD -- sendKeyds_TagName-->input
20:43:25.968 INFO  manager.ListenerWD -- sendKeyds-->
20:43:25.975 INFO  manager.ListenerWD -- sendKeyds_TagName-->input
20:43:26.021 INFO  manager.ListenerWD -- Before find element-->By.xpath: //input[@placeholder='Password']
20:43:26.046 INFO  manager.ListenerWD -- After find element-->By.xpath: //input[@placeholder='Password']
20:43:26.054 INFO  manager.ListenerWD -- Location of element-->input
20:43:26.070 INFO  manager.ListenerWD -- Before click element -->inputtext-->
20:43:26.118 INFO  manager.ListenerWD -- After click element -->input
20:43:26.148 INFO  manager.ListenerWD -- sendKeyds-->
20:43:26.153 INFO  manager.ListenerWD -- sendKeyds_TagName-->input
20:43:26.183 INFO  manager.ListenerWD -- sendKeyds-->
20:43:26.189 INFO  manager.ListenerWD -- sendKeyds_TagName-->input
20:43:26.217 INFO  manager.ListenerWD -- sendKeyds-->
20:43:26.225 INFO  manager.ListenerWD -- sendKeyds_TagName-->input
20:43:26.253 INFO  manager.ListenerWD -- Before find element-->By.xpath: //button[text()='Login']
20:43:26.275 INFO  manager.ListenerWD -- After find element-->By.xpath: //button[text()='Login']
20:43:26.281 INFO  manager.ListenerWD -- Location of element-->button
20:43:26.296 INFO  manager.ListenerWD -- Before click element -->buttontext-->Login
20:43:26.384 INFO  tests.TestBase -- Name of method (test) -->addNewContactWrongPhone
20:43:26.386 INFO  manager.TestNGListener -- Start test -->addNewContactWrongPhone
20:43:26.395 INFO  manager.ListenerWD -- Before find element-->By.cssSelector: a[href='/add']
20:43:27.560 INFO  manager.ListenerWD -- After find element-->By.cssSelector: a[href='/add']
20:43:27.567 INFO  manager.ListenerWD -- Location of element-->a
20:43:27.582 INFO  manager.ListenerWD -- Before click element -->atext-->ADD
20:43:27.645 INFO  manager.ListenerWD -- After click element -->a
20:43:27.645 INFO  manager.ListenerWD -- Before find element-->By.cssSelector: [placeholder='Name']
20:43:27.667 INFO  manager.ListenerWD -- After find element-->By.cssSelector: [placeholder='Name']
20:43:27.673 INFO  manager.ListenerWD -- Location of element-->input
20:43:27.687 INFO  manager.ListenerWD -- Before click element -->inputtext-->
20:43:27.743 INFO  manager.ListenerWD -- After click element -->input
20:43:27.773 INFO  manager.ListenerWD -- sendKeyds-->
20:43:27.778 INFO  manager.ListenerWD -- sendKeyds_TagName-->input
20:43:27.816 INFO  manager.ListenerWD -- sendKeyds-->
20:43:27.822 INFO  manager.ListenerWD -- sendKeyds_TagName-->input
20:43:27.852 INFO  manager.ListenerWD -- sendKeyds-->
20:43:27.857 INFO  manager.ListenerWD -- sendKeyds_TagName-->input
20:43:27.883 INFO  manager.ListenerWD -- Before find element-->By.cssSelector: [placeholder='Last Name']
20:43:27.902 INFO  manager.ListenerWD -- After find element-->By.cssSelector: [placeholder='Last Name']
20:43:27.909 INFO  manager.ListenerWD -- Location of element-->input
20:43:27.926 INFO  manager.ListenerWD -- Before click element -->inputtext-->
20:43:27.976 INFO  manager.ListenerWD -- After click element -->input
20:43:28.004 INFO  manager.ListenerWD -- sendKeyds-->
20:43:28.010 INFO  manager.ListenerWD -- sendKeyds_TagName-->input
20:43:28.045 INFO  manager.ListenerWD -- sendKeyds-->
20:43:28.053 INFO  manager.ListenerWD -- sendKeyds_TagName-->input
20:43:28.086 INFO  manager.ListenerWD -- sendKeyds-->
20:43:28.090 INFO  manager.ListenerWD -- sendKeyds_TagName-->input
20:43:28.115 INFO  manager.ListenerWD -- Before find element-->By.cssSelector: [placeholder='Phone']
20:43:28.136 INFO  manager.ListenerWD -- After find element-->By.cssSelector: [placeholder='Phone']
20:43:28.145 INFO  manager.ListenerWD -- Location of element-->input
20:43:28.160 INFO  manager.ListenerWD -- Before click element -->inputtext-->
20:43:28.213 INFO  manager.ListenerWD -- After click element -->input
20:43:28.245 INFO  manager.ListenerWD -- sendKeyds-->
20:43:28.250 INFO  manager.ListenerWD -- sendKeyds_TagName-->input
20:43:28.281 INFO  manager.ListenerWD -- sendKeyds-->
20:43:28.287 INFO  manager.ListenerWD -- sendKeyds_TagName-->input
20:43:28.317 INFO  manager.ListenerWD -- sendKeyds-->
20:43:28.321 INFO  manager.ListenerWD -- sendKeyds_TagName-->input
20:43:28.344 INFO  manager.ListenerWD -- Before find element-->By.cssSelector: [placeholder='email']
20:43:28.366 INFO  manager.ListenerWD -- After find element-->By.cssSelector: [placeholder='email']
20:43:28.374 INFO  manager.ListenerWD -- Location of element-->input
20:43:28.391 INFO  manager.ListenerWD -- Before click element -->inputtext-->
20:43:28.442 INFO  manager.ListenerWD -- After click element -->input
20:43:28.472 INFO  manager.ListenerWD -- sendKeyds-->
20:43:28.477 INFO  manager.ListenerWD -- sendKeyds_TagName-->input
20:43:28.507 INFO  manager.ListenerWD -- sendKeyds-->
20:43:28.513 INFO  manager.ListenerWD -- sendKeyds_TagName-->input
20:43:28.543 INFO  manager.ListenerWD -- sendKeyds-->
20:43:28.548 INFO  manager.ListenerWD -- sendKeyds_TagName-->input
20:43:28.577 INFO  manager.ListenerWD -- Before find element-->By.cssSelector: [placeholder='Address']
20:43:28.594 INFO  manager.ListenerWD -- After find element-->By.cssSelector: [placeholder='Address']
20:43:28.603 INFO  manager.ListenerWD -- Location of element-->input
20:43:28.615 INFO  manager.ListenerWD -- Before click element -->inputtext-->
20:43:28.665 INFO  manager.ListenerWD -- After click element -->input
20:43:28.694 INFO  manager.ListenerWD -- sendKeyds-->
20:43:28.701 INFO  manager.ListenerWD -- sendKeyds_TagName-->input
20:43:28.727 INFO  manager.ListenerWD -- sendKeyds-->
20:43:28.733 INFO  manager.ListenerWD -- sendKeyds_TagName-->input
20:43:28.760 INFO  manager.ListenerWD -- sendKeyds-->
20:43:28.765 INFO  manager.ListenerWD -- sendKeyds_TagName-->input
20:43:28.789 INFO  manager.ListenerWD -- Before find element-->By.cssSelector: [placeholder='description']
20:43:28.807 INFO  manager.ListenerWD -- After find element-->By.cssSelector: [placeholder='description']
20:43:28.814 INFO  manager.ListenerWD -- Location of element-->input
20:43:28.828 INFO  manager.ListenerWD -- Before click element -->inputtext-->
20:43:28.886 INFO  manager.ListenerWD -- After click element -->input
20:43:28.915 INFO  manager.ListenerWD -- sendKeyds-->
20:43:28.920 INFO  manager.ListenerWD -- sendKeyds_TagName-->input
20:43:28.948 INFO  manager.ListenerWD -- sendKeyds-->
20:43:28.953 INFO  manager.ListenerWD -- sendKeyds_TagName-->input
20:43:28.981 INFO  manager.ListenerWD -- sendKeyds-->
20:43:28.988 INFO  manager.ListenerWD -- sendKeyds_TagName-->input
20:43:29.012 INFO  manager.ListenerWD -- Before find element-->By.cssSelector: .add_form__2rsm2>button
20:43:29.036 INFO  manager.ListenerWD -- After find element-->By.cssSelector: .add_form__2rsm2>button
20:43:29.042 INFO  manager.ListenerWD -- Location of element-->button
20:43:29.055 INFO  manager.ListenerWD -- Before click element -->buttontext-->Save
20:43:29.105 INFO  manager.ListenerWD -- After click element -->button
20:43:29.152 INFO  manager.ListenerWD -- Huston, we have a problem!
20:43:29.153 INFO  manager.ListenerWD -- Failed method:alert
20:43:29.153 INFO  manager.ListenerWD -- ***************
20:43:29.153 INFO  manager.ListenerWD -- Arguments:null
20:43:29.153 INFO  manager.ListenerWD -- ***************
20:43:29.153 INFO  manager.ListenerWD -- Exception:NoAlertPresentException
20:43:29.154 INFO  manager.ListenerWD -- ***************
20:43:29.154 INFO  manager.ListenerWD -- Messageno such alert
  (Session info: chrome=148.0.7778.179)
Build info: version: '4.26.0', revision: '8ccf0219d7'
System info: os.name: 'Windows 11', os.arch: 'amd64', os.version: '10.0', java.version: '17.0.19'
Driver info: org.openqa.selenium.chrome.ChromeDriver
Command: [2add10f31ed4d7ae175a59cadbf60b07, getAlertText {}]
Capabilities {acceptInsecureCerts: false, browserName: chrome, browserVersion: 148.0.7778.179, chrome: {chromedriverVersion: 148.0.7778.178 (d096af1c9e9..., userDataDir: C:\Users\marii\AppData\Loca...}, fedcm:accounts: true, goog:chromeOptions: {debuggerAddress: localhost:63124}, goog:processID: 9092, networkConnectionEnabled: false, pageLoadStrategy: normal, platformName: windows, proxy: Proxy(), se:cdp: ws://localhost:63124/devtoo..., se:cdpVersion: 148.0.7778.179, setWindowRect: true, strictFileInteractability: false, timeouts: {implicit: 0, pageLoad: 300000, script: 30000}, unhandledPromptBehavior: dismiss and notify, webauthn:extension:credBlob: true, webauthn:extension:largeBlob: true, webauthn:extension:minPinLength: true, webauthn:extension:prf: true, webauthn:virtualAuthenticators: true}
Session ID: 2add10f31ed4d7ae175a59cadbf60b07
20:43:29.154 INFO  manager.ListenerWD -- ***************
20:43:29.154 INFO  manager.ListenerWD -- ***************
20:43:29.154 INFO  manager.ListenerWD -- Screen with error is--->src/test/screenshots/screen_1266.png
20:43:29.697 INFO  manager.TestNGListener -- Success test -->addNewContactWrongPhone
20:43:29.699 INFO  tests.TestBase -- ==============================================
20:43:29.701 INFO  tests.TestBase -- Name of method (test) -->addNewContactWrongPhone
20:43:29.702 INFO  manager.TestNGListener -- Start test -->addNewContactWrongPhone
20:43:29.702 INFO  manager.ListenerWD -- Before find element-->By.cssSelector: a[href='/add']
20:43:29.721 INFO  manager.ListenerWD -- After find element-->By.cssSelector: a[href='/add']
20:43:29.727 INFO  manager.ListenerWD -- Location of element-->a
20:43:29.742 INFO  manager.ListenerWD -- Before click element -->atext-->ADD
20:43:29.792 INFO  manager.ListenerWD -- After click element -->a
20:43:29.792 INFO  manager.ListenerWD -- Before find element-->By.cssSelector: [placeholder='Name']
20:43:29.810 INFO  manager.ListenerWD -- After find element-->By.cssSelector: [placeholder='Name']
20:43:29.816 INFO  manager.ListenerWD -- Location of element-->input
20:43:29.828 INFO  manager.ListenerWD -- Before click element -->inputtext-->
20:43:29.877 INFO  manager.ListenerWD -- After click element -->input
20:43:29.904 INFO  manager.ListenerWD -- sendKeyds-->
20:43:29.910 INFO  manager.ListenerWD -- sendKeyds_TagName-->input
20:43:29.965 INFO  manager.ListenerWD -- sendKeyds-->
20:43:29.971 INFO  manager.ListenerWD -- sendKeyds_TagName-->input
20:43:29.999 INFO  manager.ListenerWD -- sendKeyds-->
20:43:30.006 INFO  manager.ListenerWD -- sendKeyds_TagName-->input
20:43:30.029 INFO  manager.ListenerWD -- Before find element-->By.cssSelector: [placeholder='Last Name']
20:43:30.050 INFO  manager.ListenerWD -- After find element-->By.cssSelector: [placeholder='Last Name']
20:43:30.056 INFO  manager.ListenerWD -- Location of element-->input
20:43:30.068 INFO  manager.ListenerWD -- Before click element -->inputtext-->
20:43:30.116 INFO  manager.ListenerWD -- After click element -->input
20:43:30.144 INFO  manager.ListenerWD -- sendKeyds-->
20:43:30.150 INFO  manager.ListenerWD -- sendKeyds_TagName-->input
20:43:30.197 INFO  manager.ListenerWD -- sendKeyds-->
20:43:30.203 INFO  manager.ListenerWD -- sendKeyds_TagName-->input
20:43:30.229 INFO  manager.ListenerWD -- sendKeyds-->
20:43:30.237 INFO  manager.ListenerWD -- sendKeyds_TagName-->input
20:43:30.259 INFO  manager.ListenerWD -- Before find element-->By.cssSelector: [placeholder='Phone']
20:43:30.273 INFO  manager.ListenerWD -- After find element-->By.cssSelector: [placeholder='Phone']
20:43:30.279 INFO  manager.ListenerWD -- Location of element-->input
20:43:30.293 INFO  manager.ListenerWD -- Before click element -->inputtext-->
20:43:30.342 INFO  manager.ListenerWD -- After click element -->input
20:43:30.374 INFO  manager.ListenerWD -- sendKeyds-->
20:43:30.379 INFO  manager.ListenerWD -- sendKeyds_TagName-->input
20:43:30.424 INFO  manager.ListenerWD -- sendKeyds-->
20:43:30.428 INFO  manager.ListenerWD -- sendKeyds_TagName-->input
20:43:30.456 INFO  manager.ListenerWD -- sendKeyds-->
20:43:30.461 INFO  manager.ListenerWD -- sendKeyds_TagName-->input
20:43:30.493 INFO  manager.ListenerWD -- Before find element-->By.cssSelector: [placeholder='email']
20:43:30.507 INFO  manager.ListenerWD -- After find element-->By.cssSelector: [placeholder='email']
20:43:30.513 INFO  manager.ListenerWD -- Location of element-->input
20:43:30.525 INFO  manager.ListenerWD -- Before click element -->inputtext-->
20:43:30.575 INFO  manager.ListenerWD -- After click element -->input
20:43:30.604 INFO  manager.ListenerWD -- sendKeyds-->
20:43:30.610 INFO  manager.ListenerWD -- sendKeyds_TagName-->input
20:43:30.650 INFO  manager.ListenerWD -- sendKeyds-->
20:43:30.656 INFO  manager.ListenerWD -- sendKeyds_TagName-->input
20:43:30.688 INFO  manager.ListenerWD -- sendKeyds-->
20:43:30.694 INFO  manager.ListenerWD -- sendKeyds_TagName-->input
20:43:30.722 INFO  manager.ListenerWD -- Before find element-->By.cssSelector: [placeholder='Address']
20:43:30.739 INFO  manager.ListenerWD -- After find element-->By.cssSelector: [placeholder='Address']
20:43:30.744 INFO  manager.ListenerWD -- Location of element-->input
20:43:30.756 INFO  manager.ListenerWD -- Before click element -->inputtext-->
20:43:30.810 INFO  manager.ListenerWD -- After click element -->input
20:43:30.839 INFO  manager.ListenerWD -- sendKeyds-->
20:43:30.844 INFO  manager.ListenerWD -- sendKeyds_TagName-->input
20:43:30.888 INFO  manager.ListenerWD -- sendKeyds-->
20:43:30.892 INFO  manager.ListenerWD -- sendKeyds_TagName-->input
20:43:30.919 INFO  manager.ListenerWD -- sendKeyds-->
20:43:30.926 INFO  manager.ListenerWD -- sendKeyds_TagName-->input
20:43:30.949 INFO  manager.ListenerWD -- Before find element-->By.cssSelector: [placeholder='description']
20:43:30.966 INFO  manager.ListenerWD -- After find element-->By.cssSelector: [placeholder='description']
20:43:30.973 INFO  manager.ListenerWD -- Location of element-->input
20:43:30.987 INFO  manager.ListenerWD -- Before click element -->inputtext-->
20:43:31.039 INFO  manager.ListenerWD -- After click element -->input
20:43:31.071 INFO  manager.ListenerWD -- sendKeyds-->
20:43:31.075 INFO  manager.ListenerWD -- sendKeyds_TagName-->input
20:43:31.116 INFO  manager.ListenerWD -- sendKeyds-->
20:43:31.121 INFO  manager.ListenerWD -- sendKeyds_TagName-->input
20:43:31.152 INFO  manager.ListenerWD -- sendKeyds-->
20:43:31.157 INFO  manager.ListenerWD -- sendKeyds_TagName-->input
20:43:31.180 INFO  manager.ListenerWD -- Before find element-->By.cssSelector: .add_form__2rsm2>button
20:43:31.195 INFO  manager.ListenerWD -- After find element-->By.cssSelector: .add_form__2rsm2>button
20:43:31.200 INFO  manager.ListenerWD -- Location of element-->button
20:43:31.214 INFO  manager.ListenerWD -- Before click element -->buttontext-->Save
20:43:31.253 INFO  manager.ListenerWD -- After click element -->button
20:43:31.278 INFO  manager.ListenerWD -- Huston, we have a problem!
20:43:31.278 INFO  manager.ListenerWD -- Failed method:alert
20:43:31.278 INFO  manager.ListenerWD -- ***************
20:43:31.278 INFO  manager.ListenerWD -- Arguments:null
20:43:31.278 INFO  manager.ListenerWD -- ***************
20:43:31.279 INFO  manager.ListenerWD -- Exception:NoAlertPresentException
20:43:31.279 INFO  manager.ListenerWD -- ***************
20:43:31.279 INFO  manager.ListenerWD -- Messageno such alert
  (Session info: chrome=148.0.7778.179)
Build info: version: '4.26.0', revision: '8ccf0219d7'
System info: os.name: 'Windows 11', os.arch: 'amd64', os.version: '10.0', java.version: '17.0.19'
Driver info: org.openqa.selenium.chrome.ChromeDriver
Command: [2add10f31ed4d7ae175a59cadbf60b07, getAlertText {}]
Capabilities {acceptInsecureCerts: false, browserName: chrome, browserVersion: 148.0.7778.179, chrome: {chromedriverVersion: 148.0.7778.178 (d096af1c9e9..., userDataDir: C:\Users\marii\AppData\Loca...}, fedcm:accounts: true, goog:chromeOptions: {debuggerAddress: localhost:63124}, goog:processID: 9092, networkConnectionEnabled: false, pageLoadStrategy: normal, platformName: windows, proxy: Proxy(), se:cdp: ws://localhost:63124/devtoo..., se:cdpVersion: 148.0.7778.179, setWindowRect: true, strictFileInteractability: false, timeouts: {implicit: 0, pageLoad: 300000, script: 30000}, unhandledPromptBehavior: dismiss and notify, webauthn:extension:credBlob: true, webauthn:extension:largeBlob: true, webauthn:extension:minPinLength: true, webauthn:extension:prf: true, webauthn:virtualAuthenticators: true}
Session ID: 2add10f31ed4d7ae175a59cadbf60b07
20:43:31.279 INFO  manager.ListenerWD -- ***************
20:43:31.279 INFO  manager.ListenerWD -- ***************
20:43:31.280 INFO  manager.ListenerWD -- Screen with error is--->src/test/screenshots/screen_1789.png
20:43:31.822 INFO  manager.TestNGListener -- Success test -->addNewContactWrongPhone
20:43:31.823 INFO  tests.TestBase -- ==============================================
20:43:31.827 INFO  tests.TestBase -- Name of method (test) -->addNewContactWrongPhone
20:43:31.827 INFO  manager.TestNGListener -- Start test -->addNewContactWrongPhone
20:43:31.828 INFO  manager.ListenerWD -- Before find element-->By.cssSelector: a[href='/add']
20:43:31.845 INFO  manager.ListenerWD -- After find element-->By.cssSelector: a[href='/add']
20:43:31.851 INFO  manager.ListenerWD -- Location of element-->a
20:43:31.866 INFO  manager.ListenerWD -- Before click element -->atext-->ADD
20:43:31.925 INFO  manager.ListenerWD -- After click element -->a
20:43:31.925 INFO  manager.ListenerWD -- Before find element-->By.cssSelector: [placeholder='Name']
20:43:31.939 INFO  manager.ListenerWD -- After find element-->By.cssSelector: [placeholder='Name']
20:43:31.945 INFO  manager.ListenerWD -- Location of element-->input
20:43:31.958 INFO  manager.ListenerWD -- Before click element -->inputtext-->
20:43:32.011 INFO  manager.ListenerWD -- After click element -->input
20:43:32.039 INFO  manager.ListenerWD -- sendKeyds-->
20:43:32.045 INFO  manager.ListenerWD -- sendKeyds_TagName-->input
20:43:32.092 INFO  manager.ListenerWD -- sendKeyds-->
20:43:32.098 INFO  manager.ListenerWD -- sendKeyds_TagName-->input
20:43:32.138 INFO  manager.ListenerWD -- sendKeyds-->
20:43:32.143 INFO  manager.ListenerWD -- sendKeyds_TagName-->input
20:43:32.163 INFO  manager.ListenerWD -- Before find element-->By.cssSelector: [placeholder='Last Name']
20:43:32.175 INFO  manager.ListenerWD -- After find element-->By.cssSelector: [placeholder='Last Name']
20:43:32.181 INFO  manager.ListenerWD -- Location of element-->input
20:43:32.194 INFO  manager.ListenerWD -- Before click element -->inputtext-->
20:43:32.242 INFO  manager.ListenerWD -- After click element -->input
20:43:32.273 INFO  manager.ListenerWD -- sendKeyds-->
20:43:32.278 INFO  manager.ListenerWD -- sendKeyds_TagName-->input
20:43:32.319 INFO  manager.ListenerWD -- sendKeyds-->
20:43:32.323 INFO  manager.ListenerWD -- sendKeyds_TagName-->input
20:43:32.352 INFO  manager.ListenerWD -- sendKeyds-->
20:43:32.358 INFO  manager.ListenerWD -- sendKeyds_TagName-->input
20:43:32.380 INFO  manager.ListenerWD -- Before find element-->By.cssSelector: [placeholder='Phone']
20:43:32.398 INFO  manager.ListenerWD -- After find element-->By.cssSelector: [placeholder='Phone']
20:43:32.406 INFO  manager.ListenerWD -- Location of element-->input
20:43:32.417 INFO  manager.ListenerWD -- Before click element -->inputtext-->
20:43:32.466 INFO  manager.ListenerWD -- After click element -->input
20:43:32.495 INFO  manager.ListenerWD -- sendKeyds-->
20:43:32.500 INFO  manager.ListenerWD -- sendKeyds_TagName-->input
20:43:32.549 INFO  manager.ListenerWD -- sendKeyds-->
20:43:32.555 INFO  manager.ListenerWD -- sendKeyds_TagName-->input
20:43:32.589 INFO  manager.ListenerWD -- sendKeyds-->
20:43:32.595 INFO  manager.ListenerWD -- sendKeyds_TagName-->input
20:43:32.624 INFO  manager.ListenerWD -- Before find element-->By.cssSelector: [placeholder='email']
20:43:32.637 INFO  manager.ListenerWD -- After find element-->By.cssSelector: [placeholder='email']
20:43:32.642 INFO  manager.ListenerWD -- Location of element-->input
20:43:32.655 INFO  manager.ListenerWD -- Before click element -->inputtext-->
20:43:32.704 INFO  manager.ListenerWD -- After click element -->input
20:43:32.732 INFO  manager.ListenerWD -- sendKeyds-->
20:43:32.740 INFO  manager.ListenerWD -- sendKeyds_TagName-->input
20:43:32.783 INFO  manager.ListenerWD -- sendKeyds-->
20:43:32.790 INFO  manager.ListenerWD -- sendKeyds_TagName-->input
20:43:32.819 INFO  manager.ListenerWD -- sendKeyds-->
20:43:32.823 INFO  manager.ListenerWD -- sendKeyds_TagName-->input
20:43:32.852 INFO  manager.ListenerWD -- Before find element-->By.cssSelector: [placeholder='Address']
20:43:32.868 INFO  manager.ListenerWD -- After find element-->By.cssSelector: [placeholder='Address']
20:43:32.873 INFO  manager.ListenerWD -- Location of element-->input
20:43:32.885 INFO  manager.ListenerWD -- Before click element -->inputtext-->
20:43:32.934 INFO  manager.ListenerWD -- After click element -->input
20:43:32.961 INFO  manager.ListenerWD -- sendKeyds-->
20:43:32.967 INFO  manager.ListenerWD -- sendKeyds_TagName-->input
20:43:33.009 INFO  manager.ListenerWD -- sendKeyds-->
20:43:33.013 INFO  manager.ListenerWD -- sendKeyds_TagName-->input
20:43:33.043 INFO  manager.ListenerWD -- sendKeyds-->
20:43:33.047 INFO  manager.ListenerWD -- sendKeyds_TagName-->input
20:43:33.071 INFO  manager.ListenerWD -- Before find element-->By.cssSelector: [placeholder='description']
20:43:33.085 INFO  manager.ListenerWD -- After find element-->By.cssSelector: [placeholder='description']
20:43:33.090 INFO  manager.ListenerWD -- Location of element-->input
20:43:33.100 INFO  manager.ListenerWD -- Before click element -->inputtext-->
20:43:33.149 INFO  manager.ListenerWD -- After click element -->input
20:43:33.180 INFO  manager.ListenerWD -- sendKeyds-->
20:43:33.189 INFO  manager.ListenerWD -- sendKeyds_TagName-->input
20:43:33.236 INFO  manager.ListenerWD -- sendKeyds-->
20:43:33.244 INFO  manager.ListenerWD -- sendKeyds_TagName-->input
20:43:33.275 INFO  manager.ListenerWD -- sendKeyds-->
20:43:33.281 INFO  manager.ListenerWD -- sendKeyds_TagName-->input
20:43:33.305 INFO  manager.ListenerWD -- Before find element-->By.cssSelector: .add_form__2rsm2>button
20:43:33.318 INFO  manager.ListenerWD -- After find element-->By.cssSelector: .add_form__2rsm2>button
20:43:33.325 INFO  manager.ListenerWD -- Location of element-->button
20:43:33.339 INFO  manager.ListenerWD -- Before click element -->buttontext-->Save
20:43:33.392 INFO  manager.ListenerWD -- After click element -->button
20:43:33.413 INFO  manager.ListenerWD -- Huston, we have a problem!
20:43:33.414 INFO  manager.ListenerWD -- Failed method:alert
20:43:33.414 INFO  manager.ListenerWD -- ***************
20:43:33.414 INFO  manager.ListenerWD -- Arguments:null
20:43:33.414 INFO  manager.ListenerWD -- ***************
20:43:33.414 INFO  manager.ListenerWD -- Exception:NoAlertPresentException
20:43:33.414 INFO  manager.ListenerWD -- ***************
20:43:33.414 INFO  manager.ListenerWD -- Messageno such alert
  (Session info: chrome=148.0.7778.179)
Build info: version: '4.26.0', revision: '8ccf0219d7'
System info: os.name: 'Windows 11', os.arch: 'amd64', os.version: '10.0', java.version: '17.0.19'
Driver info: org.openqa.selenium.chrome.ChromeDriver
Command: [2add10f31ed4d7ae175a59cadbf60b07, getAlertText {}]
Capabilities {acceptInsecureCerts: false, browserName: chrome, browserVersion: 148.0.7778.179, chrome: {chromedriverVersion: 148.0.7778.178 (d096af1c9e9..., userDataDir: C:\Users\marii\AppData\Loca...}, fedcm:accounts: true, goog:chromeOptions: {debuggerAddress: localhost:63124}, goog:processID: 9092, networkConnectionEnabled: false, pageLoadStrategy: normal, platformName: windows, proxy: Proxy(), se:cdp: ws://localhost:63124/devtoo..., se:cdpVersion: 148.0.7778.179, setWindowRect: true, strictFileInteractability: false, timeouts: {implicit: 0, pageLoad: 300000, script: 30000}, unhandledPromptBehavior: dismiss and notify, webauthn:extension:credBlob: true, webauthn:extension:largeBlob: true, webauthn:extension:minPinLength: true, webauthn:extension:prf: true, webauthn:virtualAuthenticators: true}
Session ID: 2add10f31ed4d7ae175a59cadbf60b07
20:43:33.414 INFO  manager.ListenerWD -- ***************
20:43:33.414 INFO  manager.ListenerWD -- ***************
20:43:33.414 INFO  manager.ListenerWD -- Screen with error is--->src/test/screenshots/screen_1095.png
20:43:33.951 INFO  manager.TestNGListener -- Success test -->addNewContactWrongPhone
20:43:33.952 INFO  tests.TestBase -- ==============================================
20:43:33.955 INFO  tests.TestBase -- Name of method (test) -->addNewContactWrongPhone
20:43:33.955 INFO  manager.TestNGListener -- Start test -->addNewContactWrongPhone
20:43:33.956 INFO  manager.ListenerWD -- Before find element-->By.cssSelector: a[href='/add']
20:43:33.969 INFO  manager.ListenerWD -- After find element-->By.cssSelector: a[href='/add']
20:43:33.976 INFO  manager.ListenerWD -- Location of element-->a
20:43:33.989 INFO  manager.ListenerWD -- Before click element -->atext-->ADD
20:43:34.039 INFO  manager.ListenerWD -- After click element -->a
20:43:34.040 INFO  manager.ListenerWD -- Before find element-->By.cssSelector: [placeholder='Name']
20:43:34.053 INFO  manager.ListenerWD -- After find element-->By.cssSelector: [placeholder='Name']
20:43:34.059 INFO  manager.ListenerWD -- Location of element-->input
20:43:34.073 INFO  manager.ListenerWD -- Before click element -->inputtext-->
20:43:34.125 INFO  manager.ListenerWD -- After click element -->input
20:43:34.153 INFO  manager.ListenerWD -- sendKeyds-->
20:43:34.157 INFO  manager.ListenerWD -- sendKeyds_TagName-->input
20:43:34.198 INFO  manager.ListenerWD -- sendKeyds-->
20:43:34.204 INFO  manager.ListenerWD -- sendKeyds_TagName-->input
20:43:34.231 INFO  manager.ListenerWD -- sendKeyds-->
20:43:34.236 INFO  manager.ListenerWD -- sendKeyds_TagName-->input
20:43:34.257 INFO  manager.ListenerWD -- Before find element-->By.cssSelector: [placeholder='Last Name']
20:43:34.272 INFO  manager.ListenerWD -- After find element-->By.cssSelector: [placeholder='Last Name']
20:43:34.277 INFO  manager.ListenerWD -- Location of element-->input
20:43:34.291 INFO  manager.ListenerWD -- Before click element -->inputtext-->
20:43:34.344 INFO  manager.ListenerWD -- After click element -->input
20:43:34.379 INFO  manager.ListenerWD -- sendKeyds-->
20:43:34.384 INFO  manager.ListenerWD -- sendKeyds_TagName-->input
20:43:34.426 INFO  manager.ListenerWD -- sendKeyds-->
20:43:34.431 INFO  manager.ListenerWD -- sendKeyds_TagName-->input
20:43:34.458 INFO  manager.ListenerWD -- sendKeyds-->
20:43:34.464 INFO  manager.ListenerWD -- sendKeyds_TagName-->input
20:43:34.484 INFO  manager.ListenerWD -- Before find element-->By.cssSelector: [placeholder='Phone']
20:43:34.500 INFO  manager.ListenerWD -- After find element-->By.cssSelector: [placeholder='Phone']
20:43:34.506 INFO  manager.ListenerWD -- Location of element-->input
20:43:34.520 INFO  manager.ListenerWD -- Before click element -->inputtext-->
20:43:34.566 INFO  manager.ListenerWD -- After click element -->input
20:43:34.593 INFO  manager.ListenerWD -- sendKeyds-->
20:43:34.597 INFO  manager.ListenerWD -- sendKeyds_TagName-->input
20:43:34.636 INFO  manager.ListenerWD -- sendKeyds-->
20:43:34.672 INFO  manager.ListenerWD -- sendKeyds_TagName-->input
20:43:34.752 INFO  manager.ListenerWD -- sendKeyds-->
20:43:34.757 INFO  manager.ListenerWD -- sendKeyds_TagName-->input
20:43:34.781 INFO  manager.ListenerWD -- Before find element-->By.cssSelector: [placeholder='email']
20:43:34.794 INFO  manager.ListenerWD -- After find element-->By.cssSelector: [placeholder='email']
20:43:34.802 INFO  manager.ListenerWD -- Location of element-->input
20:43:34.816 INFO  manager.ListenerWD -- Before click element -->inputtext-->
20:43:34.876 INFO  manager.ListenerWD -- After click element -->input
20:43:34.910 INFO  manager.ListenerWD -- sendKeyds-->
20:43:34.915 INFO  manager.ListenerWD -- sendKeyds_TagName-->input
20:43:34.965 INFO  manager.ListenerWD -- sendKeyds-->
20:43:34.971 INFO  manager.ListenerWD -- sendKeyds_TagName-->input
20:43:35.006 INFO  manager.ListenerWD -- sendKeyds-->
20:43:35.012 INFO  manager.ListenerWD -- sendKeyds_TagName-->input
20:43:35.038 INFO  manager.ListenerWD -- Before find element-->By.cssSelector: [placeholder='Address']
20:43:35.050 INFO  manager.ListenerWD -- After find element-->By.cssSelector: [placeholder='Address']
20:43:35.056 INFO  manager.ListenerWD -- Location of element-->input
20:43:35.065 INFO  manager.ListenerWD -- Before click element -->inputtext-->
20:43:35.116 INFO  manager.ListenerWD -- After click element -->input
20:43:35.143 INFO  manager.ListenerWD -- sendKeyds-->
20:43:35.148 INFO  manager.ListenerWD -- sendKeyds_TagName-->input
20:43:35.201 INFO  manager.ListenerWD -- sendKeyds-->
20:43:35.207 INFO  manager.ListenerWD -- sendKeyds_TagName-->input
20:43:35.235 INFO  manager.ListenerWD -- sendKeyds-->
20:43:35.239 INFO  manager.ListenerWD -- sendKeyds_TagName-->input
20:43:35.260 INFO  manager.ListenerWD -- Before find element-->By.cssSelector: [placeholder='description']
20:43:35.272 INFO  manager.ListenerWD -- After find element-->By.cssSelector: [placeholder='description']
20:43:35.277 INFO  manager.ListenerWD -- Location of element-->input
20:43:35.292 INFO  manager.ListenerWD -- Before click element -->inputtext-->
20:43:35.336 INFO  manager.ListenerWD -- After click element -->input
20:43:35.360 INFO  manager.ListenerWD -- sendKeyds-->
20:43:35.366 INFO  manager.ListenerWD -- sendKeyds_TagName-->input
20:43:35.417 INFO  manager.ListenerWD -- sendKeyds-->
20:43:35.422 INFO  manager.ListenerWD -- sendKeyds_TagName-->input
20:43:35.450 INFO  manager.ListenerWD -- sendKeyds-->
20:43:35.456 INFO  manager.ListenerWD -- sendKeyds_TagName-->input
20:43:35.478 INFO  manager.ListenerWD -- Before find element-->By.cssSelector: .add_form__2rsm2>button
20:43:35.492 INFO  manager.ListenerWD -- After find element-->By.cssSelector: .add_form__2rsm2>button
20:43:35.498 INFO  manager.ListenerWD -- Location of element-->button
20:43:35.510 INFO  manager.ListenerWD -- Before click element -->buttontext-->Save
20:43:35.552 INFO  manager.ListenerWD -- After click element -->button
20:43:35.572 INFO  manager.ListenerWD -- Huston, we have a problem!
20:43:35.573 INFO  manager.ListenerWD -- Failed method:alert
20:43:35.573 INFO  manager.ListenerWD -- ***************
20:43:35.573 INFO  manager.ListenerWD -- Arguments:null
20:43:35.573 INFO  manager.ListenerWD -- ***************
20:43:35.573 INFO  manager.ListenerWD -- Exception:NoAlertPresentException
20:43:35.573 INFO  manager.ListenerWD -- ***************
20:43:35.573 INFO  manager.ListenerWD -- Messageno such alert
  (Session info: chrome=148.0.7778.179)
Build info: version: '4.26.0', revision: '8ccf0219d7'
System info: os.name: 'Windows 11', os.arch: 'amd64', os.version: '10.0', java.version: '17.0.19'
Driver info: org.openqa.selenium.chrome.ChromeDriver
Command: [2add10f31ed4d7ae175a59cadbf60b07, getAlertText {}]
Capabilities {acceptInsecureCerts: false, browserName: chrome, browserVersion: 148.0.7778.179, chrome: {chromedriverVersion: 148.0.7778.178 (d096af1c9e9..., userDataDir: C:\Users\marii\AppData\Loca...}, fedcm:accounts: true, goog:chromeOptions: {debuggerAddress: localhost:63124}, goog:processID: 9092, networkConnectionEnabled: false, pageLoadStrategy: normal, platformName: windows, proxy: Proxy(), se:cdp: ws://localhost:63124/devtoo..., se:cdpVersion: 148.0.7778.179, setWindowRect: true, strictFileInteractability: false, timeouts: {implicit: 0, pageLoad: 300000, script: 30000}, unhandledPromptBehavior: dismiss and notify, webauthn:extension:credBlob: true, webauthn:extension:largeBlob: true, webauthn:extension:minPinLength: true, webauthn:extension:prf: true, webauthn:virtualAuthenticators: true}
Session ID: 2add10f31ed4d7ae175a59cadbf60b07
20:43:35.573 INFO  manager.ListenerWD -- ***************
20:43:35.573 INFO  manager.ListenerWD -- ***************
20:43:35.573 INFO  manager.ListenerWD -- Screen with error is--->src/test/screenshots/screen_1621.png
20:43:36.097 INFO  manager.TestNGListener -- Success test -->addNewContactWrongPhone
20:43:36.099 INFO  tests.TestBase -- ==============================================
20:43:36.101 INFO  tests.TestBase -- Name of method (test) -->addNewContactWrongPhone
20:43:36.102 INFO  manager.TestNGListener -- Start test -->addNewContactWrongPhone
20:43:36.102 INFO  manager.ListenerWD -- Before find element-->By.cssSelector: a[href='/add']
20:43:36.115 INFO  manager.ListenerWD -- After find element-->By.cssSelector: a[href='/add']
20:43:36.121 INFO  manager.ListenerWD -- Location of element-->a
20:43:36.135 INFO  manager.ListenerWD -- Before click element -->atext-->ADD
20:43:36.189 INFO  manager.ListenerWD -- After click element -->a
20:43:36.189 INFO  manager.ListenerWD -- Before find element-->By.cssSelector: [placeholder='Name']
20:43:36.202 INFO  manager.ListenerWD -- After find element-->By.cssSelector: [placeholder='Name']
20:43:36.208 INFO  manager.ListenerWD -- Location of element-->input
20:43:36.218 INFO  manager.ListenerWD -- Before click element -->inputtext-->
20:43:36.264 INFO  manager.ListenerWD -- After click element -->input
20:43:36.293 INFO  manager.ListenerWD -- sendKeyds-->
20:43:36.297 INFO  manager.ListenerWD -- sendKeyds_TagName-->input
20:43:36.339 INFO  manager.ListenerWD -- sendKeyds-->
20:43:36.344 INFO  manager.ListenerWD -- sendKeyds_TagName-->input
20:43:36.373 INFO  manager.ListenerWD -- sendKeyds-->
20:43:36.378 INFO  manager.ListenerWD -- sendKeyds_TagName-->input
20:43:36.398 INFO  manager.ListenerWD -- Before find element-->By.cssSelector: [placeholder='Last Name']
20:43:36.409 INFO  manager.ListenerWD -- After find element-->By.cssSelector: [placeholder='Last Name']
20:43:36.416 INFO  manager.ListenerWD -- Location of element-->input
20:43:36.426 INFO  manager.ListenerWD -- Before click element -->inputtext-->
20:43:36.474 INFO  manager.ListenerWD -- After click element -->input
20:43:36.496 INFO  manager.ListenerWD -- sendKeyds-->
20:43:36.507 INFO  manager.ListenerWD -- sendKeyds_TagName-->input
20:43:36.542 INFO  manager.ListenerWD -- sendKeyds-->
20:43:36.545 INFO  manager.ListenerWD -- sendKeyds_TagName-->input
20:43:36.573 INFO  manager.ListenerWD -- sendKeyds-->
20:43:36.576 INFO  manager.ListenerWD -- sendKeyds_TagName-->input
20:43:36.598 INFO  manager.ListenerWD -- Before find element-->By.cssSelector: [placeholder='Phone']
20:43:36.614 INFO  manager.ListenerWD -- After find element-->By.cssSelector: [placeholder='Phone']
20:43:36.619 INFO  manager.ListenerWD -- Location of element-->input
20:43:36.629 INFO  manager.ListenerWD -- Before click element -->inputtext-->
20:43:36.679 INFO  manager.ListenerWD -- After click element -->input
20:43:36.705 INFO  manager.ListenerWD -- sendKeyds-->
20:43:36.710 INFO  manager.ListenerWD -- sendKeyds_TagName-->input
20:43:36.737 INFO  manager.ListenerWD -- sendKeyds-->
20:43:36.743 INFO  manager.ListenerWD -- sendKeyds_TagName-->input
20:43:36.773 INFO  manager.ListenerWD -- sendKeyds-->
20:43:36.777 INFO  manager.ListenerWD -- sendKeyds_TagName-->input
20:43:36.806 INFO  manager.ListenerWD -- Before find element-->By.cssSelector: [placeholder='email']
20:43:36.819 INFO  manager.ListenerWD -- After find element-->By.cssSelector: [placeholder='email']
20:43:36.826 INFO  manager.ListenerWD -- Location of element-->input
20:43:36.837 INFO  manager.ListenerWD -- Before click element -->inputtext-->
20:43:36.885 INFO  manager.ListenerWD -- After click element -->input
20:43:36.911 INFO  manager.ListenerWD -- sendKeyds-->
20:43:36.916 INFO  manager.ListenerWD -- sendKeyds_TagName-->input
20:43:36.957 INFO  manager.ListenerWD -- sendKeyds-->
20:43:36.960 INFO  manager.ListenerWD -- sendKeyds_TagName-->input
20:43:36.986 INFO  manager.ListenerWD -- sendKeyds-->
20:43:36.990 INFO  manager.ListenerWD -- sendKeyds_TagName-->input
20:43:37.018 INFO  manager.ListenerWD -- Before find element-->By.cssSelector: [placeholder='Address']
20:43:37.030 INFO  manager.ListenerWD -- After find element-->By.cssSelector: [placeholder='Address']
20:43:37.036 INFO  manager.ListenerWD -- Location of element-->input
20:43:37.047 INFO  manager.ListenerWD -- Before click element -->inputtext-->
20:43:37.092 INFO  manager.ListenerWD -- After click element -->input
20:43:37.120 INFO  manager.ListenerWD -- sendKeyds-->
20:43:37.125 INFO  manager.ListenerWD -- sendKeyds_TagName-->input
20:43:37.165 INFO  manager.ListenerWD -- sendKeyds-->
20:43:37.170 INFO  manager.ListenerWD -- sendKeyds_TagName-->input
20:43:37.195 INFO  manager.ListenerWD -- sendKeyds-->
20:43:37.199 INFO  manager.ListenerWD -- sendKeyds_TagName-->input
20:43:37.222 INFO  manager.ListenerWD -- Before find element-->By.cssSelector: [placeholder='description']
20:43:37.234 INFO  manager.ListenerWD -- After find element-->By.cssSelector: [placeholder='description']
20:43:37.239 INFO  manager.ListenerWD -- Location of element-->input
20:43:37.249 INFO  manager.ListenerWD -- Before click element -->inputtext-->
20:43:37.293 INFO  manager.ListenerWD -- After click element -->input
20:43:37.323 INFO  manager.ListenerWD -- sendKeyds-->
20:43:37.329 INFO  manager.ListenerWD -- sendKeyds_TagName-->input
20:43:37.375 INFO  manager.ListenerWD -- sendKeyds-->
20:43:37.379 INFO  manager.ListenerWD -- sendKeyds_TagName-->input
20:43:37.408 INFO  manager.ListenerWD -- sendKeyds-->
20:43:37.411 INFO  manager.ListenerWD -- sendKeyds_TagName-->input
20:43:37.437 INFO  manager.ListenerWD -- Before find element-->By.cssSelector: .add_form__2rsm2>button
20:43:37.450 INFO  manager.ListenerWD -- After find element-->By.cssSelector: .add_form__2rsm2>button
20:43:37.455 INFO  manager.ListenerWD -- Location of element-->button
20:43:37.468 INFO  manager.ListenerWD -- Before click element -->buttontext-->Save
20:43:37.506 INFO  manager.ListenerWD -- After click element -->button
20:43:37.524 INFO  manager.ListenerWD -- Huston, we have a problem!
20:43:37.525 INFO  manager.ListenerWD -- Failed method:alert
20:43:37.525 INFO  manager.ListenerWD -- ***************
20:43:37.525 INFO  manager.ListenerWD -- Arguments:null
20:43:37.525 INFO  manager.ListenerWD -- ***************
20:43:37.525 INFO  manager.ListenerWD -- Exception:NoAlertPresentException
20:43:37.525 INFO  manager.ListenerWD -- ***************
20:43:37.525 INFO  manager.ListenerWD -- Messageno such alert
  (Session info: chrome=148.0.7778.179)
Build info: version: '4.26.0', revision: '8ccf0219d7'
System info: os.name: 'Windows 11', os.arch: 'amd64', os.version: '10.0', java.version: '17.0.19'
Driver info: org.openqa.selenium.chrome.ChromeDriver
Command: [2add10f31ed4d7ae175a59cadbf60b07, getAlertText {}]
Capabilities {acceptInsecureCerts: false, browserName: chrome, browserVersion: 148.0.7778.179, chrome: {chromedriverVersion: 148.0.7778.178 (d096af1c9e9..., userDataDir: C:\Users\marii\AppData\Loca...}, fedcm:accounts: true, goog:chromeOptions: {debuggerAddress: localhost:63124}, goog:processID: 9092, networkConnectionEnabled: false, pageLoadStrategy: normal, platformName: windows, proxy: Proxy(), se:cdp: ws://localhost:63124/devtoo..., se:cdpVersion: 148.0.7778.179, setWindowRect: true, strictFileInteractability: false, timeouts: {implicit: 0, pageLoad: 300000, script: 30000}, unhandledPromptBehavior: dismiss and notify, webauthn:extension:credBlob: true, webauthn:extension:largeBlob: true, webauthn:extension:minPinLength: true, webauthn:extension:prf: true, webauthn:virtualAuthenticators: true}
Session ID: 2add10f31ed4d7ae175a59cadbf60b07
20:43:37.525 INFO  manager.ListenerWD -- ***************
20:43:37.525 INFO  manager.ListenerWD -- ***************
20:43:37.525 INFO  manager.ListenerWD -- Screen with error is--->src/test/screenshots/screen_1973.png
20:43:38.050 INFO  manager.TestNGListener -- Success test -->addNewContactWrongPhone
20:43:38.050 INFO  tests.TestBase -- ==============================================
20:43:38.054 INFO  manager.TestNGListener -- Stop testing on date -->Thu May 28 20:43:38 IDT 2026
