20:12:20.191 INFO  manager.ApplicationManager -- All tests runs in Chrome Browser
20:12:21.149 INFO  manager.ApplicationManager -- The link --->https://telranedu.web.app/home
20:12:21.173 INFO  manager.TestNGListener -- Start testing on date -->Mon Jun 08 20:12:21 IDT 2026
20:12:21.224 INFO  tests.TestBase -- Name of method (test) -->loginSuccess1
20:12:26.255 INFO  manager.TestNGListener -- Start test -->loginSuccess1
20:12:26.256 INFO  manager.ListenerWD -- Before find element-->By.cssSelector: a[href='/login']
20:12:26.299 INFO  manager.ListenerWD -- After find element-->By.cssSelector: a[href='/login']
20:12:26.314 INFO  manager.ListenerWD -- Location of element-->a
20:12:26.335 INFO  manager.ListenerWD -- Before click element -->atext-->LOGIN
20:12:26.419 INFO  manager.ListenerWD -- After click element -->a
20:12:26.419 INFO  manager.HelperBase -- open form by click on button with locator a[href='/login']
20:12:26.420 INFO  manager.ListenerWD -- Before find element-->By.name: email
20:12:26.453 INFO  manager.ListenerWD -- After find element-->By.name: email
20:12:26.460 INFO  manager.ListenerWD -- Location of element-->input
20:12:26.479 INFO  manager.ListenerWD -- Before click element -->inputtext-->
20:12:26.554 INFO  manager.ListenerWD -- After click element -->input
20:12:26.592 INFO  manager.ListenerWD -- sendKeyds-->
20:12:26.598 INFO  manager.ListenerWD -- sendKeyds_TagName-->input
20:12:26.658 INFO  manager.ListenerWD -- sendKeyds-->
20:12:26.664 INFO  manager.ListenerWD -- sendKeyds_TagName-->input
20:12:26.724 INFO  manager.ListenerWD -- sendKeyds-->
20:12:26.733 INFO  manager.ListenerWD -- sendKeyds_TagName-->input
20:12:26.768 INFO  manager.ListenerWD -- Before find element-->By.xpath: //input[@placeholder='Password']
20:12:26.796 INFO  manager.ListenerWD -- After find element-->By.xpath: //input[@placeholder='Password']
20:12:26.807 INFO  manager.ListenerWD -- Location of element-->input
20:12:26.824 INFO  manager.ListenerWD -- Before click element -->inputtext-->
20:12:26.880 INFO  manager.ListenerWD -- After click element -->input
20:12:26.916 INFO  manager.ListenerWD -- sendKeyds-->
20:12:26.923 INFO  manager.ListenerWD -- sendKeyds_TagName-->input
20:12:26.962 INFO  manager.ListenerWD -- sendKeyds-->
20:12:26.973 INFO  manager.ListenerWD -- sendKeyds_TagName-->input
20:12:27.012 INFO  manager.ListenerWD -- sendKeyds-->
20:12:27.022 INFO  manager.ListenerWD -- sendKeyds_TagName-->input
20:12:27.061 INFO  manager.ListenerWD -- Before find element-->By.xpath: //button[text()='Login']
20:12:27.089 INFO  manager.ListenerWD -- After find element-->By.xpath: //button[text()='Login']
20:12:27.096 INFO  manager.ListenerWD -- Location of element-->button
20:12:27.112 INFO  manager.ListenerWD -- Before click element -->buttontext-->Login
20:12:28.208 INFO  manager.TestNGListener -- Success test -->loginSuccess1
20:12:28.209 INFO  tests.TestBase -- ==============================================
20:12:28.214 INFO  tests.TestBase -- Name of method (test) -->loginWrongEmail
20:12:28.236 INFO  manager.ListenerWD -- Before find element-->By.xpath: //button[text()='Sign Out']
20:12:28.261 INFO  manager.ListenerWD -- After find element-->By.xpath: //button[text()='Sign Out']
20:12:28.268 INFO  manager.ListenerWD -- Location of element-->button
20:12:28.284 INFO  manager.ListenerWD -- Before click element -->buttontext-->Sign Out
20:12:28.355 INFO  tests.TestBase -- Before method finished logout
20:12:28.357 INFO  manager.TestNGListener -- Start test -->loginWrongEmail
20:12:28.358 INFO  tests.TestBase -- Test data---> email: 'margogmail.com' & password: 'Mmar123456$'
20:12:28.359 INFO  manager.ListenerWD -- Before find element-->By.cssSelector: a[href='/login']
20:12:28.380 INFO  manager.ListenerWD -- After find element-->By.cssSelector: a[href='/login']
20:12:28.390 INFO  manager.ListenerWD -- Location of element-->a
20:12:28.408 INFO  manager.ListenerWD -- Before click element -->atext-->LOGIN
20:12:28.462 INFO  manager.ListenerWD -- After click element -->a
20:12:28.462 INFO  manager.HelperBase -- open form by click on button with locator a[href='/login']
20:12:28.463 INFO  manager.ListenerWD -- Before find element-->By.name: email
20:12:28.483 INFO  manager.ListenerWD -- After find element-->By.name: email
20:12:28.491 INFO  manager.ListenerWD -- Location of element-->input
20:12:28.509 INFO  manager.ListenerWD -- Before click element -->inputtext-->
20:12:28.596 INFO  manager.ListenerWD -- After click element -->input
20:12:28.635 INFO  manager.ListenerWD -- sendKeyds-->
20:12:28.643 INFO  manager.ListenerWD -- sendKeyds_TagName-->input
20:12:28.681 INFO  manager.ListenerWD -- sendKeyds-->
20:12:28.688 INFO  manager.ListenerWD -- sendKeyds_TagName-->input
20:12:28.720 INFO  manager.ListenerWD -- sendKeyds-->
20:12:28.727 INFO  manager.ListenerWD -- sendKeyds_TagName-->input
20:12:28.763 INFO  manager.HelperBase -- type in input with locator By.name("email") 
20:12:28.763 INFO  manager.ListenerWD -- Before find element-->By.xpath: //input[@placeholder='Password']
20:12:28.786 INFO  manager.ListenerWD -- After find element-->By.xpath: //input[@placeholder='Password']
20:12:28.793 INFO  manager.ListenerWD -- Location of element-->input
20:12:28.811 INFO  manager.ListenerWD -- Before click element -->inputtext-->
20:12:28.900 INFO  manager.ListenerWD -- After click element -->input
20:12:28.935 INFO  manager.ListenerWD -- sendKeyds-->
20:12:28.942 INFO  manager.ListenerWD -- sendKeyds_TagName-->input
20:12:28.979 INFO  manager.ListenerWD -- sendKeyds-->
20:12:28.986 INFO  manager.ListenerWD -- sendKeyds_TagName-->input
20:12:29.021 INFO  manager.ListenerWD -- sendKeyds-->
20:12:29.028 INFO  manager.ListenerWD -- sendKeyds_TagName-->input
20:12:29.059 INFO  manager.ListenerWD -- Before find element-->By.xpath: //button[text()='Login']
20:12:29.079 INFO  manager.ListenerWD -- After find element-->By.xpath: //button[text()='Login']
20:12:29.087 INFO  manager.ListenerWD -- Location of element-->button
20:12:29.102 INFO  manager.ListenerWD -- Before click element -->buttontext-->Login
20:12:29.173 INFO  manager.ListenerWD -- Huston, we have a problem!
20:12:29.173 INFO  manager.ListenerWD -- Failed method:alert
20:12:29.174 INFO  manager.ListenerWD -- ***************
20:12:29.175 INFO  manager.ListenerWD -- Arguments:null
20:12:29.175 INFO  manager.ListenerWD -- ***************
20:12:29.176 INFO  manager.ListenerWD -- Exception:NoAlertPresentException
20:12:29.176 INFO  manager.ListenerWD -- ***************
20:12:29.176 INFO  manager.ListenerWD -- Messageno such alert
  (Session info: chrome=148.0.7778.179)
Build info: version: '4.26.0', revision: '8ccf0219d7'
System info: os.name: 'Windows 11', os.arch: 'amd64', os.version: '10.0', java.version: '21.0.10'
Driver info: org.openqa.selenium.chrome.ChromeDriver
Command: [1d16eba71651e71a4f291c5e08c6b772, getAlertText {}]
Capabilities {acceptInsecureCerts: false, browserName: chrome, browserVersion: 148.0.7778.179, chrome: {chromedriverVersion: 148.0.7778.178 (d096af1c9e9..., userDataDir: C:\Users\marii\AppData\Loca...}, fedcm:accounts: true, goog:chromeOptions: {debuggerAddress: localhost:64797}, goog:processID: 16376, networkConnectionEnabled: false, pageLoadStrategy: normal, platformName: windows, proxy: Proxy(), se:cdp: ws://localhost:64797/devtoo..., se:cdpVersion: 148.0.7778.179, setWindowRect: true, strictFileInteractability: false, timeouts: {implicit: 0, pageLoad: 300000, script: 30000}, unhandledPromptBehavior: dismiss and notify, webauthn:extension:credBlob: true, webauthn:extension:largeBlob: true, webauthn:extension:minPinLength: true, webauthn:extension:prf: true, webauthn:virtualAuthenticators: true}
Session ID: 1d16eba71651e71a4f291c5e08c6b772
20:12:29.176 INFO  manager.ListenerWD -- ***************
20:12:29.176 INFO  manager.ListenerWD -- ***************
20:12:29.177 INFO  manager.ListenerWD -- Screen with error is--->src/test/screenshots/screen_1119.png
20:12:29.724 INFO  tests.TestBase -- Assert check is alert present with error text 'Wrong email or password'
20:12:29.725 INFO  manager.TestNGListener -- Success test -->loginWrongEmail
20:12:29.726 INFO  tests.TestBase -- ==============================================
20:12:34.746 INFO  manager.ListenerWD -- Before find element-->By.cssSelector: a[href='/login']
20:12:34.763 INFO  manager.ListenerWD -- After find element-->By.cssSelector: a[href='/login']
20:12:34.772 INFO  manager.ListenerWD -- Location of element-->a
20:12:34.788 INFO  manager.ListenerWD -- Before click element -->atext-->LOGIN
20:12:34.860 INFO  manager.ListenerWD -- After click element -->a
20:12:34.861 INFO  manager.HelperBase -- open form by click on button with locator a[href='/login']
20:12:34.861 INFO  manager.ListenerWD -- Before find element-->By.name: email
20:12:34.881 INFO  manager.ListenerWD -- After find element-->By.name: email
20:12:34.890 INFO  manager.ListenerWD -- Location of element-->input
20:12:34.907 INFO  manager.ListenerWD -- Before click element -->inputtext-->
20:12:34.967 INFO  manager.ListenerWD -- After click element -->input
20:12:34.999 INFO  manager.ListenerWD -- sendKeyds-->
20:12:35.008 INFO  manager.ListenerWD -- sendKeyds_TagName-->input
20:12:35.064 INFO  manager.ListenerWD -- sendKeyds-->
20:12:35.072 INFO  manager.ListenerWD -- sendKeyds_TagName-->input
20:12:35.107 INFO  manager.ListenerWD -- sendKeyds-->
20:12:35.113 INFO  manager.ListenerWD -- sendKeyds_TagName-->input
20:12:35.153 INFO  manager.ListenerWD -- Before find element-->By.xpath: //input[@placeholder='Password']
20:12:35.172 INFO  manager.ListenerWD -- After find element-->By.xpath: //input[@placeholder='Password']
20:12:35.183 INFO  manager.ListenerWD -- Location of element-->input
20:12:35.201 INFO  manager.ListenerWD -- Before click element -->inputtext-->
20:12:35.273 INFO  manager.ListenerWD -- After click element -->input
20:12:35.315 INFO  manager.ListenerWD -- sendKeyds-->
20:12:35.323 INFO  manager.ListenerWD -- sendKeyds_TagName-->input
20:12:35.373 INFO  manager.ListenerWD -- sendKeyds-->
20:12:35.380 INFO  manager.ListenerWD -- sendKeyds_TagName-->input
20:12:35.411 INFO  manager.ListenerWD -- sendKeyds-->
20:12:35.419 INFO  manager.ListenerWD -- sendKeyds_TagName-->input
20:12:35.450 INFO  manager.ListenerWD -- Before find element-->By.xpath: //button[text()='Login']
20:12:35.469 INFO  manager.ListenerWD -- After find element-->By.xpath: //button[text()='Login']
20:12:35.476 INFO  manager.ListenerWD -- Location of element-->button
20:12:35.494 INFO  manager.ListenerWD -- Before click element -->buttontext-->Login
20:12:35.549 INFO  tests.TestBase -- Name of method (test) -->addNewContactSuccessRequiredFields
20:12:35.550 INFO  manager.TestNGListener -- Start test -->addNewContactSuccessRequiredFields
20:12:35.552 INFO  manager.ListenerWD -- Before find element-->By.cssSelector: a[href='/add']
20:12:35.944 INFO  manager.ListenerWD -- After find element-->By.cssSelector: a[href='/add']
20:12:35.952 INFO  manager.ListenerWD -- Location of element-->a
20:12:35.966 INFO  manager.ListenerWD -- Before click element -->atext-->ADD
20:12:36.037 INFO  manager.ListenerWD -- After click element -->a
20:12:36.038 INFO  manager.ListenerWD -- Before find element-->By.cssSelector: [placeholder='Name']
20:12:36.058 INFO  manager.ListenerWD -- After find element-->By.cssSelector: [placeholder='Name']
20:12:36.066 INFO  manager.ListenerWD -- Location of element-->input
20:12:36.081 INFO  manager.ListenerWD -- Before click element -->inputtext-->
20:12:36.144 INFO  manager.ListenerWD -- After click element -->input
20:12:36.174 INFO  manager.ListenerWD -- sendKeyds-->
20:12:36.182 INFO  manager.ListenerWD -- sendKeyds_TagName-->input
20:12:36.213 INFO  manager.ListenerWD -- sendKeyds-->
20:12:36.220 INFO  manager.ListenerWD -- sendKeyds_TagName-->input
20:12:36.253 INFO  manager.ListenerWD -- sendKeyds-->
20:12:36.259 INFO  manager.ListenerWD -- sendKeyds_TagName-->input
20:12:36.290 INFO  manager.ListenerWD -- Before find element-->By.cssSelector: [placeholder='Last Name']
20:12:36.310 INFO  manager.ListenerWD -- After find element-->By.cssSelector: [placeholder='Last Name']
20:12:36.317 INFO  manager.ListenerWD -- Location of element-->input
20:12:36.332 INFO  manager.ListenerWD -- Before click element -->inputtext-->
20:12:36.392 INFO  manager.ListenerWD -- After click element -->input
20:12:36.422 INFO  manager.ListenerWD -- sendKeyds-->
20:12:36.428 INFO  manager.ListenerWD -- sendKeyds_TagName-->input
20:12:36.460 INFO  manager.ListenerWD -- sendKeyds-->
20:12:36.467 INFO  manager.ListenerWD -- sendKeyds_TagName-->input
20:12:36.503 INFO  manager.ListenerWD -- sendKeyds-->
20:12:36.509 INFO  manager.ListenerWD -- sendKeyds_TagName-->input
20:12:36.536 INFO  manager.ListenerWD -- Before find element-->By.cssSelector: [placeholder='Phone']
20:12:36.555 INFO  manager.ListenerWD -- After find element-->By.cssSelector: [placeholder='Phone']
20:12:36.563 INFO  manager.ListenerWD -- Location of element-->input
20:12:36.578 INFO  manager.ListenerWD -- Before click element -->inputtext-->
20:12:36.637 INFO  manager.ListenerWD -- After click element -->input
20:12:36.671 INFO  manager.ListenerWD -- sendKeyds-->
20:12:36.677 INFO  manager.ListenerWD -- sendKeyds_TagName-->input
20:12:36.711 INFO  manager.ListenerWD -- sendKeyds-->
20:12:36.719 INFO  manager.ListenerWD -- sendKeyds_TagName-->input
20:12:36.751 INFO  manager.ListenerWD -- sendKeyds-->
20:12:36.757 INFO  manager.ListenerWD -- sendKeyds_TagName-->input
20:12:36.791 INFO  manager.ListenerWD -- Before find element-->By.cssSelector: [placeholder='email']
20:12:36.812 INFO  manager.ListenerWD -- After find element-->By.cssSelector: [placeholder='email']
20:12:36.821 INFO  manager.ListenerWD -- Location of element-->input
20:12:36.838 INFO  manager.ListenerWD -- Before click element -->inputtext-->
20:12:36.894 INFO  manager.ListenerWD -- After click element -->input
20:12:36.925 INFO  manager.ListenerWD -- sendKeyds-->
20:12:36.932 INFO  manager.ListenerWD -- sendKeyds_TagName-->input
20:12:36.964 INFO  manager.ListenerWD -- sendKeyds-->
20:12:36.971 INFO  manager.ListenerWD -- sendKeyds_TagName-->input
20:12:37.006 INFO  manager.ListenerWD -- sendKeyds-->
20:12:37.013 INFO  manager.ListenerWD -- sendKeyds_TagName-->input
20:12:37.052 INFO  manager.ListenerWD -- Before find element-->By.cssSelector: [placeholder='Address']
20:12:37.072 INFO  manager.ListenerWD -- After find element-->By.cssSelector: [placeholder='Address']
20:12:37.078 INFO  manager.ListenerWD -- Location of element-->input
20:12:37.093 INFO  manager.ListenerWD -- Before click element -->inputtext-->
20:12:37.147 INFO  manager.ListenerWD -- After click element -->input
20:12:37.177 INFO  manager.ListenerWD -- sendKeyds-->
20:12:37.183 INFO  manager.ListenerWD -- sendKeyds_TagName-->input
20:12:37.219 INFO  manager.ListenerWD -- sendKeyds-->
20:12:37.225 INFO  manager.ListenerWD -- sendKeyds_TagName-->input
20:12:37.258 INFO  manager.ListenerWD -- sendKeyds-->
20:12:37.264 INFO  manager.ListenerWD -- sendKeyds_TagName-->input
20:12:37.289 INFO  manager.ListenerWD -- Before find element-->By.cssSelector: [placeholder='description']
20:12:37.308 INFO  manager.ListenerWD -- After find element-->By.cssSelector: [placeholder='description']
20:12:37.316 INFO  manager.ListenerWD -- Location of element-->input
20:12:37.332 INFO  manager.ListenerWD -- Before click element -->inputtext-->
20:12:37.387 INFO  manager.ListenerWD -- After click element -->input
20:12:37.416 INFO  manager.ListenerWD -- sendKeyds-->
20:12:37.423 INFO  manager.ListenerWD -- sendKeyds_TagName-->input
20:12:37.457 INFO  manager.ListenerWD -- sendKeyds-->
20:12:37.464 INFO  manager.ListenerWD -- sendKeyds_TagName-->input
20:12:37.488 INFO  manager.ListenerWD -- Before find element-->By.cssSelector: .add_form__2rsm2>button
20:12:37.507 INFO  manager.ListenerWD -- After find element-->By.cssSelector: .add_form__2rsm2>button
20:12:37.514 INFO  manager.ListenerWD -- Location of element-->button
20:12:37.531 INFO  manager.ListenerWD -- Before click element -->buttontext-->Save
20:12:37.591 INFO  manager.ListenerWD -- After click element -->button
20:12:38.699 INFO  manager.TestNGListener -- Success test -->addNewContactSuccessRequiredFields
20:12:38.702 INFO  tests.TestBase -- ==============================================
20:12:38.704 INFO  tests.TestBase -- Name of method (test) -->registrationSuccess
20:12:38.724 INFO  manager.ListenerWD -- Before find element-->By.xpath: //button[text()='Sign Out']
20:12:38.744 INFO  manager.ListenerWD -- After find element-->By.xpath: //button[text()='Sign Out']
20:12:38.768 INFO  manager.ListenerWD -- Location of element-->button
20:12:38.788 INFO  manager.ListenerWD -- Before click element -->buttontext-->Sign Out
20:12:38.888 INFO  manager.TestNGListener -- Start test -->registrationSuccess
20:12:38.890 INFO  manager.ListenerWD -- Before find element-->By.cssSelector: a[href='/login']
20:12:38.909 INFO  manager.ListenerWD -- After find element-->By.cssSelector: a[href='/login']
20:12:38.916 INFO  manager.ListenerWD -- Location of element-->a
20:12:38.932 INFO  manager.ListenerWD -- Before click element -->atext-->LOGIN
20:12:38.991 INFO  manager.ListenerWD -- After click element -->a
20:12:38.991 INFO  manager.HelperBase -- open form by click on button with locator a[href='/login']
20:12:38.991 INFO  manager.ListenerWD -- Before find element-->By.name: email
20:12:39.006 INFO  manager.ListenerWD -- After find element-->By.name: email
20:12:39.012 INFO  manager.ListenerWD -- Location of element-->input
20:12:39.026 INFO  manager.ListenerWD -- Before click element -->inputtext-->
20:12:39.114 INFO  manager.ListenerWD -- After click element -->input
20:12:39.146 INFO  manager.ListenerWD -- sendKeyds-->
20:12:39.153 INFO  manager.ListenerWD -- sendKeyds_TagName-->input
20:12:39.192 INFO  manager.ListenerWD -- sendKeyds-->
20:12:39.199 INFO  manager.ListenerWD -- sendKeyds_TagName-->input
20:12:39.229 INFO  manager.ListenerWD -- sendKeyds-->
20:12:39.237 INFO  manager.ListenerWD -- sendKeyds_TagName-->input
20:12:39.271 INFO  manager.ListenerWD -- Before find element-->By.xpath: //input[@placeholder='Password']
20:12:39.286 INFO  manager.ListenerWD -- After find element-->By.xpath: //input[@placeholder='Password']
20:12:39.293 INFO  manager.ListenerWD -- Location of element-->input
20:12:39.309 INFO  manager.ListenerWD -- Before click element -->inputtext-->
20:12:39.407 INFO  manager.ListenerWD -- After click element -->input
20:12:39.443 INFO  manager.ListenerWD -- sendKeyds-->
20:12:39.450 INFO  manager.ListenerWD -- sendKeyds_TagName-->input
20:12:39.485 INFO  manager.ListenerWD -- sendKeyds-->
20:12:39.490 INFO  manager.ListenerWD -- sendKeyds_TagName-->input
20:12:39.523 INFO  manager.ListenerWD -- sendKeyds-->
20:12:39.529 INFO  manager.ListenerWD -- sendKeyds_TagName-->input
20:12:39.560 INFO  manager.ListenerWD -- Before find element-->By.xpath: //button[text()='Registration']
20:12:39.579 INFO  manager.ListenerWD -- After find element-->By.xpath: //button[text()='Registration']
20:12:39.587 INFO  manager.ListenerWD -- Location of element-->button
20:12:39.603 INFO  manager.ListenerWD -- Before click element -->buttontext-->Registration
20:12:40.234 INFO  manager.ListenerWD -- Before find element-->By.cssSelector: .contact-page_message__2qafk>h1
20:12:40.496 INFO  manager.ListenerWD -- After find element-->By.cssSelector: .contact-page_message__2qafk>h1
20:12:40.508 INFO  manager.ListenerWD -- Location of element-->h1
20:12:40.519 INFO  manager.TestNGListener -- Success test -->registrationSuccess
20:12:40.520 INFO  tests.TestBase -- ==============================================
20:12:40.522 INFO  tests.TestBase -- Name of method (test) -->registrationWrongEmail
20:12:40.546 INFO  manager.ListenerWD -- Before find element-->By.xpath: //button[text()='Sign Out']
20:12:40.562 INFO  manager.ListenerWD -- After find element-->By.xpath: //button[text()='Sign Out']
20:12:40.581 INFO  manager.ListenerWD -- Location of element-->button
20:12:40.612 INFO  manager.ListenerWD -- Before click element -->buttontext-->Sign Out
20:12:40.696 INFO  manager.TestNGListener -- Start test -->registrationWrongEmail
20:12:40.698 INFO  manager.ListenerWD -- Before find element-->By.cssSelector: a[href='/login']
20:12:40.714 INFO  manager.ListenerWD -- After find element-->By.cssSelector: a[href='/login']
20:12:40.722 INFO  manager.ListenerWD -- Location of element-->a
20:12:40.740 INFO  manager.ListenerWD -- Before click element -->atext-->LOGIN
20:12:40.796 INFO  manager.ListenerWD -- After click element -->a
20:12:40.796 INFO  manager.HelperBase -- open form by click on button with locator a[href='/login']
20:12:40.796 INFO  manager.ListenerWD -- Before find element-->By.name: email
20:12:40.811 INFO  manager.ListenerWD -- After find element-->By.name: email
20:12:40.819 INFO  manager.ListenerWD -- Location of element-->input
20:12:40.835 INFO  manager.ListenerWD -- Before click element -->inputtext-->
20:12:40.928 INFO  manager.ListenerWD -- After click element -->input
20:12:40.963 INFO  manager.ListenerWD -- sendKeyds-->
20:12:40.973 INFO  manager.ListenerWD -- sendKeyds_TagName-->input
20:12:41.016 INFO  manager.ListenerWD -- sendKeyds-->
20:12:41.023 INFO  manager.ListenerWD -- sendKeyds_TagName-->input
20:12:41.057 INFO  manager.ListenerWD -- sendKeyds-->
20:12:41.062 INFO  manager.ListenerWD -- sendKeyds_TagName-->input
20:12:41.094 INFO  manager.ListenerWD -- Before find element-->By.xpath: //input[@placeholder='Password']
20:12:41.111 INFO  manager.ListenerWD -- After find element-->By.xpath: //input[@placeholder='Password']
20:12:41.121 INFO  manager.ListenerWD -- Location of element-->input
20:12:41.136 INFO  manager.ListenerWD -- Before click element -->inputtext-->
20:12:41.236 INFO  manager.ListenerWD -- After click element -->input
20:12:41.273 INFO  manager.ListenerWD -- sendKeyds-->
20:12:41.278 INFO  manager.ListenerWD -- sendKeyds_TagName-->input
20:12:41.314 INFO  manager.ListenerWD -- sendKeyds-->
20:12:41.322 INFO  manager.ListenerWD -- sendKeyds_TagName-->input
20:12:41.356 INFO  manager.ListenerWD -- sendKeyds-->
20:12:41.362 INFO  manager.ListenerWD -- sendKeyds_TagName-->input
20:12:41.396 INFO  manager.ListenerWD -- Before find element-->By.xpath: //button[text()='Registration']
20:12:41.412 INFO  manager.ListenerWD -- After find element-->By.xpath: //button[text()='Registration']
20:12:41.420 INFO  manager.ListenerWD -- Location of element-->button
20:12:41.435 INFO  manager.ListenerWD -- Before click element -->buttontext-->Registration
20:12:41.499 INFO  manager.ListenerWD -- Huston, we have a problem!
20:12:41.500 INFO  manager.ListenerWD -- Failed method:alert
20:12:41.500 INFO  manager.ListenerWD -- ***************
20:12:41.501 INFO  manager.ListenerWD -- Arguments:null
20:12:41.501 INFO  manager.ListenerWD -- ***************
20:12:41.501 INFO  manager.ListenerWD -- Exception:NoAlertPresentException
20:12:41.501 INFO  manager.ListenerWD -- ***************
20:12:41.501 INFO  manager.ListenerWD -- Messageno such alert
  (Session info: chrome=148.0.7778.179)
Build info: version: '4.26.0', revision: '8ccf0219d7'
System info: os.name: 'Windows 11', os.arch: 'amd64', os.version: '10.0', java.version: '21.0.10'
Driver info: org.openqa.selenium.chrome.ChromeDriver
Command: [1d16eba71651e71a4f291c5e08c6b772, getAlertText {}]
Capabilities {acceptInsecureCerts: false, browserName: chrome, browserVersion: 148.0.7778.179, chrome: {chromedriverVersion: 148.0.7778.178 (d096af1c9e9..., userDataDir: C:\Users\marii\AppData\Loca...}, fedcm:accounts: true, goog:chromeOptions: {debuggerAddress: localhost:64797}, goog:processID: 16376, networkConnectionEnabled: false, pageLoadStrategy: normal, platformName: windows, proxy: Proxy(), se:cdp: ws://localhost:64797/devtoo..., se:cdpVersion: 148.0.7778.179, setWindowRect: true, strictFileInteractability: false, timeouts: {implicit: 0, pageLoad: 300000, script: 30000}, unhandledPromptBehavior: dismiss and notify, webauthn:extension:credBlob: true, webauthn:extension:largeBlob: true, webauthn:extension:minPinLength: true, webauthn:extension:prf: true, webauthn:virtualAuthenticators: true}
Session ID: 1d16eba71651e71a4f291c5e08c6b772
20:12:41.501 INFO  manager.ListenerWD -- ***************
20:12:41.501 INFO  manager.ListenerWD -- ***************
20:12:41.501 INFO  manager.ListenerWD -- Screen with error is--->src/test/screenshots/screen_1977.png
20:12:42.042 INFO  manager.TestNGListener -- Success test -->registrationWrongEmail
20:12:42.043 INFO  tests.TestBase -- ==============================================
20:12:42.046 INFO  tests.TestBase -- Name of method (test) -->removeFirstContact
20:12:47.099 INFO  manager.ListenerWD -- Before find element-->By.cssSelector: a[href='/login']
20:12:47.112 INFO  manager.ListenerWD -- After find element-->By.cssSelector: a[href='/login']
20:12:47.119 INFO  manager.ListenerWD -- Location of element-->a
20:12:47.133 INFO  manager.ListenerWD -- Before click element -->atext-->LOGIN
20:12:47.186 INFO  manager.ListenerWD -- After click element -->a
20:12:47.186 INFO  manager.HelperBase -- open form by click on button with locator a[href='/login']
20:12:47.187 INFO  manager.ListenerWD -- Before find element-->By.name: email
20:12:47.204 INFO  manager.ListenerWD -- After find element-->By.name: email
20:12:47.211 INFO  manager.ListenerWD -- Location of element-->input
20:12:47.227 INFO  manager.ListenerWD -- Before click element -->inputtext-->
20:12:47.295 INFO  manager.ListenerWD -- After click element -->input
20:12:47.336 INFO  manager.ListenerWD -- sendKeyds-->
20:12:47.343 INFO  manager.ListenerWD -- sendKeyds_TagName-->input
20:12:47.394 INFO  manager.ListenerWD -- sendKeyds-->
20:12:47.399 INFO  manager.ListenerWD -- sendKeyds_TagName-->input
20:12:47.430 INFO  manager.ListenerWD -- sendKeyds-->
20:12:47.438 INFO  manager.ListenerWD -- sendKeyds_TagName-->input
20:12:47.480 INFO  manager.ListenerWD -- Before find element-->By.xpath: //input[@placeholder='Password']
20:12:47.496 INFO  manager.ListenerWD -- After find element-->By.xpath: //input[@placeholder='Password']
20:12:47.513 INFO  manager.ListenerWD -- Location of element-->input
20:12:47.553 INFO  manager.ListenerWD -- Before click element -->inputtext-->
20:12:47.633 INFO  manager.ListenerWD -- After click element -->input
20:12:47.681 INFO  manager.ListenerWD -- sendKeyds-->
20:12:47.692 INFO  manager.ListenerWD -- sendKeyds_TagName-->input
20:12:47.752 INFO  manager.ListenerWD -- sendKeyds-->
20:12:47.762 INFO  manager.ListenerWD -- sendKeyds_TagName-->input
20:12:47.800 INFO  manager.ListenerWD -- sendKeyds-->
20:12:47.809 INFO  manager.ListenerWD -- sendKeyds_TagName-->input
20:12:47.848 INFO  manager.ListenerWD -- Before find element-->By.xpath: //button[text()='Login']
20:12:47.870 INFO  manager.ListenerWD -- After find element-->By.xpath: //button[text()='Login']
20:12:47.878 INFO  manager.ListenerWD -- Location of element-->button
20:12:47.901 INFO  manager.ListenerWD -- Before click element -->buttontext-->Login
20:12:48.475 INFO  manager.ListenerWD -- Before find element-->By.cssSelector: a[href='/add']
20:12:48.488 INFO  manager.ListenerWD -- After find element-->By.cssSelector: a[href='/add']
20:12:48.493 INFO  manager.ListenerWD -- Location of element-->a
20:12:48.508 INFO  manager.ListenerWD -- Before click element -->atext-->ADD
20:12:48.574 INFO  manager.ListenerWD -- After click element -->a
20:12:48.574 INFO  manager.ListenerWD -- Before find element-->By.cssSelector: [placeholder='Name']
20:12:48.597 INFO  manager.ListenerWD -- After find element-->By.cssSelector: [placeholder='Name']
20:12:48.604 INFO  manager.ListenerWD -- Location of element-->input
20:12:48.619 INFO  manager.ListenerWD -- Before click element -->inputtext-->
20:12:48.680 INFO  manager.ListenerWD -- After click element -->input
20:12:48.713 INFO  manager.ListenerWD -- sendKeyds-->
20:12:48.723 INFO  manager.ListenerWD -- sendKeyds_TagName-->input
20:12:48.761 INFO  manager.ListenerWD -- sendKeyds-->
20:12:48.769 INFO  manager.ListenerWD -- sendKeyds_TagName-->input
20:12:48.809 INFO  manager.ListenerWD -- sendKeyds-->
20:12:48.821 INFO  manager.ListenerWD -- sendKeyds_TagName-->input
20:12:48.848 INFO  manager.ListenerWD -- Before find element-->By.cssSelector: [placeholder='Last Name']
20:12:48.862 INFO  manager.ListenerWD -- After find element-->By.cssSelector: [placeholder='Last Name']
20:12:48.869 INFO  manager.ListenerWD -- Location of element-->input
20:12:48.881 INFO  manager.ListenerWD -- Before click element -->inputtext-->
20:12:48.939 INFO  manager.ListenerWD -- After click element -->input
20:12:48.968 INFO  manager.ListenerWD -- sendKeyds-->
20:12:48.972 INFO  manager.ListenerWD -- sendKeyds_TagName-->input
20:12:49.007 INFO  manager.ListenerWD -- sendKeyds-->
20:12:49.011 INFO  manager.ListenerWD -- sendKeyds_TagName-->input
20:12:49.044 INFO  manager.ListenerWD -- sendKeyds-->
20:12:49.051 INFO  manager.ListenerWD -- sendKeyds_TagName-->input
20:12:49.077 INFO  manager.ListenerWD -- Before find element-->By.cssSelector: [placeholder='Phone']
20:12:49.090 INFO  manager.ListenerWD -- After find element-->By.cssSelector: [placeholder='Phone']
20:12:49.098 INFO  manager.ListenerWD -- Location of element-->input
20:12:49.111 INFO  manager.ListenerWD -- Before click element -->inputtext-->
20:12:49.162 INFO  manager.ListenerWD -- After click element -->input
20:12:49.194 INFO  manager.ListenerWD -- sendKeyds-->
20:12:49.199 INFO  manager.ListenerWD -- sendKeyds_TagName-->input
20:12:49.234 INFO  manager.ListenerWD -- sendKeyds-->
20:12:49.240 INFO  manager.ListenerWD -- sendKeyds_TagName-->input
20:12:49.271 INFO  manager.ListenerWD -- sendKeyds-->
20:12:49.277 INFO  manager.ListenerWD -- sendKeyds_TagName-->input
20:12:49.310 INFO  manager.ListenerWD -- Before find element-->By.cssSelector: [placeholder='email']
20:12:49.326 INFO  manager.ListenerWD -- After find element-->By.cssSelector: [placeholder='email']
20:12:49.332 INFO  manager.ListenerWD -- Location of element-->input
20:12:49.346 INFO  manager.ListenerWD -- Before click element -->inputtext-->
20:12:49.398 INFO  manager.ListenerWD -- After click element -->input
20:12:49.427 INFO  manager.ListenerWD -- sendKeyds-->
20:12:49.434 INFO  manager.ListenerWD -- sendKeyds_TagName-->input
20:12:49.466 INFO  manager.ListenerWD -- sendKeyds-->
20:12:49.472 INFO  manager.ListenerWD -- sendKeyds_TagName-->input
20:12:49.510 INFO  manager.ListenerWD -- sendKeyds-->
20:12:49.514 INFO  manager.ListenerWD -- sendKeyds_TagName-->input
20:12:49.563 INFO  manager.ListenerWD -- Before find element-->By.cssSelector: [placeholder='Address']
20:12:49.579 INFO  manager.ListenerWD -- After find element-->By.cssSelector: [placeholder='Address']
20:12:49.587 INFO  manager.ListenerWD -- Location of element-->input
20:12:49.602 INFO  manager.ListenerWD -- Before click element -->inputtext-->
20:12:49.713 INFO  manager.ListenerWD -- After click element -->input
20:12:49.748 INFO  manager.ListenerWD -- sendKeyds-->
20:12:49.755 INFO  manager.ListenerWD -- sendKeyds_TagName-->input
20:12:49.789 INFO  manager.ListenerWD -- sendKeyds-->
20:12:49.795 INFO  manager.ListenerWD -- sendKeyds_TagName-->input
20:12:49.826 INFO  manager.ListenerWD -- sendKeyds-->
20:12:49.832 INFO  manager.ListenerWD -- sendKeyds_TagName-->input
20:12:49.864 INFO  manager.ListenerWD -- Before find element-->By.cssSelector: [placeholder='description']
20:12:49.879 INFO  manager.ListenerWD -- After find element-->By.cssSelector: [placeholder='description']
20:12:49.888 INFO  manager.ListenerWD -- Location of element-->input
20:12:49.902 INFO  manager.ListenerWD -- Before click element -->inputtext-->
20:12:49.957 INFO  manager.ListenerWD -- After click element -->input
20:12:49.989 INFO  manager.ListenerWD -- sendKeyds-->
20:12:49.998 INFO  manager.ListenerWD -- sendKeyds_TagName-->input
20:12:50.031 INFO  manager.ListenerWD -- sendKeyds-->
20:12:50.036 INFO  manager.ListenerWD -- sendKeyds_TagName-->input
20:12:50.070 INFO  manager.ListenerWD -- sendKeyds-->
20:12:50.076 INFO  manager.ListenerWD -- sendKeyds_TagName-->input
20:12:50.104 INFO  manager.ListenerWD -- Before find element-->By.cssSelector: .add_form__2rsm2>button
20:12:50.120 INFO  manager.ListenerWD -- After find element-->By.cssSelector: .add_form__2rsm2>button
20:12:50.127 INFO  manager.ListenerWD -- Location of element-->button
20:12:50.141 INFO  manager.ListenerWD -- Before click element -->buttontext-->Save
20:12:50.203 INFO  manager.ListenerWD -- After click element -->button
20:12:50.719 INFO  manager.ListenerWD -- Before find element-->By.cssSelector: a[href='/add']
20:12:50.736 INFO  manager.ListenerWD -- After find element-->By.cssSelector: a[href='/add']
20:12:50.744 INFO  manager.ListenerWD -- Location of element-->a
20:12:50.763 INFO  manager.ListenerWD -- Before click element -->atext-->ADD
20:12:50.830 INFO  manager.ListenerWD -- After click element -->a
20:12:50.830 INFO  manager.ListenerWD -- Before find element-->By.cssSelector: [placeholder='Name']
20:12:50.846 INFO  manager.ListenerWD -- After find element-->By.cssSelector: [placeholder='Name']
20:12:50.852 INFO  manager.ListenerWD -- Location of element-->input
20:12:50.865 INFO  manager.ListenerWD -- Before click element -->inputtext-->
20:12:50.917 INFO  manager.ListenerWD -- After click element -->input
20:12:50.952 INFO  manager.ListenerWD -- sendKeyds-->
20:12:50.958 INFO  manager.ListenerWD -- sendKeyds_TagName-->input
20:12:50.994 INFO  manager.ListenerWD -- sendKeyds-->
20:12:51.001 INFO  manager.ListenerWD -- sendKeyds_TagName-->input
20:12:51.031 INFO  manager.ListenerWD -- sendKeyds-->
20:12:51.038 INFO  manager.ListenerWD -- sendKeyds_TagName-->input
20:12:51.063 INFO  manager.ListenerWD -- Before find element-->By.cssSelector: [placeholder='Last Name']
20:12:51.077 INFO  manager.ListenerWD -- After find element-->By.cssSelector: [placeholder='Last Name']
20:12:51.083 INFO  manager.ListenerWD -- Location of element-->input
20:12:51.096 INFO  manager.ListenerWD -- Before click element -->inputtext-->
20:12:51.148 INFO  manager.ListenerWD -- After click element -->input
20:12:51.182 INFO  manager.ListenerWD -- sendKeyds-->
20:12:51.188 INFO  manager.ListenerWD -- sendKeyds_TagName-->input
20:12:51.221 INFO  manager.ListenerWD -- sendKeyds-->
20:12:51.227 INFO  manager.ListenerWD -- sendKeyds_TagName-->input
20:12:51.260 INFO  manager.ListenerWD -- sendKeyds-->
20:12:51.266 INFO  manager.ListenerWD -- sendKeyds_TagName-->input
20:12:51.290 INFO  manager.ListenerWD -- Before find element-->By.cssSelector: [placeholder='Phone']
20:12:51.306 INFO  manager.ListenerWD -- After find element-->By.cssSelector: [placeholder='Phone']
20:12:51.313 INFO  manager.ListenerWD -- Location of element-->input
20:12:51.328 INFO  manager.ListenerWD -- Before click element -->inputtext-->
20:12:51.377 INFO  manager.ListenerWD -- After click element -->input
20:12:51.410 INFO  manager.ListenerWD -- sendKeyds-->
20:12:51.416 INFO  manager.ListenerWD -- sendKeyds_TagName-->input
20:12:51.447 INFO  manager.ListenerWD -- sendKeyds-->
20:12:51.453 INFO  manager.ListenerWD -- sendKeyds_TagName-->input
20:12:51.485 INFO  manager.ListenerWD -- sendKeyds-->
20:12:51.492 INFO  manager.ListenerWD -- sendKeyds_TagName-->input
20:12:51.524 INFO  manager.ListenerWD -- Before find element-->By.cssSelector: [placeholder='email']
20:12:51.540 INFO  manager.ListenerWD -- After find element-->By.cssSelector: [placeholder='email']
20:12:51.546 INFO  manager.ListenerWD -- Location of element-->input
20:12:51.560 INFO  manager.ListenerWD -- Before click element -->inputtext-->
20:12:51.613 INFO  manager.ListenerWD -- After click element -->input
20:12:51.643 INFO  manager.ListenerWD -- sendKeyds-->
20:12:51.648 INFO  manager.ListenerWD -- sendKeyds_TagName-->input
20:12:51.680 INFO  manager.ListenerWD -- sendKeyds-->
20:12:51.687 INFO  manager.ListenerWD -- sendKeyds_TagName-->input
20:12:51.717 INFO  manager.ListenerWD -- sendKeyds-->
20:12:51.722 INFO  manager.ListenerWD -- sendKeyds_TagName-->input
20:12:51.759 INFO  manager.ListenerWD -- Before find element-->By.cssSelector: [placeholder='Address']
20:12:51.772 INFO  manager.ListenerWD -- After find element-->By.cssSelector: [placeholder='Address']
20:12:51.779 INFO  manager.ListenerWD -- Location of element-->input
20:12:51.793 INFO  manager.ListenerWD -- Before click element -->inputtext-->
20:12:51.847 INFO  manager.ListenerWD -- After click element -->input
20:12:51.880 INFO  manager.ListenerWD -- sendKeyds-->
20:12:51.886 INFO  manager.ListenerWD -- sendKeyds_TagName-->input
20:12:51.916 INFO  manager.ListenerWD -- sendKeyds-->
20:12:51.922 INFO  manager.ListenerWD -- sendKeyds_TagName-->input
20:12:51.952 INFO  manager.ListenerWD -- sendKeyds-->
20:12:51.956 INFO  manager.ListenerWD -- sendKeyds_TagName-->input
20:12:51.984 INFO  manager.ListenerWD -- Before find element-->By.cssSelector: [placeholder='description']
20:12:51.999 INFO  manager.ListenerWD -- After find element-->By.cssSelector: [placeholder='description']
20:12:52.004 INFO  manager.ListenerWD -- Location of element-->input
20:12:52.020 INFO  manager.ListenerWD -- Before click element -->inputtext-->
20:12:52.078 INFO  manager.ListenerWD -- After click element -->input
20:12:52.108 INFO  manager.ListenerWD -- sendKeyds-->
20:12:52.113 INFO  manager.ListenerWD -- sendKeyds_TagName-->input
20:12:52.144 INFO  manager.ListenerWD -- sendKeyds-->
20:12:52.150 INFO  manager.ListenerWD -- sendKeyds_TagName-->input
20:12:52.180 INFO  manager.ListenerWD -- sendKeyds-->
20:12:52.186 INFO  manager.ListenerWD -- sendKeyds_TagName-->input
20:12:52.210 INFO  manager.ListenerWD -- Before find element-->By.cssSelector: .add_form__2rsm2>button
20:12:52.224 INFO  manager.ListenerWD -- After find element-->By.cssSelector: .add_form__2rsm2>button
20:12:52.231 INFO  manager.ListenerWD -- Location of element-->button
20:12:52.245 INFO  manager.ListenerWD -- Before click element -->buttontext-->Save
20:12:52.294 INFO  manager.ListenerWD -- After click element -->button
20:12:52.804 INFO  manager.ListenerWD -- Before find element-->By.cssSelector: a[href='/add']
20:12:52.818 INFO  manager.ListenerWD -- After find element-->By.cssSelector: a[href='/add']
20:12:52.824 INFO  manager.ListenerWD -- Location of element-->a
20:12:52.838 INFO  manager.ListenerWD -- Before click element -->atext-->ADD
20:12:52.893 INFO  manager.ListenerWD -- After click element -->a
20:12:52.894 INFO  manager.ListenerWD -- Before find element-->By.cssSelector: [placeholder='Name']
20:12:52.908 INFO  manager.ListenerWD -- After find element-->By.cssSelector: [placeholder='Name']
20:12:52.917 INFO  manager.ListenerWD -- Location of element-->input
20:12:52.931 INFO  manager.ListenerWD -- Before click element -->inputtext-->
20:12:52.989 INFO  manager.ListenerWD -- After click element -->input
20:12:53.016 INFO  manager.ListenerWD -- sendKeyds-->
20:12:53.021 INFO  manager.ListenerWD -- sendKeyds_TagName-->input
20:12:53.054 INFO  manager.ListenerWD -- sendKeyds-->
20:12:53.060 INFO  manager.ListenerWD -- sendKeyds_TagName-->input
20:12:53.091 INFO  manager.ListenerWD -- sendKeyds-->
20:12:53.096 INFO  manager.ListenerWD -- sendKeyds_TagName-->input
20:12:53.125 INFO  manager.ListenerWD -- Before find element-->By.cssSelector: [placeholder='Last Name']
20:12:53.143 INFO  manager.ListenerWD -- After find element-->By.cssSelector: [placeholder='Last Name']
20:12:53.153 INFO  manager.ListenerWD -- Location of element-->input
20:12:53.167 INFO  manager.ListenerWD -- Before click element -->inputtext-->
20:12:53.221 INFO  manager.ListenerWD -- After click element -->input
20:12:53.248 INFO  manager.ListenerWD -- sendKeyds-->
20:12:53.254 INFO  manager.ListenerWD -- sendKeyds_TagName-->input
20:12:53.284 INFO  manager.ListenerWD -- sendKeyds-->
20:12:53.290 INFO  manager.ListenerWD -- sendKeyds_TagName-->input
20:12:53.323 INFO  manager.ListenerWD -- sendKeyds-->
20:12:53.328 INFO  manager.ListenerWD -- sendKeyds_TagName-->input
20:12:53.359 INFO  manager.ListenerWD -- Before find element-->By.cssSelector: [placeholder='Phone']
20:12:53.377 INFO  manager.ListenerWD -- After find element-->By.cssSelector: [placeholder='Phone']
20:12:53.384 INFO  manager.ListenerWD -- Location of element-->input
20:12:53.397 INFO  manager.ListenerWD -- Before click element -->inputtext-->
20:12:53.450 INFO  manager.ListenerWD -- After click element -->input
20:12:53.482 INFO  manager.ListenerWD -- sendKeyds-->
20:12:53.489 INFO  manager.ListenerWD -- sendKeyds_TagName-->input
20:12:53.524 INFO  manager.ListenerWD -- sendKeyds-->
20:12:53.530 INFO  manager.ListenerWD -- sendKeyds_TagName-->input
20:12:53.571 INFO  manager.ListenerWD -- sendKeyds-->
20:12:53.577 INFO  manager.ListenerWD -- sendKeyds_TagName-->input
20:12:53.608 INFO  manager.ListenerWD -- Before find element-->By.cssSelector: [placeholder='email']
20:12:53.623 INFO  manager.ListenerWD -- After find element-->By.cssSelector: [placeholder='email']
20:12:53.630 INFO  manager.ListenerWD -- Location of element-->input
20:12:53.644 INFO  manager.ListenerWD -- Before click element -->inputtext-->
20:12:53.704 INFO  manager.ListenerWD -- After click element -->input
20:12:53.737 INFO  manager.ListenerWD -- sendKeyds-->
20:12:53.743 INFO  manager.ListenerWD -- sendKeyds_TagName-->input
20:12:53.779 INFO  manager.ListenerWD -- sendKeyds-->
20:12:53.787 INFO  manager.ListenerWD -- sendKeyds_TagName-->input
20:12:53.824 INFO  manager.ListenerWD -- sendKeyds-->
20:12:53.832 INFO  manager.ListenerWD -- sendKeyds_TagName-->input
20:12:53.867 INFO  manager.ListenerWD -- Before find element-->By.cssSelector: [placeholder='Address']
20:12:53.880 INFO  manager.ListenerWD -- After find element-->By.cssSelector: [placeholder='Address']
20:12:53.886 INFO  manager.ListenerWD -- Location of element-->input
20:12:53.899 INFO  manager.ListenerWD -- Before click element -->inputtext-->
20:12:53.959 INFO  manager.ListenerWD -- After click element -->input
20:12:53.991 INFO  manager.ListenerWD -- sendKeyds-->
20:12:53.997 INFO  manager.ListenerWD -- sendKeyds_TagName-->input
20:12:54.031 INFO  manager.ListenerWD -- sendKeyds-->
20:12:54.036 INFO  manager.ListenerWD -- sendKeyds_TagName-->input
20:12:54.068 INFO  manager.ListenerWD -- sendKeyds-->
20:12:54.072 INFO  manager.ListenerWD -- sendKeyds_TagName-->input
20:12:54.157 INFO  manager.ListenerWD -- Before find element-->By.cssSelector: [placeholder='description']
20:12:54.173 INFO  manager.ListenerWD -- After find element-->By.cssSelector: [placeholder='description']
20:12:54.182 INFO  manager.ListenerWD -- Location of element-->input
20:12:54.202 INFO  manager.ListenerWD -- Before click element -->inputtext-->
20:12:54.271 INFO  manager.ListenerWD -- After click element -->input
20:12:54.308 INFO  manager.ListenerWD -- sendKeyds-->
20:12:54.314 INFO  manager.ListenerWD -- sendKeyds_TagName-->input
20:12:54.353 INFO  manager.ListenerWD -- sendKeyds-->
20:12:54.360 INFO  manager.ListenerWD -- sendKeyds_TagName-->input
20:12:54.402 INFO  manager.ListenerWD -- sendKeyds-->
20:12:54.408 INFO  manager.ListenerWD -- sendKeyds_TagName-->input
20:12:54.441 INFO  manager.ListenerWD -- Before find element-->By.cssSelector: .add_form__2rsm2>button
20:12:54.457 INFO  manager.ListenerWD -- After find element-->By.cssSelector: .add_form__2rsm2>button
20:12:54.465 INFO  manager.ListenerWD -- Location of element-->button
20:12:54.482 INFO  manager.ListenerWD -- Before click element -->buttontext-->Save
20:12:54.537 INFO  manager.ListenerWD -- After click element -->button
20:12:55.053 INFO  manager.TestNGListener -- Start test -->removeFirstContact
20:12:55.094 INFO  manager.HelperBase -- Number of Contacts before remove is-->5
20:12:55.095 INFO  manager.ListenerWD -- Before find element-->By.cssSelector: .contact-item_card__2SOIM
20:12:55.114 INFO  manager.ListenerWD -- After find element-->By.cssSelector: .contact-item_card__2SOIM
20:12:55.122 INFO  manager.ListenerWD -- Location of element-->div
20:12:55.146 INFO  manager.ListenerWD -- Before click element -->divtext-->Harry
555667771755
20:12:55.233 INFO  manager.ListenerWD -- After click element -->div
20:12:55.234 INFO  manager.ListenerWD -- Before find element-->By.xpath: //button[text()='Remove']
20:12:55.254 INFO  manager.ListenerWD -- After find element-->By.xpath: //button[text()='Remove']
20:12:55.261 INFO  manager.ListenerWD -- Location of element-->button
20:12:55.280 INFO  manager.ListenerWD -- Before click element -->buttontext-->Remove
20:12:55.358 INFO  manager.ListenerWD -- After click element -->button
20:12:56.400 INFO  manager.HelperBase -- Number of Contacts after remove is-->4
20:12:56.401 INFO  manager.TestNGListener -- Success test -->removeFirstContact
20:12:56.402 INFO  tests.TestBase -- ==============================================
20:12:56.404 INFO  manager.TestNGListener -- Stop testing on date -->Mon Jun 08 20:12:56 IDT 2026
