19:31:27.133 INFO  manager.ApplicationManager -- All tests runs in Chrome Browser
19:31:28.999 INFO  manager.ApplicationManager -- The link --->https://telranedu.web.app/home
19:31:29.096 INFO  tests.TestBase -- Name of method (test) -->loginSuccess
19:31:34.189 INFO  tests.TestBase -- Start test with name 'loginSuccess'
19:31:34.190 INFO  tests.TestBase -- Test data---> email: 'margo@gmail.com' & password: 'Mmar123456$'
19:31:34.191 INFO  manager.ListenerWD -- Before find element-->By.cssSelector: a[href='/login']
19:31:34.270 INFO  manager.ListenerWD -- After find element-->By.cssSelector: a[href='/login']
19:31:34.299 INFO  manager.ListenerWD -- Location of element-->a
19:31:34.343 INFO  manager.ListenerWD -- Before click element -->atext-->LOGIN
19:31:34.521 INFO  manager.ListenerWD -- After click element -->a
19:31:34.523 INFO  manager.HelperBase -- open form by click on button with locator a[href='/login']
19:31:34.525 INFO  manager.ListenerWD -- Before find element-->By.name: email
19:31:34.595 INFO  manager.ListenerWD -- After find element-->By.name: email
19:31:34.612 INFO  manager.ListenerWD -- Location of element-->input
19:31:34.650 INFO  manager.ListenerWD -- Before click element -->inputtext-->
19:31:34.812 INFO  manager.ListenerWD -- After click element -->input
19:31:34.891 INFO  manager.ListenerWD -- sendKeyds-->
19:31:34.907 INFO  manager.ListenerWD -- sendKeyds_TagName-->input
19:31:35.003 INFO  manager.ListenerWD -- sendKeyds-->
19:31:35.016 INFO  manager.ListenerWD -- sendKeyds_TagName-->input
19:31:35.101 INFO  manager.ListenerWD -- sendKeyds-->
19:31:35.119 INFO  manager.ListenerWD -- sendKeyds_TagName-->input
19:31:35.215 INFO  manager.HelperBase -- type in input with locator By.name("email") 
19:31:35.222 INFO  manager.ListenerWD -- Before find element-->By.xpath: //input[@placeholder='Password']
19:31:35.289 INFO  manager.ListenerWD -- After find element-->By.xpath: //input[@placeholder='Password']
19:31:35.305 INFO  manager.ListenerWD -- Location of element-->input
19:31:35.339 INFO  manager.ListenerWD -- Before click element -->inputtext-->
19:31:35.481 INFO  manager.ListenerWD -- After click element -->input
19:31:35.549 INFO  manager.ListenerWD -- sendKeyds-->
19:31:35.564 INFO  manager.ListenerWD -- sendKeyds_TagName-->input
19:31:35.645 INFO  manager.ListenerWD -- sendKeyds-->
19:31:35.661 INFO  manager.ListenerWD -- sendKeyds_TagName-->input
19:31:35.738 INFO  manager.ListenerWD -- sendKeyds-->
19:31:35.754 INFO  manager.ListenerWD -- sendKeyds_TagName-->input
19:31:35.841 INFO  manager.ListenerWD -- Before find element-->By.xpath: //button[text()='Login']
19:31:35.898 INFO  manager.ListenerWD -- After find element-->By.xpath: //button[text()='Login']
19:31:35.916 INFO  manager.ListenerWD -- Location of element-->button
19:31:35.948 INFO  manager.ListenerWD -- Before click element -->buttontext-->Login
19:31:37.102 INFO  tests.TestBase -- Assert check is element button 'Sign out' present
19:31:37.111 INFO  tests.TestBase -- ==============================================
19:31:37.120 INFO  tests.TestBase -- Name of method (test) -->loginSuccess1
19:31:37.167 INFO  manager.ListenerWD -- Before find element-->By.xpath: //button[text()='Sign Out']
19:31:37.218 INFO  manager.ListenerWD -- After find element-->By.xpath: //button[text()='Sign Out']
19:31:37.237 INFO  manager.ListenerWD -- Location of element-->button
19:31:37.272 INFO  manager.ListenerWD -- Before click element -->buttontext-->Sign Out
19:31:37.426 INFO  tests.TestBase -- Before method finished logout
19:31:37.431 INFO  manager.ListenerWD -- Before find element-->By.cssSelector: a[href='/login']
19:31:37.497 INFO  manager.ListenerWD -- After find element-->By.cssSelector: a[href='/login']
19:31:37.516 INFO  manager.ListenerWD -- Location of element-->a
19:31:37.558 INFO  manager.ListenerWD -- Before click element -->atext-->LOGIN
19:31:37.680 INFO  manager.ListenerWD -- After click element -->a
19:31:37.681 INFO  manager.HelperBase -- open form by click on button with locator a[href='/login']
19:31:37.681 INFO  manager.ListenerWD -- Before find element-->By.name: email
19:31:37.723 INFO  manager.ListenerWD -- After find element-->By.name: email
19:31:37.741 INFO  manager.ListenerWD -- Location of element-->input
19:31:37.780 INFO  manager.ListenerWD -- Before click element -->inputtext-->
19:31:37.972 INFO  manager.ListenerWD -- After click element -->input
19:31:38.053 INFO  manager.ListenerWD -- sendKeyds-->
19:31:38.069 INFO  manager.ListenerWD -- sendKeyds_TagName-->input
19:31:38.145 INFO  manager.ListenerWD -- sendKeyds-->
19:31:38.163 INFO  manager.ListenerWD -- sendKeyds_TagName-->input
19:31:38.249 INFO  manager.ListenerWD -- sendKeyds-->
19:31:38.262 INFO  manager.ListenerWD -- sendKeyds_TagName-->input
19:31:38.347 INFO  manager.ListenerWD -- Before find element-->By.xpath: //input[@placeholder='Password']
19:31:38.399 INFO  manager.ListenerWD -- After find element-->By.xpath: //input[@placeholder='Password']
19:31:38.414 INFO  manager.ListenerWD -- Location of element-->input
19:31:38.454 INFO  manager.ListenerWD -- Before click element -->inputtext-->
19:31:38.663 INFO  manager.ListenerWD -- After click element -->input
19:31:38.747 INFO  manager.ListenerWD -- sendKeyds-->
19:31:38.763 INFO  manager.ListenerWD -- sendKeyds_TagName-->input
19:31:38.843 INFO  manager.ListenerWD -- sendKeyds-->
19:31:38.857 INFO  manager.ListenerWD -- sendKeyds_TagName-->input
19:31:38.942 INFO  manager.ListenerWD -- sendKeyds-->
19:31:38.957 INFO  manager.ListenerWD -- sendKeyds_TagName-->input
19:31:39.035 INFO  manager.ListenerWD -- Before find element-->By.xpath: //button[text()='Login']
19:31:39.079 INFO  manager.ListenerWD -- After find element-->By.xpath: //button[text()='Login']
19:31:39.092 INFO  manager.ListenerWD -- Location of element-->button
19:31:39.126 INFO  manager.ListenerWD -- Before click element -->buttontext-->Login
19:31:39.608 INFO  tests.TestBase -- ==============================================
19:31:39.613 INFO  tests.TestBase -- Name of method (test) -->loginSuccessModel
19:31:39.668 INFO  manager.ListenerWD -- Before find element-->By.xpath: //button[text()='Sign Out']
19:31:39.709 INFO  manager.ListenerWD -- After find element-->By.xpath: //button[text()='Sign Out']
19:31:39.725 INFO  manager.ListenerWD -- Location of element-->button
19:31:39.760 INFO  manager.ListenerWD -- Before click element -->buttontext-->Sign Out
19:31:39.906 INFO  tests.TestBase -- Before method finished logout
19:31:39.909 INFO  tests.TestBase -- Test data---> email: 'margo@gmail.com' & password: 'Mmar123456$'
19:31:39.910 INFO  manager.ListenerWD -- Before find element-->By.cssSelector: a[href='/login']
19:31:39.953 INFO  manager.ListenerWD -- After find element-->By.cssSelector: a[href='/login']
19:31:39.971 INFO  manager.ListenerWD -- Location of element-->a
19:31:40.004 INFO  manager.ListenerWD -- Before click element -->atext-->LOGIN
19:31:40.131 INFO  manager.ListenerWD -- After click element -->a
19:31:40.131 INFO  manager.HelperBase -- open form by click on button with locator a[href='/login']
19:31:40.131 INFO  manager.ListenerWD -- Before find element-->By.name: email
19:31:40.172 INFO  manager.ListenerWD -- After find element-->By.name: email
19:31:40.189 INFO  manager.ListenerWD -- Location of element-->input
19:31:40.223 INFO  manager.ListenerWD -- Before click element -->inputtext-->
19:31:40.418 INFO  manager.ListenerWD -- After click element -->input
19:31:40.494 INFO  manager.ListenerWD -- sendKeyds-->
19:31:40.510 INFO  manager.ListenerWD -- sendKeyds_TagName-->input
19:31:40.601 INFO  manager.ListenerWD -- sendKeyds-->
19:31:40.615 INFO  manager.ListenerWD -- sendKeyds_TagName-->input
19:31:40.701 INFO  manager.ListenerWD -- sendKeyds-->
19:31:40.718 INFO  manager.ListenerWD -- sendKeyds_TagName-->input
19:31:40.858 INFO  manager.HelperBase -- type in input with locator By.name("email") 
19:31:40.859 INFO  manager.ListenerWD -- Before find element-->By.xpath: //input[@placeholder='Password']
19:31:40.920 INFO  manager.ListenerWD -- After find element-->By.xpath: //input[@placeholder='Password']
19:31:40.936 INFO  manager.ListenerWD -- Location of element-->input
19:31:40.965 INFO  manager.ListenerWD -- Before click element -->inputtext-->
19:31:41.172 INFO  manager.ListenerWD -- After click element -->input
19:31:41.256 INFO  manager.ListenerWD -- sendKeyds-->
19:31:41.274 INFO  manager.ListenerWD -- sendKeyds_TagName-->input
19:31:41.366 INFO  manager.ListenerWD -- sendKeyds-->
19:31:41.380 INFO  manager.ListenerWD -- sendKeyds_TagName-->input
19:31:41.459 INFO  manager.ListenerWD -- sendKeyds-->
19:31:41.474 INFO  manager.ListenerWD -- sendKeyds_TagName-->input
19:31:41.549 INFO  manager.ListenerWD -- Before find element-->By.xpath: //button[text()='Login']
19:31:41.589 INFO  manager.ListenerWD -- After find element-->By.xpath: //button[text()='Login']
19:31:41.609 INFO  manager.ListenerWD -- Location of element-->button
19:31:41.656 INFO  manager.ListenerWD -- Before click element -->buttontext-->Login
19:31:42.139 INFO  tests.TestBase -- Assert check is element button 'Sign out' present
19:31:42.142 INFO  tests.TestBase -- ==============================================
19:31:42.144 INFO  tests.TestBase -- Name of method (test) -->loginUnregisteredUser
19:31:42.183 INFO  manager.ListenerWD -- Before find element-->By.xpath: //button[text()='Sign Out']
19:31:42.220 INFO  manager.ListenerWD -- After find element-->By.xpath: //button[text()='Sign Out']
19:31:42.238 INFO  manager.ListenerWD -- Location of element-->button
19:31:42.272 INFO  manager.ListenerWD -- Before click element -->buttontext-->Sign Out
19:31:42.425 INFO  tests.TestBase -- Before method finished logout
19:31:42.427 INFO  tests.TestBase -- Test data---> email: 'margo_m@gmail.com' & password: 'Mmar123456$'
19:31:42.428 INFO  manager.ListenerWD -- Before find element-->By.cssSelector: a[href='/login']
19:31:42.472 INFO  manager.ListenerWD -- After find element-->By.cssSelector: a[href='/login']
19:31:42.492 INFO  manager.ListenerWD -- Location of element-->a
19:31:42.550 INFO  manager.ListenerWD -- Before click element -->atext-->LOGIN
19:31:42.734 INFO  manager.ListenerWD -- After click element -->a
19:31:42.734 INFO  manager.HelperBase -- open form by click on button with locator a[href='/login']
19:31:42.734 INFO  manager.ListenerWD -- Before find element-->By.name: email
19:31:42.770 INFO  manager.ListenerWD -- After find element-->By.name: email
19:31:42.784 INFO  manager.ListenerWD -- Location of element-->input
19:31:42.817 INFO  manager.ListenerWD -- Before click element -->inputtext-->
19:31:42.994 INFO  manager.ListenerWD -- After click element -->input
19:31:43.068 INFO  manager.ListenerWD -- sendKeyds-->
19:31:43.083 INFO  manager.ListenerWD -- sendKeyds_TagName-->input
19:31:43.157 INFO  manager.ListenerWD -- sendKeyds-->
19:31:43.172 INFO  manager.ListenerWD -- sendKeyds_TagName-->input
19:31:43.253 INFO  manager.ListenerWD -- sendKeyds-->
19:31:43.267 INFO  manager.ListenerWD -- sendKeyds_TagName-->input
19:31:43.354 INFO  manager.HelperBase -- type in input with locator By.name("email") 
19:31:43.355 INFO  manager.ListenerWD -- Before find element-->By.xpath: //input[@placeholder='Password']
19:31:43.391 INFO  manager.ListenerWD -- After find element-->By.xpath: //input[@placeholder='Password']
19:31:43.405 INFO  manager.ListenerWD -- Location of element-->input
19:31:43.438 INFO  manager.ListenerWD -- Before click element -->inputtext-->
19:31:43.648 INFO  manager.ListenerWD -- After click element -->input
19:31:43.713 INFO  manager.ListenerWD -- sendKeyds-->
19:31:43.727 INFO  manager.ListenerWD -- sendKeyds_TagName-->input
19:31:43.810 INFO  manager.ListenerWD -- sendKeyds-->
19:31:43.827 INFO  manager.ListenerWD -- sendKeyds_TagName-->input
19:31:43.910 INFO  manager.ListenerWD -- sendKeyds-->
19:31:43.924 INFO  manager.ListenerWD -- sendKeyds_TagName-->input
19:31:43.992 INFO  manager.ListenerWD -- Before find element-->By.xpath: //button[text()='Login']
19:31:44.026 INFO  manager.ListenerWD -- After find element-->By.xpath: //button[text()='Login']
19:31:44.041 INFO  manager.ListenerWD -- Location of element-->button
19:31:44.072 INFO  manager.ListenerWD -- Before click element -->buttontext-->Login
19:31:44.796 INFO  tests.TestBase -- Assert check is alert present with error text 'Wrong email or password'
19:31:44.799 INFO  tests.TestBase -- ==============================================
19:31:44.806 INFO  tests.TestBase -- Name of method (test) -->loginWrongEmail
19:31:49.862 INFO  tests.TestBase -- Test data---> email: 'margogmail.com' & password: 'Mmar123456$'
19:31:49.863 INFO  manager.ListenerWD -- Before find element-->By.cssSelector: a[href='/login']
19:31:49.897 INFO  manager.ListenerWD -- After find element-->By.cssSelector: a[href='/login']
19:31:49.909 INFO  manager.ListenerWD -- Location of element-->a
19:31:49.941 INFO  manager.ListenerWD -- Before click element -->atext-->LOGIN
19:31:50.055 INFO  manager.ListenerWD -- After click element -->a
19:31:50.055 INFO  manager.HelperBase -- open form by click on button with locator a[href='/login']
19:31:50.055 INFO  manager.ListenerWD -- Before find element-->By.name: email
19:31:50.086 INFO  manager.ListenerWD -- After find element-->By.name: email
19:31:50.100 INFO  manager.ListenerWD -- Location of element-->input
19:31:50.132 INFO  manager.ListenerWD -- Before click element -->inputtext-->
19:31:50.257 INFO  manager.ListenerWD -- After click element -->input
19:31:50.339 INFO  manager.ListenerWD -- sendKeyds-->
19:31:50.351 INFO  manager.ListenerWD -- sendKeyds_TagName-->input
19:31:50.472 INFO  manager.ListenerWD -- sendKeyds-->
19:31:50.482 INFO  manager.ListenerWD -- sendKeyds_TagName-->input
19:31:50.560 INFO  manager.ListenerWD -- sendKeyds-->
19:31:50.574 INFO  manager.ListenerWD -- sendKeyds_TagName-->input
19:31:50.648 INFO  manager.HelperBase -- type in input with locator By.name("email") 
19:31:50.649 INFO  manager.ListenerWD -- Before find element-->By.xpath: //input[@placeholder='Password']
19:31:50.679 INFO  manager.ListenerWD -- After find element-->By.xpath: //input[@placeholder='Password']
19:31:50.695 INFO  manager.ListenerWD -- Location of element-->input
19:31:50.729 INFO  manager.ListenerWD -- Before click element -->inputtext-->
19:31:50.860 INFO  manager.ListenerWD -- After click element -->input
19:31:50.931 INFO  manager.ListenerWD -- sendKeyds-->
19:31:50.944 INFO  manager.ListenerWD -- sendKeyds_TagName-->input
19:31:51.047 INFO  manager.ListenerWD -- sendKeyds-->
19:31:51.060 INFO  manager.ListenerWD -- sendKeyds_TagName-->input
19:31:51.143 INFO  manager.ListenerWD -- sendKeyds-->
19:31:51.157 INFO  manager.ListenerWD -- sendKeyds_TagName-->input
19:31:51.228 INFO  manager.ListenerWD -- Before find element-->By.xpath: //button[text()='Login']
19:31:51.265 INFO  manager.ListenerWD -- After find element-->By.xpath: //button[text()='Login']
19:31:51.279 INFO  manager.ListenerWD -- Location of element-->button
19:31:51.316 INFO  manager.ListenerWD -- Before click element -->buttontext-->Login
19:31:52.017 INFO  tests.TestBase -- Assert check is alert present with error text 'Wrong email or password'
19:31:52.021 INFO  tests.TestBase -- ==============================================
19:31:52.025 INFO  tests.TestBase -- Name of method (test) -->loginWrongPassword
19:31:57.038 INFO  tests.TestBase -- Test data---> email: 'margo@gmail.com' & password: 'Mmar123'
19:31:57.039 INFO  manager.ListenerWD -- Before find element-->By.cssSelector: a[href='/login']
19:31:57.074 INFO  manager.ListenerWD -- After find element-->By.cssSelector: a[href='/login']
19:31:57.091 INFO  manager.ListenerWD -- Location of element-->a
19:31:57.130 INFO  manager.ListenerWD -- Before click element -->atext-->LOGIN
19:31:57.288 INFO  manager.ListenerWD -- After click element -->a
19:31:57.288 INFO  manager.HelperBase -- open form by click on button with locator a[href='/login']
19:31:57.289 INFO  manager.ListenerWD -- Before find element-->By.name: email
19:31:57.322 INFO  manager.ListenerWD -- After find element-->By.name: email
19:31:57.338 INFO  manager.ListenerWD -- Location of element-->input
19:31:57.379 INFO  manager.ListenerWD -- Before click element -->inputtext-->
19:31:57.533 INFO  manager.ListenerWD -- After click element -->input
19:31:57.621 INFO  manager.ListenerWD -- sendKeyds-->
19:31:57.636 INFO  manager.ListenerWD -- sendKeyds_TagName-->input
19:31:57.750 INFO  manager.ListenerWD -- sendKeyds-->
19:31:57.762 INFO  manager.ListenerWD -- sendKeyds_TagName-->input
19:31:57.841 INFO  manager.ListenerWD -- sendKeyds-->
19:31:57.858 INFO  manager.ListenerWD -- sendKeyds_TagName-->input
19:31:57.932 INFO  manager.HelperBase -- type in input with locator By.name("email") 
19:31:57.933 INFO  manager.ListenerWD -- Before find element-->By.xpath: //input[@placeholder='Password']
19:31:57.962 INFO  manager.ListenerWD -- After find element-->By.xpath: //input[@placeholder='Password']
19:31:57.976 INFO  manager.ListenerWD -- Location of element-->input
19:31:58.006 INFO  manager.ListenerWD -- Before click element -->inputtext-->
19:31:58.157 INFO  manager.ListenerWD -- After click element -->input
19:31:58.233 INFO  manager.ListenerWD -- sendKeyds-->
19:31:58.247 INFO  manager.ListenerWD -- sendKeyds_TagName-->input
19:31:58.355 INFO  manager.ListenerWD -- sendKeyds-->
19:31:58.368 INFO  manager.ListenerWD -- sendKeyds_TagName-->input
19:31:58.439 INFO  manager.ListenerWD -- sendKeyds-->
19:31:58.454 INFO  manager.ListenerWD -- sendKeyds_TagName-->input
19:31:58.518 INFO  manager.ListenerWD -- Before find element-->By.xpath: //button[text()='Login']
19:31:58.593 INFO  manager.ListenerWD -- After find element-->By.xpath: //button[text()='Login']
19:31:58.608 INFO  manager.ListenerWD -- Location of element-->button
19:31:58.637 INFO  manager.ListenerWD -- Before click element -->buttontext-->Login
19:31:59.339 INFO  tests.TestBase -- Assert check is alert present with error text 'Wrong email or password'
19:31:59.342 INFO  tests.TestBase -- ==============================================
