20:11:37.494 INFO  manager.ApplicationManager -- All tests runs in Chrome Browser
20:11:38.295 INFO  manager.ApplicationManager -- The link --->https://telranedu.web.app/home
20:11:38.332 INFO  tests.TestBase -- Name of method (test) -->loginSuccess
20:11:43.405 INFO  tests.TestBase -- Start test with name 'loginSuccess'
20:11:43.406 INFO  tests.TestBase -- Test data---> email: 'margo@gmail.com' & password: 'Mmar123456$'
20:11:43.407 INFO  manager.ListenerWD -- Before find element-->By.cssSelector: a[href='/login']
20:11:43.453 INFO  manager.ListenerWD -- After find element-->By.cssSelector: a[href='/login']
20:11:43.468 INFO  manager.ListenerWD -- Location of element-->a
20:11:43.492 INFO  manager.ListenerWD -- Before click element -->atext-->LOGIN
20:11:43.571 INFO  manager.ListenerWD -- After click element -->a
20:11:43.571 INFO  manager.HelperBase -- open form by click on button with locator a[href='/login']
20:11:43.572 INFO  manager.ListenerWD -- Before find element-->By.name: email
20:11:43.597 INFO  manager.ListenerWD -- After find element-->By.name: email
20:11:43.605 INFO  manager.ListenerWD -- Location of element-->input
20:11:43.618 INFO  manager.ListenerWD -- Before click element -->inputtext-->
20:11:43.676 INFO  manager.ListenerWD -- After click element -->input
20:11:43.711 INFO  manager.ListenerWD -- sendKeyds-->
20:11:43.719 INFO  manager.ListenerWD -- sendKeyds_TagName-->input
20:11:43.765 INFO  manager.ListenerWD -- sendKeyds-->
20:11:43.771 INFO  manager.ListenerWD -- sendKeyds_TagName-->input
20:11:43.801 INFO  manager.ListenerWD -- sendKeyds-->
20:11:43.807 INFO  manager.ListenerWD -- sendKeyds_TagName-->input
20:11:43.835 INFO  manager.HelperBase -- type in input with locator By.name("email") 
20:11:43.836 INFO  manager.ListenerWD -- Before find element-->By.xpath: //input[@placeholder='Passwordddd']
20:11:48.869 INFO  manager.ListenerWD -- Huston, we have a problem!
20:11:48.870 INFO  manager.ListenerWD -- Failed method:findElement
20:11:48.870 INFO  manager.ListenerWD -- ***************
20:11:48.870 INFO  manager.ListenerWD -- Arguments:[By.xpath: //input[@placeholder='Passwordddd']]
20:11:48.870 INFO  manager.ListenerWD -- ***************
20:11:48.870 INFO  manager.ListenerWD -- Exception:NoSuchElementException
20:11:48.870 INFO  manager.ListenerWD -- ***************
20:11:48.872 INFO  manager.ListenerWD -- Messageno such element: Unable to locate element: {"method":"xpath","selector":"//input[@placeholder='Passwordddd']"}
  (Session info: chrome=148.0.7778.179)
For documentation on this error, please visit: https://www.selenium.dev/documentation/webdriver/troubleshooting/errors#no-such-element-exception
Build info: version: '4.26.0', revision: '8ccf0219d7'
System info: os.name: 'Windows 11', os.arch: 'amd64', os.version: '10.0', java.version: '17.0.19'
Driver info: org.openqa.selenium.chrome.ChromeDriver
Command: [9f5849404a63af961f9351081b980b33, findElement {value=//input[@placeholder='Passwordddd'], using=xpath}]
Capabilities {acceptInsecureCerts: false, browserName: chrome, browserVersion: 148.0.7778.179, chrome: {chromedriverVersion: 148.0.7778.178 (d096af1c9e9..., userDataDir: C:\Users\marii\AppData\Loca...}, fedcm:accounts: true, goog:chromeOptions: {debuggerAddress: localhost:58748}, goog:processID: 2184, networkConnectionEnabled: false, pageLoadStrategy: normal, platformName: windows, proxy: Proxy(), se:cdp: ws://localhost:58748/devtoo..., se:cdpVersion: 148.0.7778.179, setWindowRect: true, strictFileInteractability: false, timeouts: {implicit: 0, pageLoad: 300000, script: 30000}, unhandledPromptBehavior: dismiss and notify, webauthn:extension:credBlob: true, webauthn:extension:largeBlob: true, webauthn:extension:minPinLength: true, webauthn:extension:prf: true, webauthn:virtualAuthenticators: true}
Session ID: 9f5849404a63af961f9351081b980b33
20:11:48.873 INFO  manager.ListenerWD -- ***************
20:11:48.873 INFO  manager.ListenerWD -- Messagenull
20:11:48.873 INFO  manager.ListenerWD -- ***************
20:11:48.873 INFO  manager.ListenerWD -- Screen with error is--->src/test/screenshots/screen_1544.png
20:11:49.037 INFO  tests.TestBase -- ==============================================
