12:20:30.026 INFO  manager.ApplicationManager -- All tests runs in Chrome Browser
12:20:31.596 INFO  manager.ApplicationManager -- The link --->https://telranedu.web.app/home
12:20:31.691 INFO  tests.TestBase -- Name of method (test) -->loginSuccess
12:20:36.745 INFO  tests.TestBase -- Start test with name 'loginSuccess'
12:20:36.747 INFO  tests.TestBase -- Test data---> email: 'margo@gmail.com' & password: 'Mmar123456$'
12:20:39.750 INFO  tests.TestBase -- Assert check is element button 'Sign out' present
12:20:39.795 INFO  tests.TestBase -- Name of method (test) -->loginSuccess1
12:20:40.006 INFO  tests.TestBase -- Before method finished logout
12:20:41.730 INFO  tests.TestBase -- Name of method (test) -->loginSuccessModel
12:20:41.902 INFO  tests.TestBase -- Before method finished logout
12:20:41.904 INFO  tests.TestBase -- Test data---> email: 'margo@gmail.com' & password: 'Mmar123456$'
12:20:43.413 INFO  tests.TestBase -- Assert check is element button 'Sign out' present
12:20:43.429 INFO  tests.TestBase -- Name of method (test) -->loginUnregisteredUser
12:20:43.588 INFO  tests.TestBase -- Before method finished logout
12:20:43.591 INFO  tests.TestBase -- Test data---> email: 'margo_m@gmail.com' & password: 'Mmar123456$'
12:20:45.898 INFO  tests.TestBase -- Assert check is alert present with error text 'Wrong email or password'
12:20:45.902 INFO  tests.TestBase -- Name of method (test) -->loginWrongEmail
12:20:50.965 INFO  tests.TestBase -- Test data---> email: 'margogmail.com' & password: 'Mmar123456$'
12:20:52.769 INFO  tests.TestBase -- Assert check is alert present with error text 'Wrong email or password'
12:20:52.774 INFO  tests.TestBase -- Name of method (test) -->loginWrongPassword
12:20:57.848 INFO  tests.TestBase -- Test data---> email: 'margo@gmail.com' & password: 'Mmar123'
12:20:59.634 INFO  tests.TestBase -- Assert check is alert present with error text 'Wrong email or password'
