20:35:24.486 INFO  manager.ApplicationManager -- All tests runs in Chrome Browser
20:35:25.298 INFO  manager.ApplicationManager -- The link --->https://telranedu.web.app/home
20:35:25.316 INFO  manager.TestNGListener -- Start testing on date -->Thu May 28 20:35:25 IDT 2026
20:35:30.368 INFO  manager.ListenerWD -- Before find element-->By.cssSelector: a[href='/login']
20:35:30.390 INFO  manager.ListenerWD -- After find element-->By.cssSelector: a[href='/login']
20:35:30.398 INFO  manager.ListenerWD -- Location of element-->a
20:35:30.414 INFO  manager.ListenerWD -- Before click element -->atext-->LOGIN
20:35:30.479 INFO  manager.ListenerWD -- After click element -->a
20:35:30.479 INFO  manager.HelperBase -- open form by click on button with locator a[href='/login']
20:35:30.480 INFO  manager.ListenerWD -- Before find element-->By.name: email
20:35:30.504 INFO  manager.ListenerWD -- After find element-->By.name: email
20:35:30.510 INFO  manager.ListenerWD -- Location of element-->input
20:35:30.527 INFO  manager.ListenerWD -- Before click element -->inputtext-->
20:35:30.584 INFO  manager.ListenerWD -- After click element -->input
20:35:30.610 INFO  manager.ListenerWD -- sendKeyds-->
20:35:30.617 INFO  manager.ListenerWD -- sendKeyds_TagName-->input
20:35:30.655 INFO  manager.ListenerWD -- sendKeyds-->
20:35:30.661 INFO  manager.ListenerWD -- sendKeyds_TagName-->input
20:35:30.687 INFO  manager.ListenerWD -- sendKeyds-->
20:35:30.694 INFO  manager.ListenerWD -- sendKeyds_TagName-->input
20:35:30.720 INFO  manager.ListenerWD -- Before find element-->By.xpath: //input[@placeholder='Password']
20:35:30.744 INFO  manager.ListenerWD -- After find element-->By.xpath: //input[@placeholder='Password']
20:35:30.750 INFO  manager.ListenerWD -- Location of element-->input
20:35:30.760 INFO  manager.ListenerWD -- Before click element -->inputtext-->
20:35:30.806 INFO  manager.ListenerWD -- After click element -->input
20:35:30.830 INFO  manager.ListenerWD -- sendKeyds-->
20:35:30.837 INFO  manager.ListenerWD -- sendKeyds_TagName-->input
20:35:30.860 INFO  manager.ListenerWD -- sendKeyds-->
20:35:30.866 INFO  manager.ListenerWD -- sendKeyds_TagName-->input
20:35:30.890 INFO  manager.ListenerWD -- sendKeyds-->
20:35:30.896 INFO  manager.ListenerWD -- sendKeyds_TagName-->input
20:35:30.924 INFO  manager.ListenerWD -- Before find element-->By.xpath: //button[text()='Login']
20:35:30.944 INFO  manager.ListenerWD -- After find element-->By.xpath: //button[text()='Login']
20:35:30.950 INFO  manager.ListenerWD -- Location of element-->button
20:35:30.965 INFO  manager.ListenerWD -- Before click element -->buttontext-->Login
20:35:31.037 INFO  tests.TestBase -- Name of method (test) -->addNewContactSuccessAllFields
20:35:31.039 INFO  manager.TestNGListener -- Start test -->addNewContactSuccessAllFields
20:35:31.046 INFO  manager.ListenerWD -- Before find element-->By.cssSelector: a[href='/add']
20:35:31.996 INFO  manager.ListenerWD -- After find element-->By.cssSelector: a[href='/add']
20:35:32.002 INFO  manager.ListenerWD -- Location of element-->a
20:35:32.015 INFO  manager.ListenerWD -- Before click element -->atext-->ADD
20:35:32.070 INFO  manager.ListenerWD -- After click element -->a
20:35:32.071 INFO  manager.ListenerWD -- Before find element-->By.cssSelector: [placeholder='Name']
20:35:32.091 INFO  manager.ListenerWD -- After find element-->By.cssSelector: [placeholder='Name']
20:35:32.097 INFO  manager.ListenerWD -- Location of element-->input
20:35:32.108 INFO  manager.ListenerWD -- Before click element -->inputtext-->
20:35:32.159 INFO  manager.ListenerWD -- After click element -->input
20:35:32.183 INFO  manager.ListenerWD -- sendKeyds-->
20:35:32.188 INFO  manager.ListenerWD -- sendKeyds_TagName-->input
20:35:32.217 INFO  manager.ListenerWD -- sendKeyds-->
20:35:32.221 INFO  manager.ListenerWD -- sendKeyds_TagName-->input
20:35:32.251 INFO  manager.ListenerWD -- sendKeyds-->
20:35:32.259 INFO  manager.ListenerWD -- sendKeyds_TagName-->input
20:35:32.285 INFO  manager.ListenerWD -- Before find element-->By.cssSelector: [placeholder='Last Name']
20:35:32.306 INFO  manager.ListenerWD -- After find element-->By.cssSelector: [placeholder='Last Name']
20:35:32.312 INFO  manager.ListenerWD -- Location of element-->input
20:35:32.324 INFO  manager.ListenerWD -- Before click element -->inputtext-->
20:35:32.367 INFO  manager.ListenerWD -- After click element -->input
20:35:32.394 INFO  manager.ListenerWD -- sendKeyds-->
20:35:32.400 INFO  manager.ListenerWD -- sendKeyds_TagName-->input
20:35:32.431 INFO  manager.ListenerWD -- sendKeyds-->
20:35:32.437 INFO  manager.ListenerWD -- sendKeyds_TagName-->input
20:35:32.466 INFO  manager.ListenerWD -- sendKeyds-->
20:35:32.473 INFO  manager.ListenerWD -- sendKeyds_TagName-->input
20:35:32.495 INFO  manager.ListenerWD -- Before find element-->By.cssSelector: [placeholder='Phone']
20:35:32.512 INFO  manager.ListenerWD -- After find element-->By.cssSelector: [placeholder='Phone']
20:35:32.519 INFO  manager.ListenerWD -- Location of element-->input
20:35:32.530 INFO  manager.ListenerWD -- Before click element -->inputtext-->
20:35:32.572 INFO  manager.ListenerWD -- After click element -->input
20:35:32.598 INFO  manager.ListenerWD -- sendKeyds-->
20:35:32.601 INFO  manager.ListenerWD -- sendKeyds_TagName-->input
20:35:32.630 INFO  manager.ListenerWD -- sendKeyds-->
20:35:32.636 INFO  manager.ListenerWD -- sendKeyds_TagName-->input
20:35:32.665 INFO  manager.ListenerWD -- sendKeyds-->
20:35:32.670 INFO  manager.ListenerWD -- sendKeyds_TagName-->input
20:35:32.702 INFO  manager.ListenerWD -- Before find element-->By.cssSelector: [placeholder='email']
20:35:32.725 INFO  manager.ListenerWD -- After find element-->By.cssSelector: [placeholder='email']
20:35:32.732 INFO  manager.ListenerWD -- Location of element-->input
20:35:32.746 INFO  manager.ListenerWD -- Before click element -->inputtext-->
20:35:32.790 INFO  manager.ListenerWD -- After click element -->input
20:35:32.813 INFO  manager.ListenerWD -- sendKeyds-->
20:35:32.818 INFO  manager.ListenerWD -- sendKeyds_TagName-->input
20:35:32.845 INFO  manager.ListenerWD -- sendKeyds-->
20:35:32.850 INFO  manager.ListenerWD -- sendKeyds_TagName-->input
20:35:32.877 INFO  manager.ListenerWD -- sendKeyds-->
20:35:32.883 INFO  manager.ListenerWD -- sendKeyds_TagName-->input
20:35:32.918 INFO  manager.ListenerWD -- Before find element-->By.cssSelector: [placeholder='Address']
20:35:32.935 INFO  manager.ListenerWD -- After find element-->By.cssSelector: [placeholder='Address']
20:35:32.942 INFO  manager.ListenerWD -- Location of element-->input
20:35:32.955 INFO  manager.ListenerWD -- Before click element -->inputtext-->
20:35:33.004 INFO  manager.ListenerWD -- After click element -->input
20:35:33.031 INFO  manager.ListenerWD -- sendKeyds-->
20:35:33.037 INFO  manager.ListenerWD -- sendKeyds_TagName-->input
20:35:33.064 INFO  manager.ListenerWD -- sendKeyds-->
20:35:33.069 INFO  manager.ListenerWD -- sendKeyds_TagName-->input
20:35:33.096 INFO  manager.ListenerWD -- sendKeyds-->
20:35:33.102 INFO  manager.ListenerWD -- sendKeyds_TagName-->input
20:35:33.129 INFO  manager.ListenerWD -- Before find element-->By.cssSelector: [placeholder='description']
20:35:33.146 INFO  manager.ListenerWD -- After find element-->By.cssSelector: [placeholder='description']
20:35:33.152 INFO  manager.ListenerWD -- Location of element-->input
20:35:33.163 INFO  manager.ListenerWD -- Before click element -->inputtext-->
20:35:33.209 INFO  manager.ListenerWD -- After click element -->input
20:35:33.236 INFO  manager.ListenerWD -- sendKeyds-->
20:35:33.240 INFO  manager.ListenerWD -- sendKeyds_TagName-->input
20:35:33.268 INFO  manager.ListenerWD -- sendKeyds-->
20:35:33.273 INFO  manager.ListenerWD -- sendKeyds_TagName-->input
20:35:33.303 INFO  manager.ListenerWD -- sendKeyds-->
20:35:33.308 INFO  manager.ListenerWD -- sendKeyds_TagName-->input
20:35:33.553 INFO  manager.ListenerWD -- Before find element-->By.cssSelector: .add_form__2rsm2>button
20:35:33.569 INFO  manager.ListenerWD -- After find element-->By.cssSelector: .add_form__2rsm2>button
20:35:33.577 INFO  manager.ListenerWD -- Location of element-->button
20:35:33.588 INFO  manager.ListenerWD -- Before click element -->buttontext-->Save
20:35:33.632 INFO  manager.ListenerWD -- After click element -->button
20:35:42.404 INFO  manager.TestNGListener -- Success test -->addNewContactSuccessAllFields
20:35:42.405 INFO  tests.TestBase -- ==============================================
20:35:42.406 INFO  tests.TestBase -- Name of method (test) -->addNewContactSuccessAllFields
20:35:42.407 INFO  manager.TestNGListener -- Start test -->addNewContactSuccessAllFields
20:35:42.407 INFO  manager.ListenerWD -- Before find element-->By.cssSelector: a[href='/add']
20:35:42.418 INFO  manager.ListenerWD -- After find element-->By.cssSelector: a[href='/add']
20:35:42.422 INFO  manager.ListenerWD -- Location of element-->a
20:35:42.437 INFO  manager.ListenerWD -- Before click element -->atext-->ADD
20:35:42.499 INFO  manager.ListenerWD -- After click element -->a
20:35:42.499 INFO  manager.ListenerWD -- Before find element-->By.cssSelector: [placeholder='Name']
20:35:42.511 INFO  manager.ListenerWD -- After find element-->By.cssSelector: [placeholder='Name']
20:35:42.516 INFO  manager.ListenerWD -- Location of element-->input
20:35:42.530 INFO  manager.ListenerWD -- Before click element -->inputtext-->
20:35:42.592 INFO  manager.ListenerWD -- After click element -->input
20:35:42.628 INFO  manager.ListenerWD -- sendKeyds-->
20:35:42.634 INFO  manager.ListenerWD -- sendKeyds_TagName-->input
20:35:42.669 INFO  manager.ListenerWD -- sendKeyds-->
20:35:42.676 INFO  manager.ListenerWD -- sendKeyds_TagName-->input
20:35:42.708 INFO  manager.ListenerWD -- sendKeyds-->
20:35:42.713 INFO  manager.ListenerWD -- sendKeyds_TagName-->input
20:35:42.742 INFO  manager.ListenerWD -- Before find element-->By.cssSelector: [placeholder='Last Name']
20:35:42.752 INFO  manager.ListenerWD -- After find element-->By.cssSelector: [placeholder='Last Name']
20:35:42.758 INFO  manager.ListenerWD -- Location of element-->input
20:35:42.772 INFO  manager.ListenerWD -- Before click element -->inputtext-->
20:35:42.832 INFO  manager.ListenerWD -- After click element -->input
20:35:42.862 INFO  manager.ListenerWD -- sendKeyds-->
20:35:42.867 INFO  manager.ListenerWD -- sendKeyds_TagName-->input
20:35:42.905 INFO  manager.ListenerWD -- sendKeyds-->
20:35:42.911 INFO  manager.ListenerWD -- sendKeyds_TagName-->input
20:35:42.945 INFO  manager.ListenerWD -- sendKeyds-->
20:35:42.951 INFO  manager.ListenerWD -- sendKeyds_TagName-->input
20:35:42.976 INFO  manager.ListenerWD -- Before find element-->By.cssSelector: [placeholder='Phone']
20:35:42.988 INFO  manager.ListenerWD -- After find element-->By.cssSelector: [placeholder='Phone']
20:35:42.994 INFO  manager.ListenerWD -- Location of element-->input
20:35:43.007 INFO  manager.ListenerWD -- Before click element -->inputtext-->
20:35:43.072 INFO  manager.ListenerWD -- After click element -->input
20:35:43.108 INFO  manager.ListenerWD -- sendKeyds-->
20:35:43.115 INFO  manager.ListenerWD -- sendKeyds_TagName-->input
20:35:43.156 INFO  manager.ListenerWD -- sendKeyds-->
20:35:43.164 INFO  manager.ListenerWD -- sendKeyds_TagName-->input
20:35:43.208 INFO  manager.ListenerWD -- sendKeyds-->
20:35:43.215 INFO  manager.ListenerWD -- sendKeyds_TagName-->input
20:35:43.267 INFO  manager.ListenerWD -- Before find element-->By.cssSelector: [placeholder='email']
20:35:43.281 INFO  manager.ListenerWD -- After find element-->By.cssSelector: [placeholder='email']
20:35:43.286 INFO  manager.ListenerWD -- Location of element-->input
20:35:43.300 INFO  manager.ListenerWD -- Before click element -->inputtext-->
20:35:43.363 INFO  manager.ListenerWD -- After click element -->input
20:35:43.402 INFO  manager.ListenerWD -- sendKeyds-->
20:35:43.409 INFO  manager.ListenerWD -- sendKeyds_TagName-->input
20:35:43.448 INFO  manager.ListenerWD -- sendKeyds-->
20:35:43.454 INFO  manager.ListenerWD -- sendKeyds_TagName-->input
20:35:43.491 INFO  manager.ListenerWD -- sendKeyds-->
20:35:43.496 INFO  manager.ListenerWD -- sendKeyds_TagName-->input
20:35:43.529 INFO  manager.ListenerWD -- Before find element-->By.cssSelector: [placeholder='Address']
20:35:43.539 INFO  manager.ListenerWD -- After find element-->By.cssSelector: [placeholder='Address']
20:35:43.545 INFO  manager.ListenerWD -- Location of element-->input
20:35:43.559 INFO  manager.ListenerWD -- Before click element -->inputtext-->
20:35:43.637 INFO  manager.ListenerWD -- After click element -->input
20:35:43.670 INFO  manager.ListenerWD -- sendKeyds-->
20:35:43.677 INFO  manager.ListenerWD -- sendKeyds_TagName-->input
20:35:43.712 INFO  manager.ListenerWD -- sendKeyds-->
20:35:43.717 INFO  manager.ListenerWD -- sendKeyds_TagName-->input
20:35:43.750 INFO  manager.ListenerWD -- sendKeyds-->
20:35:43.755 INFO  manager.ListenerWD -- sendKeyds_TagName-->input
20:35:43.785 INFO  manager.ListenerWD -- Before find element-->By.cssSelector: [placeholder='description']
20:35:43.797 INFO  manager.ListenerWD -- After find element-->By.cssSelector: [placeholder='description']
20:35:43.801 INFO  manager.ListenerWD -- Location of element-->input
20:35:43.814 INFO  manager.ListenerWD -- Before click element -->inputtext-->
20:35:43.895 INFO  manager.ListenerWD -- After click element -->input
20:35:43.928 INFO  manager.ListenerWD -- sendKeyds-->
20:35:43.932 INFO  manager.ListenerWD -- sendKeyds_TagName-->input
20:35:43.971 INFO  manager.ListenerWD -- sendKeyds-->
20:35:43.976 INFO  manager.ListenerWD -- sendKeyds_TagName-->input
20:35:44.247 INFO  manager.ListenerWD -- Before find element-->By.cssSelector: .add_form__2rsm2>button
20:35:44.257 INFO  manager.ListenerWD -- After find element-->By.cssSelector: .add_form__2rsm2>button
20:35:44.262 INFO  manager.ListenerWD -- Location of element-->button
20:35:44.273 INFO  manager.ListenerWD -- Before click element -->buttontext-->Save
20:35:44.320 INFO  manager.ListenerWD -- After click element -->button
20:35:51.323 INFO  manager.TestNGListener -- Success test -->addNewContactSuccessAllFields
20:35:51.324 INFO  tests.TestBase -- ==============================================
20:35:51.327 INFO  manager.TestNGListener -- Stop testing on date -->Thu May 28 20:35:51 IDT 2026
