20:45:08.882 INFO  manager.ApplicationManager -- All tests runs in Chrome Browser
20:45:09.908 INFO  manager.ApplicationManager -- The link --->https://telranedu.web.app/home
20:45:09.937 INFO  manager.TestNGListener -- Start testing on date -->Thu Jun 04 20:45:09 IDT 2026
20:45:09.995 INFO  tests.TestBase -- Name of method (test) -->loginSuccess1
20:45:15.060 INFO  manager.TestNGListener -- Start test -->loginSuccess1
20:45:15.062 INFO  manager.ListenerWD -- Before find element-->By.cssSelector: a[href='/login']
20:45:15.114 INFO  manager.ListenerWD -- After find element-->By.cssSelector: a[href='/login']
20:45:15.130 INFO  manager.ListenerWD -- Location of element-->a
20:45:15.172 INFO  manager.ListenerWD -- Before click element -->atext-->LOGIN
20:45:15.330 INFO  manager.ListenerWD -- After click element -->a
20:45:15.331 INFO  manager.HelperBase -- open form by click on button with locator a[href='/login']
20:45:15.332 INFO  manager.ListenerWD -- Before find element-->By.name: email
20:45:15.378 INFO  manager.ListenerWD -- After find element-->By.name: email
20:45:15.392 INFO  manager.ListenerWD -- Location of element-->input
20:45:15.418 INFO  manager.ListenerWD -- Before click element -->inputtext-->
20:45:15.538 INFO  manager.ListenerWD -- After click element -->input
20:45:15.607 INFO  manager.ListenerWD -- sendKeyds-->
20:45:15.618 INFO  manager.ListenerWD -- sendKeyds_TagName-->input
20:45:15.709 INFO  manager.ListenerWD -- sendKeyds-->
20:45:15.720 INFO  manager.ListenerWD -- sendKeyds_TagName-->input
20:45:15.782 INFO  manager.ListenerWD -- sendKeyds-->
20:45:15.792 INFO  manager.ListenerWD -- sendKeyds_TagName-->input
20:45:15.862 INFO  manager.ListenerWD -- Before find element-->By.xpath: //input[@placeholder='Password']
20:45:15.904 INFO  manager.ListenerWD -- After find element-->By.xpath: //input[@placeholder='Password']
20:45:15.922 INFO  manager.ListenerWD -- Location of element-->input
20:45:15.947 INFO  manager.ListenerWD -- Before click element -->inputtext-->
20:45:16.049 INFO  manager.ListenerWD -- After click element -->input
20:45:16.108 INFO  manager.ListenerWD -- sendKeyds-->
20:45:16.119 INFO  manager.ListenerWD -- sendKeyds_TagName-->input
20:45:16.178 INFO  manager.ListenerWD -- sendKeyds-->
20:45:16.189 INFO  manager.ListenerWD -- sendKeyds_TagName-->input
20:45:16.248 INFO  manager.ListenerWD -- sendKeyds-->
20:45:16.257 INFO  manager.ListenerWD -- sendKeyds_TagName-->input
20:45:16.320 INFO  manager.ListenerWD -- Before find element-->By.xpath: //button[text()='Login']
20:45:16.365 INFO  manager.ListenerWD -- After find element-->By.xpath: //button[text()='Login']
20:45:16.376 INFO  manager.ListenerWD -- Location of element-->button
20:45:16.402 INFO  manager.ListenerWD -- Before click element -->buttontext-->Login
20:45:17.772 INFO  manager.TestNGListener -- Success test -->loginSuccess1
20:45:17.774 INFO  tests.TestBase -- ==============================================
20:45:17.781 INFO  tests.TestBase -- Name of method (test) -->loginWrongEmail
20:45:17.823 INFO  manager.ListenerWD -- Before find element-->By.xpath: //button[text()='Sign Out']
20:45:17.867 INFO  manager.ListenerWD -- After find element-->By.xpath: //button[text()='Sign Out']
20:45:17.883 INFO  manager.ListenerWD -- Location of element-->button
20:45:17.914 INFO  manager.ListenerWD -- Before click element -->buttontext-->Sign Out
20:45:18.046 INFO  tests.TestBase -- Before method finished logout
20:45:18.048 INFO  manager.TestNGListener -- Start test -->loginWrongEmail
20:45:18.049 INFO  tests.TestBase -- Test data---> email: 'margogmail.com' & password: 'Mmar123456$'
20:45:18.050 INFO  manager.ListenerWD -- Before find element-->By.cssSelector: a[href='/login']
20:45:18.090 INFO  manager.ListenerWD -- After find element-->By.cssSelector: a[href='/login']
20:45:18.103 INFO  manager.ListenerWD -- Location of element-->a
20:45:18.126 INFO  manager.ListenerWD -- Before click element -->atext-->LOGIN
20:45:18.235 INFO  manager.ListenerWD -- After click element -->a
20:45:18.236 INFO  manager.HelperBase -- open form by click on button with locator a[href='/login']
20:45:18.237 INFO  manager.ListenerWD -- Before find element-->By.name: email
20:45:18.267 INFO  manager.ListenerWD -- After find element-->By.name: email
20:45:18.279 INFO  manager.ListenerWD -- Location of element-->input
20:45:18.304 INFO  manager.ListenerWD -- Before click element -->inputtext-->
20:45:18.410 INFO  manager.ListenerWD -- After click element -->input
20:45:18.466 INFO  manager.ListenerWD -- sendKeyds-->
20:45:18.479 INFO  manager.ListenerWD -- sendKeyds_TagName-->input
20:45:18.540 INFO  manager.ListenerWD -- sendKeyds-->
20:45:18.550 INFO  manager.ListenerWD -- sendKeyds_TagName-->input
20:45:18.610 INFO  manager.ListenerWD -- sendKeyds-->
20:45:18.622 INFO  manager.ListenerWD -- sendKeyds_TagName-->input
20:45:18.682 INFO  manager.HelperBase -- type in input with locator By.name("email") 
20:45:18.684 INFO  manager.ListenerWD -- Before find element-->By.xpath: //input[@placeholder='Password']
20:45:18.705 INFO  manager.ListenerWD -- After find element-->By.xpath: //input[@placeholder='Password']
20:45:18.715 INFO  manager.ListenerWD -- Location of element-->input
20:45:18.737 INFO  manager.ListenerWD -- Before click element -->inputtext-->
20:45:18.840 INFO  manager.ListenerWD -- After click element -->input
20:45:18.905 INFO  manager.ListenerWD -- sendKeyds-->
20:45:18.920 INFO  manager.ListenerWD -- sendKeyds_TagName-->input
20:45:18.983 INFO  manager.ListenerWD -- sendKeyds-->
20:45:18.992 INFO  manager.ListenerWD -- sendKeyds_TagName-->input
20:45:19.064 INFO  manager.ListenerWD -- sendKeyds-->
20:45:19.076 INFO  manager.ListenerWD -- sendKeyds_TagName-->input
20:45:19.137 INFO  manager.ListenerWD -- Before find element-->By.xpath: //button[text()='Login']
20:45:19.168 INFO  manager.ListenerWD -- After find element-->By.xpath: //button[text()='Login']
20:45:19.180 INFO  manager.ListenerWD -- Location of element-->button
20:45:19.206 INFO  manager.ListenerWD -- Before click element -->buttontext-->Login
20:45:19.326 INFO  manager.ListenerWD -- Huston, we have a problem!
20:45:19.327 INFO  manager.ListenerWD -- Failed method:alert
20:45:19.327 INFO  manager.ListenerWD -- ***************
20:45:19.328 INFO  manager.ListenerWD -- Arguments:null
20:45:19.328 INFO  manager.ListenerWD -- ***************
20:45:19.328 INFO  manager.ListenerWD -- Exception:NoAlertPresentException
20:45:19.328 INFO  manager.ListenerWD -- ***************
20:45:19.329 INFO  manager.ListenerWD -- Messageno such alert
  (Session info: chrome=148.0.7778.179)
Build info: version: '4.26.0', revision: '8ccf0219d7'
System info: os.name: 'Windows 11', os.arch: 'amd64', os.version: '10.0', java.version: '17.0.12'
Driver info: org.openqa.selenium.chrome.ChromeDriver
Command: [a76acf32566e12e3796fdd4fed078b35, getAlertText {}]
Capabilities {acceptInsecureCerts: false, browserName: chrome, browserVersion: 148.0.7778.179, chrome: {chromedriverVersion: 148.0.7778.178 (d096af1c9e9..., userDataDir: C:\Users\marii\AppData\Loca...}, fedcm:accounts: true, goog:chromeOptions: {debuggerAddress: localhost:63565}, goog:processID: 13764, networkConnectionEnabled: false, pageLoadStrategy: normal, platformName: windows, proxy: Proxy(), se:cdp: ws://localhost:63565/devtoo..., se:cdpVersion: 148.0.7778.179, setWindowRect: true, strictFileInteractability: false, timeouts: {implicit: 0, pageLoad: 300000, script: 30000}, unhandledPromptBehavior: dismiss and notify, webauthn:extension:credBlob: true, webauthn:extension:largeBlob: true, webauthn:extension:minPinLength: true, webauthn:extension:prf: true, webauthn:virtualAuthenticators: true}
Session ID: a76acf32566e12e3796fdd4fed078b35
20:45:19.329 INFO  manager.ListenerWD -- ***************
20:45:19.329 INFO  manager.ListenerWD -- ***************
20:45:19.330 INFO  manager.ListenerWD -- Screen with error is--->src/test/screenshots/screen_1051.png
20:45:19.886 INFO  tests.TestBase -- Assert check is alert present with error text 'Wrong email or password'
20:45:19.887 INFO  manager.TestNGListener -- Success test -->loginWrongEmail
20:45:19.888 INFO  tests.TestBase -- ==============================================
20:45:24.920 INFO  manager.ListenerWD -- Before find element-->By.cssSelector: a[href='/login']
20:45:24.952 INFO  manager.ListenerWD -- After find element-->By.cssSelector: a[href='/login']
20:45:24.964 INFO  manager.ListenerWD -- Location of element-->a
20:45:24.995 INFO  manager.ListenerWD -- Before click element -->atext-->LOGIN
20:45:25.095 INFO  manager.ListenerWD -- After click element -->a
20:45:25.096 INFO  manager.HelperBase -- open form by click on button with locator a[href='/login']
20:45:25.096 INFO  manager.ListenerWD -- Before find element-->By.name: email
20:45:25.128 INFO  manager.ListenerWD -- After find element-->By.name: email
20:45:25.137 INFO  manager.ListenerWD -- Location of element-->input
20:45:25.160 INFO  manager.ListenerWD -- Before click element -->inputtext-->
20:45:25.263 INFO  manager.ListenerWD -- After click element -->input
20:45:25.330 INFO  manager.ListenerWD -- sendKeyds-->
20:45:25.341 INFO  manager.ListenerWD -- sendKeyds_TagName-->input
20:45:25.420 INFO  manager.ListenerWD -- sendKeyds-->
20:45:25.430 INFO  manager.ListenerWD -- sendKeyds_TagName-->input
20:45:25.486 INFO  manager.ListenerWD -- sendKeyds-->
20:45:25.495 INFO  manager.ListenerWD -- sendKeyds_TagName-->input
20:45:25.556 INFO  manager.ListenerWD -- Before find element-->By.xpath: //input[@placeholder='Password']
20:45:25.581 INFO  manager.ListenerWD -- After find element-->By.xpath: //input[@placeholder='Password']
20:45:25.591 INFO  manager.ListenerWD -- Location of element-->input
20:45:25.617 INFO  manager.ListenerWD -- Before click element -->inputtext-->
20:45:25.714 INFO  manager.ListenerWD -- After click element -->input
20:45:25.766 INFO  manager.ListenerWD -- sendKeyds-->
20:45:25.777 INFO  manager.ListenerWD -- sendKeyds_TagName-->input
20:45:25.854 INFO  manager.ListenerWD -- sendKeyds-->
20:45:25.864 INFO  manager.ListenerWD -- sendKeyds_TagName-->input
20:45:25.920 INFO  manager.ListenerWD -- sendKeyds-->
20:45:25.928 INFO  manager.ListenerWD -- sendKeyds_TagName-->input
20:45:25.979 INFO  manager.ListenerWD -- Before find element-->By.xpath: //button[text()='Login']
20:45:26.002 INFO  manager.ListenerWD -- After find element-->By.xpath: //button[text()='Login']
20:45:26.011 INFO  manager.ListenerWD -- Location of element-->button
20:45:26.040 INFO  manager.ListenerWD -- Before click element -->buttontext-->Login
20:45:26.151 INFO  tests.TestBase -- Name of method (test) -->addNewContactSuccessRequiredFields
20:45:26.152 INFO  manager.TestNGListener -- Start test -->addNewContactSuccessRequiredFields
20:45:26.154 INFO  manager.ListenerWD -- Before find element-->By.cssSelector: a[href='/add']
20:45:26.577 INFO  manager.ListenerWD -- After find element-->By.cssSelector: a[href='/add']
20:45:26.587 INFO  manager.ListenerWD -- Location of element-->a
20:45:26.610 INFO  manager.ListenerWD -- Before click element -->atext-->ADD
20:45:26.715 INFO  manager.ListenerWD -- After click element -->a
20:45:26.716 INFO  manager.ListenerWD -- Before find element-->By.cssSelector: [placeholder='Name']
20:45:26.747 INFO  manager.ListenerWD -- After find element-->By.cssSelector: [placeholder='Name']
20:45:26.759 INFO  manager.ListenerWD -- Location of element-->input
20:45:26.782 INFO  manager.ListenerWD -- Before click element -->inputtext-->
20:45:26.900 INFO  manager.ListenerWD -- After click element -->input
20:45:26.961 INFO  manager.ListenerWD -- sendKeyds-->
20:45:26.976 INFO  manager.ListenerWD -- sendKeyds_TagName-->input
20:45:27.034 INFO  manager.ListenerWD -- sendKeyds-->
20:45:27.044 INFO  manager.ListenerWD -- sendKeyds_TagName-->input
20:45:27.119 INFO  manager.ListenerWD -- sendKeyds-->
20:45:27.131 INFO  manager.ListenerWD -- sendKeyds_TagName-->input
20:45:27.190 INFO  manager.ListenerWD -- Before find element-->By.cssSelector: [placeholder='Last Name']
20:45:27.220 INFO  manager.ListenerWD -- After find element-->By.cssSelector: [placeholder='Last Name']
20:45:27.230 INFO  manager.ListenerWD -- Location of element-->input
20:45:27.254 INFO  manager.ListenerWD -- Before click element -->inputtext-->
20:45:27.356 INFO  manager.ListenerWD -- After click element -->input
20:45:27.412 INFO  manager.ListenerWD -- sendKeyds-->
20:45:27.422 INFO  manager.ListenerWD -- sendKeyds_TagName-->input
20:45:27.477 INFO  manager.ListenerWD -- sendKeyds-->
20:45:27.487 INFO  manager.ListenerWD -- sendKeyds_TagName-->input
20:45:27.554 INFO  manager.ListenerWD -- sendKeyds-->
20:45:27.564 INFO  manager.ListenerWD -- sendKeyds_TagName-->input
20:45:27.619 INFO  manager.ListenerWD -- Before find element-->By.cssSelector: [placeholder='Phone']
20:45:27.647 INFO  manager.ListenerWD -- After find element-->By.cssSelector: [placeholder='Phone']
20:45:27.658 INFO  manager.ListenerWD -- Location of element-->input
20:45:27.681 INFO  manager.ListenerWD -- Before click element -->inputtext-->
20:45:27.782 INFO  manager.ListenerWD -- After click element -->input
20:45:27.834 INFO  manager.ListenerWD -- sendKeyds-->
20:45:27.844 INFO  manager.ListenerWD -- sendKeyds_TagName-->input
20:45:27.902 INFO  manager.ListenerWD -- sendKeyds-->
20:45:27.911 INFO  manager.ListenerWD -- sendKeyds_TagName-->input
20:45:27.970 INFO  manager.ListenerWD -- sendKeyds-->
20:45:27.981 INFO  manager.ListenerWD -- sendKeyds_TagName-->input
20:45:28.039 INFO  manager.ListenerWD -- Before find element-->By.cssSelector: [placeholder='email']
20:45:28.067 INFO  manager.ListenerWD -- After find element-->By.cssSelector: [placeholder='email']
20:45:28.077 INFO  manager.ListenerWD -- Location of element-->input
20:45:28.106 INFO  manager.ListenerWD -- Before click element -->inputtext-->
20:45:28.214 INFO  manager.ListenerWD -- After click element -->input
20:45:28.269 INFO  manager.ListenerWD -- sendKeyds-->
20:45:28.279 INFO  manager.ListenerWD -- sendKeyds_TagName-->input
20:45:28.345 INFO  manager.ListenerWD -- sendKeyds-->
20:45:28.356 INFO  manager.ListenerWD -- sendKeyds_TagName-->input
20:45:28.421 INFO  manager.ListenerWD -- sendKeyds-->
20:45:28.432 INFO  manager.ListenerWD -- sendKeyds_TagName-->input
20:45:28.490 INFO  manager.ListenerWD -- Before find element-->By.cssSelector: [placeholder='Address']
20:45:28.520 INFO  manager.ListenerWD -- After find element-->By.cssSelector: [placeholder='Address']
20:45:28.530 INFO  manager.ListenerWD -- Location of element-->input
20:45:28.555 INFO  manager.ListenerWD -- Before click element -->inputtext-->
20:45:28.648 INFO  manager.ListenerWD -- After click element -->input
20:45:28.702 INFO  manager.ListenerWD -- sendKeyds-->
20:45:28.711 INFO  manager.ListenerWD -- sendKeyds_TagName-->input
20:45:28.764 INFO  manager.ListenerWD -- sendKeyds-->
20:45:28.772 INFO  manager.ListenerWD -- sendKeyds_TagName-->input
20:45:28.824 INFO  manager.ListenerWD -- sendKeyds-->
20:45:28.834 INFO  manager.ListenerWD -- sendKeyds_TagName-->input
20:45:28.882 INFO  manager.ListenerWD -- Before find element-->By.cssSelector: [placeholder='description']
20:45:28.916 INFO  manager.ListenerWD -- After find element-->By.cssSelector: [placeholder='description']
20:45:28.926 INFO  manager.ListenerWD -- Location of element-->input
20:45:28.951 INFO  manager.ListenerWD -- Before click element -->inputtext-->
20:45:29.058 INFO  manager.ListenerWD -- After click element -->input
20:45:29.118 INFO  manager.ListenerWD -- sendKeyds-->
20:45:29.127 INFO  manager.ListenerWD -- sendKeyds_TagName-->input
20:45:29.179 INFO  manager.ListenerWD -- sendKeyds-->
20:45:29.187 INFO  manager.ListenerWD -- sendKeyds_TagName-->input
20:45:29.220 INFO  manager.ListenerWD -- Before find element-->By.cssSelector: .add_form__2rsm2>button
20:45:29.248 INFO  manager.ListenerWD -- After find element-->By.cssSelector: .add_form__2rsm2>button
20:45:29.258 INFO  manager.ListenerWD -- Location of element-->button
20:45:29.281 INFO  manager.ListenerWD -- Before click element -->buttontext-->Save
20:45:29.369 INFO  manager.ListenerWD -- After click element -->button
20:45:30.564 INFO  manager.TestNGListener -- Success test -->addNewContactSuccessRequiredFields
20:45:30.566 INFO  tests.TestBase -- ==============================================
20:45:30.569 INFO  tests.TestBase -- Name of method (test) -->registrationSuccess
20:45:30.604 INFO  manager.ListenerWD -- Before find element-->By.xpath: //button[text()='Sign Out']
20:45:30.636 INFO  manager.ListenerWD -- After find element-->By.xpath: //button[text()='Sign Out']
20:45:30.644 INFO  manager.ListenerWD -- Location of element-->button
20:45:30.664 INFO  manager.ListenerWD -- Before click element -->buttontext-->Sign Out
20:45:30.771 INFO  manager.TestNGListener -- Start test -->registrationSuccess
20:45:30.772 INFO  manager.ListenerWD -- Before find element-->By.cssSelector: a[href='/login']
20:45:30.801 INFO  manager.ListenerWD -- After find element-->By.cssSelector: a[href='/login']
20:45:30.810 INFO  manager.ListenerWD -- Location of element-->a
20:45:30.836 INFO  manager.ListenerWD -- Before click element -->atext-->LOGIN
20:45:30.940 INFO  manager.ListenerWD -- After click element -->a
20:45:30.941 INFO  manager.HelperBase -- open form by click on button with locator a[href='/login']
20:45:30.941 INFO  manager.ListenerWD -- Before find element-->By.name: email
20:45:30.972 INFO  manager.ListenerWD -- After find element-->By.name: email
20:45:30.982 INFO  manager.ListenerWD -- Location of element-->input
20:45:31.004 INFO  manager.ListenerWD -- Before click element -->inputtext-->
20:45:31.113 INFO  manager.ListenerWD -- After click element -->input
20:45:31.171 INFO  manager.ListenerWD -- sendKeyds-->
20:45:31.179 INFO  manager.ListenerWD -- sendKeyds_TagName-->input
20:45:31.232 INFO  manager.ListenerWD -- sendKeyds-->
20:45:31.241 INFO  manager.ListenerWD -- sendKeyds_TagName-->input
20:45:31.299 INFO  manager.ListenerWD -- sendKeyds-->
20:45:31.309 INFO  manager.ListenerWD -- sendKeyds_TagName-->input
20:45:31.368 INFO  manager.ListenerWD -- Before find element-->By.xpath: //input[@placeholder='Password']
20:45:31.399 INFO  manager.ListenerWD -- After find element-->By.xpath: //input[@placeholder='Password']
20:45:31.409 INFO  manager.ListenerWD -- Location of element-->input
20:45:31.433 INFO  manager.ListenerWD -- Before click element -->inputtext-->
20:45:31.529 INFO  manager.ListenerWD -- After click element -->input
20:45:31.595 INFO  manager.ListenerWD -- sendKeyds-->
20:45:31.610 INFO  manager.ListenerWD -- sendKeyds_TagName-->input
20:45:31.666 INFO  manager.ListenerWD -- sendKeyds-->
20:45:31.675 INFO  manager.ListenerWD -- sendKeyds_TagName-->input
20:45:31.729 INFO  manager.ListenerWD -- sendKeyds-->
20:45:31.737 INFO  manager.ListenerWD -- sendKeyds_TagName-->input
20:45:31.785 INFO  manager.ListenerWD -- Before find element-->By.xpath: //button[text()='Registration']
20:45:31.812 INFO  manager.ListenerWD -- After find element-->By.xpath: //button[text()='Registration']
20:45:31.822 INFO  manager.ListenerWD -- Location of element-->button
20:45:31.846 INFO  manager.ListenerWD -- Before click element -->buttontext-->Registration
20:45:32.492 INFO  manager.ListenerWD -- Before find element-->By.cssSelector: .contact-page_message__2qafk>h1
20:45:32.659 INFO  manager.ListenerWD -- After find element-->By.cssSelector: .contact-page_message__2qafk>h1
20:45:32.670 INFO  manager.ListenerWD -- Location of element-->h1
20:45:32.700 INFO  manager.TestNGListener -- Success test -->registrationSuccess
20:45:32.701 INFO  tests.TestBase -- ==============================================
20:45:32.704 INFO  tests.TestBase -- Name of method (test) -->registrationWrongEmail
20:45:32.731 INFO  manager.ListenerWD -- Before find element-->By.xpath: //button[text()='Sign Out']
20:45:32.751 INFO  manager.ListenerWD -- After find element-->By.xpath: //button[text()='Sign Out']
20:45:32.760 INFO  manager.ListenerWD -- Location of element-->button
20:45:32.782 INFO  manager.ListenerWD -- Before click element -->buttontext-->Sign Out
20:45:32.881 INFO  manager.TestNGListener -- Start test -->registrationWrongEmail
20:45:32.882 INFO  manager.ListenerWD -- Before find element-->By.cssSelector: a[href='/login']
20:45:32.904 INFO  manager.ListenerWD -- After find element-->By.cssSelector: a[href='/login']
20:45:32.918 INFO  manager.ListenerWD -- Location of element-->a
20:45:32.943 INFO  manager.ListenerWD -- Before click element -->atext-->LOGIN
20:45:33.048 INFO  manager.ListenerWD -- After click element -->a
20:45:33.048 INFO  manager.HelperBase -- open form by click on button with locator a[href='/login']
20:45:33.049 INFO  manager.ListenerWD -- Before find element-->By.name: email
20:45:33.074 INFO  manager.ListenerWD -- After find element-->By.name: email
20:45:33.083 INFO  manager.ListenerWD -- Location of element-->input
20:45:33.112 INFO  manager.ListenerWD -- Before click element -->inputtext-->
20:45:33.208 INFO  manager.ListenerWD -- After click element -->input
20:45:33.261 INFO  manager.ListenerWD -- sendKeyds-->
20:45:33.268 INFO  manager.ListenerWD -- sendKeyds_TagName-->input
20:45:33.322 INFO  manager.ListenerWD -- sendKeyds-->
20:45:33.332 INFO  manager.ListenerWD -- sendKeyds_TagName-->input
20:45:33.396 INFO  manager.ListenerWD -- sendKeyds-->
20:45:33.406 INFO  manager.ListenerWD -- sendKeyds_TagName-->input
20:45:33.464 INFO  manager.ListenerWD -- Before find element-->By.xpath: //input[@placeholder='Password']
20:45:33.486 INFO  manager.ListenerWD -- After find element-->By.xpath: //input[@placeholder='Password']
20:45:33.495 INFO  manager.ListenerWD -- Location of element-->input
20:45:33.517 INFO  manager.ListenerWD -- Before click element -->inputtext-->
20:45:33.612 INFO  manager.ListenerWD -- After click element -->input
20:45:33.667 INFO  manager.ListenerWD -- sendKeyds-->
20:45:33.676 INFO  manager.ListenerWD -- sendKeyds_TagName-->input
20:45:33.745 INFO  manager.ListenerWD -- sendKeyds-->
20:45:33.754 INFO  manager.ListenerWD -- sendKeyds_TagName-->input
20:45:33.811 INFO  manager.ListenerWD -- sendKeyds-->
20:45:33.820 INFO  manager.ListenerWD -- sendKeyds_TagName-->input
20:45:33.879 INFO  manager.ListenerWD -- Before find element-->By.xpath: //button[text()='Registration']
20:45:33.903 INFO  manager.ListenerWD -- After find element-->By.xpath: //button[text()='Registration']
20:45:33.914 INFO  manager.ListenerWD -- Location of element-->button
20:45:33.938 INFO  manager.ListenerWD -- Before click element -->buttontext-->Registration
20:45:34.042 INFO  manager.ListenerWD -- Huston, we have a problem!
20:45:34.042 INFO  manager.ListenerWD -- Failed method:alert
20:45:34.042 INFO  manager.ListenerWD -- ***************
20:45:34.042 INFO  manager.ListenerWD -- Arguments:null
20:45:34.042 INFO  manager.ListenerWD -- ***************
20:45:34.042 INFO  manager.ListenerWD -- Exception:NoAlertPresentException
20:45:34.042 INFO  manager.ListenerWD -- ***************
20:45:34.042 INFO  manager.ListenerWD -- Messageno such alert
  (Session info: chrome=148.0.7778.179)
Build info: version: '4.26.0', revision: '8ccf0219d7'
System info: os.name: 'Windows 11', os.arch: 'amd64', os.version: '10.0', java.version: '17.0.12'
Driver info: org.openqa.selenium.chrome.ChromeDriver
Command: [a76acf32566e12e3796fdd4fed078b35, getAlertText {}]
Capabilities {acceptInsecureCerts: false, browserName: chrome, browserVersion: 148.0.7778.179, chrome: {chromedriverVersion: 148.0.7778.178 (d096af1c9e9..., userDataDir: C:\Users\marii\AppData\Loca...}, fedcm:accounts: true, goog:chromeOptions: {debuggerAddress: localhost:63565}, goog:processID: 13764, networkConnectionEnabled: false, pageLoadStrategy: normal, platformName: windows, proxy: Proxy(), se:cdp: ws://localhost:63565/devtoo..., se:cdpVersion: 148.0.7778.179, setWindowRect: true, strictFileInteractability: false, timeouts: {implicit: 0, pageLoad: 300000, script: 30000}, unhandledPromptBehavior: dismiss and notify, webauthn:extension:credBlob: true, webauthn:extension:largeBlob: true, webauthn:extension:minPinLength: true, webauthn:extension:prf: true, webauthn:virtualAuthenticators: true}
Session ID: a76acf32566e12e3796fdd4fed078b35
20:45:34.043 INFO  manager.ListenerWD -- ***************
20:45:34.043 INFO  manager.ListenerWD -- ***************
20:45:34.043 INFO  manager.ListenerWD -- Screen with error is--->src/test/screenshots/screen_1278.png
20:45:34.588 INFO  manager.TestNGListener -- Success test -->registrationWrongEmail
20:45:34.589 INFO  tests.TestBase -- ==============================================
20:45:34.594 INFO  tests.TestBase -- Name of method (test) -->removeFirstContact
20:45:39.656 INFO  manager.ListenerWD -- Before find element-->By.cssSelector: a[href='/login']
20:45:39.679 INFO  manager.ListenerWD -- After find element-->By.cssSelector: a[href='/login']
20:45:39.688 INFO  manager.ListenerWD -- Location of element-->a
20:45:39.710 INFO  manager.ListenerWD -- Before click element -->atext-->LOGIN
20:45:39.790 INFO  manager.ListenerWD -- After click element -->a
20:45:39.791 INFO  manager.HelperBase -- open form by click on button with locator a[href='/login']
20:45:39.791 INFO  manager.ListenerWD -- Before find element-->By.name: email
20:45:39.810 INFO  manager.ListenerWD -- After find element-->By.name: email
20:45:39.819 INFO  manager.ListenerWD -- Location of element-->input
20:45:39.841 INFO  manager.ListenerWD -- Before click element -->inputtext-->
20:45:39.942 INFO  manager.ListenerWD -- After click element -->input
20:45:40.000 INFO  manager.ListenerWD -- sendKeyds-->
20:45:40.008 INFO  manager.ListenerWD -- sendKeyds_TagName-->input
20:45:40.082 INFO  manager.ListenerWD -- sendKeyds-->
20:45:40.091 INFO  manager.ListenerWD -- sendKeyds_TagName-->input
20:45:40.146 INFO  manager.ListenerWD -- sendKeyds-->
20:45:40.154 INFO  manager.ListenerWD -- sendKeyds_TagName-->input
20:45:40.200 INFO  manager.ListenerWD -- Before find element-->By.xpath: //input[@placeholder='Password']
20:45:40.222 INFO  manager.ListenerWD -- After find element-->By.xpath: //input[@placeholder='Password']
20:45:40.232 INFO  manager.ListenerWD -- Location of element-->input
20:45:40.254 INFO  manager.ListenerWD -- Before click element -->inputtext-->
20:45:40.348 INFO  manager.ListenerWD -- After click element -->input
20:45:40.395 INFO  manager.ListenerWD -- sendKeyds-->
20:45:40.402 INFO  manager.ListenerWD -- sendKeyds_TagName-->input
20:45:40.475 INFO  manager.ListenerWD -- sendKeyds-->
20:45:40.482 INFO  manager.ListenerWD -- sendKeyds_TagName-->input
20:45:40.531 INFO  manager.ListenerWD -- sendKeyds-->
20:45:40.541 INFO  manager.ListenerWD -- sendKeyds_TagName-->input
20:45:40.584 INFO  manager.ListenerWD -- Before find element-->By.xpath: //button[text()='Login']
20:45:40.614 INFO  manager.ListenerWD -- After find element-->By.xpath: //button[text()='Login']
20:45:40.624 INFO  manager.ListenerWD -- Location of element-->button
20:45:40.647 INFO  manager.ListenerWD -- Before click element -->buttontext-->Login
20:45:41.290 INFO  manager.TestNGListener -- Start test -->removeFirstContact
20:45:41.342 INFO  manager.HelperBase -- Number of Contacts before remove is-->4
20:45:41.342 INFO  manager.ListenerWD -- Before find element-->By.cssSelector: .contact-item_card__2SOIM
20:45:41.369 INFO  manager.ListenerWD -- After find element-->By.cssSelector: .contact-item_card__2SOIM
20:45:41.378 INFO  manager.ListenerWD -- Location of element-->div
20:45:41.403 INFO  manager.ListenerWD -- Before click element -->divtext-->Harry
555667771429
20:45:41.494 INFO  manager.ListenerWD -- After click element -->div
20:45:41.496 INFO  manager.ListenerWD -- Before find element-->By.xpath: //button[text()='Remove']
20:45:41.532 INFO  manager.ListenerWD -- After find element-->By.xpath: //button[text()='Remove']
20:45:41.542 INFO  manager.ListenerWD -- Location of element-->button
20:45:41.565 INFO  manager.ListenerWD -- Before click element -->buttontext-->Remove
20:45:41.653 INFO  manager.ListenerWD -- After click element -->button
20:45:42.699 INFO  manager.HelperBase -- Number of Contacts after remove is-->3
20:45:42.700 INFO  manager.TestNGListener -- Success test -->removeFirstContact
20:45:42.701 INFO  tests.TestBase -- ==============================================
20:45:42.703 INFO  manager.TestNGListener -- Stop testing on date -->Thu Jun 04 20:45:42 IDT 2026
