15:51:21.035 INFO  manager.ApplicationManager -- All tests runs in Chrome Browser
15:51:23.610 INFO  manager.ApplicationManager -- The link --->https://telranedu.web.app/home
15:51:23.648 INFO  manager.TestNGListener -- Start testing on date -->Sun Jun 07 15:51:23 IDT 2026
15:51:23.717 INFO  tests.TestBase -- Name of method (test) -->loginSuccess1
15:51:28.809 INFO  manager.TestNGListener -- Start test -->loginSuccess1
15:51:28.815 INFO  manager.ListenerWD -- Before find element-->By.cssSelector: a[href='/login']
15:51:28.906 INFO  manager.ListenerWD -- After find element-->By.cssSelector: a[href='/login']
15:51:28.927 INFO  manager.ListenerWD -- Location of element-->a
15:51:28.973 INFO  manager.ListenerWD -- Before click element -->atext-->LOGIN
15:51:29.116 INFO  manager.ListenerWD -- After click element -->a
15:51:29.116 INFO  manager.HelperBase -- open form by click on button with locator a[href='/login']
15:51:29.116 INFO  manager.ListenerWD -- Before find element-->By.name: email
15:51:29.177 INFO  manager.ListenerWD -- After find element-->By.name: email
15:51:29.188 INFO  manager.ListenerWD -- Location of element-->input
15:51:29.215 INFO  manager.ListenerWD -- Before click element -->inputtext-->
15:51:29.321 INFO  manager.ListenerWD -- After click element -->input
15:51:29.412 INFO  manager.ListenerWD -- sendKeyds-->
15:51:29.428 INFO  manager.ListenerWD -- sendKeyds_TagName-->input
15:51:29.526 INFO  manager.ListenerWD -- sendKeyds-->
15:51:29.535 INFO  manager.ListenerWD -- sendKeyds_TagName-->input
15:51:29.612 INFO  manager.ListenerWD -- sendKeyds-->
15:51:29.628 INFO  manager.ListenerWD -- sendKeyds_TagName-->input
15:51:29.724 INFO  manager.ListenerWD -- Before find element-->By.xpath: //input[@placeholder='Password']
15:51:29.776 INFO  manager.ListenerWD -- After find element-->By.xpath: //input[@placeholder='Password']
15:51:29.795 INFO  manager.ListenerWD -- Location of element-->input
15:51:29.823 INFO  manager.ListenerWD -- Before click element -->inputtext-->
15:51:29.946 INFO  manager.ListenerWD -- After click element -->input
15:51:30.017 INFO  manager.ListenerWD -- sendKeyds-->
15:51:30.033 INFO  manager.ListenerWD -- sendKeyds_TagName-->input
15:51:30.089 INFO  manager.ListenerWD -- sendKeyds-->
15:51:30.106 INFO  manager.ListenerWD -- sendKeyds_TagName-->input
15:51:30.162 INFO  manager.ListenerWD -- sendKeyds-->
15:51:30.179 INFO  manager.ListenerWD -- sendKeyds_TagName-->input
15:51:30.242 INFO  manager.ListenerWD -- Before find element-->By.xpath: //button[text()='Login']
15:51:30.289 INFO  manager.ListenerWD -- After find element-->By.xpath: //button[text()='Login']
15:51:30.306 INFO  manager.ListenerWD -- Location of element-->button
15:51:30.327 INFO  manager.ListenerWD -- Before click element -->buttontext-->Login
15:51:31.823 INFO  manager.TestNGListener -- Success test -->loginSuccess1
15:51:31.826 INFO  tests.TestBase -- ==============================================
15:51:31.828 INFO  tests.TestBase -- Name of method (test) -->loginWrongEmail
15:51:31.885 INFO  manager.ListenerWD -- Before find element-->By.xpath: //button[text()='Sign Out']
15:51:31.934 INFO  manager.ListenerWD -- After find element-->By.xpath: //button[text()='Sign Out']
15:51:31.950 INFO  manager.ListenerWD -- Location of element-->button
15:51:31.978 INFO  manager.ListenerWD -- Before click element -->buttontext-->Sign Out
15:51:32.093 INFO  tests.TestBase -- Before method finished logout
15:51:32.093 INFO  manager.TestNGListener -- Start test -->loginWrongEmail
15:51:32.093 INFO  tests.TestBase -- Test data---> email: 'margogmail.com' & password: 'Mmar123456$'
15:51:32.098 INFO  manager.ListenerWD -- Before find element-->By.cssSelector: a[href='/login']
15:51:32.142 INFO  manager.ListenerWD -- After find element-->By.cssSelector: a[href='/login']
15:51:32.158 INFO  manager.ListenerWD -- Location of element-->a
15:51:32.190 INFO  manager.ListenerWD -- Before click element -->atext-->LOGIN
15:51:32.287 INFO  manager.ListenerWD -- After click element -->a
15:51:32.287 INFO  manager.HelperBase -- open form by click on button with locator a[href='/login']
15:51:32.287 INFO  manager.ListenerWD -- Before find element-->By.name: email
15:51:32.330 INFO  manager.ListenerWD -- After find element-->By.name: email
15:51:32.345 INFO  manager.ListenerWD -- Location of element-->input
15:51:32.373 INFO  manager.ListenerWD -- Before click element -->inputtext-->
15:51:32.502 INFO  manager.ListenerWD -- After click element -->input
15:51:32.547 INFO  manager.ListenerWD -- sendKeyds-->
15:51:32.565 INFO  manager.ListenerWD -- sendKeyds_TagName-->input
15:51:32.618 INFO  manager.ListenerWD -- sendKeyds-->
15:51:32.629 INFO  manager.ListenerWD -- sendKeyds_TagName-->input
15:51:32.694 INFO  manager.ListenerWD -- sendKeyds-->
15:51:32.711 INFO  manager.ListenerWD -- sendKeyds_TagName-->input
15:51:32.761 INFO  manager.HelperBase -- type in input with locator By.name("email") 
15:51:32.761 INFO  manager.ListenerWD -- Before find element-->By.xpath: //input[@placeholder='Password']
15:51:32.802 INFO  manager.ListenerWD -- After find element-->By.xpath: //input[@placeholder='Password']
15:51:32.812 INFO  manager.ListenerWD -- Location of element-->input
15:51:32.851 INFO  manager.ListenerWD -- Before click element -->inputtext-->
15:51:33.015 INFO  manager.ListenerWD -- After click element -->input
15:51:33.072 INFO  manager.ListenerWD -- sendKeyds-->
15:51:33.087 INFO  manager.ListenerWD -- sendKeyds_TagName-->input
15:51:33.158 INFO  manager.ListenerWD -- sendKeyds-->
15:51:33.170 INFO  manager.ListenerWD -- sendKeyds_TagName-->input
15:51:33.223 INFO  manager.ListenerWD -- sendKeyds-->
15:51:33.227 INFO  manager.ListenerWD -- sendKeyds_TagName-->input
15:51:33.278 INFO  manager.ListenerWD -- Before find element-->By.xpath: //button[text()='Login']
15:51:33.308 INFO  manager.ListenerWD -- After find element-->By.xpath: //button[text()='Login']
15:51:33.319 INFO  manager.ListenerWD -- Location of element-->button
15:51:33.350 INFO  manager.ListenerWD -- Before click element -->buttontext-->Login
15:51:33.481 INFO  manager.ListenerWD -- Huston, we have a problem!
15:51:33.481 INFO  manager.ListenerWD -- Failed method:alert
15:51:33.481 INFO  manager.ListenerWD -- ***************
15:51:33.481 INFO  manager.ListenerWD -- Arguments:null
15:51:33.481 INFO  manager.ListenerWD -- ***************
15:51:33.481 INFO  manager.ListenerWD -- Exception:NoAlertPresentException
15:51:33.481 INFO  manager.ListenerWD -- ***************
15:51:33.481 INFO  manager.ListenerWD -- Messageno such alert
  (Session info: chrome=148.0.7778.179)
Build info: version: '4.26.0', revision: '8ccf0219d7'
System info: os.name: 'Windows 11', os.arch: 'amd64', os.version: '10.0', java.version: '21.0.10'
Driver info: org.openqa.selenium.chrome.ChromeDriver
Command: [aa3eac379c3b0dc781de03df0bdf7fc1, getAlertText {}]
Capabilities {acceptInsecureCerts: false, browserName: chrome, browserVersion: 148.0.7778.179, chrome: {chromedriverVersion: 148.0.7778.178 (d096af1c9e9..., userDataDir: C:\Users\marii\AppData\Loca...}, fedcm:accounts: true, goog:chromeOptions: {debuggerAddress: localhost:51759}, goog:processID: 31964, networkConnectionEnabled: false, pageLoadStrategy: normal, platformName: windows, proxy: Proxy(), se:cdp: ws://localhost:51759/devtoo..., se:cdpVersion: 148.0.7778.179, setWindowRect: true, strictFileInteractability: false, timeouts: {implicit: 0, pageLoad: 300000, script: 30000}, unhandledPromptBehavior: dismiss and notify, webauthn:extension:credBlob: true, webauthn:extension:largeBlob: true, webauthn:extension:minPinLength: true, webauthn:extension:prf: true, webauthn:virtualAuthenticators: true}
Session ID: aa3eac379c3b0dc781de03df0bdf7fc1
15:51:33.481 INFO  manager.ListenerWD -- ***************
15:51:33.483 INFO  manager.ListenerWD -- ***************
15:51:33.483 INFO  manager.ListenerWD -- Screen with error is--->src/test/screenshots/screen_1766.png
15:51:34.046 INFO  tests.TestBase -- Assert check is alert present with error text 'Wrong email or password'
15:51:34.048 INFO  manager.TestNGListener -- Success test -->loginWrongEmail
15:51:34.051 INFO  tests.TestBase -- ==============================================
15:51:39.070 INFO  manager.ListenerWD -- Before find element-->By.cssSelector: a[href='/login']
15:51:39.106 INFO  manager.ListenerWD -- After find element-->By.cssSelector: a[href='/login']
15:51:39.122 INFO  manager.ListenerWD -- Location of element-->a
15:51:39.156 INFO  manager.ListenerWD -- Before click element -->atext-->LOGIN
15:51:39.313 INFO  manager.ListenerWD -- After click element -->a
15:51:39.313 INFO  manager.HelperBase -- open form by click on button with locator a[href='/login']
15:51:39.313 INFO  manager.ListenerWD -- Before find element-->By.name: email
15:51:39.346 INFO  manager.ListenerWD -- After find element-->By.name: email
15:51:39.362 INFO  manager.ListenerWD -- Location of element-->input
15:51:39.404 INFO  manager.ListenerWD -- Before click element -->inputtext-->
15:51:39.543 INFO  manager.ListenerWD -- After click element -->input
15:51:39.616 INFO  manager.ListenerWD -- sendKeyds-->
15:51:39.633 INFO  manager.ListenerWD -- sendKeyds_TagName-->input
15:51:39.787 INFO  manager.ListenerWD -- sendKeyds-->
15:51:39.803 INFO  manager.ListenerWD -- sendKeyds_TagName-->input
15:51:39.878 INFO  manager.ListenerWD -- sendKeyds-->
15:51:39.894 INFO  manager.ListenerWD -- sendKeyds_TagName-->input
15:51:39.977 INFO  manager.ListenerWD -- Before find element-->By.xpath: //input[@placeholder='Password']
15:51:40.012 INFO  manager.ListenerWD -- After find element-->By.xpath: //input[@placeholder='Password']
15:51:40.030 INFO  manager.ListenerWD -- Location of element-->input
15:51:40.060 INFO  manager.ListenerWD -- Before click element -->inputtext-->
15:51:40.203 INFO  manager.ListenerWD -- After click element -->input
15:51:40.277 INFO  manager.ListenerWD -- sendKeyds-->
15:51:40.293 INFO  manager.ListenerWD -- sendKeyds_TagName-->input
15:51:40.382 INFO  manager.ListenerWD -- sendKeyds-->
15:51:40.391 INFO  manager.ListenerWD -- sendKeyds_TagName-->input
15:51:40.478 INFO  manager.ListenerWD -- sendKeyds-->
15:51:40.495 INFO  manager.ListenerWD -- sendKeyds_TagName-->input
15:51:40.560 INFO  manager.ListenerWD -- Before find element-->By.xpath: //button[text()='Login']
15:51:40.593 INFO  manager.ListenerWD -- After find element-->By.xpath: //button[text()='Login']
15:51:40.609 INFO  manager.ListenerWD -- Location of element-->button
15:51:40.639 INFO  manager.ListenerWD -- Before click element -->buttontext-->Login
15:51:40.777 INFO  tests.TestBase -- Name of method (test) -->addNewContactSuccessRequiredFields
15:51:40.777 INFO  manager.TestNGListener -- Start test -->addNewContactSuccessRequiredFields
15:51:40.781 INFO  manager.ListenerWD -- Before find element-->By.cssSelector: a[href='/add']
15:51:41.136 INFO  manager.ListenerWD -- After find element-->By.cssSelector: a[href='/add']
15:51:41.204 INFO  manager.ListenerWD -- Location of element-->a
15:51:41.281 INFO  manager.ListenerWD -- Before click element -->atext-->ADD
15:51:41.676 INFO  manager.ListenerWD -- After click element -->a
15:51:41.676 INFO  manager.ListenerWD -- Before find element-->By.cssSelector: [placeholder='Name']
15:51:41.743 INFO  manager.ListenerWD -- After find element-->By.cssSelector: [placeholder='Name']
15:51:41.773 INFO  manager.ListenerWD -- Location of element-->input
15:51:41.810 INFO  manager.ListenerWD -- Before click element -->inputtext-->
15:51:41.990 INFO  manager.ListenerWD -- After click element -->input
15:51:42.065 INFO  manager.ListenerWD -- sendKeyds-->
15:51:42.076 INFO  manager.ListenerWD -- sendKeyds_TagName-->input
15:51:42.162 INFO  manager.ListenerWD -- sendKeyds-->
15:51:42.177 INFO  manager.ListenerWD -- sendKeyds_TagName-->input
15:51:42.250 INFO  manager.ListenerWD -- sendKeyds-->
15:51:42.267 INFO  manager.ListenerWD -- sendKeyds_TagName-->input
15:51:42.342 INFO  manager.ListenerWD -- Before find element-->By.cssSelector: [placeholder='Last Name']
15:51:42.381 INFO  manager.ListenerWD -- After find element-->By.cssSelector: [placeholder='Last Name']
15:51:42.397 INFO  manager.ListenerWD -- Location of element-->input
15:51:42.434 INFO  manager.ListenerWD -- Before click element -->inputtext-->
15:51:42.568 INFO  manager.ListenerWD -- After click element -->input
15:51:42.642 INFO  manager.ListenerWD -- sendKeyds-->
15:51:42.658 INFO  manager.ListenerWD -- sendKeyds_TagName-->input
15:51:42.732 INFO  manager.ListenerWD -- sendKeyds-->
15:51:42.740 INFO  manager.ListenerWD -- sendKeyds_TagName-->input
15:51:42.822 INFO  manager.ListenerWD -- sendKeyds-->
15:51:42.840 INFO  manager.ListenerWD -- sendKeyds_TagName-->input
15:51:42.895 INFO  manager.ListenerWD -- Before find element-->By.cssSelector: [placeholder='Phone']
15:51:42.942 INFO  manager.ListenerWD -- After find element-->By.cssSelector: [placeholder='Phone']
15:51:42.956 INFO  manager.ListenerWD -- Location of element-->input
15:51:42.989 INFO  manager.ListenerWD -- Before click element -->inputtext-->
15:51:43.110 INFO  manager.ListenerWD -- After click element -->input
15:51:43.189 INFO  manager.ListenerWD -- sendKeyds-->
15:51:43.199 INFO  manager.ListenerWD -- sendKeyds_TagName-->input
15:51:43.273 INFO  manager.ListenerWD -- sendKeyds-->
15:51:43.292 INFO  manager.ListenerWD -- sendKeyds_TagName-->input
15:51:43.373 INFO  manager.ListenerWD -- sendKeyds-->
15:51:43.389 INFO  manager.ListenerWD -- sendKeyds_TagName-->input
15:51:43.462 INFO  manager.ListenerWD -- Before find element-->By.cssSelector: [placeholder='email']
15:51:43.503 INFO  manager.ListenerWD -- After find element-->By.cssSelector: [placeholder='email']
15:51:43.519 INFO  manager.ListenerWD -- Location of element-->input
15:51:43.553 INFO  manager.ListenerWD -- Before click element -->inputtext-->
15:51:43.677 INFO  manager.ListenerWD -- After click element -->input
15:51:43.756 INFO  manager.ListenerWD -- sendKeyds-->
15:51:43.768 INFO  manager.ListenerWD -- sendKeyds_TagName-->input
15:51:43.851 INFO  manager.ListenerWD -- sendKeyds-->
15:51:43.867 INFO  manager.ListenerWD -- sendKeyds_TagName-->input
15:51:43.941 INFO  manager.ListenerWD -- sendKeyds-->
15:51:43.956 INFO  manager.ListenerWD -- sendKeyds_TagName-->input
15:51:44.050 INFO  manager.ListenerWD -- Before find element-->By.cssSelector: [placeholder='Address']
15:51:44.088 INFO  manager.ListenerWD -- After find element-->By.cssSelector: [placeholder='Address']
15:51:44.106 INFO  manager.ListenerWD -- Location of element-->input
15:51:44.129 INFO  manager.ListenerWD -- Before click element -->inputtext-->
15:51:44.262 INFO  manager.ListenerWD -- After click element -->input
15:51:44.333 INFO  manager.ListenerWD -- sendKeyds-->
15:51:44.352 INFO  manager.ListenerWD -- sendKeyds_TagName-->input
15:51:44.429 INFO  manager.ListenerWD -- sendKeyds-->
15:51:44.447 INFO  manager.ListenerWD -- sendKeyds_TagName-->input
15:51:44.523 INFO  manager.ListenerWD -- sendKeyds-->
15:51:44.538 INFO  manager.ListenerWD -- sendKeyds_TagName-->input
15:51:44.608 INFO  manager.ListenerWD -- Before find element-->By.cssSelector: [placeholder='description']
15:51:44.644 INFO  manager.ListenerWD -- After find element-->By.cssSelector: [placeholder='description']
15:51:44.661 INFO  manager.ListenerWD -- Location of element-->input
15:51:44.694 INFO  manager.ListenerWD -- Before click element -->inputtext-->
15:51:44.816 INFO  manager.ListenerWD -- After click element -->input
15:51:44.893 INFO  manager.ListenerWD -- sendKeyds-->
15:51:44.906 INFO  manager.ListenerWD -- sendKeyds_TagName-->input
15:51:44.979 INFO  manager.ListenerWD -- sendKeyds-->
15:51:44.996 INFO  manager.ListenerWD -- sendKeyds_TagName-->input
15:51:45.045 INFO  manager.ListenerWD -- Before find element-->By.cssSelector: .add_form__2rsm2>button
15:51:45.078 INFO  manager.ListenerWD -- After find element-->By.cssSelector: .add_form__2rsm2>button
15:51:45.098 INFO  manager.ListenerWD -- Location of element-->button
15:51:45.139 INFO  manager.ListenerWD -- Before click element -->buttontext-->Save
15:51:45.265 INFO  manager.ListenerWD -- After click element -->button
15:51:46.315 INFO  manager.TestNGListener -- Success test -->addNewContactSuccessRequiredFields
15:51:46.318 INFO  tests.TestBase -- ==============================================
15:51:46.322 INFO  tests.TestBase -- Name of method (test) -->registrationSuccess
15:51:46.356 INFO  manager.ListenerWD -- Before find element-->By.xpath: //button[text()='Sign Out']
15:51:46.385 INFO  manager.ListenerWD -- After find element-->By.xpath: //button[text()='Sign Out']
15:51:46.401 INFO  manager.ListenerWD -- Location of element-->button
15:51:46.434 INFO  manager.ListenerWD -- Before click element -->buttontext-->Sign Out
15:51:46.628 INFO  manager.TestNGListener -- Start test -->registrationSuccess
15:51:46.628 INFO  manager.ListenerWD -- Before find element-->By.cssSelector: a[href='/login']
15:51:46.666 INFO  manager.ListenerWD -- After find element-->By.cssSelector: a[href='/login']
15:51:46.685 INFO  manager.ListenerWD -- Location of element-->a
15:51:46.724 INFO  manager.ListenerWD -- Before click element -->atext-->LOGIN
15:51:46.857 INFO  manager.ListenerWD -- After click element -->a
15:51:46.857 INFO  manager.HelperBase -- open form by click on button with locator a[href='/login']
15:51:46.857 INFO  manager.ListenerWD -- Before find element-->By.name: email
15:51:46.891 INFO  manager.ListenerWD -- After find element-->By.name: email
15:51:46.907 INFO  manager.ListenerWD -- Location of element-->input
15:51:46.943 INFO  manager.ListenerWD -- Before click element -->inputtext-->
15:51:47.070 INFO  manager.ListenerWD -- After click element -->input
15:51:47.143 INFO  manager.ListenerWD -- sendKeyds-->
15:51:47.156 INFO  manager.ListenerWD -- sendKeyds_TagName-->input
15:51:47.225 INFO  manager.ListenerWD -- sendKeyds-->
15:51:47.244 INFO  manager.ListenerWD -- sendKeyds_TagName-->input
15:51:47.313 INFO  manager.ListenerWD -- sendKeyds-->
15:51:47.333 INFO  manager.ListenerWD -- sendKeyds_TagName-->input
15:51:47.411 INFO  manager.ListenerWD -- Before find element-->By.xpath: //input[@placeholder='Password']
15:51:47.439 INFO  manager.ListenerWD -- After find element-->By.xpath: //input[@placeholder='Password']
15:51:47.460 INFO  manager.ListenerWD -- Location of element-->input
15:51:47.493 INFO  manager.ListenerWD -- Before click element -->inputtext-->
15:51:47.626 INFO  manager.ListenerWD -- After click element -->input
15:51:47.689 INFO  manager.ListenerWD -- sendKeyds-->
15:51:47.709 INFO  manager.ListenerWD -- sendKeyds_TagName-->input
15:51:47.772 INFO  manager.ListenerWD -- sendKeyds-->
15:51:47.786 INFO  manager.ListenerWD -- sendKeyds_TagName-->input
15:51:47.860 INFO  manager.ListenerWD -- sendKeyds-->
15:51:47.875 INFO  manager.ListenerWD -- sendKeyds_TagName-->input
15:51:47.945 INFO  manager.ListenerWD -- Before find element-->By.xpath: //button[text()='Registration']
15:51:47.976 INFO  manager.ListenerWD -- After find element-->By.xpath: //button[text()='Registration']
15:51:47.992 INFO  manager.ListenerWD -- Location of element-->button
15:51:48.022 INFO  manager.ListenerWD -- Before click element -->buttontext-->Registration
15:51:48.641 INFO  manager.ListenerWD -- Before find element-->By.cssSelector: .contact-page_message__2qafk>h1
15:51:48.811 INFO  manager.ListenerWD -- After find element-->By.cssSelector: .contact-page_message__2qafk>h1
15:51:48.822 INFO  manager.ListenerWD -- Location of element-->h1
15:51:48.847 INFO  manager.TestNGListener -- Success test -->registrationSuccess
15:51:48.847 INFO  tests.TestBase -- ==============================================
15:51:48.853 INFO  tests.TestBase -- Name of method (test) -->registrationWrongEmail
15:51:48.880 INFO  manager.ListenerWD -- Before find element-->By.xpath: //button[text()='Sign Out']
15:51:48.915 INFO  manager.ListenerWD -- After find element-->By.xpath: //button[text()='Sign Out']
15:51:48.927 INFO  manager.ListenerWD -- Location of element-->button
15:51:48.959 INFO  manager.ListenerWD -- Before click element -->buttontext-->Sign Out
15:51:49.123 INFO  manager.TestNGListener -- Start test -->registrationWrongEmail
15:51:49.123 INFO  manager.ListenerWD -- Before find element-->By.cssSelector: a[href='/login']
15:51:49.152 INFO  manager.ListenerWD -- After find element-->By.cssSelector: a[href='/login']
15:51:49.170 INFO  manager.ListenerWD -- Location of element-->a
15:51:49.204 INFO  manager.ListenerWD -- Before click element -->atext-->LOGIN
15:51:49.329 INFO  manager.ListenerWD -- After click element -->a
15:51:49.329 INFO  manager.HelperBase -- open form by click on button with locator a[href='/login']
15:51:49.329 INFO  manager.ListenerWD -- Before find element-->By.name: email
15:51:49.354 INFO  manager.ListenerWD -- After find element-->By.name: email
15:51:49.372 INFO  manager.ListenerWD -- Location of element-->input
15:51:49.405 INFO  manager.ListenerWD -- Before click element -->inputtext-->
15:51:49.543 INFO  manager.ListenerWD -- After click element -->input
15:51:49.622 INFO  manager.ListenerWD -- sendKeyds-->
15:51:49.631 INFO  manager.ListenerWD -- sendKeyds_TagName-->input
15:51:49.730 INFO  manager.ListenerWD -- sendKeyds-->
15:51:49.746 INFO  manager.ListenerWD -- sendKeyds_TagName-->input
15:51:49.822 INFO  manager.ListenerWD -- sendKeyds-->
15:51:49.839 INFO  manager.ListenerWD -- sendKeyds_TagName-->input
15:51:49.911 INFO  manager.ListenerWD -- Before find element-->By.xpath: //input[@placeholder='Password']
15:51:49.952 INFO  manager.ListenerWD -- After find element-->By.xpath: //input[@placeholder='Password']
15:51:49.961 INFO  manager.ListenerWD -- Location of element-->input
15:51:49.993 INFO  manager.ListenerWD -- Before click element -->inputtext-->
15:51:50.118 INFO  manager.ListenerWD -- After click element -->input
15:51:50.196 INFO  manager.ListenerWD -- sendKeyds-->
15:51:50.205 INFO  manager.ListenerWD -- sendKeyds_TagName-->input
15:51:50.289 INFO  manager.ListenerWD -- sendKeyds-->
15:51:50.312 INFO  manager.ListenerWD -- sendKeyds_TagName-->input
15:51:50.385 INFO  manager.ListenerWD -- sendKeyds-->
15:51:50.401 INFO  manager.ListenerWD -- sendKeyds_TagName-->input
15:51:50.483 INFO  manager.ListenerWD -- Before find element-->By.xpath: //button[text()='Registration']
15:51:50.516 INFO  manager.ListenerWD -- After find element-->By.xpath: //button[text()='Registration']
15:51:50.526 INFO  manager.ListenerWD -- Location of element-->button
15:51:50.559 INFO  manager.ListenerWD -- Before click element -->buttontext-->Registration
15:51:50.791 INFO  manager.ListenerWD -- Huston, we have a problem!
15:51:50.791 INFO  manager.ListenerWD -- Failed method:alert
15:51:50.791 INFO  manager.ListenerWD -- ***************
15:51:50.791 INFO  manager.ListenerWD -- Arguments:null
15:51:50.791 INFO  manager.ListenerWD -- ***************
15:51:50.791 INFO  manager.ListenerWD -- Exception:NoAlertPresentException
15:51:50.791 INFO  manager.ListenerWD -- ***************
15:51:50.791 INFO  manager.ListenerWD -- Messageno such alert
  (Session info: chrome=148.0.7778.179)
Build info: version: '4.26.0', revision: '8ccf0219d7'
System info: os.name: 'Windows 11', os.arch: 'amd64', os.version: '10.0', java.version: '21.0.10'
Driver info: org.openqa.selenium.chrome.ChromeDriver
Command: [aa3eac379c3b0dc781de03df0bdf7fc1, getAlertText {}]
Capabilities {acceptInsecureCerts: false, browserName: chrome, browserVersion: 148.0.7778.179, chrome: {chromedriverVersion: 148.0.7778.178 (d096af1c9e9..., userDataDir: C:\Users\marii\AppData\Loca...}, fedcm:accounts: true, goog:chromeOptions: {debuggerAddress: localhost:51759}, goog:processID: 31964, networkConnectionEnabled: false, pageLoadStrategy: normal, platformName: windows, proxy: Proxy(), se:cdp: ws://localhost:51759/devtoo..., se:cdpVersion: 148.0.7778.179, setWindowRect: true, strictFileInteractability: false, timeouts: {implicit: 0, pageLoad: 300000, script: 30000}, unhandledPromptBehavior: dismiss and notify, webauthn:extension:credBlob: true, webauthn:extension:largeBlob: true, webauthn:extension:minPinLength: true, webauthn:extension:prf: true, webauthn:virtualAuthenticators: true}
Session ID: aa3eac379c3b0dc781de03df0bdf7fc1
15:51:50.798 INFO  manager.ListenerWD -- ***************
15:51:50.799 INFO  manager.ListenerWD -- ***************
15:51:50.799 INFO  manager.ListenerWD -- Screen with error is--->src/test/screenshots/screen_1830.png
15:51:51.351 INFO  manager.TestNGListener -- Success test -->registrationWrongEmail
15:51:51.358 INFO  tests.TestBase -- ==============================================
15:51:51.363 INFO  tests.TestBase -- Name of method (test) -->removeFirstContact
15:51:56.388 INFO  manager.ListenerWD -- Before find element-->By.cssSelector: a[href='/login']
15:51:56.417 INFO  manager.ListenerWD -- After find element-->By.cssSelector: a[href='/login']
15:51:56.438 INFO  manager.ListenerWD -- Location of element-->a
15:51:56.472 INFO  manager.ListenerWD -- Before click element -->atext-->LOGIN
15:51:56.605 INFO  manager.ListenerWD -- After click element -->a
15:51:56.605 INFO  manager.HelperBase -- open form by click on button with locator a[href='/login']
15:51:56.605 INFO  manager.ListenerWD -- Before find element-->By.name: email
15:51:56.640 INFO  manager.ListenerWD -- After find element-->By.name: email
15:51:56.655 INFO  manager.ListenerWD -- Location of element-->input
15:51:56.678 INFO  manager.ListenerWD -- Before click element -->inputtext-->
15:51:56.809 INFO  manager.ListenerWD -- After click element -->input
15:51:56.883 INFO  manager.ListenerWD -- sendKeyds-->
15:51:56.891 INFO  manager.ListenerWD -- sendKeyds_TagName-->input
15:51:57.005 INFO  manager.ListenerWD -- sendKeyds-->
15:51:57.015 INFO  manager.ListenerWD -- sendKeyds_TagName-->input
15:51:57.080 INFO  manager.ListenerWD -- sendKeyds-->
15:51:57.097 INFO  manager.ListenerWD -- sendKeyds_TagName-->input
15:51:57.187 INFO  manager.ListenerWD -- Before find element-->By.xpath: //input[@placeholder='Password']
15:51:57.213 INFO  manager.ListenerWD -- After find element-->By.xpath: //input[@placeholder='Password']
15:51:57.228 INFO  manager.ListenerWD -- Location of element-->input
15:51:57.261 INFO  manager.ListenerWD -- Before click element -->inputtext-->
15:51:57.392 INFO  manager.ListenerWD -- After click element -->input
15:51:57.457 INFO  manager.ListenerWD -- sendKeyds-->
15:51:57.474 INFO  manager.ListenerWD -- sendKeyds_TagName-->input
15:51:57.588 INFO  manager.ListenerWD -- sendKeyds-->
15:51:57.606 INFO  manager.ListenerWD -- sendKeyds_TagName-->input
15:51:57.678 INFO  manager.ListenerWD -- sendKeyds-->
15:51:57.695 INFO  manager.ListenerWD -- sendKeyds_TagName-->input
15:51:57.769 INFO  manager.ListenerWD -- Before find element-->By.xpath: //button[text()='Login']
15:51:57.794 INFO  manager.ListenerWD -- After find element-->By.xpath: //button[text()='Login']
15:51:57.811 INFO  manager.ListenerWD -- Location of element-->button
15:51:57.843 INFO  manager.ListenerWD -- Before click element -->buttontext-->Login
15:51:58.438 INFO  manager.TestNGListener -- Start test -->removeFirstContact
15:51:58.493 INFO  manager.HelperBase -- Number of Contacts before remove is-->3
15:51:58.493 INFO  manager.ListenerWD -- Before find element-->By.cssSelector: .contact-item_card__2SOIM
15:51:58.526 INFO  manager.ListenerWD -- After find element-->By.cssSelector: .contact-item_card__2SOIM
15:51:58.542 INFO  manager.ListenerWD -- Location of element-->div
15:51:58.575 INFO  manager.ListenerWD -- Before click element -->divtext-->Harry
555667771071
15:51:58.722 INFO  manager.ListenerWD -- After click element -->div
15:51:58.722 INFO  manager.ListenerWD -- Before find element-->By.xpath: //button[text()='Remove']
15:51:58.759 INFO  manager.ListenerWD -- After find element-->By.xpath: //button[text()='Remove']
15:51:58.774 INFO  manager.ListenerWD -- Location of element-->button
15:51:58.811 INFO  manager.ListenerWD -- Before click element -->buttontext-->Remove
15:51:58.952 INFO  manager.ListenerWD -- After click element -->button
15:51:59.996 INFO  manager.HelperBase -- Number of Contacts after remove is-->2
15:51:59.996 INFO  manager.TestNGListener -- Success test -->removeFirstContact
15:52:00.001 INFO  tests.TestBase -- ==============================================
15:52:00.001 INFO  manager.TestNGListener -- Stop testing on date -->Sun Jun 07 15:52:00 IDT 2026
