20:13:38.373 INFO  manager.ApplicationManager -- All tests runs in Chrome Browser
20:13:39.359 INFO  manager.ApplicationManager -- The link --->https://telranedu.web.app/home
20:13:39.376 INFO  manager.TestNGListener -- Start testing on date -->Thu May 28 20:13:39 IDT 2026
20:13:39.404 INFO  tests.TestBase -- Name of method (test) -->loginSuccess
20:13:44.468 INFO  manager.TestNGListener -- Start test -->loginSuccess
20:13:44.470 INFO  tests.TestBase -- Start test with name 'loginSuccess'
20:13:44.471 INFO  tests.TestBase -- Test data ---> email: margo@gmail.com & password: Mmar123456$
20:13:44.475 INFO  manager.ListenerWD -- Before find element-->By.cssSelector: a[href='/login']
20:13:44.516 INFO  manager.ListenerWD -- After find element-->By.cssSelector: a[href='/login']
20:13:44.526 INFO  manager.ListenerWD -- Location of element-->a
20:13:44.550 INFO  manager.ListenerWD -- Before click element -->atext-->LOGIN
20:13:44.622 INFO  manager.ListenerWD -- After click element -->a
20:13:44.623 INFO  manager.HelperBase -- open form by click on button with locator a[href='/login']
20:13:44.623 INFO  manager.ListenerWD -- Before find element-->By.name: email
20:13:44.652 INFO  manager.ListenerWD -- After find element-->By.name: email
20:13:44.660 INFO  manager.ListenerWD -- Location of element-->input
20:13:44.678 INFO  manager.ListenerWD -- Before click element -->inputtext-->
20:13:44.740 INFO  manager.ListenerWD -- After click element -->input
20:13:44.774 INFO  manager.ListenerWD -- sendKeyds-->
20:13:44.781 INFO  manager.ListenerWD -- sendKeyds_TagName-->input
20:13:44.823 INFO  manager.ListenerWD -- sendKeyds-->
20:13:44.829 INFO  manager.ListenerWD -- sendKeyds_TagName-->input
20:13:44.859 INFO  manager.ListenerWD -- sendKeyds-->
20:13:44.865 INFO  manager.ListenerWD -- sendKeyds_TagName-->input
20:13:44.895 INFO  manager.HelperBase -- type in input with locator By.name("email") 
20:13:44.896 INFO  manager.ListenerWD -- Before find element-->By.xpath: //input[@placeholder='Password']
20:13:44.920 INFO  manager.ListenerWD -- After find element-->By.xpath: //input[@placeholder='Password']
20:13:44.929 INFO  manager.ListenerWD -- Location of element-->input
20:13:44.947 INFO  manager.ListenerWD -- Before click element -->inputtext-->
20:13:45.001 INFO  manager.ListenerWD -- After click element -->input
20:13:45.028 INFO  manager.ListenerWD -- sendKeyds-->
20:13:45.035 INFO  manager.ListenerWD -- sendKeyds_TagName-->input
20:13:45.069 INFO  manager.ListenerWD -- sendKeyds-->
20:13:45.077 INFO  manager.ListenerWD -- sendKeyds_TagName-->input
20:13:45.108 INFO  manager.ListenerWD -- sendKeyds-->
20:13:45.116 INFO  manager.ListenerWD -- sendKeyds_TagName-->input
20:13:45.142 INFO  manager.ListenerWD -- Before find element-->By.xpath: //button[text()='Login']
20:13:45.167 INFO  manager.ListenerWD -- After find element-->By.xpath: //button[text()='Login']
20:13:45.173 INFO  manager.ListenerWD -- Location of element-->button
20:13:45.188 INFO  manager.ListenerWD -- Before click element -->buttontext-->Login
20:13:46.358 INFO  tests.TestBase -- Assert check is element button 'Sign out' present
20:13:46.364 INFO  manager.TestNGListener -- Success test -->loginSuccess
20:13:46.366 INFO  tests.TestBase -- ==============================================
20:13:46.367 INFO  tests.TestBase -- Name of method (test) -->loginSuccess
20:13:46.392 INFO  manager.ListenerWD -- Before find element-->By.xpath: //button[text()='Sign Out']
20:13:46.420 INFO  manager.ListenerWD -- After find element-->By.xpath: //button[text()='Sign Out']
20:13:46.426 INFO  manager.ListenerWD -- Location of element-->button
20:13:46.439 INFO  manager.ListenerWD -- Before click element -->buttontext-->Sign Out
20:13:46.502 INFO  tests.TestBase -- Before method finished logout
20:13:46.505 INFO  manager.TestNGListener -- Start test -->loginSuccess
20:13:46.506 INFO  tests.TestBase -- Start test with name 'loginSuccess'
20:13:46.507 INFO  tests.TestBase -- Test data ---> email: sonya@gmail.com & password: Ss12345$
20:13:46.507 INFO  manager.ListenerWD -- Before find element-->By.cssSelector: a[href='/login']
20:13:46.553 INFO  manager.ListenerWD -- After find element-->By.cssSelector: a[href='/login']
20:13:46.569 INFO  manager.ListenerWD -- Location of element-->a
20:13:46.619 INFO  manager.ListenerWD -- Before click element -->atext-->LOGIN
20:13:46.689 INFO  manager.ListenerWD -- After click element -->a
20:13:46.689 INFO  manager.HelperBase -- open form by click on button with locator a[href='/login']
20:13:46.690 INFO  manager.ListenerWD -- Before find element-->By.name: email
20:13:46.714 INFO  manager.ListenerWD -- After find element-->By.name: email
20:13:46.720 INFO  manager.ListenerWD -- Location of element-->input
20:13:46.739 INFO  manager.ListenerWD -- Before click element -->inputtext-->
20:13:46.818 INFO  manager.ListenerWD -- After click element -->input
20:13:46.850 INFO  manager.ListenerWD -- sendKeyds-->
20:13:46.857 INFO  manager.ListenerWD -- sendKeyds_TagName-->input
20:13:46.890 INFO  manager.ListenerWD -- sendKeyds-->
20:13:46.895 INFO  manager.ListenerWD -- sendKeyds_TagName-->input
20:13:46.924 INFO  manager.ListenerWD -- sendKeyds-->
20:13:46.930 INFO  manager.ListenerWD -- sendKeyds_TagName-->input
20:13:46.958 INFO  manager.HelperBase -- type in input with locator By.name("email") 
20:13:46.958 INFO  manager.ListenerWD -- Before find element-->By.xpath: //input[@placeholder='Password']
20:13:46.981 INFO  manager.ListenerWD -- After find element-->By.xpath: //input[@placeholder='Password']
20:13:46.987 INFO  manager.ListenerWD -- Location of element-->input
20:13:47.000 INFO  manager.ListenerWD -- Before click element -->inputtext-->
20:13:47.078 INFO  manager.ListenerWD -- After click element -->input
20:13:47.107 INFO  manager.ListenerWD -- sendKeyds-->
20:13:47.112 INFO  manager.ListenerWD -- sendKeyds_TagName-->input
20:13:47.142 INFO  manager.ListenerWD -- sendKeyds-->
20:13:47.147 INFO  manager.ListenerWD -- sendKeyds_TagName-->input
20:13:47.177 INFO  manager.ListenerWD -- sendKeyds-->
20:13:47.185 INFO  manager.ListenerWD -- sendKeyds_TagName-->input
20:13:47.211 INFO  manager.ListenerWD -- Before find element-->By.xpath: //button[text()='Login']
20:13:47.228 INFO  manager.ListenerWD -- After find element-->By.xpath: //button[text()='Login']
20:13:47.234 INFO  manager.ListenerWD -- Location of element-->button
20:13:47.248 INFO  manager.ListenerWD -- Before click element -->buttontext-->Login
20:13:47.635 INFO  tests.TestBase -- Assert check is element button 'Sign out' present
20:13:47.636 INFO  manager.TestNGListener -- Success test -->loginSuccess
20:13:47.637 INFO  tests.TestBase -- ==============================================
20:13:47.639 INFO  tests.TestBase -- Name of method (test) -->loginSuccess
20:13:47.661 INFO  manager.ListenerWD -- Before find element-->By.xpath: //button[text()='Sign Out']
20:13:47.680 INFO  manager.ListenerWD -- After find element-->By.xpath: //button[text()='Sign Out']
20:13:47.687 INFO  manager.ListenerWD -- Location of element-->button
20:13:47.704 INFO  manager.ListenerWD -- Before click element -->buttontext-->Sign Out
20:13:47.758 INFO  tests.TestBase -- Before method finished logout
20:13:47.762 INFO  manager.TestNGListener -- Start test -->loginSuccess
20:13:47.763 INFO  tests.TestBase -- Start test with name 'loginSuccess'
20:13:47.764 INFO  tests.TestBase -- Test data ---> email: margo@gmail.com & password: Mmar123456$
20:13:47.765 INFO  manager.ListenerWD -- Before find element-->By.cssSelector: a[href='/login']
20:13:47.785 INFO  manager.ListenerWD -- After find element-->By.cssSelector: a[href='/login']
20:13:47.791 INFO  manager.ListenerWD -- Location of element-->a
20:13:47.804 INFO  manager.ListenerWD -- Before click element -->atext-->LOGIN
20:13:47.846 INFO  manager.ListenerWD -- After click element -->a
20:13:47.847 INFO  manager.HelperBase -- open form by click on button with locator a[href='/login']
20:13:47.847 INFO  manager.ListenerWD -- Before find element-->By.name: email
20:13:47.865 INFO  manager.ListenerWD -- After find element-->By.name: email
20:13:47.872 INFO  manager.ListenerWD -- Location of element-->input
20:13:47.886 INFO  manager.ListenerWD -- Before click element -->inputtext-->
20:13:47.958 INFO  manager.ListenerWD -- After click element -->input
20:13:47.989 INFO  manager.ListenerWD -- sendKeyds-->
20:13:47.995 INFO  manager.ListenerWD -- sendKeyds_TagName-->input
20:13:48.027 INFO  manager.ListenerWD -- sendKeyds-->
20:13:48.032 INFO  manager.ListenerWD -- sendKeyds_TagName-->input
20:13:48.058 INFO  manager.ListenerWD -- sendKeyds-->
20:13:48.065 INFO  manager.ListenerWD -- sendKeyds_TagName-->input
20:13:48.095 INFO  manager.HelperBase -- type in input with locator By.name("email") 
20:13:48.096 INFO  manager.ListenerWD -- Before find element-->By.xpath: //input[@placeholder='Password']
20:13:48.113 INFO  manager.ListenerWD -- After find element-->By.xpath: //input[@placeholder='Password']
20:13:48.120 INFO  manager.ListenerWD -- Location of element-->input
20:13:48.134 INFO  manager.ListenerWD -- Before click element -->inputtext-->
20:13:48.202 INFO  manager.ListenerWD -- After click element -->input
20:13:48.230 INFO  manager.ListenerWD -- sendKeyds-->
20:13:48.235 INFO  manager.ListenerWD -- sendKeyds_TagName-->input
20:13:48.268 INFO  manager.ListenerWD -- sendKeyds-->
20:13:48.273 INFO  manager.ListenerWD -- sendKeyds_TagName-->input
20:13:48.300 INFO  manager.ListenerWD -- sendKeyds-->
20:13:48.306 INFO  manager.ListenerWD -- sendKeyds_TagName-->input
20:13:48.338 INFO  manager.ListenerWD -- Before find element-->By.xpath: //button[text()='Login']
20:13:48.354 INFO  manager.ListenerWD -- After find element-->By.xpath: //button[text()='Login']
20:13:48.362 INFO  manager.ListenerWD -- Location of element-->button
20:13:48.376 INFO  manager.ListenerWD -- Before click element -->buttontext-->Login
20:13:48.754 INFO  tests.TestBase -- Assert check is element button 'Sign out' present
20:13:48.755 INFO  manager.TestNGListener -- Success test -->loginSuccess
20:13:48.756 INFO  tests.TestBase -- ==============================================
20:13:48.765 INFO  manager.TestNGListener -- Stop testing on date -->Thu May 28 20:13:48 IDT 2026
