19:33:05.791 INFO  manager.ApplicationManager -- All tests runs in Chrome Browser
19:33:06.682 INFO  manager.ApplicationManager -- The link --->https://telranedu.web.app/home
19:33:06.694 INFO  manager.TestNGListener -- Start testing on date -->Thu Jun 04 19:33:06 IDT 2026
19:33:06.718 INFO  tests.TestBase -- Name of method (test) -->loginSuccess
19:33:11.789 INFO  manager.TestNGListener -- Start test -->loginSuccess
19:33:11.790 INFO  tests.TestBase -- Start test with name 'loginSuccess'
19:33:11.791 INFO  tests.TestBase -- Test data ---> email: margo@gmail.com & password: Mmar123456$
19:33:11.796 INFO  manager.ListenerWD -- Before find element-->By.cssSelector: a[href='/login']
19:33:11.839 INFO  manager.ListenerWD -- After find element-->By.cssSelector: a[href='/login']
19:33:11.851 INFO  manager.ListenerWD -- Location of element-->a
19:33:11.914 INFO  manager.ListenerWD -- Before click element -->atext-->LOGIN
19:33:12.083 INFO  manager.ListenerWD -- After click element -->a
19:33:12.083 INFO  manager.HelperBase -- open form by click on button with locator a[href='/login']
19:33:12.084 INFO  manager.ListenerWD -- Before find element-->By.name: email
19:33:12.110 INFO  manager.ListenerWD -- After find element-->By.name: email
19:33:12.118 INFO  manager.ListenerWD -- Location of element-->input
19:33:12.139 INFO  manager.ListenerWD -- Before click element -->inputtext-->
19:33:12.213 INFO  manager.ListenerWD -- After click element -->input
19:33:12.250 INFO  manager.ListenerWD -- sendKeyds-->
19:33:12.256 INFO  manager.ListenerWD -- sendKeyds_TagName-->input
19:33:12.304 INFO  manager.ListenerWD -- sendKeyds-->
19:33:12.312 INFO  manager.ListenerWD -- sendKeyds_TagName-->input
19:33:12.348 INFO  manager.ListenerWD -- sendKeyds-->
19:33:12.354 INFO  manager.ListenerWD -- sendKeyds_TagName-->input
19:33:12.390 INFO  manager.HelperBase -- type in input with locator By.name("email") 
19:33:12.391 INFO  manager.ListenerWD -- Before find element-->By.xpath: //input[@placeholder='Password']
19:33:12.412 INFO  manager.ListenerWD -- After find element-->By.xpath: //input[@placeholder='Password']
19:33:12.420 INFO  manager.ListenerWD -- Location of element-->input
19:33:12.438 INFO  manager.ListenerWD -- Before click element -->inputtext-->
19:33:12.502 INFO  manager.ListenerWD -- After click element -->input
19:33:12.545 INFO  manager.ListenerWD -- sendKeyds-->
19:33:12.553 INFO  manager.ListenerWD -- sendKeyds_TagName-->input
19:33:12.596 INFO  manager.ListenerWD -- sendKeyds-->
19:33:12.604 INFO  manager.ListenerWD -- sendKeyds_TagName-->input
19:33:12.641 INFO  manager.ListenerWD -- sendKeyds-->
19:33:12.650 INFO  manager.ListenerWD -- sendKeyds_TagName-->input
19:33:12.686 INFO  manager.ListenerWD -- Before find element-->By.xpath: //button[text()='Login']
19:33:12.715 INFO  manager.ListenerWD -- After find element-->By.xpath: //button[text()='Login']
19:33:12.726 INFO  manager.ListenerWD -- Location of element-->button
19:33:12.746 INFO  manager.ListenerWD -- Before click element -->buttontext-->Login
19:33:13.867 INFO  tests.TestBase -- Assert check is element button 'Sign out' present
19:33:13.871 INFO  manager.TestNGListener -- Success test -->loginSuccess
19:33:13.873 INFO  tests.TestBase -- ==============================================
19:33:13.876 INFO  tests.TestBase -- Name of method (test) -->loginSuccess
19:33:13.906 INFO  manager.ListenerWD -- Before find element-->By.xpath: //button[text()='Sign Out']
19:33:13.936 INFO  manager.ListenerWD -- After find element-->By.xpath: //button[text()='Sign Out']
19:33:13.945 INFO  manager.ListenerWD -- Location of element-->button
19:33:13.962 INFO  manager.ListenerWD -- Before click element -->buttontext-->Sign Out
19:33:14.038 INFO  tests.TestBase -- Before method finished logout
19:33:14.039 INFO  manager.TestNGListener -- Start test -->loginSuccess
19:33:14.040 INFO  tests.TestBase -- Start test with name 'loginSuccess'
19:33:14.040 INFO  tests.TestBase -- Test data ---> email: sonya@gmail.com & password: Ss12345$
19:33:14.040 INFO  manager.ListenerWD -- Before find element-->By.cssSelector: a[href='/login']
19:33:14.064 INFO  manager.ListenerWD -- After find element-->By.cssSelector: a[href='/login']
19:33:14.074 INFO  manager.ListenerWD -- Location of element-->a
19:33:14.093 INFO  manager.ListenerWD -- Before click element -->atext-->LOGIN
19:33:14.154 INFO  manager.ListenerWD -- After click element -->a
19:33:14.155 INFO  manager.HelperBase -- open form by click on button with locator a[href='/login']
19:33:14.155 INFO  manager.ListenerWD -- Before find element-->By.name: email
19:33:14.178 INFO  manager.ListenerWD -- After find element-->By.name: email
19:33:14.187 INFO  manager.ListenerWD -- Location of element-->input
19:33:14.206 INFO  manager.ListenerWD -- Before click element -->inputtext-->
19:33:14.298 INFO  manager.ListenerWD -- After click element -->input
19:33:14.342 INFO  manager.ListenerWD -- sendKeyds-->
19:33:14.352 INFO  manager.ListenerWD -- sendKeyds_TagName-->input
19:33:14.393 INFO  manager.ListenerWD -- sendKeyds-->
19:33:14.400 INFO  manager.ListenerWD -- sendKeyds_TagName-->input
19:33:14.442 INFO  manager.ListenerWD -- sendKeyds-->
19:33:14.451 INFO  manager.ListenerWD -- sendKeyds_TagName-->input
19:33:14.488 INFO  manager.HelperBase -- type in input with locator By.name("email") 
19:33:14.488 INFO  manager.ListenerWD -- Before find element-->By.xpath: //input[@placeholder='Password']
19:33:14.508 INFO  manager.ListenerWD -- After find element-->By.xpath: //input[@placeholder='Password']
19:33:14.516 INFO  manager.ListenerWD -- Location of element-->input
19:33:14.536 INFO  manager.ListenerWD -- Before click element -->inputtext-->
19:33:14.630 INFO  manager.ListenerWD -- After click element -->input
19:33:14.668 INFO  manager.ListenerWD -- sendKeyds-->
19:33:14.676 INFO  manager.ListenerWD -- sendKeyds_TagName-->input
19:33:14.718 INFO  manager.ListenerWD -- sendKeyds-->
19:33:14.727 INFO  manager.ListenerWD -- sendKeyds_TagName-->input
19:33:14.767 INFO  manager.ListenerWD -- sendKeyds-->
19:33:14.775 INFO  manager.ListenerWD -- sendKeyds_TagName-->input
19:33:14.810 INFO  manager.ListenerWD -- Before find element-->By.xpath: //button[text()='Login']
19:33:14.830 INFO  manager.ListenerWD -- After find element-->By.xpath: //button[text()='Login']
19:33:14.840 INFO  manager.ListenerWD -- Location of element-->button
19:33:14.859 INFO  manager.ListenerWD -- Before click element -->buttontext-->Login
19:33:15.260 INFO  tests.TestBase -- Assert check is element button 'Sign out' present
19:33:15.262 INFO  manager.TestNGListener -- Success test -->loginSuccess
19:33:15.263 INFO  tests.TestBase -- ==============================================
19:33:15.265 INFO  tests.TestBase -- Name of method (test) -->loginSuccess
19:33:15.288 INFO  manager.ListenerWD -- Before find element-->By.xpath: //button[text()='Sign Out']
19:33:15.316 INFO  manager.ListenerWD -- After find element-->By.xpath: //button[text()='Sign Out']
19:33:15.327 INFO  manager.ListenerWD -- Location of element-->button
19:33:15.343 INFO  manager.ListenerWD -- Before click element -->buttontext-->Sign Out
19:33:15.411 INFO  tests.TestBase -- Before method finished logout
19:33:15.412 INFO  manager.TestNGListener -- Start test -->loginSuccess
19:33:15.412 INFO  tests.TestBase -- Start test with name 'loginSuccess'
19:33:15.412 INFO  tests.TestBase -- Test data ---> email: art276@art.com & password: $Art1$2$3456789
19:33:15.412 INFO  manager.ListenerWD -- Before find element-->By.cssSelector: a[href='/login']
19:33:15.432 INFO  manager.ListenerWD -- After find element-->By.cssSelector: a[href='/login']
19:33:15.442 INFO  manager.ListenerWD -- Location of element-->a
19:33:15.461 INFO  manager.ListenerWD -- Before click element -->atext-->LOGIN
19:33:15.524 INFO  manager.ListenerWD -- After click element -->a
19:33:15.525 INFO  manager.HelperBase -- open form by click on button with locator a[href='/login']
19:33:15.525 INFO  manager.ListenerWD -- Before find element-->By.name: email
19:33:15.549 INFO  manager.ListenerWD -- After find element-->By.name: email
19:33:15.557 INFO  manager.ListenerWD -- Location of element-->input
19:33:15.575 INFO  manager.ListenerWD -- Before click element -->inputtext-->
19:33:15.672 INFO  manager.ListenerWD -- After click element -->input
19:33:15.713 INFO  manager.ListenerWD -- sendKeyds-->
19:33:15.721 INFO  manager.ListenerWD -- sendKeyds_TagName-->input
19:33:15.766 INFO  manager.ListenerWD -- sendKeyds-->
19:33:15.773 INFO  manager.ListenerWD -- sendKeyds_TagName-->input
19:33:15.812 INFO  manager.ListenerWD -- sendKeyds-->
19:33:15.818 INFO  manager.ListenerWD -- sendKeyds_TagName-->input
19:33:15.857 INFO  manager.HelperBase -- type in input with locator By.name("email") 
19:33:15.857 INFO  manager.ListenerWD -- Before find element-->By.xpath: //input[@placeholder='Password']
19:33:15.880 INFO  manager.ListenerWD -- After find element-->By.xpath: //input[@placeholder='Password']
19:33:15.887 INFO  manager.ListenerWD -- Location of element-->input
19:33:15.906 INFO  manager.ListenerWD -- Before click element -->inputtext-->
19:33:16.002 INFO  manager.ListenerWD -- After click element -->input
19:33:16.042 INFO  manager.ListenerWD -- sendKeyds-->
19:33:16.050 INFO  manager.ListenerWD -- sendKeyds_TagName-->input
19:33:16.095 INFO  manager.ListenerWD -- sendKeyds-->
19:33:16.102 INFO  manager.ListenerWD -- sendKeyds_TagName-->input
19:33:16.142 INFO  manager.ListenerWD -- sendKeyds-->
19:33:16.150 INFO  manager.ListenerWD -- sendKeyds_TagName-->input
19:33:16.193 INFO  manager.ListenerWD -- Before find element-->By.xpath: //button[text()='Login']
19:33:16.214 INFO  manager.ListenerWD -- After find element-->By.xpath: //button[text()='Login']
19:33:16.223 INFO  manager.ListenerWD -- Location of element-->button
19:33:16.243 INFO  manager.ListenerWD -- Before click element -->buttontext-->Login
19:33:16.590 INFO  tests.TestBase -- Assert check is element button 'Sign out' present
19:33:16.591 INFO  manager.TestNGListener -- Success test -->loginSuccess
19:33:16.592 INFO  tests.TestBase -- ==============================================
19:33:16.594 INFO  tests.TestBase -- Name of method (test) -->loginSuccess1
19:33:16.620 INFO  manager.ListenerWD -- Before find element-->By.xpath: //button[text()='Sign Out']
19:33:16.641 INFO  manager.ListenerWD -- After find element-->By.xpath: //button[text()='Sign Out']
19:33:16.650 INFO  manager.ListenerWD -- Location of element-->button
19:33:16.669 INFO  manager.ListenerWD -- Before click element -->buttontext-->Sign Out
19:33:16.748 INFO  tests.TestBase -- Before method finished logout
19:33:16.749 INFO  manager.TestNGListener -- Start test -->loginSuccess1
19:33:16.750 INFO  manager.ListenerWD -- Before find element-->By.cssSelector: a[href='/login']
19:33:16.770 INFO  manager.ListenerWD -- After find element-->By.cssSelector: a[href='/login']
19:33:16.780 INFO  manager.ListenerWD -- Location of element-->a
19:33:16.799 INFO  manager.ListenerWD -- Before click element -->atext-->LOGIN
19:33:16.867 INFO  manager.ListenerWD -- After click element -->a
19:33:16.868 INFO  manager.HelperBase -- open form by click on button with locator a[href='/login']
19:33:16.868 INFO  manager.ListenerWD -- Before find element-->By.name: email
19:33:16.892 INFO  manager.ListenerWD -- After find element-->By.name: email
19:33:16.899 INFO  manager.ListenerWD -- Location of element-->input
19:33:16.918 INFO  manager.ListenerWD -- Before click element -->inputtext-->
19:33:17.019 INFO  manager.ListenerWD -- After click element -->input
19:33:17.062 INFO  manager.ListenerWD -- sendKeyds-->
19:33:17.070 INFO  manager.ListenerWD -- sendKeyds_TagName-->input
19:33:17.111 INFO  manager.ListenerWD -- sendKeyds-->
19:33:17.118 INFO  manager.ListenerWD -- sendKeyds_TagName-->input
19:33:17.160 INFO  manager.ListenerWD -- sendKeyds-->
19:33:17.168 INFO  manager.ListenerWD -- sendKeyds_TagName-->input
19:33:17.207 INFO  manager.ListenerWD -- Before find element-->By.xpath: //input[@placeholder='Password']
19:33:17.228 INFO  manager.ListenerWD -- After find element-->By.xpath: //input[@placeholder='Password']
19:33:17.237 INFO  manager.ListenerWD -- Location of element-->input
19:33:17.256 INFO  manager.ListenerWD -- Before click element -->inputtext-->
19:33:17.350 INFO  manager.ListenerWD -- After click element -->input
19:33:17.387 INFO  manager.ListenerWD -- sendKeyds-->
19:33:17.394 INFO  manager.ListenerWD -- sendKeyds_TagName-->input
19:33:17.438 INFO  manager.ListenerWD -- sendKeyds-->
19:33:17.444 INFO  manager.ListenerWD -- sendKeyds_TagName-->input
19:33:17.481 INFO  manager.ListenerWD -- sendKeyds-->
19:33:17.489 INFO  manager.ListenerWD -- sendKeyds_TagName-->input
19:33:17.523 INFO  manager.ListenerWD -- Before find element-->By.xpath: //button[text()='Login']
19:33:17.543 INFO  manager.ListenerWD -- After find element-->By.xpath: //button[text()='Login']
19:33:17.551 INFO  manager.ListenerWD -- Location of element-->button
19:33:17.571 INFO  manager.ListenerWD -- Before click element -->buttontext-->Login
19:33:17.968 INFO  manager.TestNGListener -- Success test -->loginSuccess1
19:33:17.969 INFO  tests.TestBase -- ==============================================
19:33:17.971 INFO  tests.TestBase -- Name of method (test) -->loginSuccessModel
19:33:17.995 INFO  manager.ListenerWD -- Before find element-->By.xpath: //button[text()='Sign Out']
19:33:18.017 INFO  manager.ListenerWD -- After find element-->By.xpath: //button[text()='Sign Out']
19:33:18.024 INFO  manager.ListenerWD -- Location of element-->button
19:33:18.042 INFO  manager.ListenerWD -- Before click element -->buttontext-->Sign Out
19:33:18.112 INFO  tests.TestBase -- Before method finished logout
19:33:18.113 INFO  manager.TestNGListener -- Start test -->loginSuccessModel
19:33:18.114 INFO  tests.TestBase -- Test data---> User{email='margo@gmail.com', password='Mmar123456$'}
19:33:18.114 INFO  manager.ListenerWD -- Before find element-->By.cssSelector: a[href='/login']
19:33:18.133 INFO  manager.ListenerWD -- After find element-->By.cssSelector: a[href='/login']
19:33:18.143 INFO  manager.ListenerWD -- Location of element-->a
19:33:18.158 INFO  manager.ListenerWD -- Before click element -->atext-->LOGIN
19:33:18.222 INFO  manager.ListenerWD -- After click element -->a
19:33:18.222 INFO  manager.HelperBase -- open form by click on button with locator a[href='/login']
19:33:18.222 INFO  manager.ListenerWD -- Before find element-->By.name: email
19:33:18.244 INFO  manager.ListenerWD -- After find element-->By.name: email
19:33:18.253 INFO  manager.ListenerWD -- Location of element-->input
19:33:18.269 INFO  manager.ListenerWD -- Before click element -->inputtext-->
19:33:18.369 INFO  manager.ListenerWD -- After click element -->input
19:33:18.411 INFO  manager.ListenerWD -- sendKeyds-->
19:33:18.418 INFO  manager.ListenerWD -- sendKeyds_TagName-->input
19:33:18.459 INFO  manager.ListenerWD -- sendKeyds-->
19:33:18.466 INFO  manager.ListenerWD -- sendKeyds_TagName-->input
19:33:18.504 INFO  manager.ListenerWD -- sendKeyds-->
19:33:18.512 INFO  manager.ListenerWD -- sendKeyds_TagName-->input
19:33:18.552 INFO  manager.ListenerWD -- Before find element-->By.xpath: //input[@placeholder='Password']
19:33:18.570 INFO  manager.ListenerWD -- After find element-->By.xpath: //input[@placeholder='Password']
19:33:18.578 INFO  manager.ListenerWD -- Location of element-->input
19:33:18.596 INFO  manager.ListenerWD -- Before click element -->inputtext-->
19:33:18.699 INFO  manager.ListenerWD -- After click element -->input
19:33:18.736 INFO  manager.ListenerWD -- sendKeyds-->
19:33:18.744 INFO  manager.ListenerWD -- sendKeyds_TagName-->input
19:33:18.785 INFO  manager.ListenerWD -- sendKeyds-->
19:33:18.794 INFO  manager.ListenerWD -- sendKeyds_TagName-->input
19:33:18.832 INFO  manager.ListenerWD -- sendKeyds-->
19:33:18.841 INFO  manager.ListenerWD -- sendKeyds_TagName-->input
19:33:18.878 INFO  manager.ListenerWD -- Before find element-->By.xpath: //button[text()='Login']
19:33:18.898 INFO  manager.ListenerWD -- After find element-->By.xpath: //button[text()='Login']
19:33:18.906 INFO  manager.ListenerWD -- Location of element-->button
19:33:18.926 INFO  manager.ListenerWD -- Before click element -->buttontext-->Login
19:33:19.323 INFO  tests.TestBase -- Assert check is element button 'Sign out' present
19:33:19.324 INFO  manager.TestNGListener -- Success test -->loginSuccessModel
19:33:19.326 INFO  tests.TestBase -- ==============================================
19:33:19.327 INFO  tests.TestBase -- Name of method (test) -->loginSuccessModel
19:33:19.344 INFO  manager.ListenerWD -- Before find element-->By.xpath: //button[text()='Sign Out']
19:33:19.364 INFO  manager.ListenerWD -- After find element-->By.xpath: //button[text()='Sign Out']
19:33:19.373 INFO  manager.ListenerWD -- Location of element-->button
19:33:19.391 INFO  manager.ListenerWD -- Before click element -->buttontext-->Sign Out
19:33:19.466 INFO  tests.TestBase -- Before method finished logout
19:33:19.467 INFO  manager.TestNGListener -- Start test -->loginSuccessModel
19:33:19.468 INFO  tests.TestBase -- Test data---> User{email='sonya@gmail.com', password='Ss12345$'}
19:33:19.468 INFO  manager.ListenerWD -- Before find element-->By.cssSelector: a[href='/login']
19:33:19.487 INFO  manager.ListenerWD -- After find element-->By.cssSelector: a[href='/login']
19:33:19.496 INFO  manager.ListenerWD -- Location of element-->a
19:33:19.512 INFO  manager.ListenerWD -- Before click element -->atext-->LOGIN
19:33:19.576 INFO  manager.ListenerWD -- After click element -->a
19:33:19.576 INFO  manager.HelperBase -- open form by click on button with locator a[href='/login']
19:33:19.576 INFO  manager.ListenerWD -- Before find element-->By.name: email
19:33:19.594 INFO  manager.ListenerWD -- After find element-->By.name: email
19:33:19.602 INFO  manager.ListenerWD -- Location of element-->input
19:33:19.620 INFO  manager.ListenerWD -- Before click element -->inputtext-->
19:33:19.714 INFO  manager.ListenerWD -- After click element -->input
19:33:19.752 INFO  manager.ListenerWD -- sendKeyds-->
19:33:19.758 INFO  manager.ListenerWD -- sendKeyds_TagName-->input
19:33:19.799 INFO  manager.ListenerWD -- sendKeyds-->
19:33:19.806 INFO  manager.ListenerWD -- sendKeyds_TagName-->input
19:33:19.844 INFO  manager.ListenerWD -- sendKeyds-->
19:33:19.852 INFO  manager.ListenerWD -- sendKeyds_TagName-->input
19:33:19.888 INFO  manager.ListenerWD -- Before find element-->By.xpath: //input[@placeholder='Password']
19:33:19.906 INFO  manager.ListenerWD -- After find element-->By.xpath: //input[@placeholder='Password']
19:33:19.913 INFO  manager.ListenerWD -- Location of element-->input
19:33:19.930 INFO  manager.ListenerWD -- Before click element -->inputtext-->
19:33:20.020 INFO  manager.ListenerWD -- After click element -->input
19:33:20.066 INFO  manager.ListenerWD -- sendKeyds-->
19:33:20.072 INFO  manager.ListenerWD -- sendKeyds_TagName-->input
19:33:20.117 INFO  manager.ListenerWD -- sendKeyds-->
19:33:20.124 INFO  manager.ListenerWD -- sendKeyds_TagName-->input
19:33:20.165 INFO  manager.ListenerWD -- sendKeyds-->
19:33:20.171 INFO  manager.ListenerWD -- sendKeyds_TagName-->input
19:33:20.203 INFO  manager.ListenerWD -- Before find element-->By.xpath: //button[text()='Login']
19:33:20.222 INFO  manager.ListenerWD -- After find element-->By.xpath: //button[text()='Login']
19:33:20.230 INFO  manager.ListenerWD -- Location of element-->button
19:33:20.245 INFO  manager.ListenerWD -- Before click element -->buttontext-->Login
19:33:20.643 INFO  tests.TestBase -- Assert check is element button 'Sign out' present
19:33:20.643 INFO  manager.TestNGListener -- Success test -->loginSuccessModel
19:33:20.644 INFO  tests.TestBase -- ==============================================
19:33:20.647 INFO  tests.TestBase -- Name of method (test) -->loginSuccessModelDPF
19:33:20.665 INFO  manager.ListenerWD -- Before find element-->By.xpath: //button[text()='Sign Out']
19:33:20.685 INFO  manager.ListenerWD -- After find element-->By.xpath: //button[text()='Sign Out']
19:33:20.692 INFO  manager.ListenerWD -- Location of element-->button
19:33:20.711 INFO  manager.ListenerWD -- Before click element -->buttontext-->Sign Out
19:33:20.778 INFO  tests.TestBase -- Before method finished logout
19:33:20.779 INFO  manager.TestNGListener -- Start test -->loginSuccessModelDPF
19:33:20.779 INFO  tests.TestBase -- Test data---> User{email='margo@gmail.com', password='Mmar123456$'}
19:33:20.779 INFO  manager.ListenerWD -- Before find element-->By.cssSelector: a[href='/login']
19:33:20.799 INFO  manager.ListenerWD -- After find element-->By.cssSelector: a[href='/login']
19:33:20.806 INFO  manager.ListenerWD -- Location of element-->a
19:33:20.821 INFO  manager.ListenerWD -- Before click element -->atext-->LOGIN
19:33:20.882 INFO  manager.ListenerWD -- After click element -->a
19:33:20.882 INFO  manager.HelperBase -- open form by click on button with locator a[href='/login']
19:33:20.883 INFO  manager.ListenerWD -- Before find element-->By.name: email
19:33:20.900 INFO  manager.ListenerWD -- After find element-->By.name: email
19:33:20.909 INFO  manager.ListenerWD -- Location of element-->input
19:33:20.929 INFO  manager.ListenerWD -- Before click element -->inputtext-->
19:33:21.027 INFO  manager.ListenerWD -- After click element -->input
19:33:21.066 INFO  manager.ListenerWD -- sendKeyds-->
19:33:21.073 INFO  manager.ListenerWD -- sendKeyds_TagName-->input
19:33:21.113 INFO  manager.ListenerWD -- sendKeyds-->
19:33:21.119 INFO  manager.ListenerWD -- sendKeyds_TagName-->input
19:33:21.157 INFO  manager.ListenerWD -- sendKeyds-->
19:33:21.165 INFO  manager.ListenerWD -- sendKeyds_TagName-->input
19:33:21.209 INFO  manager.ListenerWD -- Before find element-->By.xpath: //input[@placeholder='Password']
19:33:21.229 INFO  manager.ListenerWD -- After find element-->By.xpath: //input[@placeholder='Password']
19:33:21.235 INFO  manager.ListenerWD -- Location of element-->input
19:33:21.252 INFO  manager.ListenerWD -- Before click element -->inputtext-->
19:33:21.345 INFO  manager.ListenerWD -- After click element -->input
19:33:21.383 INFO  manager.ListenerWD -- sendKeyds-->
19:33:21.390 INFO  manager.ListenerWD -- sendKeyds_TagName-->input
19:33:21.430 INFO  manager.ListenerWD -- sendKeyds-->
19:33:21.435 INFO  manager.ListenerWD -- sendKeyds_TagName-->input
19:33:21.475 INFO  manager.ListenerWD -- sendKeyds-->
19:33:21.481 INFO  manager.ListenerWD -- sendKeyds_TagName-->input
19:33:21.515 INFO  manager.ListenerWD -- Before find element-->By.xpath: //button[text()='Login']
19:33:21.536 INFO  manager.ListenerWD -- After find element-->By.xpath: //button[text()='Login']
19:33:21.544 INFO  manager.ListenerWD -- Location of element-->button
19:33:21.561 INFO  manager.ListenerWD -- Before click element -->buttontext-->Login
19:33:21.954 INFO  tests.TestBase -- Assert check is element button 'Sign out' present
19:33:21.954 INFO  manager.TestNGListener -- Success test -->loginSuccessModelDPF
19:33:21.956 INFO  tests.TestBase -- ==============================================
19:33:21.956 INFO  tests.TestBase -- Name of method (test) -->loginSuccessModelDPF
19:33:21.974 INFO  manager.ListenerWD -- Before find element-->By.xpath: //button[text()='Sign Out']
19:33:21.990 INFO  manager.ListenerWD -- After find element-->By.xpath: //button[text()='Sign Out']
19:33:22.000 INFO  manager.ListenerWD -- Location of element-->button
19:33:22.018 INFO  manager.ListenerWD -- Before click element -->buttontext-->Sign Out
19:33:22.090 INFO  tests.TestBase -- Before method finished logout
19:33:22.091 INFO  manager.TestNGListener -- Start test -->loginSuccessModelDPF
19:33:22.091 INFO  tests.TestBase -- Test data---> User{email='sonya@gmail.com', password='Ss12345$'}
19:33:22.091 INFO  manager.ListenerWD -- Before find element-->By.cssSelector: a[href='/login']
19:33:22.108 INFO  manager.ListenerWD -- After find element-->By.cssSelector: a[href='/login']
19:33:22.116 INFO  manager.ListenerWD -- Location of element-->a
19:33:22.136 INFO  manager.ListenerWD -- Before click element -->atext-->LOGIN
19:33:22.252 INFO  manager.ListenerWD -- After click element -->a
19:33:22.253 INFO  manager.HelperBase -- open form by click on button with locator a[href='/login']
19:33:22.254 INFO  manager.ListenerWD -- Before find element-->By.name: email
19:33:22.284 INFO  manager.ListenerWD -- After find element-->By.name: email
19:33:22.297 INFO  manager.ListenerWD -- Location of element-->input
19:33:22.342 INFO  manager.ListenerWD -- Before click element -->inputtext-->
19:33:22.452 INFO  manager.ListenerWD -- After click element -->input
19:33:22.493 INFO  manager.ListenerWD -- sendKeyds-->
19:33:22.500 INFO  manager.ListenerWD -- sendKeyds_TagName-->input
19:33:22.543 INFO  manager.ListenerWD -- sendKeyds-->
19:33:22.549 INFO  manager.ListenerWD -- sendKeyds_TagName-->input
19:33:22.586 INFO  manager.ListenerWD -- sendKeyds-->
19:33:22.592 INFO  manager.ListenerWD -- sendKeyds_TagName-->input
19:33:22.632 INFO  manager.ListenerWD -- Before find element-->By.xpath: //input[@placeholder='Password']
19:33:22.650 INFO  manager.ListenerWD -- After find element-->By.xpath: //input[@placeholder='Password']
19:33:22.658 INFO  manager.ListenerWD -- Location of element-->input
19:33:22.675 INFO  manager.ListenerWD -- Before click element -->inputtext-->
19:33:22.774 INFO  manager.ListenerWD -- After click element -->input
19:33:22.809 INFO  manager.ListenerWD -- sendKeyds-->
19:33:22.816 INFO  manager.ListenerWD -- sendKeyds_TagName-->input
19:33:22.854 INFO  manager.ListenerWD -- sendKeyds-->
19:33:22.862 INFO  manager.ListenerWD -- sendKeyds_TagName-->input
19:33:22.901 INFO  manager.ListenerWD -- sendKeyds-->
19:33:22.908 INFO  manager.ListenerWD -- sendKeyds_TagName-->input
19:33:22.941 INFO  manager.ListenerWD -- Before find element-->By.xpath: //button[text()='Login']
19:33:22.958 INFO  manager.ListenerWD -- After find element-->By.xpath: //button[text()='Login']
19:33:22.965 INFO  manager.ListenerWD -- Location of element-->button
19:33:22.983 INFO  manager.ListenerWD -- Before click element -->buttontext-->Login
19:33:23.444 INFO  tests.TestBase -- Assert check is element button 'Sign out' present
19:33:23.444 INFO  manager.TestNGListener -- Success test -->loginSuccessModelDPF
19:33:23.445 INFO  tests.TestBase -- ==============================================
19:33:23.446 INFO  tests.TestBase -- Name of method (test) -->loginSuccessModelDPF
19:33:23.467 INFO  manager.ListenerWD -- Before find element-->By.xpath: //button[text()='Sign Out']
19:33:23.486 INFO  manager.ListenerWD -- After find element-->By.xpath: //button[text()='Sign Out']
19:33:23.493 INFO  manager.ListenerWD -- Location of element-->button
19:33:23.512 INFO  manager.ListenerWD -- Before click element -->buttontext-->Sign Out
19:33:23.578 INFO  tests.TestBase -- Before method finished logout
19:33:23.579 INFO  manager.TestNGListener -- Start test -->loginSuccessModelDPF
19:33:23.580 INFO  tests.TestBase -- Test data---> User{email='margo@gmail.com', password='Mmar123456$'}
19:33:23.580 INFO  manager.ListenerWD -- Before find element-->By.cssSelector: a[href='/login']
19:33:23.596 INFO  manager.ListenerWD -- After find element-->By.cssSelector: a[href='/login']
19:33:23.602 INFO  manager.ListenerWD -- Location of element-->a
19:33:23.621 INFO  manager.ListenerWD -- Before click element -->atext-->LOGIN
19:33:23.683 INFO  manager.ListenerWD -- After click element -->a
19:33:23.683 INFO  manager.HelperBase -- open form by click on button with locator a[href='/login']
19:33:23.683 INFO  manager.ListenerWD -- Before find element-->By.name: email
19:33:23.704 INFO  manager.ListenerWD -- After find element-->By.name: email
19:33:23.711 INFO  manager.ListenerWD -- Location of element-->input
19:33:23.728 INFO  manager.ListenerWD -- Before click element -->inputtext-->
19:33:23.817 INFO  manager.ListenerWD -- After click element -->input
19:33:23.854 INFO  manager.ListenerWD -- sendKeyds-->
19:33:23.862 INFO  manager.ListenerWD -- sendKeyds_TagName-->input
19:33:23.905 INFO  manager.ListenerWD -- sendKeyds-->
19:33:23.912 INFO  manager.ListenerWD -- sendKeyds_TagName-->input
19:33:23.950 INFO  manager.ListenerWD -- sendKeyds-->
19:33:23.956 INFO  manager.ListenerWD -- sendKeyds_TagName-->input
19:33:23.991 INFO  manager.ListenerWD -- Before find element-->By.xpath: //input[@placeholder='Password']
19:33:24.007 INFO  manager.ListenerWD -- After find element-->By.xpath: //input[@placeholder='Password']
19:33:24.014 INFO  manager.ListenerWD -- Location of element-->input
19:33:24.031 INFO  manager.ListenerWD -- Before click element -->inputtext-->
19:33:24.129 INFO  manager.ListenerWD -- After click element -->input
19:33:24.167 INFO  manager.ListenerWD -- sendKeyds-->
19:33:24.173 INFO  manager.ListenerWD -- sendKeyds_TagName-->input
19:33:24.211 INFO  manager.ListenerWD -- sendKeyds-->
19:33:24.217 INFO  manager.ListenerWD -- sendKeyds_TagName-->input
19:33:24.256 INFO  manager.ListenerWD -- sendKeyds-->
19:33:24.263 INFO  manager.ListenerWD -- sendKeyds_TagName-->input
19:33:24.307 INFO  manager.ListenerWD -- Before find element-->By.xpath: //button[text()='Login']
19:33:24.319 INFO  manager.ListenerWD -- After find element-->By.xpath: //button[text()='Login']
19:33:24.330 INFO  manager.ListenerWD -- Location of element-->button
19:33:24.349 INFO  manager.ListenerWD -- Before click element -->buttontext-->Login
19:33:24.760 INFO  tests.TestBase -- Assert check is element button 'Sign out' present
19:33:24.760 INFO  manager.TestNGListener -- Success test -->loginSuccessModelDPF
19:33:24.761 INFO  tests.TestBase -- ==============================================
19:33:24.763 INFO  tests.TestBase -- Name of method (test) -->loginUnregisteredUser
19:33:24.781 INFO  manager.ListenerWD -- Before find element-->By.xpath: //button[text()='Sign Out']
19:33:24.800 INFO  manager.ListenerWD -- After find element-->By.xpath: //button[text()='Sign Out']
19:33:24.809 INFO  manager.ListenerWD -- Location of element-->button
19:33:24.826 INFO  manager.ListenerWD -- Before click element -->buttontext-->Sign Out
19:33:24.889 INFO  tests.TestBase -- Before method finished logout
19:33:24.889 INFO  manager.TestNGListener -- Start test -->loginUnregisteredUser
19:33:24.889 INFO  tests.TestBase -- Test data---> email: 'margo_m@gmail.com' & password: 'Mmar123456$'
19:33:24.890 INFO  manager.ListenerWD -- Before find element-->By.cssSelector: a[href='/login']
19:33:24.907 INFO  manager.ListenerWD -- After find element-->By.cssSelector: a[href='/login']
19:33:24.914 INFO  manager.ListenerWD -- Location of element-->a
19:33:24.930 INFO  manager.ListenerWD -- Before click element -->atext-->LOGIN
19:33:24.996 INFO  manager.ListenerWD -- After click element -->a
19:33:24.996 INFO  manager.HelperBase -- open form by click on button with locator a[href='/login']
19:33:24.996 INFO  manager.ListenerWD -- Before find element-->By.name: email
19:33:25.015 INFO  manager.ListenerWD -- After find element-->By.name: email
19:33:25.022 INFO  manager.ListenerWD -- Location of element-->input
19:33:25.039 INFO  manager.ListenerWD -- Before click element -->inputtext-->
19:33:25.127 INFO  manager.ListenerWD -- After click element -->input
19:33:25.165 INFO  manager.ListenerWD -- sendKeyds-->
19:33:25.172 INFO  manager.ListenerWD -- sendKeyds_TagName-->input
19:33:25.215 INFO  manager.ListenerWD -- sendKeyds-->
19:33:25.221 INFO  manager.ListenerWD -- sendKeyds_TagName-->input
19:33:25.258 INFO  manager.ListenerWD -- sendKeyds-->
19:33:25.264 INFO  manager.ListenerWD -- sendKeyds_TagName-->input
19:33:25.302 INFO  manager.HelperBase -- type in input with locator By.name("email") 
19:33:25.303 INFO  manager.ListenerWD -- Before find element-->By.xpath: //input[@placeholder='Password']
19:33:25.320 INFO  manager.ListenerWD -- After find element-->By.xpath: //input[@placeholder='Password']
19:33:25.326 INFO  manager.ListenerWD -- Location of element-->input
19:33:25.341 INFO  manager.ListenerWD -- Before click element -->inputtext-->
19:33:25.434 INFO  manager.ListenerWD -- After click element -->input
19:33:25.471 INFO  manager.ListenerWD -- sendKeyds-->
19:33:25.478 INFO  manager.ListenerWD -- sendKeyds_TagName-->input
19:33:25.519 INFO  manager.ListenerWD -- sendKeyds-->
19:33:25.527 INFO  manager.ListenerWD -- sendKeyds_TagName-->input
19:33:25.566 INFO  manager.ListenerWD -- sendKeyds-->
19:33:25.575 INFO  manager.ListenerWD -- sendKeyds_TagName-->input
19:33:25.610 INFO  manager.ListenerWD -- Before find element-->By.xpath: //button[text()='Login']
19:33:25.626 INFO  manager.ListenerWD -- After find element-->By.xpath: //button[text()='Login']
19:33:25.634 INFO  manager.ListenerWD -- Location of element-->button
19:33:25.651 INFO  manager.ListenerWD -- Before click element -->buttontext-->Login
19:33:25.729 INFO  manager.ListenerWD -- Huston, we have a problem!
19:33:25.730 INFO  manager.ListenerWD -- Failed method:alert
19:33:25.730 INFO  manager.ListenerWD -- ***************
19:33:25.730 INFO  manager.ListenerWD -- Arguments:null
19:33:25.730 INFO  manager.ListenerWD -- ***************
19:33:25.730 INFO  manager.ListenerWD -- Exception:NoAlertPresentException
19:33:25.730 INFO  manager.ListenerWD -- ***************
19:33:25.731 INFO  manager.ListenerWD -- Messageno such alert
  (Session info: chrome=148.0.7778.179)
Build info: version: '4.26.0', revision: '8ccf0219d7'
System info: os.name: 'Windows 11', os.arch: 'amd64', os.version: '10.0', java.version: '17.0.12'
Driver info: org.openqa.selenium.chrome.ChromeDriver
Command: [2b5a6ee7a924c0779b6992e7fbce3c85, getAlertText {}]
Capabilities {acceptInsecureCerts: false, browserName: chrome, browserVersion: 148.0.7778.179, chrome: {chromedriverVersion: 148.0.7778.178 (d096af1c9e9..., userDataDir: C:\Users\marii\AppData\Loca...}, fedcm:accounts: true, goog:chromeOptions: {debuggerAddress: localhost:51067}, goog:processID: 24092, networkConnectionEnabled: false, pageLoadStrategy: normal, platformName: windows, proxy: Proxy(), se:cdp: ws://localhost:51067/devtoo..., se:cdpVersion: 148.0.7778.179, setWindowRect: true, strictFileInteractability: false, timeouts: {implicit: 0, pageLoad: 300000, script: 30000}, unhandledPromptBehavior: dismiss and notify, webauthn:extension:credBlob: true, webauthn:extension:largeBlob: true, webauthn:extension:minPinLength: true, webauthn:extension:prf: true, webauthn:virtualAuthenticators: true}
Session ID: 2b5a6ee7a924c0779b6992e7fbce3c85
19:33:25.731 INFO  manager.ListenerWD -- ***************
19:33:25.731 INFO  manager.ListenerWD -- ***************
19:33:25.731 INFO  manager.ListenerWD -- Screen with error is--->src/test/screenshots/screen_1151.png
19:33:26.276 INFO  tests.TestBase -- Assert check is alert present with error text 'Wrong email or password'
19:33:26.276 INFO  manager.TestNGListener -- Success test -->loginUnregisteredUser
19:33:26.279 INFO  tests.TestBase -- ==============================================
19:33:26.281 INFO  tests.TestBase -- Name of method (test) -->loginWrongEmail
19:33:31.344 INFO  manager.TestNGListener -- Start test -->loginWrongEmail
19:33:31.345 INFO  tests.TestBase -- Test data---> email: 'margogmail.com' & password: 'Mmar123456$'
19:33:31.345 INFO  manager.ListenerWD -- Before find element-->By.cssSelector: a[href='/login']
19:33:31.362 INFO  manager.ListenerWD -- After find element-->By.cssSelector: a[href='/login']
19:33:31.368 INFO  manager.ListenerWD -- Location of element-->a
19:33:31.381 INFO  manager.ListenerWD -- Before click element -->atext-->LOGIN
19:33:31.440 INFO  manager.ListenerWD -- After click element -->a
19:33:31.440 INFO  manager.HelperBase -- open form by click on button with locator a[href='/login']
19:33:31.440 INFO  manager.ListenerWD -- Before find element-->By.name: email
19:33:31.460 INFO  manager.ListenerWD -- After find element-->By.name: email
19:33:31.465 INFO  manager.ListenerWD -- Location of element-->input
19:33:31.481 INFO  manager.ListenerWD -- Before click element -->inputtext-->
19:33:31.548 INFO  manager.ListenerWD -- After click element -->input
19:33:31.586 INFO  manager.ListenerWD -- sendKeyds-->
19:33:31.595 INFO  manager.ListenerWD -- sendKeyds_TagName-->input
19:33:31.652 INFO  manager.ListenerWD -- sendKeyds-->
19:33:31.659 INFO  manager.ListenerWD -- sendKeyds_TagName-->input
19:33:31.696 INFO  manager.ListenerWD -- sendKeyds-->
19:33:31.702 INFO  manager.ListenerWD -- sendKeyds_TagName-->input
19:33:31.735 INFO  manager.HelperBase -- type in input with locator By.name("email") 
19:33:31.735 INFO  manager.ListenerWD -- Before find element-->By.xpath: //input[@placeholder='Password']
19:33:31.753 INFO  manager.ListenerWD -- After find element-->By.xpath: //input[@placeholder='Password']
19:33:31.762 INFO  manager.ListenerWD -- Location of element-->input
19:33:31.779 INFO  manager.ListenerWD -- Before click element -->inputtext-->
19:33:31.849 INFO  manager.ListenerWD -- After click element -->input
19:33:31.886 INFO  manager.ListenerWD -- sendKeyds-->
19:33:31.894 INFO  manager.ListenerWD -- sendKeyds_TagName-->input
19:33:31.948 INFO  manager.ListenerWD -- sendKeyds-->
19:33:31.954 INFO  manager.ListenerWD -- sendKeyds_TagName-->input
19:33:31.989 INFO  manager.ListenerWD -- sendKeyds-->
19:33:31.998 INFO  manager.ListenerWD -- sendKeyds_TagName-->input
19:33:32.033 INFO  manager.ListenerWD -- Before find element-->By.xpath: //button[text()='Login']
19:33:32.049 INFO  manager.ListenerWD -- After find element-->By.xpath: //button[text()='Login']
19:33:32.060 INFO  manager.ListenerWD -- Location of element-->button
19:33:32.077 INFO  manager.ListenerWD -- Before click element -->buttontext-->Login
19:33:32.150 INFO  manager.ListenerWD -- Huston, we have a problem!
19:33:32.150 INFO  manager.ListenerWD -- Failed method:alert
19:33:32.150 INFO  manager.ListenerWD -- ***************
19:33:32.150 INFO  manager.ListenerWD -- Arguments:null
19:33:32.150 INFO  manager.ListenerWD -- ***************
19:33:32.150 INFO  manager.ListenerWD -- Exception:NoAlertPresentException
19:33:32.150 INFO  manager.ListenerWD -- ***************
19:33:32.150 INFO  manager.ListenerWD -- Messageno such alert
  (Session info: chrome=148.0.7778.179)
Build info: version: '4.26.0', revision: '8ccf0219d7'
System info: os.name: 'Windows 11', os.arch: 'amd64', os.version: '10.0', java.version: '17.0.12'
Driver info: org.openqa.selenium.chrome.ChromeDriver
Command: [2b5a6ee7a924c0779b6992e7fbce3c85, getAlertText {}]
Capabilities {acceptInsecureCerts: false, browserName: chrome, browserVersion: 148.0.7778.179, chrome: {chromedriverVersion: 148.0.7778.178 (d096af1c9e9..., userDataDir: C:\Users\marii\AppData\Loca...}, fedcm:accounts: true, goog:chromeOptions: {debuggerAddress: localhost:51067}, goog:processID: 24092, networkConnectionEnabled: false, pageLoadStrategy: normal, platformName: windows, proxy: Proxy(), se:cdp: ws://localhost:51067/devtoo..., se:cdpVersion: 148.0.7778.179, setWindowRect: true, strictFileInteractability: false, timeouts: {implicit: 0, pageLoad: 300000, script: 30000}, unhandledPromptBehavior: dismiss and notify, webauthn:extension:credBlob: true, webauthn:extension:largeBlob: true, webauthn:extension:minPinLength: true, webauthn:extension:prf: true, webauthn:virtualAuthenticators: true}
Session ID: 2b5a6ee7a924c0779b6992e7fbce3c85
19:33:32.150 INFO  manager.ListenerWD -- ***************
19:33:32.150 INFO  manager.ListenerWD -- ***************
19:33:32.150 INFO  manager.ListenerWD -- Screen with error is--->src/test/screenshots/screen_1967.png
19:33:32.688 INFO  tests.TestBase -- Assert check is alert present with error text 'Wrong email or password'
19:33:32.688 INFO  manager.TestNGListener -- Success test -->loginWrongEmail
19:33:32.689 INFO  tests.TestBase -- ==============================================
19:33:32.691 INFO  tests.TestBase -- Name of method (test) -->loginWrongPassword
19:33:37.725 INFO  manager.TestNGListener -- Start test -->loginWrongPassword
19:33:37.726 INFO  tests.TestBase -- Test data---> email: 'margo@gmail.com' & password: 'Mmar123'
19:33:37.726 INFO  manager.ListenerWD -- Before find element-->By.cssSelector: a[href='/login']
19:33:37.752 INFO  manager.ListenerWD -- After find element-->By.cssSelector: a[href='/login']
19:33:37.762 INFO  manager.ListenerWD -- Location of element-->a
19:33:37.782 INFO  manager.ListenerWD -- Before click element -->atext-->LOGIN
19:33:37.854 INFO  manager.ListenerWD -- After click element -->a
19:33:37.854 INFO  manager.HelperBase -- open form by click on button with locator a[href='/login']
19:33:37.854 INFO  manager.ListenerWD -- Before find element-->By.name: email
19:33:37.874 INFO  manager.ListenerWD -- After find element-->By.name: email
19:33:37.885 INFO  manager.ListenerWD -- Location of element-->input
19:33:37.906 INFO  manager.ListenerWD -- Before click element -->inputtext-->
19:33:37.989 INFO  manager.ListenerWD -- After click element -->input
19:33:38.031 INFO  manager.ListenerWD -- sendKeyds-->
19:33:38.038 INFO  manager.ListenerWD -- sendKeyds_TagName-->input
19:33:38.116 INFO  manager.ListenerWD -- sendKeyds-->
19:33:38.122 INFO  manager.ListenerWD -- sendKeyds_TagName-->input
19:33:38.173 INFO  manager.ListenerWD -- sendKeyds-->
19:33:38.180 INFO  manager.ListenerWD -- sendKeyds_TagName-->input
19:33:38.226 INFO  manager.HelperBase -- type in input with locator By.name("email") 
19:33:38.226 INFO  manager.ListenerWD -- Before find element-->By.xpath: //input[@placeholder='Password']
19:33:38.243 INFO  manager.ListenerWD -- After find element-->By.xpath: //input[@placeholder='Password']
19:33:38.253 INFO  manager.ListenerWD -- Location of element-->input
19:33:38.274 INFO  manager.ListenerWD -- Before click element -->inputtext-->
19:33:38.361 INFO  manager.ListenerWD -- After click element -->input
19:33:38.403 INFO  manager.ListenerWD -- sendKeyds-->
19:33:38.410 INFO  manager.ListenerWD -- sendKeyds_TagName-->input
19:33:38.471 INFO  manager.ListenerWD -- sendKeyds-->
19:33:38.478 INFO  manager.ListenerWD -- sendKeyds_TagName-->input
19:33:38.526 INFO  manager.ListenerWD -- sendKeyds-->
19:33:38.535 INFO  manager.ListenerWD -- sendKeyds_TagName-->input
19:33:38.579 INFO  manager.ListenerWD -- Before find element-->By.xpath: //button[text()='Login']
19:33:38.625 INFO  manager.ListenerWD -- After find element-->By.xpath: //button[text()='Login']
19:33:38.633 INFO  manager.ListenerWD -- Location of element-->button
19:33:38.651 INFO  manager.ListenerWD -- Before click element -->buttontext-->Login
19:33:38.724 INFO  manager.ListenerWD -- Huston, we have a problem!
19:33:38.724 INFO  manager.ListenerWD -- Failed method:alert
19:33:38.724 INFO  manager.ListenerWD -- ***************
19:33:38.724 INFO  manager.ListenerWD -- Arguments:null
19:33:38.724 INFO  manager.ListenerWD -- ***************
19:33:38.725 INFO  manager.ListenerWD -- Exception:NoAlertPresentException
19:33:38.725 INFO  manager.ListenerWD -- ***************
19:33:38.725 INFO  manager.ListenerWD -- Messageno such alert
  (Session info: chrome=148.0.7778.179)
Build info: version: '4.26.0', revision: '8ccf0219d7'
System info: os.name: 'Windows 11', os.arch: 'amd64', os.version: '10.0', java.version: '17.0.12'
Driver info: org.openqa.selenium.chrome.ChromeDriver
Command: [2b5a6ee7a924c0779b6992e7fbce3c85, getAlertText {}]
Capabilities {acceptInsecureCerts: false, browserName: chrome, browserVersion: 148.0.7778.179, chrome: {chromedriverVersion: 148.0.7778.178 (d096af1c9e9..., userDataDir: C:\Users\marii\AppData\Loca...}, fedcm:accounts: true, goog:chromeOptions: {debuggerAddress: localhost:51067}, goog:processID: 24092, networkConnectionEnabled: false, pageLoadStrategy: normal, platformName: windows, proxy: Proxy(), se:cdp: ws://localhost:51067/devtoo..., se:cdpVersion: 148.0.7778.179, setWindowRect: true, strictFileInteractability: false, timeouts: {implicit: 0, pageLoad: 300000, script: 30000}, unhandledPromptBehavior: dismiss and notify, webauthn:extension:credBlob: true, webauthn:extension:largeBlob: true, webauthn:extension:minPinLength: true, webauthn:extension:prf: true, webauthn:virtualAuthenticators: true}
Session ID: 2b5a6ee7a924c0779b6992e7fbce3c85
19:33:38.725 INFO  manager.ListenerWD -- ***************
19:33:38.725 INFO  manager.ListenerWD -- ***************
19:33:38.725 INFO  manager.ListenerWD -- Screen with error is--->src/test/screenshots/screen_1764.png
19:33:39.259 INFO  tests.TestBase -- Assert check is alert present with error text 'Wrong email or password'
19:33:39.260 INFO  manager.TestNGListener -- Success test -->loginWrongPassword
19:33:39.261 INFO  tests.TestBase -- ==============================================
19:33:39.265 INFO  manager.TestNGListener -- Stop testing on date -->Thu Jun 04 19:33:39 IDT 2026
