20:33:58.518 INFO  manager.ApplicationManager -- All tests runs in Chrome Browser
20:34:03.830 INFO  manager.ApplicationManager -- The link --->https://telranedu.web.app/home
20:34:03.857 INFO  manager.TestNGListener -- Start testing on date -->Thu Jun 04 20:34:03 IDT 2026
20:34:03.899 INFO  tests.TestBase -- Name of method (test) -->loginSuccess1
20:34:08.957 INFO  manager.TestNGListener -- Start test -->loginSuccess1
20:34:08.959 INFO  manager.ListenerWD -- Before find element-->By.cssSelector: a[href='/login']
20:34:09.001 INFO  manager.ListenerWD -- After find element-->By.cssSelector: a[href='/login']
20:34:09.020 INFO  manager.ListenerWD -- Location of element-->a
20:34:09.062 INFO  manager.ListenerWD -- Before click element -->atext-->LOGIN
20:34:09.206 INFO  manager.ListenerWD -- After click element -->a
20:34:09.207 INFO  manager.HelperBase -- open form by click on button with locator a[href='/login']
20:34:09.208 INFO  manager.ListenerWD -- Before find element-->By.name: email
20:34:09.252 INFO  manager.ListenerWD -- After find element-->By.name: email
20:34:09.264 INFO  manager.ListenerWD -- Location of element-->input
20:34:09.291 INFO  manager.ListenerWD -- Before click element -->inputtext-->
20:34:09.413 INFO  manager.ListenerWD -- After click element -->input
20:34:09.486 INFO  manager.ListenerWD -- sendKeyds-->
20:34:09.500 INFO  manager.ListenerWD -- sendKeyds_TagName-->input
20:34:09.584 INFO  manager.ListenerWD -- sendKeyds-->
20:34:09.597 INFO  manager.ListenerWD -- sendKeyds_TagName-->input
20:34:09.662 INFO  manager.ListenerWD -- sendKeyds-->
20:34:09.673 INFO  manager.ListenerWD -- sendKeyds_TagName-->input
20:34:09.738 INFO  manager.ListenerWD -- Before find element-->By.xpath: //input[@placeholder='Password']
20:34:09.779 INFO  manager.ListenerWD -- After find element-->By.xpath: //input[@placeholder='Password']
20:34:09.802 INFO  manager.ListenerWD -- Location of element-->input
20:34:09.855 INFO  manager.ListenerWD -- Before click element -->inputtext-->
20:34:09.957 INFO  manager.ListenerWD -- After click element -->input
20:34:10.011 INFO  manager.ListenerWD -- sendKeyds-->
20:34:10.020 INFO  manager.ListenerWD -- sendKeyds_TagName-->input
20:34:10.069 INFO  manager.ListenerWD -- sendKeyds-->
20:34:10.079 INFO  manager.ListenerWD -- sendKeyds_TagName-->input
20:34:10.128 INFO  manager.ListenerWD -- sendKeyds-->
20:34:10.137 INFO  manager.ListenerWD -- sendKeyds_TagName-->input
20:34:10.175 INFO  manager.ListenerWD -- Before find element-->By.xpath: //button[text()='Login']
20:34:10.203 INFO  manager.ListenerWD -- After find element-->By.xpath: //button[text()='Login']
20:34:10.212 INFO  manager.ListenerWD -- Location of element-->button
20:34:10.241 INFO  manager.ListenerWD -- Before click element -->buttontext-->Login
20:34:11.808 INFO  manager.TestNGListener -- Success test -->loginSuccess1
20:34:11.810 INFO  tests.TestBase -- ==============================================
20:34:11.818 INFO  tests.TestBase -- Name of method (test) -->loginWrongEmail
20:34:11.854 INFO  manager.ListenerWD -- Before find element-->By.xpath: //button[text()='Sign Out']
20:34:11.894 INFO  manager.ListenerWD -- After find element-->By.xpath: //button[text()='Sign Out']
20:34:11.906 INFO  manager.ListenerWD -- Location of element-->button
20:34:11.930 INFO  manager.ListenerWD -- Before click element -->buttontext-->Sign Out
20:34:12.057 INFO  tests.TestBase -- Before method finished logout
20:34:12.058 INFO  manager.TestNGListener -- Start test -->loginWrongEmail
20:34:12.059 INFO  tests.TestBase -- Test data---> email: 'margogmail.com' & password: 'Mmar123456$'
20:34:12.059 INFO  manager.ListenerWD -- Before find element-->By.cssSelector: a[href='/login']
20:34:12.082 INFO  manager.ListenerWD -- After find element-->By.cssSelector: a[href='/login']
20:34:12.093 INFO  manager.ListenerWD -- Location of element-->a
20:34:12.120 INFO  manager.ListenerWD -- Before click element -->atext-->LOGIN
20:34:12.221 INFO  manager.ListenerWD -- After click element -->a
20:34:12.221 INFO  manager.HelperBase -- open form by click on button with locator a[href='/login']
20:34:12.222 INFO  manager.ListenerWD -- Before find element-->By.name: email
20:34:12.250 INFO  manager.ListenerWD -- After find element-->By.name: email
20:34:12.261 INFO  manager.ListenerWD -- Location of element-->input
20:34:12.287 INFO  manager.ListenerWD -- Before click element -->inputtext-->
20:34:12.394 INFO  manager.ListenerWD -- After click element -->input
20:34:12.447 INFO  manager.ListenerWD -- sendKeyds-->
20:34:12.458 INFO  manager.ListenerWD -- sendKeyds_TagName-->input
20:34:12.507 INFO  manager.ListenerWD -- sendKeyds-->
20:34:12.514 INFO  manager.ListenerWD -- sendKeyds_TagName-->input
20:34:12.569 INFO  manager.ListenerWD -- sendKeyds-->
20:34:12.579 INFO  manager.ListenerWD -- sendKeyds_TagName-->input
20:34:12.637 INFO  manager.HelperBase -- type in input with locator By.name("email") 
20:34:12.638 INFO  manager.ListenerWD -- Before find element-->By.xpath: //input[@placeholder='Password']
20:34:12.664 INFO  manager.ListenerWD -- After find element-->By.xpath: //input[@placeholder='Password']
20:34:12.672 INFO  manager.ListenerWD -- Location of element-->input
20:34:12.696 INFO  manager.ListenerWD -- Before click element -->inputtext-->
20:34:12.784 INFO  manager.ListenerWD -- After click element -->input
20:34:12.835 INFO  manager.ListenerWD -- sendKeyds-->
20:34:12.847 INFO  manager.ListenerWD -- sendKeyds_TagName-->input
20:34:12.900 INFO  manager.ListenerWD -- sendKeyds-->
20:34:12.913 INFO  manager.ListenerWD -- sendKeyds_TagName-->input
20:34:12.968 INFO  manager.ListenerWD -- sendKeyds-->
20:34:12.980 INFO  manager.ListenerWD -- sendKeyds_TagName-->input
20:34:13.027 INFO  manager.ListenerWD -- Before find element-->By.xpath: //button[text()='Login']
20:34:13.052 INFO  manager.ListenerWD -- After find element-->By.xpath: //button[text()='Login']
20:34:13.061 INFO  manager.ListenerWD -- Location of element-->button
20:34:13.083 INFO  manager.ListenerWD -- Before click element -->buttontext-->Login
20:34:13.193 INFO  manager.ListenerWD -- Huston, we have a problem!
20:34:13.193 INFO  manager.ListenerWD -- Failed method:alert
20:34:13.193 INFO  manager.ListenerWD -- ***************
20:34:13.193 INFO  manager.ListenerWD -- Arguments:null
20:34:13.193 INFO  manager.ListenerWD -- ***************
20:34:13.193 INFO  manager.ListenerWD -- Exception:NoAlertPresentException
20:34:13.193 INFO  manager.ListenerWD -- ***************
20:34:13.194 INFO  manager.ListenerWD -- Messageno such alert
  (Session info: chrome=148.0.7778.179)
Build info: version: '4.26.0', revision: '8ccf0219d7'
System info: os.name: 'Windows 11', os.arch: 'amd64', os.version: '10.0', java.version: '17.0.12'
Driver info: org.openqa.selenium.chrome.ChromeDriver
Command: [ae93c8e04f86d8a02d21eb2e1d589c3a, getAlertText {}]
Capabilities {acceptInsecureCerts: false, browserName: chrome, browserVersion: 148.0.7778.179, chrome: {chromedriverVersion: 148.0.7778.178 (d096af1c9e9..., userDataDir: C:\Users\marii\AppData\Loca...}, fedcm:accounts: true, goog:chromeOptions: {debuggerAddress: localhost:55081}, goog:processID: 7316, networkConnectionEnabled: false, pageLoadStrategy: normal, platformName: windows, proxy: Proxy(), se:cdp: ws://localhost:55081/devtoo..., se:cdpVersion: 148.0.7778.179, setWindowRect: true, strictFileInteractability: false, timeouts: {implicit: 0, pageLoad: 300000, script: 30000}, unhandledPromptBehavior: dismiss and notify, webauthn:extension:credBlob: true, webauthn:extension:largeBlob: true, webauthn:extension:minPinLength: true, webauthn:extension:prf: true, webauthn:virtualAuthenticators: true}
Session ID: ae93c8e04f86d8a02d21eb2e1d589c3a
20:34:13.194 INFO  manager.ListenerWD -- ***************
20:34:13.194 INFO  manager.ListenerWD -- ***************
20:34:13.194 INFO  manager.ListenerWD -- Screen with error is--->src/test/screenshots/screen_1347.png
20:34:13.746 INFO  tests.TestBase -- Assert check is alert present with error text 'Wrong email or password'
20:34:13.747 INFO  manager.TestNGListener -- Success test -->loginWrongEmail
20:34:13.749 INFO  tests.TestBase -- ==============================================
20:34:18.776 INFO  manager.ListenerWD -- Before find element-->By.cssSelector: a[href='/login']
20:34:18.806 INFO  manager.ListenerWD -- After find element-->By.cssSelector: a[href='/login']
20:34:18.816 INFO  manager.ListenerWD -- Location of element-->a
20:34:18.845 INFO  manager.ListenerWD -- Before click element -->atext-->LOGIN
20:34:18.941 INFO  manager.ListenerWD -- After click element -->a
20:34:18.941 INFO  manager.HelperBase -- open form by click on button with locator a[href='/login']
20:34:18.942 INFO  manager.ListenerWD -- Before find element-->By.name: email
20:34:18.972 INFO  manager.ListenerWD -- After find element-->By.name: email
20:34:18.982 INFO  manager.ListenerWD -- Location of element-->input
20:34:19.011 INFO  manager.ListenerWD -- Before click element -->inputtext-->
20:34:19.118 INFO  manager.ListenerWD -- After click element -->input
20:34:19.181 INFO  manager.ListenerWD -- sendKeyds-->
20:34:19.190 INFO  manager.ListenerWD -- sendKeyds_TagName-->input
20:34:19.284 INFO  manager.ListenerWD -- sendKeyds-->
20:34:19.295 INFO  manager.ListenerWD -- sendKeyds_TagName-->input
20:34:19.352 INFO  manager.ListenerWD -- sendKeyds-->
20:34:19.361 INFO  manager.ListenerWD -- sendKeyds_TagName-->input
20:34:19.422 INFO  manager.ListenerWD -- Before find element-->By.xpath: //input[@placeholder='Password']
20:34:19.453 INFO  manager.ListenerWD -- After find element-->By.xpath: //input[@placeholder='Password']
20:34:19.463 INFO  manager.ListenerWD -- Location of element-->input
20:34:19.489 INFO  manager.ListenerWD -- Before click element -->inputtext-->
20:34:19.589 INFO  manager.ListenerWD -- After click element -->input
20:34:19.644 INFO  manager.ListenerWD -- sendKeyds-->
20:34:19.655 INFO  manager.ListenerWD -- sendKeyds_TagName-->input
20:34:19.729 INFO  manager.ListenerWD -- sendKeyds-->
20:34:19.737 INFO  manager.ListenerWD -- sendKeyds_TagName-->input
20:34:19.792 INFO  manager.ListenerWD -- sendKeyds-->
20:34:19.802 INFO  manager.ListenerWD -- sendKeyds_TagName-->input
20:34:19.860 INFO  manager.ListenerWD -- Before find element-->By.xpath: //button[text()='Login']
20:34:19.888 INFO  manager.ListenerWD -- After find element-->By.xpath: //button[text()='Login']
20:34:19.900 INFO  manager.ListenerWD -- Location of element-->button
20:34:19.929 INFO  manager.ListenerWD -- Before click element -->buttontext-->Login
20:34:20.023 INFO  tests.TestBase -- Name of method (test) -->addNewContactSuccessRequiredFields
20:34:20.025 INFO  manager.TestNGListener -- Start test -->addNewContactSuccessRequiredFields
20:34:20.027 INFO  manager.ListenerWD -- Before find element-->By.cssSelector: a[href='/add']
20:34:21.804 INFO  manager.ListenerWD -- After find element-->By.cssSelector: a[href='/add']
20:34:21.815 INFO  manager.ListenerWD -- Location of element-->a
20:34:21.839 INFO  manager.ListenerWD -- Before click element -->atext-->ADD
20:34:21.932 INFO  manager.ListenerWD -- After click element -->a
20:34:21.932 INFO  manager.ListenerWD -- Before find element-->By.cssSelector: [placeholder='Name']
20:34:21.960 INFO  manager.ListenerWD -- After find element-->By.cssSelector: [placeholder='Name']
20:34:21.970 INFO  manager.ListenerWD -- Location of element-->input
20:34:21.990 INFO  manager.ListenerWD -- Before click element -->inputtext-->
20:34:22.094 INFO  manager.ListenerWD -- After click element -->input
20:34:22.145 INFO  manager.ListenerWD -- sendKeyds-->
20:34:22.154 INFO  manager.ListenerWD -- sendKeyds_TagName-->input
20:34:22.205 INFO  manager.ListenerWD -- sendKeyds-->
20:34:22.214 INFO  manager.ListenerWD -- sendKeyds_TagName-->input
20:34:22.265 INFO  manager.ListenerWD -- sendKeyds-->
20:34:22.274 INFO  manager.ListenerWD -- sendKeyds_TagName-->input
20:34:22.328 INFO  manager.ListenerWD -- Before find element-->By.cssSelector: [placeholder='Last Name']
20:34:22.358 INFO  manager.ListenerWD -- After find element-->By.cssSelector: [placeholder='Last Name']
20:34:22.368 INFO  manager.ListenerWD -- Location of element-->input
20:34:22.392 INFO  manager.ListenerWD -- Before click element -->inputtext-->
20:34:22.482 INFO  manager.ListenerWD -- After click element -->input
20:34:22.531 INFO  manager.ListenerWD -- sendKeyds-->
20:34:22.540 INFO  manager.ListenerWD -- sendKeyds_TagName-->input
20:34:22.596 INFO  manager.ListenerWD -- sendKeyds-->
20:34:22.606 INFO  manager.ListenerWD -- sendKeyds_TagName-->input
20:34:22.663 INFO  manager.ListenerWD -- sendKeyds-->
20:34:22.671 INFO  manager.ListenerWD -- sendKeyds_TagName-->input
20:34:22.716 INFO  manager.ListenerWD -- Before find element-->By.cssSelector: [placeholder='Phone']
20:34:22.742 INFO  manager.ListenerWD -- After find element-->By.cssSelector: [placeholder='Phone']
20:34:22.750 INFO  manager.ListenerWD -- Location of element-->input
20:34:22.775 INFO  manager.ListenerWD -- Before click element -->inputtext-->
20:34:22.869 INFO  manager.ListenerWD -- After click element -->input
20:34:22.924 INFO  manager.ListenerWD -- sendKeyds-->
20:34:22.934 INFO  manager.ListenerWD -- sendKeyds_TagName-->input
20:34:22.985 INFO  manager.ListenerWD -- sendKeyds-->
20:34:22.993 INFO  manager.ListenerWD -- sendKeyds_TagName-->input
20:34:23.050 INFO  manager.ListenerWD -- sendKeyds-->
20:34:23.058 INFO  manager.ListenerWD -- sendKeyds_TagName-->input
20:34:23.119 INFO  manager.ListenerWD -- Before find element-->By.cssSelector: [placeholder='email']
20:34:23.150 INFO  manager.ListenerWD -- After find element-->By.cssSelector: [placeholder='email']
20:34:23.159 INFO  manager.ListenerWD -- Location of element-->input
20:34:23.185 INFO  manager.ListenerWD -- Before click element -->inputtext-->
20:34:23.270 INFO  manager.ListenerWD -- After click element -->input
20:34:23.332 INFO  manager.ListenerWD -- sendKeyds-->
20:34:23.342 INFO  manager.ListenerWD -- sendKeyds_TagName-->input
20:34:23.393 INFO  manager.ListenerWD -- sendKeyds-->
20:34:23.403 INFO  manager.ListenerWD -- sendKeyds_TagName-->input
20:34:23.450 INFO  manager.ListenerWD -- sendKeyds-->
20:34:23.458 INFO  manager.ListenerWD -- sendKeyds_TagName-->input
20:34:23.515 INFO  manager.ListenerWD -- Before find element-->By.cssSelector: [placeholder='Address']
20:34:23.541 INFO  manager.ListenerWD -- After find element-->By.cssSelector: [placeholder='Address']
20:34:23.549 INFO  manager.ListenerWD -- Location of element-->input
20:34:23.571 INFO  manager.ListenerWD -- Before click element -->inputtext-->
20:34:23.667 INFO  manager.ListenerWD -- After click element -->input
20:34:23.718 INFO  manager.ListenerWD -- sendKeyds-->
20:34:23.727 INFO  manager.ListenerWD -- sendKeyds_TagName-->input
20:34:23.778 INFO  manager.ListenerWD -- sendKeyds-->
20:34:23.788 INFO  manager.ListenerWD -- sendKeyds_TagName-->input
20:34:23.835 INFO  manager.ListenerWD -- sendKeyds-->
20:34:23.844 INFO  manager.ListenerWD -- sendKeyds_TagName-->input
20:34:23.888 INFO  manager.ListenerWD -- Before find element-->By.cssSelector: [placeholder='description']
20:34:23.916 INFO  manager.ListenerWD -- After find element-->By.cssSelector: [placeholder='description']
20:34:23.926 INFO  manager.ListenerWD -- Location of element-->input
20:34:23.948 INFO  manager.ListenerWD -- Before click element -->inputtext-->
20:34:24.037 INFO  manager.ListenerWD -- After click element -->input
20:34:24.088 INFO  manager.ListenerWD -- sendKeyds-->
20:34:24.097 INFO  manager.ListenerWD -- sendKeyds_TagName-->input
20:34:24.151 INFO  manager.ListenerWD -- sendKeyds-->
20:34:24.160 INFO  manager.ListenerWD -- sendKeyds_TagName-->input
20:34:24.202 INFO  manager.ListenerWD -- Before find element-->By.cssSelector: .add_form__2rsm2>button
20:34:24.237 INFO  manager.ListenerWD -- After find element-->By.cssSelector: .add_form__2rsm2>button
20:34:24.251 INFO  manager.ListenerWD -- Location of element-->button
20:34:24.275 INFO  manager.ListenerWD -- Before click element -->buttontext-->Save
20:34:24.369 INFO  manager.ListenerWD -- After click element -->button
20:34:25.134 INFO  manager.TestNGListener -- Success test -->addNewContactSuccessRequiredFields
20:34:25.135 INFO  tests.TestBase -- ==============================================
20:34:25.138 INFO  tests.TestBase -- Name of method (test) -->registrationSuccess
20:34:25.167 INFO  manager.ListenerWD -- Before find element-->By.xpath: //button[text()='Sign Out']
20:34:25.195 INFO  manager.ListenerWD -- After find element-->By.xpath: //button[text()='Sign Out']
20:34:25.205 INFO  manager.ListenerWD -- Location of element-->button
20:34:25.229 INFO  manager.ListenerWD -- Before click element -->buttontext-->Sign Out
20:34:25.347 INFO  manager.TestNGListener -- Start test -->registrationSuccess
20:34:25.349 INFO  manager.ListenerWD -- Before find element-->By.cssSelector: a[href='/login']
20:34:25.379 INFO  manager.ListenerWD -- After find element-->By.cssSelector: a[href='/login']
20:34:25.388 INFO  manager.ListenerWD -- Location of element-->a
20:34:25.417 INFO  manager.ListenerWD -- Before click element -->atext-->LOGIN
20:34:25.516 INFO  manager.ListenerWD -- After click element -->a
20:34:25.516 INFO  manager.HelperBase -- open form by click on button with locator a[href='/login']
20:34:25.517 INFO  manager.ListenerWD -- Before find element-->By.name: email
20:34:25.551 INFO  manager.ListenerWD -- After find element-->By.name: email
20:34:25.560 INFO  manager.ListenerWD -- Location of element-->input
20:34:25.587 INFO  manager.ListenerWD -- Before click element -->inputtext-->
20:34:25.696 INFO  manager.ListenerWD -- After click element -->input
20:34:25.743 INFO  manager.ListenerWD -- sendKeyds-->
20:34:25.751 INFO  manager.ListenerWD -- sendKeyds_TagName-->input
20:34:25.809 INFO  manager.ListenerWD -- sendKeyds-->
20:34:25.819 INFO  manager.ListenerWD -- sendKeyds_TagName-->input
20:34:25.882 INFO  manager.ListenerWD -- sendKeyds-->
20:34:25.890 INFO  manager.ListenerWD -- sendKeyds_TagName-->input
20:34:25.943 INFO  manager.ListenerWD -- Before find element-->By.xpath: //input[@placeholder='Password']
20:34:25.972 INFO  manager.ListenerWD -- After find element-->By.xpath: //input[@placeholder='Password']
20:34:25.982 INFO  manager.ListenerWD -- Location of element-->input
20:34:26.005 INFO  manager.ListenerWD -- Before click element -->inputtext-->
20:34:26.098 INFO  manager.ListenerWD -- After click element -->input
20:34:26.144 INFO  manager.ListenerWD -- sendKeyds-->
20:34:26.154 INFO  manager.ListenerWD -- sendKeyds_TagName-->input
20:34:26.208 INFO  manager.ListenerWD -- sendKeyds-->
20:34:26.218 INFO  manager.ListenerWD -- sendKeyds_TagName-->input
20:34:26.278 INFO  manager.ListenerWD -- sendKeyds-->
20:34:26.290 INFO  manager.ListenerWD -- sendKeyds_TagName-->input
20:34:26.348 INFO  manager.ListenerWD -- Before find element-->By.xpath: //button[text()='Registration']
20:34:26.378 INFO  manager.ListenerWD -- After find element-->By.xpath: //button[text()='Registration']
20:34:26.389 INFO  manager.ListenerWD -- Location of element-->button
20:34:26.413 INFO  manager.ListenerWD -- Before click element -->buttontext-->Registration
20:34:27.046 INFO  manager.ListenerWD -- Before find element-->By.cssSelector: .contact-page_message__2qafk>h1
20:34:27.261 INFO  manager.ListenerWD -- After find element-->By.cssSelector: .contact-page_message__2qafk>h1
20:34:27.271 INFO  manager.ListenerWD -- Location of element-->h1
20:34:27.291 INFO  manager.TestNGListener -- Success test -->registrationSuccess
20:34:27.293 INFO  tests.TestBase -- ==============================================
20:34:27.295 INFO  tests.TestBase -- Name of method (test) -->registrationWrongEmail
20:34:27.317 INFO  manager.ListenerWD -- Before find element-->By.xpath: //button[text()='Sign Out']
20:34:27.339 INFO  manager.ListenerWD -- After find element-->By.xpath: //button[text()='Sign Out']
20:34:27.350 INFO  manager.ListenerWD -- Location of element-->button
20:34:27.370 INFO  manager.ListenerWD -- Before click element -->buttontext-->Sign Out
20:34:27.483 INFO  manager.TestNGListener -- Start test -->registrationWrongEmail
20:34:27.484 INFO  manager.ListenerWD -- Before find element-->By.cssSelector: a[href='/login']
20:34:27.508 INFO  manager.ListenerWD -- After find element-->By.cssSelector: a[href='/login']
20:34:27.521 INFO  manager.ListenerWD -- Location of element-->a
20:34:27.546 INFO  manager.ListenerWD -- Before click element -->atext-->LOGIN
20:34:27.633 INFO  manager.ListenerWD -- After click element -->a
20:34:27.633 INFO  manager.HelperBase -- open form by click on button with locator a[href='/login']
20:34:27.633 INFO  manager.ListenerWD -- Before find element-->By.name: email
20:34:27.654 INFO  manager.ListenerWD -- After find element-->By.name: email
20:34:27.663 INFO  manager.ListenerWD -- Location of element-->input
20:34:27.685 INFO  manager.ListenerWD -- Before click element -->inputtext-->
20:34:27.768 INFO  manager.ListenerWD -- After click element -->input
20:34:27.822 INFO  manager.ListenerWD -- sendKeyds-->
20:34:27.832 INFO  manager.ListenerWD -- sendKeyds_TagName-->input
20:34:27.885 INFO  manager.ListenerWD -- sendKeyds-->
20:34:27.895 INFO  manager.ListenerWD -- sendKeyds_TagName-->input
20:34:27.952 INFO  manager.ListenerWD -- sendKeyds-->
20:34:27.964 INFO  manager.ListenerWD -- sendKeyds_TagName-->input
20:34:28.017 INFO  manager.ListenerWD -- Before find element-->By.xpath: //input[@placeholder='Password']
20:34:28.041 INFO  manager.ListenerWD -- After find element-->By.xpath: //input[@placeholder='Password']
20:34:28.052 INFO  manager.ListenerWD -- Location of element-->input
20:34:28.077 INFO  manager.ListenerWD -- Before click element -->inputtext-->
20:34:28.169 INFO  manager.ListenerWD -- After click element -->input
20:34:28.229 INFO  manager.ListenerWD -- sendKeyds-->
20:34:28.239 INFO  manager.ListenerWD -- sendKeyds_TagName-->input
20:34:28.291 INFO  manager.ListenerWD -- sendKeyds-->
20:34:28.300 INFO  manager.ListenerWD -- sendKeyds_TagName-->input
20:34:28.359 INFO  manager.ListenerWD -- sendKeyds-->
20:34:28.368 INFO  manager.ListenerWD -- sendKeyds_TagName-->input
20:34:28.423 INFO  manager.ListenerWD -- Before find element-->By.xpath: //button[text()='Registration']
20:34:28.448 INFO  manager.ListenerWD -- After find element-->By.xpath: //button[text()='Registration']
20:34:28.459 INFO  manager.ListenerWD -- Location of element-->button
20:34:28.478 INFO  manager.ListenerWD -- Before click element -->buttontext-->Registration
20:34:28.574 INFO  manager.ListenerWD -- Huston, we have a problem!
20:34:28.574 INFO  manager.ListenerWD -- Failed method:alert
20:34:28.574 INFO  manager.ListenerWD -- ***************
20:34:28.574 INFO  manager.ListenerWD -- Arguments:null
20:34:28.574 INFO  manager.ListenerWD -- ***************
20:34:28.574 INFO  manager.ListenerWD -- Exception:NoAlertPresentException
20:34:28.574 INFO  manager.ListenerWD -- ***************
20:34:28.574 INFO  manager.ListenerWD -- Messageno such alert
  (Session info: chrome=148.0.7778.179)
Build info: version: '4.26.0', revision: '8ccf0219d7'
System info: os.name: 'Windows 11', os.arch: 'amd64', os.version: '10.0', java.version: '17.0.12'
Driver info: org.openqa.selenium.chrome.ChromeDriver
Command: [ae93c8e04f86d8a02d21eb2e1d589c3a, getAlertText {}]
Capabilities {acceptInsecureCerts: false, browserName: chrome, browserVersion: 148.0.7778.179, chrome: {chromedriverVersion: 148.0.7778.178 (d096af1c9e9..., userDataDir: C:\Users\marii\AppData\Loca...}, fedcm:accounts: true, goog:chromeOptions: {debuggerAddress: localhost:55081}, goog:processID: 7316, networkConnectionEnabled: false, pageLoadStrategy: normal, platformName: windows, proxy: Proxy(), se:cdp: ws://localhost:55081/devtoo..., se:cdpVersion: 148.0.7778.179, setWindowRect: true, strictFileInteractability: false, timeouts: {implicit: 0, pageLoad: 300000, script: 30000}, unhandledPromptBehavior: dismiss and notify, webauthn:extension:credBlob: true, webauthn:extension:largeBlob: true, webauthn:extension:minPinLength: true, webauthn:extension:prf: true, webauthn:virtualAuthenticators: true}
Session ID: ae93c8e04f86d8a02d21eb2e1d589c3a
20:34:28.574 INFO  manager.ListenerWD -- ***************
20:34:28.574 INFO  manager.ListenerWD -- ***************
20:34:28.575 INFO  manager.ListenerWD -- Screen with error is--->src/test/screenshots/screen_1714.png
20:34:29.111 INFO  manager.TestNGListener -- Success test -->registrationWrongEmail
20:34:29.113 INFO  tests.TestBase -- ==============================================
20:34:29.116 INFO  tests.TestBase -- Name of method (test) -->removeFirstContact
20:34:34.168 INFO  manager.ListenerWD -- Before find element-->By.cssSelector: a[href='/login']
20:34:34.190 INFO  manager.ListenerWD -- After find element-->By.cssSelector: a[href='/login']
20:34:34.200 INFO  manager.ListenerWD -- Location of element-->a
20:34:34.228 INFO  manager.ListenerWD -- Before click element -->atext-->LOGIN
20:34:34.330 INFO  manager.ListenerWD -- After click element -->a
20:34:34.330 INFO  manager.HelperBase -- open form by click on button with locator a[href='/login']
20:34:34.331 INFO  manager.ListenerWD -- Before find element-->By.name: email
20:34:34.353 INFO  manager.ListenerWD -- After find element-->By.name: email
20:34:34.362 INFO  manager.ListenerWD -- Location of element-->input
20:34:34.386 INFO  manager.ListenerWD -- Before click element -->inputtext-->
20:34:34.497 INFO  manager.ListenerWD -- After click element -->input
20:34:34.557 INFO  manager.ListenerWD -- sendKeyds-->
20:34:34.566 INFO  manager.ListenerWD -- sendKeyds_TagName-->input
20:34:34.652 INFO  manager.ListenerWD -- sendKeyds-->
20:34:34.660 INFO  manager.ListenerWD -- sendKeyds_TagName-->input
20:34:34.709 INFO  manager.ListenerWD -- sendKeyds-->
20:34:34.717 INFO  manager.ListenerWD -- sendKeyds_TagName-->input
20:34:34.767 INFO  manager.ListenerWD -- Before find element-->By.xpath: //input[@placeholder='Password']
20:34:34.790 INFO  manager.ListenerWD -- After find element-->By.xpath: //input[@placeholder='Password']
20:34:34.801 INFO  manager.ListenerWD -- Location of element-->input
20:34:34.826 INFO  manager.ListenerWD -- Before click element -->inputtext-->
20:34:34.926 INFO  manager.ListenerWD -- After click element -->input
20:34:34.979 INFO  manager.ListenerWD -- sendKeyds-->
20:34:34.988 INFO  manager.ListenerWD -- sendKeyds_TagName-->input
20:34:35.075 INFO  manager.ListenerWD -- sendKeyds-->
20:34:35.085 INFO  manager.ListenerWD -- sendKeyds_TagName-->input
20:34:35.140 INFO  manager.ListenerWD -- sendKeyds-->
20:34:35.150 INFO  manager.ListenerWD -- sendKeyds_TagName-->input
20:34:35.197 INFO  manager.ListenerWD -- Before find element-->By.xpath: //button[text()='Login']
20:34:35.227 INFO  manager.ListenerWD -- After find element-->By.xpath: //button[text()='Login']
20:34:35.238 INFO  manager.ListenerWD -- Location of element-->button
20:34:35.264 INFO  manager.ListenerWD -- Before click element -->buttontext-->Login
20:34:35.970 INFO  manager.ListenerWD -- Before find element-->By.cssSelector: a[href='/add']
20:34:35.999 INFO  manager.ListenerWD -- After find element-->By.cssSelector: a[href='/add']
20:34:36.008 INFO  manager.ListenerWD -- Location of element-->a
20:34:36.032 INFO  manager.ListenerWD -- Before click element -->atext-->ADD
20:34:36.138 INFO  manager.ListenerWD -- After click element -->a
20:34:36.138 INFO  manager.ListenerWD -- Before find element-->By.cssSelector: [placeholder='Name']
20:34:36.170 INFO  manager.ListenerWD -- After find element-->By.cssSelector: [placeholder='Name']
20:34:36.179 INFO  manager.ListenerWD -- Location of element-->input
20:34:36.214 INFO  manager.ListenerWD -- Before click element -->inputtext-->
20:34:36.318 INFO  manager.ListenerWD -- After click element -->input
20:34:36.373 INFO  manager.ListenerWD -- sendKeyds-->
20:34:36.382 INFO  manager.ListenerWD -- sendKeyds_TagName-->input
20:34:36.440 INFO  manager.ListenerWD -- sendKeyds-->
20:34:36.449 INFO  manager.ListenerWD -- sendKeyds_TagName-->input
20:34:36.501 INFO  manager.ListenerWD -- sendKeyds-->
20:34:36.508 INFO  manager.ListenerWD -- sendKeyds_TagName-->input
20:34:36.554 INFO  manager.ListenerWD -- Before find element-->By.cssSelector: [placeholder='Last Name']
20:34:36.585 INFO  manager.ListenerWD -- After find element-->By.cssSelector: [placeholder='Last Name']
20:34:36.594 INFO  manager.ListenerWD -- Location of element-->input
20:34:36.614 INFO  manager.ListenerWD -- Before click element -->inputtext-->
20:34:36.713 INFO  manager.ListenerWD -- After click element -->input
20:34:36.764 INFO  manager.ListenerWD -- sendKeyds-->
20:34:36.772 INFO  manager.ListenerWD -- sendKeyds_TagName-->input
20:34:36.832 INFO  manager.ListenerWD -- sendKeyds-->
20:34:36.843 INFO  manager.ListenerWD -- sendKeyds_TagName-->input
20:34:36.893 INFO  manager.ListenerWD -- sendKeyds-->
20:34:36.901 INFO  manager.ListenerWD -- sendKeyds_TagName-->input
20:34:36.945 INFO  manager.ListenerWD -- Before find element-->By.cssSelector: [placeholder='Phone']
20:34:36.973 INFO  manager.ListenerWD -- After find element-->By.cssSelector: [placeholder='Phone']
20:34:36.982 INFO  manager.ListenerWD -- Location of element-->input
20:34:37.004 INFO  manager.ListenerWD -- Before click element -->inputtext-->
20:34:37.093 INFO  manager.ListenerWD -- After click element -->input
20:34:37.147 INFO  manager.ListenerWD -- sendKeyds-->
20:34:37.157 INFO  manager.ListenerWD -- sendKeyds_TagName-->input
20:34:37.207 INFO  manager.ListenerWD -- sendKeyds-->
20:34:37.216 INFO  manager.ListenerWD -- sendKeyds_TagName-->input
20:34:37.274 INFO  manager.ListenerWD -- sendKeyds-->
20:34:37.282 INFO  manager.ListenerWD -- sendKeyds_TagName-->input
20:34:37.337 INFO  manager.ListenerWD -- Before find element-->By.cssSelector: [placeholder='email']
20:34:37.367 INFO  manager.ListenerWD -- After find element-->By.cssSelector: [placeholder='email']
20:34:37.379 INFO  manager.ListenerWD -- Location of element-->input
20:34:37.408 INFO  manager.ListenerWD -- Before click element -->inputtext-->
20:34:37.516 INFO  manager.ListenerWD -- After click element -->input
20:34:37.580 INFO  manager.ListenerWD -- sendKeyds-->
20:34:37.591 INFO  manager.ListenerWD -- sendKeyds_TagName-->input
20:34:37.647 INFO  manager.ListenerWD -- sendKeyds-->
20:34:37.655 INFO  manager.ListenerWD -- sendKeyds_TagName-->input
20:34:37.704 INFO  manager.ListenerWD -- sendKeyds-->
20:34:37.711 INFO  manager.ListenerWD -- sendKeyds_TagName-->input
20:34:37.762 INFO  manager.ListenerWD -- Before find element-->By.cssSelector: [placeholder='Address']
20:34:37.784 INFO  manager.ListenerWD -- After find element-->By.cssSelector: [placeholder='Address']
20:34:37.791 INFO  manager.ListenerWD -- Location of element-->input
20:34:37.815 INFO  manager.ListenerWD -- Before click element -->inputtext-->
20:34:37.903 INFO  manager.ListenerWD -- After click element -->input
20:34:37.960 INFO  manager.ListenerWD -- sendKeyds-->
20:34:37.976 INFO  manager.ListenerWD -- sendKeyds_TagName-->input
20:34:38.038 INFO  manager.ListenerWD -- sendKeyds-->
20:34:38.047 INFO  manager.ListenerWD -- sendKeyds_TagName-->input
20:34:38.093 INFO  manager.ListenerWD -- sendKeyds-->
20:34:38.102 INFO  manager.ListenerWD -- sendKeyds_TagName-->input
20:34:38.146 INFO  manager.ListenerWD -- Before find element-->By.cssSelector: [placeholder='description']
20:34:38.177 INFO  manager.ListenerWD -- After find element-->By.cssSelector: [placeholder='description']
20:34:38.187 INFO  manager.ListenerWD -- Location of element-->input
20:34:38.209 INFO  manager.ListenerWD -- Before click element -->inputtext-->
20:34:38.305 INFO  manager.ListenerWD -- After click element -->input
20:34:38.360 INFO  manager.ListenerWD -- sendKeyds-->
20:34:38.370 INFO  manager.ListenerWD -- sendKeyds_TagName-->input
20:34:38.422 INFO  manager.ListenerWD -- sendKeyds-->
20:34:38.429 INFO  manager.ListenerWD -- sendKeyds_TagName-->input
20:34:38.482 INFO  manager.ListenerWD -- sendKeyds-->
20:34:38.490 INFO  manager.ListenerWD -- sendKeyds_TagName-->input
20:34:38.526 INFO  manager.ListenerWD -- Before find element-->By.cssSelector: .add_form__2rsm2>button
20:34:38.557 INFO  manager.ListenerWD -- After find element-->By.cssSelector: .add_form__2rsm2>button
20:34:38.565 INFO  manager.ListenerWD -- Location of element-->button
20:34:38.594 INFO  manager.ListenerWD -- Before click element -->buttontext-->Save
20:34:38.683 INFO  manager.ListenerWD -- After click element -->button
20:34:39.184 INFO  manager.ListenerWD -- Before find element-->By.cssSelector: a[href='/add']
20:34:39.205 INFO  manager.ListenerWD -- After find element-->By.cssSelector: a[href='/add']
20:34:39.213 INFO  manager.ListenerWD -- Location of element-->a
20:34:39.235 INFO  manager.ListenerWD -- Before click element -->atext-->ADD
20:34:39.323 INFO  manager.ListenerWD -- After click element -->a
20:34:39.323 INFO  manager.ListenerWD -- Before find element-->By.cssSelector: [placeholder='Name']
20:34:39.342 INFO  manager.ListenerWD -- After find element-->By.cssSelector: [placeholder='Name']
20:34:39.351 INFO  manager.ListenerWD -- Location of element-->input
20:34:39.374 INFO  manager.ListenerWD -- Before click element -->inputtext-->
20:34:39.467 INFO  manager.ListenerWD -- After click element -->input
20:34:39.517 INFO  manager.ListenerWD -- sendKeyds-->
20:34:39.528 INFO  manager.ListenerWD -- sendKeyds_TagName-->input
20:34:39.583 INFO  manager.ListenerWD -- sendKeyds-->
20:34:39.594 INFO  manager.ListenerWD -- sendKeyds_TagName-->input
20:34:39.651 INFO  manager.ListenerWD -- sendKeyds-->
20:34:39.660 INFO  manager.ListenerWD -- sendKeyds_TagName-->input
20:34:39.720 INFO  manager.ListenerWD -- Before find element-->By.cssSelector: [placeholder='Last Name']
20:34:39.745 INFO  manager.ListenerWD -- After find element-->By.cssSelector: [placeholder='Last Name']
20:34:39.754 INFO  manager.ListenerWD -- Location of element-->input
20:34:39.775 INFO  manager.ListenerWD -- Before click element -->inputtext-->
20:34:39.869 INFO  manager.ListenerWD -- After click element -->input
20:34:39.932 INFO  manager.ListenerWD -- sendKeyds-->
20:34:39.940 INFO  manager.ListenerWD -- sendKeyds_TagName-->input
20:34:39.993 INFO  manager.ListenerWD -- sendKeyds-->
20:34:40.001 INFO  manager.ListenerWD -- sendKeyds_TagName-->input
20:34:40.050 INFO  manager.ListenerWD -- sendKeyds-->
20:34:40.060 INFO  manager.ListenerWD -- sendKeyds_TagName-->input
20:34:40.112 INFO  manager.ListenerWD -- Before find element-->By.cssSelector: [placeholder='Phone']
20:34:40.137 INFO  manager.ListenerWD -- After find element-->By.cssSelector: [placeholder='Phone']
20:34:40.149 INFO  manager.ListenerWD -- Location of element-->input
20:34:40.175 INFO  manager.ListenerWD -- Before click element -->inputtext-->
20:34:40.269 INFO  manager.ListenerWD -- After click element -->input
20:34:40.325 INFO  manager.ListenerWD -- sendKeyds-->
20:34:40.334 INFO  manager.ListenerWD -- sendKeyds_TagName-->input
20:34:40.404 INFO  manager.ListenerWD -- sendKeyds-->
20:34:40.413 INFO  manager.ListenerWD -- sendKeyds_TagName-->input
20:34:40.470 INFO  manager.ListenerWD -- sendKeyds-->
20:34:40.480 INFO  manager.ListenerWD -- sendKeyds_TagName-->input
20:34:40.535 INFO  manager.ListenerWD -- Before find element-->By.cssSelector: [placeholder='email']
20:34:40.558 INFO  manager.ListenerWD -- After find element-->By.cssSelector: [placeholder='email']
20:34:40.568 INFO  manager.ListenerWD -- Location of element-->input
20:34:40.594 INFO  manager.ListenerWD -- Before click element -->inputtext-->
20:34:40.696 INFO  manager.ListenerWD -- After click element -->input
20:34:40.752 INFO  manager.ListenerWD -- sendKeyds-->
20:34:40.762 INFO  manager.ListenerWD -- sendKeyds_TagName-->input
20:34:40.816 INFO  manager.ListenerWD -- sendKeyds-->
20:34:40.824 INFO  manager.ListenerWD -- sendKeyds_TagName-->input
20:34:40.875 INFO  manager.ListenerWD -- sendKeyds-->
20:34:40.882 INFO  manager.ListenerWD -- sendKeyds_TagName-->input
20:34:40.932 INFO  manager.ListenerWD -- Before find element-->By.cssSelector: [placeholder='Address']
20:34:40.950 INFO  manager.ListenerWD -- After find element-->By.cssSelector: [placeholder='Address']
20:34:40.958 INFO  manager.ListenerWD -- Location of element-->input
20:34:40.976 INFO  manager.ListenerWD -- Before click element -->inputtext-->
20:34:41.056 INFO  manager.ListenerWD -- After click element -->input
20:34:41.114 INFO  manager.ListenerWD -- sendKeyds-->
20:34:41.127 INFO  manager.ListenerWD -- sendKeyds_TagName-->input
20:34:41.178 INFO  manager.ListenerWD -- sendKeyds-->
20:34:41.188 INFO  manager.ListenerWD -- sendKeyds_TagName-->input
20:34:41.235 INFO  manager.ListenerWD -- sendKeyds-->
20:34:41.243 INFO  manager.ListenerWD -- sendKeyds_TagName-->input
20:34:41.294 INFO  manager.ListenerWD -- Before find element-->By.cssSelector: [placeholder='description']
20:34:41.315 INFO  manager.ListenerWD -- After find element-->By.cssSelector: [placeholder='description']
20:34:41.324 INFO  manager.ListenerWD -- Location of element-->input
20:34:41.347 INFO  manager.ListenerWD -- Before click element -->inputtext-->
20:34:41.442 INFO  manager.ListenerWD -- After click element -->input
20:34:41.496 INFO  manager.ListenerWD -- sendKeyds-->
20:34:41.504 INFO  manager.ListenerWD -- sendKeyds_TagName-->input
20:34:41.550 INFO  manager.ListenerWD -- sendKeyds-->
20:34:41.557 INFO  manager.ListenerWD -- sendKeyds_TagName-->input
20:34:41.610 INFO  manager.ListenerWD -- sendKeyds-->
20:34:41.618 INFO  manager.ListenerWD -- sendKeyds_TagName-->input
20:34:41.662 INFO  manager.ListenerWD -- Before find element-->By.cssSelector: .add_form__2rsm2>button
20:34:41.684 INFO  manager.ListenerWD -- After find element-->By.cssSelector: .add_form__2rsm2>button
20:34:41.692 INFO  manager.ListenerWD -- Location of element-->button
20:34:41.716 INFO  manager.ListenerWD -- Before click element -->buttontext-->Save
20:34:41.801 INFO  manager.ListenerWD -- After click element -->button
20:34:42.315 INFO  manager.ListenerWD -- Before find element-->By.cssSelector: a[href='/add']
20:34:42.335 INFO  manager.ListenerWD -- After find element-->By.cssSelector: a[href='/add']
20:34:42.344 INFO  manager.ListenerWD -- Location of element-->a
20:34:42.364 INFO  manager.ListenerWD -- Before click element -->atext-->ADD
20:34:42.456 INFO  manager.ListenerWD -- After click element -->a
20:34:42.456 INFO  manager.ListenerWD -- Before find element-->By.cssSelector: [placeholder='Name']
20:34:42.477 INFO  manager.ListenerWD -- After find element-->By.cssSelector: [placeholder='Name']
20:34:42.486 INFO  manager.ListenerWD -- Location of element-->input
20:34:42.508 INFO  manager.ListenerWD -- Before click element -->inputtext-->
20:34:42.599 INFO  manager.ListenerWD -- After click element -->input
20:34:42.650 INFO  manager.ListenerWD -- sendKeyds-->
20:34:42.659 INFO  manager.ListenerWD -- sendKeyds_TagName-->input
20:34:42.707 INFO  manager.ListenerWD -- sendKeyds-->
20:34:42.714 INFO  manager.ListenerWD -- sendKeyds_TagName-->input
20:34:42.759 INFO  manager.ListenerWD -- sendKeyds-->
20:34:42.765 INFO  manager.ListenerWD -- sendKeyds_TagName-->input
20:34:42.806 INFO  manager.ListenerWD -- Before find element-->By.cssSelector: [placeholder='Last Name']
20:34:42.826 INFO  manager.ListenerWD -- After find element-->By.cssSelector: [placeholder='Last Name']
20:34:42.836 INFO  manager.ListenerWD -- Location of element-->input
20:34:42.856 INFO  manager.ListenerWD -- Before click element -->inputtext-->
20:34:42.945 INFO  manager.ListenerWD -- After click element -->input
20:34:42.995 INFO  manager.ListenerWD -- sendKeyds-->
20:34:43.004 INFO  manager.ListenerWD -- sendKeyds_TagName-->input
20:34:43.055 INFO  manager.ListenerWD -- sendKeyds-->
20:34:43.062 INFO  manager.ListenerWD -- sendKeyds_TagName-->input
20:34:43.123 INFO  manager.ListenerWD -- sendKeyds-->
20:34:43.135 INFO  manager.ListenerWD -- sendKeyds_TagName-->input
20:34:43.184 INFO  manager.ListenerWD -- Before find element-->By.cssSelector: [placeholder='Phone']
20:34:43.205 INFO  manager.ListenerWD -- After find element-->By.cssSelector: [placeholder='Phone']
20:34:43.214 INFO  manager.ListenerWD -- Location of element-->input
20:34:43.237 INFO  manager.ListenerWD -- Before click element -->inputtext-->
20:34:43.331 INFO  manager.ListenerWD -- After click element -->input
20:34:43.385 INFO  manager.ListenerWD -- sendKeyds-->
20:34:43.393 INFO  manager.ListenerWD -- sendKeyds_TagName-->input
20:34:43.447 INFO  manager.ListenerWD -- sendKeyds-->
20:34:43.456 INFO  manager.ListenerWD -- sendKeyds_TagName-->input
20:34:43.511 INFO  manager.ListenerWD -- sendKeyds-->
20:34:43.519 INFO  manager.ListenerWD -- sendKeyds_TagName-->input
20:34:43.571 INFO  manager.ListenerWD -- Before find element-->By.cssSelector: [placeholder='email']
20:34:43.595 INFO  manager.ListenerWD -- After find element-->By.cssSelector: [placeholder='email']
20:34:43.604 INFO  manager.ListenerWD -- Location of element-->input
20:34:43.630 INFO  manager.ListenerWD -- Before click element -->inputtext-->
20:34:43.720 INFO  manager.ListenerWD -- After click element -->input
20:34:43.776 INFO  manager.ListenerWD -- sendKeyds-->
20:34:43.786 INFO  manager.ListenerWD -- sendKeyds_TagName-->input
20:34:43.841 INFO  manager.ListenerWD -- sendKeyds-->
20:34:43.848 INFO  manager.ListenerWD -- sendKeyds_TagName-->input
20:34:43.899 INFO  manager.ListenerWD -- sendKeyds-->
20:34:43.909 INFO  manager.ListenerWD -- sendKeyds_TagName-->input
20:34:43.962 INFO  manager.ListenerWD -- Before find element-->By.cssSelector: [placeholder='Address']
20:34:43.981 INFO  manager.ListenerWD -- After find element-->By.cssSelector: [placeholder='Address']
20:34:43.989 INFO  manager.ListenerWD -- Location of element-->input
20:34:44.008 INFO  manager.ListenerWD -- Before click element -->inputtext-->
20:34:44.086 INFO  manager.ListenerWD -- After click element -->input
20:34:44.138 INFO  manager.ListenerWD -- sendKeyds-->
20:34:44.146 INFO  manager.ListenerWD -- sendKeyds_TagName-->input
20:34:44.198 INFO  manager.ListenerWD -- sendKeyds-->
20:34:44.207 INFO  manager.ListenerWD -- sendKeyds_TagName-->input
20:34:44.257 INFO  manager.ListenerWD -- sendKeyds-->
20:34:44.265 INFO  manager.ListenerWD -- sendKeyds_TagName-->input
20:34:44.311 INFO  manager.ListenerWD -- Before find element-->By.cssSelector: [placeholder='description']
20:34:44.335 INFO  manager.ListenerWD -- After find element-->By.cssSelector: [placeholder='description']
20:34:44.344 INFO  manager.ListenerWD -- Location of element-->input
20:34:44.362 INFO  manager.ListenerWD -- Before click element -->inputtext-->
20:34:44.453 INFO  manager.ListenerWD -- After click element -->input
20:34:44.508 INFO  manager.ListenerWD -- sendKeyds-->
20:34:44.517 INFO  manager.ListenerWD -- sendKeyds_TagName-->input
20:34:44.573 INFO  manager.ListenerWD -- sendKeyds-->
20:34:44.582 INFO  manager.ListenerWD -- sendKeyds_TagName-->input
20:34:44.630 INFO  manager.ListenerWD -- sendKeyds-->
20:34:44.639 INFO  manager.ListenerWD -- sendKeyds_TagName-->input
20:34:44.678 INFO  manager.ListenerWD -- Before find element-->By.cssSelector: .add_form__2rsm2>button
20:34:44.698 INFO  manager.ListenerWD -- After find element-->By.cssSelector: .add_form__2rsm2>button
20:34:44.706 INFO  manager.ListenerWD -- Location of element-->button
20:34:44.728 INFO  manager.ListenerWD -- Before click element -->buttontext-->Save
20:34:44.809 INFO  manager.ListenerWD -- After click element -->button
20:34:45.323 INFO  manager.TestNGListener -- Start test -->removeFirstContact
20:34:45.396 INFO  manager.HelperBase -- Number of Contacts before remove is-->5
20:34:45.396 INFO  manager.ListenerWD -- Before find element-->By.cssSelector: .contact-item_card__2SOIM
20:34:45.426 INFO  manager.ListenerWD -- After find element-->By.cssSelector: .contact-item_card__2SOIM
20:34:45.435 INFO  manager.ListenerWD -- Location of element-->div
20:34:45.460 INFO  manager.ListenerWD -- Before click element -->divtext-->Harry
555667771282
20:34:45.570 INFO  manager.ListenerWD -- After click element -->div
20:34:45.570 INFO  manager.ListenerWD -- Before find element-->By.xpath: //button[text()='Remove']
20:34:45.599 INFO  manager.ListenerWD -- After find element-->By.xpath: //button[text()='Remove']
20:34:45.608 INFO  manager.ListenerWD -- Location of element-->button
20:34:45.634 INFO  manager.ListenerWD -- Before click element -->buttontext-->Remove
20:34:45.734 INFO  manager.ListenerWD -- After click element -->button
20:34:46.786 INFO  manager.HelperBase -- Number of Contacts after remove is-->4
20:34:46.787 INFO  manager.TestNGListener -- Success test -->removeFirstContact
20:34:46.788 INFO  tests.TestBase -- ==============================================
20:34:46.789 INFO  manager.TestNGListener -- Stop testing on date -->Thu Jun 04 20:34:46 IDT 2026
