20:32:07.536 INFO  manager.ApplicationManager -- All tests runs in Chrome Browser
20:32:08.385 INFO  manager.ApplicationManager -- The link --->https://telranedu.web.app/home
20:32:08.408 INFO  manager.TestNGListener -- Start testing on date -->Mon May 25 20:32:08 IDT 2026
20:32:08.432 INFO  tests.TestBase -- Name of method (test) -->loginSuccess
20:32:13.496 INFO  manager.TestNGListener -- Start test -->loginSuccess
20:32:13.498 INFO  tests.TestBase -- Start test with name 'loginSuccess'
20:32:13.499 INFO  tests.TestBase -- Test data---> email: 'margo@gmail.com' & password: 'Mmar123456$'
20:32:13.500 INFO  manager.ListenerWD -- Before find element-->By.cssSelector: a[href='/login']
20:32:13.533 INFO  manager.ListenerWD -- After find element-->By.cssSelector: a[href='/login']
20:32:13.542 INFO  manager.ListenerWD -- Location of element-->a
20:32:13.567 INFO  manager.ListenerWD -- Before click element -->atext-->LOGIN
20:32:13.657 INFO  manager.ListenerWD -- After click element -->a
20:32:13.658 INFO  manager.HelperBase -- open form by click on button with locator a[href='/login']
20:32:13.659 INFO  manager.ListenerWD -- Before find element-->By.name: email
20:32:13.683 INFO  manager.ListenerWD -- After find element-->By.name: email
20:32:13.690 INFO  manager.ListenerWD -- Location of element-->input
20:32:13.706 INFO  manager.ListenerWD -- Before click element -->inputtext-->
20:32:13.775 INFO  manager.ListenerWD -- After click element -->input
20:32:13.810 INFO  manager.ListenerWD -- sendKeyds-->
20:32:13.819 INFO  manager.ListenerWD -- sendKeyds_TagName-->input
20:32:13.860 INFO  manager.ListenerWD -- sendKeyds-->
20:32:13.867 INFO  manager.ListenerWD -- sendKeyds_TagName-->input
20:32:13.896 INFO  manager.ListenerWD -- sendKeyds-->
20:32:13.903 INFO  manager.ListenerWD -- sendKeyds_TagName-->input
20:32:13.938 INFO  manager.HelperBase -- type in input with locator By.name("email") 
20:32:13.938 INFO  manager.ListenerWD -- Before find element-->By.xpath: //input[@placeholder='Password']
20:32:13.959 INFO  manager.ListenerWD -- After find element-->By.xpath: //input[@placeholder='Password']
20:32:13.965 INFO  manager.ListenerWD -- Location of element-->input
20:32:13.977 INFO  manager.ListenerWD -- Before click element -->inputtext-->
20:32:14.037 INFO  manager.ListenerWD -- After click element -->input
20:32:14.068 INFO  manager.ListenerWD -- sendKeyds-->
20:32:14.075 INFO  manager.ListenerWD -- sendKeyds_TagName-->input
20:32:14.106 INFO  manager.ListenerWD -- sendKeyds-->
20:32:14.112 INFO  manager.ListenerWD -- sendKeyds_TagName-->input
20:32:14.139 INFO  manager.ListenerWD -- sendKeyds-->
20:32:14.144 INFO  manager.ListenerWD -- sendKeyds_TagName-->input
20:32:14.177 INFO  manager.ListenerWD -- Before find element-->By.xpath: //button[text()='Login']
20:32:14.202 INFO  manager.ListenerWD -- After find element-->By.xpath: //button[text()='Login']
20:32:14.207 INFO  manager.ListenerWD -- Location of element-->button
20:32:14.220 INFO  manager.ListenerWD -- Before click element -->buttontext-->Login
20:32:15.359 INFO  tests.TestBase -- Assert check is element button 'Sign out' present
20:32:15.361 INFO  manager.TestNGListener -- Success test -->loginSuccess
20:32:15.362 INFO  tests.TestBase -- ==============================================
20:32:15.365 INFO  tests.TestBase -- Name of method (test) -->loginSuccess1
20:32:15.382 INFO  manager.ListenerWD -- Before find element-->By.xpath: //button[text()='Sign Out']
20:32:15.400 INFO  manager.ListenerWD -- After find element-->By.xpath: //button[text()='Sign Out']
20:32:15.406 INFO  manager.ListenerWD -- Location of element-->button
20:32:15.419 INFO  manager.ListenerWD -- Before click element -->buttontext-->Sign Out
20:32:15.473 INFO  tests.TestBase -- Before method finished logout
20:32:15.474 INFO  manager.TestNGListener -- Start test -->loginSuccess1
20:32:15.476 INFO  manager.ListenerWD -- Before find element-->By.cssSelector: a[href='/login']
20:32:15.492 INFO  manager.ListenerWD -- After find element-->By.cssSelector: a[href='/login']
20:32:15.497 INFO  manager.ListenerWD -- Location of element-->a
20:32:15.509 INFO  manager.ListenerWD -- Before click element -->atext-->LOGIN
20:32:15.552 INFO  manager.ListenerWD -- After click element -->a
20:32:15.552 INFO  manager.HelperBase -- open form by click on button with locator a[href='/login']
20:32:15.553 INFO  manager.ListenerWD -- Before find element-->By.name: email
20:32:15.568 INFO  manager.ListenerWD -- After find element-->By.name: email
20:32:15.574 INFO  manager.ListenerWD -- Location of element-->input
20:32:15.586 INFO  manager.ListenerWD -- Before click element -->inputtext-->
20:32:15.638 INFO  manager.ListenerWD -- After click element -->input
20:32:15.670 INFO  manager.ListenerWD -- sendKeyds-->
20:32:15.675 INFO  manager.ListenerWD -- sendKeyds_TagName-->input
20:32:15.702 INFO  manager.ListenerWD -- sendKeyds-->
20:32:15.706 INFO  manager.ListenerWD -- sendKeyds_TagName-->input
20:32:15.735 INFO  manager.ListenerWD -- sendKeyds-->
20:32:15.742 INFO  manager.ListenerWD -- sendKeyds_TagName-->input
20:32:15.776 INFO  manager.ListenerWD -- Before find element-->By.xpath: //input[@placeholder='Password']
20:32:15.794 INFO  manager.ListenerWD -- After find element-->By.xpath: //input[@placeholder='Password']
20:32:15.800 INFO  manager.ListenerWD -- Location of element-->input
20:32:15.813 INFO  manager.ListenerWD -- Before click element -->inputtext-->
20:32:15.872 INFO  manager.ListenerWD -- After click element -->input
20:32:15.895 INFO  manager.ListenerWD -- sendKeyds-->
20:32:15.900 INFO  manager.ListenerWD -- sendKeyds_TagName-->input
20:32:15.924 INFO  manager.ListenerWD -- sendKeyds-->
20:32:15.928 INFO  manager.ListenerWD -- sendKeyds_TagName-->input
20:32:15.958 INFO  manager.ListenerWD -- sendKeyds-->
20:32:15.964 INFO  manager.ListenerWD -- sendKeyds_TagName-->input
20:32:15.992 INFO  manager.ListenerWD -- Before find element-->By.xpath: //button[text()='Login']
20:32:16.008 INFO  manager.ListenerWD -- After find element-->By.xpath: //button[text()='Login']
20:32:16.014 INFO  manager.ListenerWD -- Location of element-->button
20:32:16.027 INFO  manager.ListenerWD -- Before click element -->buttontext-->Login
20:32:16.457 INFO  manager.TestNGListener -- Success test -->loginSuccess1
20:32:16.458 INFO  tests.TestBase -- ==============================================
20:32:16.459 INFO  tests.TestBase -- Name of method (test) -->loginSuccessModel
20:32:16.477 INFO  manager.ListenerWD -- Before find element-->By.xpath: //button[text()='Sign Out']
20:32:16.495 INFO  manager.ListenerWD -- After find element-->By.xpath: //button[text()='Sign Out']
20:32:16.502 INFO  manager.ListenerWD -- Location of element-->button
20:32:16.513 INFO  manager.ListenerWD -- Before click element -->buttontext-->Sign Out
20:32:16.562 INFO  tests.TestBase -- Before method finished logout
20:32:16.562 INFO  manager.TestNGListener -- Start test -->loginSuccessModel
20:32:16.562 INFO  tests.TestBase -- Test data---> email: 'margo@gmail.com' & password: 'Mmar123456$'
20:32:16.563 INFO  manager.ListenerWD -- Before find element-->By.cssSelector: a[href='/login']
20:32:16.576 INFO  manager.ListenerWD -- After find element-->By.cssSelector: a[href='/login']
20:32:16.583 INFO  manager.ListenerWD -- Location of element-->a
20:32:16.593 INFO  manager.ListenerWD -- Before click element -->atext-->LOGIN
20:32:16.643 INFO  manager.ListenerWD -- After click element -->a
20:32:16.643 INFO  manager.HelperBase -- open form by click on button with locator a[href='/login']
20:32:16.643 INFO  manager.ListenerWD -- Before find element-->By.name: email
20:32:16.658 INFO  manager.ListenerWD -- After find element-->By.name: email
20:32:16.664 INFO  manager.ListenerWD -- Location of element-->input
20:32:16.673 INFO  manager.ListenerWD -- Before click element -->inputtext-->
20:32:16.734 INFO  manager.ListenerWD -- After click element -->input
20:32:16.758 INFO  manager.ListenerWD -- sendKeyds-->
20:32:16.763 INFO  manager.ListenerWD -- sendKeyds_TagName-->input
20:32:16.787 INFO  manager.ListenerWD -- sendKeyds-->
20:32:16.792 INFO  manager.ListenerWD -- sendKeyds_TagName-->input
20:32:16.821 INFO  manager.ListenerWD -- sendKeyds-->
20:32:16.825 INFO  manager.ListenerWD -- sendKeyds_TagName-->input
20:32:16.859 INFO  manager.HelperBase -- type in input with locator By.name("email") 
20:32:16.859 INFO  manager.ListenerWD -- Before find element-->By.xpath: //input[@placeholder='Password']
20:32:16.872 INFO  manager.ListenerWD -- After find element-->By.xpath: //input[@placeholder='Password']
20:32:16.878 INFO  manager.ListenerWD -- Location of element-->input
20:32:16.891 INFO  manager.ListenerWD -- Before click element -->inputtext-->
20:32:16.948 INFO  manager.ListenerWD -- After click element -->input
20:32:16.974 INFO  manager.ListenerWD -- sendKeyds-->
20:32:16.978 INFO  manager.ListenerWD -- sendKeyds_TagName-->input
20:32:17.004 INFO  manager.ListenerWD -- sendKeyds-->
20:32:17.008 INFO  manager.ListenerWD -- sendKeyds_TagName-->input
20:32:17.040 INFO  manager.ListenerWD -- sendKeyds-->
20:32:17.044 INFO  manager.ListenerWD -- sendKeyds_TagName-->input
20:32:17.075 INFO  manager.ListenerWD -- Before find element-->By.xpath: //button[text()='Login']
20:32:17.090 INFO  manager.ListenerWD -- After find element-->By.xpath: //button[text()='Login']
20:32:17.095 INFO  manager.ListenerWD -- Location of element-->button
20:32:17.107 INFO  manager.ListenerWD -- Before click element -->buttontext-->Login
20:32:17.476 INFO  tests.TestBase -- Assert check is element button 'Sign out' present
20:32:17.477 INFO  manager.TestNGListener -- Success test -->loginSuccessModel
20:32:17.478 INFO  tests.TestBase -- ==============================================
20:32:17.481 INFO  tests.TestBase -- Name of method (test) -->loginUnregisteredUser
20:32:17.494 INFO  manager.ListenerWD -- Before find element-->By.xpath: //button[text()='Sign Out']
20:32:17.506 INFO  manager.ListenerWD -- After find element-->By.xpath: //button[text()='Sign Out']
20:32:17.513 INFO  manager.ListenerWD -- Location of element-->button
20:32:17.524 INFO  manager.ListenerWD -- Before click element -->buttontext-->Sign Out
20:32:17.576 INFO  tests.TestBase -- Before method finished logout
20:32:17.577 INFO  manager.TestNGListener -- Start test -->loginUnregisteredUser
20:32:17.577 INFO  tests.TestBase -- Test data---> email: 'margo_m@gmail.com' & password: 'Mmar123456$'
20:32:17.577 INFO  manager.ListenerWD -- Before find element-->By.cssSelector: a[href='/login']
20:32:17.590 INFO  manager.ListenerWD -- After find element-->By.cssSelector: a[href='/login']
20:32:17.597 INFO  manager.ListenerWD -- Location of element-->a
20:32:17.608 INFO  manager.ListenerWD -- Before click element -->atext-->LOGIN
20:32:17.645 INFO  manager.ListenerWD -- After click element -->a
20:32:17.645 INFO  manager.HelperBase -- open form by click on button with locator a[href='/login']
20:32:17.646 INFO  manager.ListenerWD -- Before find element-->By.name: email
20:32:17.658 INFO  manager.ListenerWD -- After find element-->By.name: email
20:32:17.663 INFO  manager.ListenerWD -- Location of element-->input
20:32:17.674 INFO  manager.ListenerWD -- Before click element -->inputtext-->
20:32:17.737 INFO  manager.ListenerWD -- After click element -->input
20:32:17.768 INFO  manager.ListenerWD -- sendKeyds-->
20:32:17.775 INFO  manager.ListenerWD -- sendKeyds_TagName-->input
20:32:17.801 INFO  manager.ListenerWD -- sendKeyds-->
20:32:17.805 INFO  manager.ListenerWD -- sendKeyds_TagName-->input
20:32:17.836 INFO  manager.ListenerWD -- sendKeyds-->
20:32:17.840 INFO  manager.ListenerWD -- sendKeyds_TagName-->input
20:32:17.870 INFO  manager.HelperBase -- type in input with locator By.name("email") 
20:32:17.870 INFO  manager.ListenerWD -- Before find element-->By.xpath: //input[@placeholder='Password']
20:32:17.884 INFO  manager.ListenerWD -- After find element-->By.xpath: //input[@placeholder='Password']
20:32:17.888 INFO  manager.ListenerWD -- Location of element-->input
20:32:17.900 INFO  manager.ListenerWD -- Before click element -->inputtext-->
20:32:17.962 INFO  manager.ListenerWD -- After click element -->input
20:32:17.990 INFO  manager.ListenerWD -- sendKeyds-->
20:32:17.994 INFO  manager.ListenerWD -- sendKeyds_TagName-->input
20:32:18.022 INFO  manager.ListenerWD -- sendKeyds-->
20:32:18.026 INFO  manager.ListenerWD -- sendKeyds_TagName-->input
20:32:18.054 INFO  manager.ListenerWD -- sendKeyds-->
20:32:18.058 INFO  manager.ListenerWD -- sendKeyds_TagName-->input
20:32:18.083 INFO  manager.ListenerWD -- Before find element-->By.xpath: //button[text()='Login']
20:32:18.095 INFO  manager.ListenerWD -- After find element-->By.xpath: //button[text()='Login']
20:32:18.100 INFO  manager.ListenerWD -- Location of element-->button
20:32:18.111 INFO  manager.ListenerWD -- Before click element -->buttontext-->Login
20:32:18.163 INFO  manager.ListenerWD -- Huston, we have a problem!
20:32:18.165 INFO  manager.ListenerWD -- Failed method:alert
20:32:18.165 INFO  manager.ListenerWD -- ***************
20:32:18.165 INFO  manager.ListenerWD -- Arguments:null
20:32:18.165 INFO  manager.ListenerWD -- ***************
20:32:18.165 INFO  manager.ListenerWD -- Exception:NoAlertPresentException
20:32:18.165 INFO  manager.ListenerWD -- ***************
20:32:18.166 INFO  manager.ListenerWD -- Messageno such alert
  (Session info: chrome=148.0.7778.179)
Build info: version: '4.26.0', revision: '8ccf0219d7'
System info: os.name: 'Windows 11', os.arch: 'amd64', os.version: '10.0', java.version: '17.0.19'
Driver info: org.openqa.selenium.chrome.ChromeDriver
Command: [348cb7410fca2cab8cff2438c0ea351d, getAlertText {}]
Capabilities {acceptInsecureCerts: false, browserName: chrome, browserVersion: 148.0.7778.179, chrome: {chromedriverVersion: 148.0.7778.178 (d096af1c9e9..., userDataDir: C:\Users\marii\AppData\Loca...}, fedcm:accounts: true, goog:chromeOptions: {debuggerAddress: localhost:63969}, goog:processID: 3088, networkConnectionEnabled: false, pageLoadStrategy: normal, platformName: windows, proxy: Proxy(), se:cdp: ws://localhost:63969/devtoo..., se:cdpVersion: 148.0.7778.179, setWindowRect: true, strictFileInteractability: false, timeouts: {implicit: 0, pageLoad: 300000, script: 30000}, unhandledPromptBehavior: dismiss and notify, webauthn:extension:credBlob: true, webauthn:extension:largeBlob: true, webauthn:extension:minPinLength: true, webauthn:extension:prf: true, webauthn:virtualAuthenticators: true}
Session ID: 348cb7410fca2cab8cff2438c0ea351d
20:32:18.166 INFO  manager.ListenerWD -- ***************
20:32:18.166 INFO  manager.ListenerWD -- ***************
20:32:18.166 INFO  manager.ListenerWD -- Screen with error is--->src/test/screenshots/screen_1887.png
20:32:18.690 INFO  tests.TestBase -- Assert check is alert present with error text 'Wrong email or password'
20:32:18.692 INFO  manager.TestNGListener -- Success test -->loginUnregisteredUser
20:32:18.693 INFO  tests.TestBase -- ==============================================
20:32:18.694 INFO  tests.TestBase -- Name of method (test) -->loginWrongEmail
20:32:23.741 INFO  manager.TestNGListener -- Start test -->loginWrongEmail
20:32:23.742 INFO  tests.TestBase -- Test data---> email: 'margogmail.com' & password: 'Mmar123456$'
20:32:23.742 INFO  manager.ListenerWD -- Before find element-->By.cssSelector: a[href='/login']
20:32:23.756 INFO  manager.ListenerWD -- After find element-->By.cssSelector: a[href='/login']
20:32:23.765 INFO  manager.ListenerWD -- Location of element-->a
20:32:23.778 INFO  manager.ListenerWD -- Before click element -->atext-->LOGIN
20:32:23.826 INFO  manager.ListenerWD -- After click element -->a
20:32:23.826 INFO  manager.HelperBase -- open form by click on button with locator a[href='/login']
20:32:23.827 INFO  manager.ListenerWD -- Before find element-->By.name: email
20:32:23.840 INFO  manager.ListenerWD -- After find element-->By.name: email
20:32:23.845 INFO  manager.ListenerWD -- Location of element-->input
20:32:23.856 INFO  manager.ListenerWD -- Before click element -->inputtext-->
20:32:23.906 INFO  manager.ListenerWD -- After click element -->input
20:32:23.941 INFO  manager.ListenerWD -- sendKeyds-->
20:32:23.946 INFO  manager.ListenerWD -- sendKeyds_TagName-->input
20:32:23.989 INFO  manager.ListenerWD -- sendKeyds-->
20:32:23.993 INFO  manager.ListenerWD -- sendKeyds_TagName-->input
20:32:24.021 INFO  manager.ListenerWD -- sendKeyds-->
20:32:24.026 INFO  manager.ListenerWD -- sendKeyds_TagName-->input
20:32:24.054 INFO  manager.HelperBase -- type in input with locator By.name("email") 
20:32:24.055 INFO  manager.ListenerWD -- Before find element-->By.xpath: //input[@placeholder='Password']
20:32:24.066 INFO  manager.ListenerWD -- After find element-->By.xpath: //input[@placeholder='Password']
20:32:24.072 INFO  manager.ListenerWD -- Location of element-->input
20:32:24.084 INFO  manager.ListenerWD -- Before click element -->inputtext-->
20:32:24.133 INFO  manager.ListenerWD -- After click element -->input
20:32:24.161 INFO  manager.ListenerWD -- sendKeyds-->
20:32:24.169 INFO  manager.ListenerWD -- sendKeyds_TagName-->input
20:32:24.212 INFO  manager.ListenerWD -- sendKeyds-->
20:32:24.218 INFO  manager.ListenerWD -- sendKeyds_TagName-->input
20:32:24.247 INFO  manager.ListenerWD -- sendKeyds-->
20:32:24.251 INFO  manager.ListenerWD -- sendKeyds_TagName-->input
20:32:24.276 INFO  manager.ListenerWD -- Before find element-->By.xpath: //button[text()='Login']
20:32:24.288 INFO  manager.ListenerWD -- After find element-->By.xpath: //button[text()='Login']
20:32:24.293 INFO  manager.ListenerWD -- Location of element-->button
20:32:24.305 INFO  manager.ListenerWD -- Before click element -->buttontext-->Login
20:32:24.355 INFO  manager.ListenerWD -- Huston, we have a problem!
20:32:24.355 INFO  manager.ListenerWD -- Failed method:alert
20:32:24.355 INFO  manager.ListenerWD -- ***************
20:32:24.355 INFO  manager.ListenerWD -- Arguments:null
20:32:24.355 INFO  manager.ListenerWD -- ***************
20:32:24.355 INFO  manager.ListenerWD -- Exception:NoAlertPresentException
20:32:24.355 INFO  manager.ListenerWD -- ***************
20:32:24.355 INFO  manager.ListenerWD -- Messageno such alert
  (Session info: chrome=148.0.7778.179)
Build info: version: '4.26.0', revision: '8ccf0219d7'
System info: os.name: 'Windows 11', os.arch: 'amd64', os.version: '10.0', java.version: '17.0.19'
Driver info: org.openqa.selenium.chrome.ChromeDriver
Command: [348cb7410fca2cab8cff2438c0ea351d, getAlertText {}]
Capabilities {acceptInsecureCerts: false, browserName: chrome, browserVersion: 148.0.7778.179, chrome: {chromedriverVersion: 148.0.7778.178 (d096af1c9e9..., userDataDir: C:\Users\marii\AppData\Loca...}, fedcm:accounts: true, goog:chromeOptions: {debuggerAddress: localhost:63969}, goog:processID: 3088, networkConnectionEnabled: false, pageLoadStrategy: normal, platformName: windows, proxy: Proxy(), se:cdp: ws://localhost:63969/devtoo..., se:cdpVersion: 148.0.7778.179, setWindowRect: true, strictFileInteractability: false, timeouts: {implicit: 0, pageLoad: 300000, script: 30000}, unhandledPromptBehavior: dismiss and notify, webauthn:extension:credBlob: true, webauthn:extension:largeBlob: true, webauthn:extension:minPinLength: true, webauthn:extension:prf: true, webauthn:virtualAuthenticators: true}
Session ID: 348cb7410fca2cab8cff2438c0ea351d
20:32:24.355 INFO  manager.ListenerWD -- ***************
20:32:24.355 INFO  manager.ListenerWD -- ***************
20:32:24.356 INFO  manager.ListenerWD -- Screen with error is--->src/test/screenshots/screen_1505.png
20:32:24.873 INFO  tests.TestBase -- Assert check is alert present with error text 'Wrong email or password'
20:32:24.874 INFO  manager.TestNGListener -- Success test -->loginWrongEmail
20:32:24.875 INFO  tests.TestBase -- ==============================================
20:32:24.876 INFO  tests.TestBase -- Name of method (test) -->loginWrongPassword
20:32:29.894 INFO  manager.TestNGListener -- Start test -->loginWrongPassword
20:32:29.894 INFO  tests.TestBase -- Test data---> email: 'margo@gmail.com' & password: 'Mmar123'
20:32:29.895 INFO  manager.ListenerWD -- Before find element-->By.cssSelector: a[href='/login']
20:32:29.913 INFO  manager.ListenerWD -- After find element-->By.cssSelector: a[href='/login']
20:32:29.921 INFO  manager.ListenerWD -- Location of element-->a
20:32:29.940 INFO  manager.ListenerWD -- Before click element -->atext-->LOGIN
20:32:29.994 INFO  manager.ListenerWD -- After click element -->a
20:32:29.994 INFO  manager.HelperBase -- open form by click on button with locator a[href='/login']
20:32:29.995 INFO  manager.ListenerWD -- Before find element-->By.name: email
20:32:30.007 INFO  manager.ListenerWD -- After find element-->By.name: email
20:32:30.013 INFO  manager.ListenerWD -- Location of element-->input
20:32:30.027 INFO  manager.ListenerWD -- Before click element -->inputtext-->
20:32:30.082 INFO  manager.ListenerWD -- After click element -->input
20:32:30.105 INFO  manager.ListenerWD -- sendKeyds-->
20:32:30.110 INFO  manager.ListenerWD -- sendKeyds_TagName-->input
20:32:30.155 INFO  manager.ListenerWD -- sendKeyds-->
20:32:30.160 INFO  manager.ListenerWD -- sendKeyds_TagName-->input
20:32:30.188 INFO  manager.ListenerWD -- sendKeyds-->
20:32:30.194 INFO  manager.ListenerWD -- sendKeyds_TagName-->input
20:32:30.227 INFO  manager.HelperBase -- type in input with locator By.name("email") 
20:32:30.227 INFO  manager.ListenerWD -- Before find element-->By.xpath: //input[@placeholder='Password']
20:32:30.241 INFO  manager.ListenerWD -- After find element-->By.xpath: //input[@placeholder='Password']
20:32:30.247 INFO  manager.ListenerWD -- Location of element-->input
20:32:30.262 INFO  manager.ListenerWD -- Before click element -->inputtext-->
20:32:30.313 INFO  manager.ListenerWD -- After click element -->input
20:32:30.341 INFO  manager.ListenerWD -- sendKeyds-->
20:32:30.345 INFO  manager.ListenerWD -- sendKeyds_TagName-->input
20:32:30.392 INFO  manager.ListenerWD -- sendKeyds-->
20:32:30.398 INFO  manager.ListenerWD -- sendKeyds_TagName-->input
20:32:30.425 INFO  manager.ListenerWD -- sendKeyds-->
20:32:30.431 INFO  manager.ListenerWD -- sendKeyds_TagName-->input
20:32:30.452 INFO  manager.ListenerWD -- Before find element-->By.xpath: //button[text()='Login']
20:32:30.477 INFO  manager.ListenerWD -- After find element-->By.xpath: //button[text()='Login']
20:32:30.482 INFO  manager.ListenerWD -- Location of element-->button
20:32:30.493 INFO  manager.ListenerWD -- Before click element -->buttontext-->Login
20:32:30.539 INFO  manager.ListenerWD -- Huston, we have a problem!
20:32:30.540 INFO  manager.ListenerWD -- Failed method:alert
20:32:30.540 INFO  manager.ListenerWD -- ***************
20:32:30.540 INFO  manager.ListenerWD -- Arguments:null
20:32:30.540 INFO  manager.ListenerWD -- ***************
20:32:30.540 INFO  manager.ListenerWD -- Exception:NoAlertPresentException
20:32:30.540 INFO  manager.ListenerWD -- ***************
20:32:30.540 INFO  manager.ListenerWD -- Messageno such alert
  (Session info: chrome=148.0.7778.179)
Build info: version: '4.26.0', revision: '8ccf0219d7'
System info: os.name: 'Windows 11', os.arch: 'amd64', os.version: '10.0', java.version: '17.0.19'
Driver info: org.openqa.selenium.chrome.ChromeDriver
Command: [348cb7410fca2cab8cff2438c0ea351d, getAlertText {}]
Capabilities {acceptInsecureCerts: false, browserName: chrome, browserVersion: 148.0.7778.179, chrome: {chromedriverVersion: 148.0.7778.178 (d096af1c9e9..., userDataDir: C:\Users\marii\AppData\Loca...}, fedcm:accounts: true, goog:chromeOptions: {debuggerAddress: localhost:63969}, goog:processID: 3088, networkConnectionEnabled: false, pageLoadStrategy: normal, platformName: windows, proxy: Proxy(), se:cdp: ws://localhost:63969/devtoo..., se:cdpVersion: 148.0.7778.179, setWindowRect: true, strictFileInteractability: false, timeouts: {implicit: 0, pageLoad: 300000, script: 30000}, unhandledPromptBehavior: dismiss and notify, webauthn:extension:credBlob: true, webauthn:extension:largeBlob: true, webauthn:extension:minPinLength: true, webauthn:extension:prf: true, webauthn:virtualAuthenticators: true}
Session ID: 348cb7410fca2cab8cff2438c0ea351d
20:32:30.540 INFO  manager.ListenerWD -- ***************
20:32:30.540 INFO  manager.ListenerWD -- ***************
20:32:30.540 INFO  manager.ListenerWD -- Screen with error is--->src/test/screenshots/screen_1201.png
20:32:31.060 INFO  tests.TestBase -- Assert check is alert present with error text 'Wrong email or password'
20:32:31.060 INFO  manager.TestNGListener -- Success test -->loginWrongPassword
20:32:31.061 INFO  tests.TestBase -- ==============================================
20:32:31.062 INFO  manager.TestNGListener -- Stop testing on date -->Mon May 25 20:32:31 IDT 2026
