19:36:46.404 INFO  manager.ApplicationManager -- All tests runs in Chrome Browser
19:36:47.318 INFO  manager.ApplicationManager -- The link --->https://telranedu.web.app/home
19:36:47.333 INFO  manager.TestNGListener -- Start testing on date -->Thu Jun 04 19:36:47 IDT 2026
19:36:47.372 INFO  tests.TestBase -- Name of method (test) -->loginSuccess
19:36:52.400 INFO  manager.TestNGListener -- Start test -->loginSuccess
19:36:52.402 INFO  tests.TestBase -- Start test with name 'loginSuccess'
19:36:52.403 INFO  tests.TestBase -- Test data ---> email: margo@gmail.com & password: Mmar123456$
19:36:52.406 INFO  manager.ListenerWD -- Before find element-->By.cssSelector: a[href='/login']
19:36:52.445 INFO  manager.ListenerWD -- After find element-->By.cssSelector: a[href='/login']
19:36:52.458 INFO  manager.ListenerWD -- Location of element-->a
19:36:52.482 INFO  manager.ListenerWD -- Before click element -->atext-->LOGIN
19:36:52.563 INFO  manager.ListenerWD -- After click element -->a
19:36:52.564 INFO  manager.HelperBase -- open form by click on button with locator a[href='/login']
19:36:52.565 INFO  manager.ListenerWD -- Before find element-->By.name: email
19:36:52.699 INFO  manager.ListenerWD -- Huston, we have a problem!
19:36:52.700 INFO  manager.ListenerWD -- Failed method:findElement
19:36:52.700 INFO  manager.ListenerWD -- ***************
19:36:52.701 INFO  manager.ListenerWD -- Arguments:[By.name: email]
19:36:52.701 INFO  manager.ListenerWD -- ***************
19:36:52.701 INFO  manager.ListenerWD -- Exception:NoSuchSessionException
19:36:52.701 INFO  manager.ListenerWD -- ***************
19:36:52.706 INFO  manager.ListenerWD -- Messageinvalid session id: session deleted as the browser has closed the connection
from disconnected: unable to send message to renderer
  (Session info: chrome=148.0.7778.179)
Build info: version: '4.26.0', revision: '8ccf0219d7'
System info: os.name: 'Windows 11', os.arch: 'amd64', os.version: '10.0', java.version: '17.0.12'
Driver info: org.openqa.selenium.chrome.ChromeDriver
Command: [fe328af12596717d97812f87863bf833, findElement {using=name, value=email}]
Capabilities {acceptInsecureCerts: false, browserName: chrome, browserVersion: 148.0.7778.179, chrome: {chromedriverVersion: 148.0.7778.178 (d096af1c9e9..., userDataDir: C:\Users\marii\AppData\Loca...}, fedcm:accounts: true, goog:chromeOptions: {debuggerAddress: localhost:51988}, goog:processID: 39940, networkConnectionEnabled: false, pageLoadStrategy: normal, platformName: windows, proxy: Proxy(), se:cdp: ws://localhost:51988/devtoo..., se:cdpVersion: 148.0.7778.179, setWindowRect: true, strictFileInteractability: false, timeouts: {implicit: 0, pageLoad: 300000, script: 30000}, unhandledPromptBehavior: dismiss and notify, webauthn:extension:credBlob: true, webauthn:extension:largeBlob: true, webauthn:extension:minPinLength: true, webauthn:extension:prf: true, webauthn:virtualAuthenticators: true}
Session ID: fe328af12596717d97812f87863bf833
19:36:52.708 INFO  manager.ListenerWD -- ***************
19:36:52.709 INFO  manager.ListenerWD -- ***************
19:36:52.709 INFO  manager.ListenerWD -- Screen with error is--->src/test/screenshots/screen_1077.png
19:36:52.820 INFO  manager.TestNGListener -- Failure test -->null
19:36:52.822 INFO  tests.TestBase -- ==============================================
19:36:52.823 INFO  tests.TestBase -- Name of method (test) -->loginSuccess
19:36:52.830 INFO  manager.ListenerWD -- Huston, we have a problem!
19:36:52.830 INFO  manager.ListenerWD -- Failed method:findElements
19:36:52.831 INFO  manager.ListenerWD -- ***************
19:36:52.831 INFO  manager.ListenerWD -- Arguments:[By.xpath: //button[text()='Sign Out']]
19:36:52.831 INFO  manager.ListenerWD -- ***************
19:36:52.832 INFO  manager.ListenerWD -- Exception:NoSuchSessionException
19:36:52.832 INFO  manager.ListenerWD -- ***************
19:36:52.832 INFO  manager.ListenerWD -- Messageinvalid session id
Build info: version: '4.26.0', revision: '8ccf0219d7'
System info: os.name: 'Windows 11', os.arch: 'amd64', os.version: '10.0', java.version: '17.0.12'
Driver info: org.openqa.selenium.chrome.ChromeDriver
Command: [fe328af12596717d97812f87863bf833, findElements {using=xpath, value=//button[text()='Sign Out']}]
Capabilities {acceptInsecureCerts: false, browserName: chrome, browserVersion: 148.0.7778.179, chrome: {chromedriverVersion: 148.0.7778.178 (d096af1c9e9..., userDataDir: C:\Users\marii\AppData\Loca...}, fedcm:accounts: true, goog:chromeOptions: {debuggerAddress: localhost:51988}, goog:processID: 39940, networkConnectionEnabled: false, pageLoadStrategy: normal, platformName: windows, proxy: Proxy(), se:cdp: ws://localhost:51988/devtoo..., se:cdpVersion: 148.0.7778.179, setWindowRect: true, strictFileInteractability: false, timeouts: {implicit: 0, pageLoad: 300000, script: 30000}, unhandledPromptBehavior: dismiss and notify, webauthn:extension:credBlob: true, webauthn:extension:largeBlob: true, webauthn:extension:minPinLength: true, webauthn:extension:prf: true, webauthn:virtualAuthenticators: true}
Session ID: fe328af12596717d97812f87863bf833
19:36:52.834 INFO  manager.ListenerWD -- ***************
19:36:52.834 INFO  manager.ListenerWD -- ***************
19:36:52.834 INFO  manager.ListenerWD -- Screen with error is--->src/test/screenshots/screen_1093.png
19:36:52.845 INFO  manager.TestNGListener -- Start test -->loginSuccess
19:36:52.846 INFO  manager.TestNGListener -- Skipped test -->null
19:36:52.849 INFO  manager.TestNGListener -- Start test -->loginSuccess
19:36:52.850 INFO  manager.TestNGListener -- Skipped test -->null
19:36:52.855 INFO  manager.TestNGListener -- Start test -->loginSuccess1
19:36:52.856 INFO  manager.TestNGListener -- Skipped test -->null
19:36:52.860 INFO  manager.TestNGListener -- Start test -->loginSuccessModel
19:36:52.861 INFO  manager.TestNGListener -- Skipped test -->null
19:36:52.864 INFO  manager.TestNGListener -- Start test -->loginSuccessModel
19:36:52.865 INFO  manager.TestNGListener -- Skipped test -->null
19:36:52.870 INFO  manager.TestNGListener -- Start test -->loginSuccessModelDPF
19:36:52.871 INFO  manager.TestNGListener -- Skipped test -->null
19:36:52.874 INFO  manager.TestNGListener -- Start test -->loginSuccessModelDPF
19:36:52.877 INFO  manager.TestNGListener -- Skipped test -->null
19:36:52.880 INFO  manager.TestNGListener -- Start test -->loginSuccessModelDPF
19:36:52.880 INFO  manager.TestNGListener -- Skipped test -->null
19:36:52.883 INFO  manager.TestNGListener -- Start test -->loginUnregisteredUser
19:36:52.884 INFO  manager.TestNGListener -- Skipped test -->null
19:36:52.887 INFO  manager.TestNGListener -- Start test -->loginWrongEmail
19:36:52.887 INFO  manager.TestNGListener -- Skipped test -->null
19:36:52.889 INFO  manager.TestNGListener -- Start test -->loginWrongPassword
19:36:52.890 INFO  manager.TestNGListener -- Skipped test -->null
19:36:52.896 INFO  tests.TestBase -- Name of method (test) -->registrationExistsUser
19:36:52.902 INFO  manager.ListenerWD -- Huston, we have a problem!
19:36:52.903 INFO  manager.ListenerWD -- Failed method:findElements
19:36:52.903 INFO  manager.ListenerWD -- ***************
19:36:52.903 INFO  manager.ListenerWD -- Arguments:[By.xpath: //button[text()='Sign Out']]
19:36:52.904 INFO  manager.ListenerWD -- ***************
19:36:52.904 INFO  manager.ListenerWD -- Exception:NoSuchSessionException
19:36:52.904 INFO  manager.ListenerWD -- ***************
19:36:52.904 INFO  manager.ListenerWD -- Messageinvalid session id
Build info: version: '4.26.0', revision: '8ccf0219d7'
System info: os.name: 'Windows 11', os.arch: 'amd64', os.version: '10.0', java.version: '17.0.12'
Driver info: org.openqa.selenium.chrome.ChromeDriver
Command: [fe328af12596717d97812f87863bf833, findElements {using=xpath, value=//button[text()='Sign Out']}]
Capabilities {acceptInsecureCerts: false, browserName: chrome, browserVersion: 148.0.7778.179, chrome: {chromedriverVersion: 148.0.7778.178 (d096af1c9e9..., userDataDir: C:\Users\marii\AppData\Loca...}, fedcm:accounts: true, goog:chromeOptions: {debuggerAddress: localhost:51988}, goog:processID: 39940, networkConnectionEnabled: false, pageLoadStrategy: normal, platformName: windows, proxy: Proxy(), se:cdp: ws://localhost:51988/devtoo..., se:cdpVersion: 148.0.7778.179, setWindowRect: true, strictFileInteractability: false, timeouts: {implicit: 0, pageLoad: 300000, script: 30000}, unhandledPromptBehavior: dismiss and notify, webauthn:extension:credBlob: true, webauthn:extension:largeBlob: true, webauthn:extension:minPinLength: true, webauthn:extension:prf: true, webauthn:virtualAuthenticators: true}
Session ID: fe328af12596717d97812f87863bf833
19:36:52.904 INFO  manager.ListenerWD -- ***************
19:36:52.905 INFO  manager.ListenerWD -- ***************
19:36:52.905 INFO  manager.ListenerWD -- Screen with error is--->src/test/screenshots/screen_1977.png
19:36:52.914 INFO  manager.TestNGListener -- Start test -->registrationExistsUser
19:36:52.916 INFO  manager.TestNGListener -- Skipped test -->null
19:36:52.918 INFO  manager.TestNGListener -- Start test -->registrationSuccess
19:36:52.919 INFO  manager.TestNGListener -- Skipped test -->null
19:36:52.922 INFO  manager.TestNGListener -- Start test -->registrationWrongEmail
19:36:52.922 INFO  manager.TestNGListener -- Skipped test -->null
19:36:52.924 INFO  manager.TestNGListener -- Start test -->registrationWrongPassword
19:36:52.925 INFO  manager.TestNGListener -- Skipped test -->null
19:36:52.927 INFO  manager.TestNGListener -- Stop testing on date -->Thu Jun 04 19:36:52 IDT 2026
