18:06:22.407 WARN  org.testng.TestNG -- Ignoring duplicate listener : io.qameta.allure.testng.AllureTestNg
18:06:22.415 WARN  org.testng.TestNG -- Ignoring duplicate listener : io.qameta.allure.testng.AllureTestNg
18:06:22.416 WARN  org.testng.TestNG -- Ignoring duplicate listener : io.qameta.allure.testng.AllureTestNg
18:06:22.430 WARN  org.testng.TestNG -- Ignoring duplicate listener : io.qameta.allure.testng.AllureTestNg
18:06:22.431 WARN  org.testng.TestNG -- Ignoring duplicate listener : io.qameta.allure.testng.AllureTestNg
18:06:22.431 WARN  org.testng.TestNG -- Ignoring duplicate listener : io.qameta.allure.testng.AllureTestNg
18:06:32.230 INFO  manager.ApplicationManager -- All tests runs in Chrome Browser
18:06:33.870 INFO  manager.ApplicationManager -- The link --->https://telranedu.web.app/home
18:06:34.038 INFO  manager.TestNGListener -- Start testing on date -->Mon Jun 15 18:06:34 IDT 2026
18:06:34.110 INFO  tests.TestBase -- Name of method (test) -->loginSuccess
18:06:39.330 INFO  manager.TestNGListener -- Start test -->loginSuccess
18:06:39.379 INFO  tests.TestBase -- Start test with name 'loginSuccess'
18:06:39.380 INFO  tests.TestBase -- Test data ---> email: margo@gmail.com & password: Mmar123456$
18:06:39.382 INFO  manager.ListenerWD -- Before find element-->By.cssSelector: a[href='/login']
18:06:39.425 INFO  manager.ListenerWD -- After find element-->By.cssSelector: a[href='/login']
18:06:39.435 INFO  manager.ListenerWD -- Location of element-->a
18:06:39.456 INFO  manager.ListenerWD -- Before click element -->atext-->LOGIN
18:06:39.534 INFO  manager.ListenerWD -- After click element -->a
18:06:39.534 INFO  manager.HelperBase -- open form by click on button with locator a[href='/login']
18:06:39.538 INFO  manager.ListenerWD -- Before find element-->By.name: email
18:06:39.567 INFO  manager.ListenerWD -- After find element-->By.name: email
18:06:39.574 INFO  manager.ListenerWD -- Location of element-->input
18:06:39.589 INFO  manager.ListenerWD -- Before click element -->inputtext-->
18:06:39.650 INFO  manager.ListenerWD -- After click element -->input
18:06:39.684 INFO  manager.ListenerWD -- sendKeyds-->
18:06:39.693 INFO  manager.ListenerWD -- sendKeyds_TagName-->input
18:06:39.753 INFO  manager.ListenerWD -- sendKeyds-->
18:06:39.764 INFO  manager.ListenerWD -- sendKeyds_TagName-->input
18:06:39.796 INFO  manager.ListenerWD -- sendKeyds-->
18:06:39.804 INFO  manager.ListenerWD -- sendKeyds_TagName-->input
18:06:39.847 INFO  manager.HelperBase -- type in input with locator By.name("email") 
18:06:39.848 INFO  manager.ListenerWD -- Before find element-->By.xpath: //input[@placeholder='Password']
18:06:39.880 INFO  manager.ListenerWD -- After find element-->By.xpath: //input[@placeholder='Password']
18:06:39.888 INFO  manager.ListenerWD -- Location of element-->input
18:06:39.904 INFO  manager.ListenerWD -- Before click element -->inputtext-->
18:06:39.973 INFO  manager.ListenerWD -- After click element -->input
18:06:40.004 INFO  manager.ListenerWD -- sendKeyds-->
18:06:40.010 INFO  manager.ListenerWD -- sendKeyds_TagName-->input
18:06:40.044 INFO  manager.ListenerWD -- sendKeyds-->
18:06:40.052 INFO  manager.ListenerWD -- sendKeyds_TagName-->input
18:06:40.091 INFO  manager.ListenerWD -- sendKeyds-->
18:06:40.098 INFO  manager.ListenerWD -- sendKeyds_TagName-->input
18:06:40.135 INFO  manager.ListenerWD -- Before find element-->By.xpath: //button[text()='Login']
18:06:40.165 INFO  manager.ListenerWD -- After find element-->By.xpath: //button[text()='Login']
18:06:40.177 INFO  manager.ListenerWD -- Location of element-->button
18:06:40.196 INFO  manager.ListenerWD -- Before click element -->buttontext-->Login
18:06:41.325 INFO  tests.TestBase -- Assert check is element button 'Sign out' present
18:06:41.340 INFO  manager.TestNGListener -- Success test -->loginSuccess
18:06:41.342 INFO  tests.TestBase -- ==============================================
18:06:41.349 INFO  tests.TestBase -- Name of method (test) -->loginSuccess
18:06:41.389 INFO  manager.ListenerWD -- Before find element-->By.xpath: //button[text()='Sign Out']
18:06:41.423 INFO  manager.ListenerWD -- After find element-->By.xpath: //button[text()='Sign Out']
18:06:41.430 INFO  manager.ListenerWD -- Location of element-->button
18:06:41.449 INFO  manager.ListenerWD -- Before click element -->buttontext-->Sign Out
18:06:41.517 INFO  tests.TestBase -- Before method finished logout
18:06:41.521 INFO  manager.TestNGListener -- Start test -->loginSuccess
18:06:41.524 INFO  tests.TestBase -- Start test with name 'loginSuccess'
18:06:41.524 INFO  tests.TestBase -- Test data ---> email: sonya@gmail.com & password: Ss12345$
18:06:41.525 INFO  manager.ListenerWD -- Before find element-->By.cssSelector: a[href='/login']
18:06:41.552 INFO  manager.ListenerWD -- After find element-->By.cssSelector: a[href='/login']
18:06:41.559 INFO  manager.ListenerWD -- Location of element-->a
18:06:41.577 INFO  manager.ListenerWD -- Before click element -->atext-->LOGIN
18:06:41.638 INFO  manager.ListenerWD -- After click element -->a
18:06:41.638 INFO  manager.HelperBase -- open form by click on button with locator a[href='/login']
18:06:41.639 INFO  manager.ListenerWD -- Before find element-->By.name: email
18:06:41.664 INFO  manager.ListenerWD -- After find element-->By.name: email
18:06:41.673 INFO  manager.ListenerWD -- Location of element-->input
18:06:41.689 INFO  manager.ListenerWD -- Before click element -->inputtext-->
18:06:41.775 INFO  manager.ListenerWD -- After click element -->input
18:06:41.815 INFO  manager.ListenerWD -- sendKeyds-->
18:06:41.822 INFO  manager.ListenerWD -- sendKeyds_TagName-->input
18:06:41.857 INFO  manager.ListenerWD -- sendKeyds-->
18:06:41.863 INFO  manager.ListenerWD -- sendKeyds_TagName-->input
18:06:41.894 INFO  manager.ListenerWD -- sendKeyds-->
18:06:41.903 INFO  manager.ListenerWD -- sendKeyds_TagName-->input
18:06:41.935 INFO  manager.HelperBase -- type in input with locator By.name("email") 
18:06:41.936 INFO  manager.ListenerWD -- Before find element-->By.xpath: //input[@placeholder='Password']
18:06:41.961 INFO  manager.ListenerWD -- After find element-->By.xpath: //input[@placeholder='Password']
18:06:41.969 INFO  manager.ListenerWD -- Location of element-->input
18:06:41.986 INFO  manager.ListenerWD -- Before click element -->inputtext-->
18:06:42.056 INFO  manager.ListenerWD -- After click element -->input
18:06:42.097 INFO  manager.ListenerWD -- sendKeyds-->
18:06:42.105 INFO  manager.ListenerWD -- sendKeyds_TagName-->input
18:06:42.140 INFO  manager.ListenerWD -- sendKeyds-->
18:06:42.145 INFO  manager.ListenerWD -- sendKeyds_TagName-->input
18:06:42.176 INFO  manager.ListenerWD -- sendKeyds-->
18:06:42.184 INFO  manager.ListenerWD -- sendKeyds_TagName-->input
18:06:42.216 INFO  manager.ListenerWD -- Before find element-->By.xpath: //button[text()='Login']
18:06:42.240 INFO  manager.ListenerWD -- After find element-->By.xpath: //button[text()='Login']
18:06:42.250 INFO  manager.ListenerWD -- Location of element-->button
18:06:42.267 INFO  manager.ListenerWD -- Before click element -->buttontext-->Login
18:06:42.604 INFO  tests.TestBase -- Assert check is element button 'Sign out' present
18:06:42.607 INFO  manager.TestNGListener -- Success test -->loginSuccess
18:06:42.608 INFO  tests.TestBase -- ==============================================
18:06:42.611 INFO  tests.TestBase -- Name of method (test) -->loginSuccess
18:06:42.641 INFO  manager.ListenerWD -- Before find element-->By.xpath: //button[text()='Sign Out']
18:06:42.662 INFO  manager.ListenerWD -- After find element-->By.xpath: //button[text()='Sign Out']
18:06:42.671 INFO  manager.ListenerWD -- Location of element-->button
18:06:42.689 INFO  manager.ListenerWD -- Before click element -->buttontext-->Sign Out
18:06:42.757 INFO  tests.TestBase -- Before method finished logout
18:06:42.760 INFO  manager.TestNGListener -- Start test -->loginSuccess
18:06:42.764 INFO  tests.TestBase -- Start test with name 'loginSuccess'
18:06:42.764 INFO  tests.TestBase -- Test data ---> email: art276@art.com & password: $Art1$2$3456789
18:06:42.765 INFO  manager.ListenerWD -- Before find element-->By.cssSelector: a[href='/login']
18:06:42.788 INFO  manager.ListenerWD -- After find element-->By.cssSelector: a[href='/login']
18:06:42.795 INFO  manager.ListenerWD -- Location of element-->a
18:06:42.811 INFO  manager.ListenerWD -- Before click element -->atext-->LOGIN
18:06:42.872 INFO  manager.ListenerWD -- After click element -->a
18:06:42.872 INFO  manager.HelperBase -- open form by click on button with locator a[href='/login']
18:06:42.873 INFO  manager.ListenerWD -- Before find element-->By.name: email
18:06:42.894 INFO  manager.ListenerWD -- After find element-->By.name: email
18:06:42.904 INFO  manager.ListenerWD -- Location of element-->input
18:06:42.920 INFO  manager.ListenerWD -- Before click element -->inputtext-->
18:06:43.004 INFO  manager.ListenerWD -- After click element -->input
18:06:43.033 INFO  manager.ListenerWD -- sendKeyds-->
18:06:43.040 INFO  manager.ListenerWD -- sendKeyds_TagName-->input
18:06:43.076 INFO  manager.ListenerWD -- sendKeyds-->
18:06:43.082 INFO  manager.ListenerWD -- sendKeyds_TagName-->input
18:06:43.117 INFO  manager.ListenerWD -- sendKeyds-->
18:06:43.123 INFO  manager.ListenerWD -- sendKeyds_TagName-->input
18:06:43.155 INFO  manager.HelperBase -- type in input with locator By.name("email") 
18:06:43.155 INFO  manager.ListenerWD -- Before find element-->By.xpath: //input[@placeholder='Password']
18:06:43.176 INFO  manager.ListenerWD -- After find element-->By.xpath: //input[@placeholder='Password']
18:06:43.184 INFO  manager.ListenerWD -- Location of element-->input
18:06:43.201 INFO  manager.ListenerWD -- Before click element -->inputtext-->
18:06:43.260 INFO  manager.ListenerWD -- After click element -->input
18:06:43.285 INFO  manager.ListenerWD -- sendKeyds-->
18:06:43.290 INFO  manager.ListenerWD -- sendKeyds_TagName-->input
18:06:43.323 INFO  manager.ListenerWD -- sendKeyds-->
18:06:43.326 INFO  manager.ListenerWD -- sendKeyds_TagName-->input
18:06:43.358 INFO  manager.ListenerWD -- sendKeyds-->
18:06:43.363 INFO  manager.ListenerWD -- sendKeyds_TagName-->input
18:06:43.395 INFO  manager.ListenerWD -- Before find element-->By.xpath: //button[text()='Login']
18:06:43.419 INFO  manager.ListenerWD -- After find element-->By.xpath: //button[text()='Login']
18:06:43.425 INFO  manager.ListenerWD -- Location of element-->button
18:06:43.440 INFO  manager.ListenerWD -- Before click element -->buttontext-->Login
18:06:43.776 INFO  tests.TestBase -- Assert check is element button 'Sign out' present
18:06:43.778 INFO  manager.TestNGListener -- Success test -->loginSuccess
18:06:43.781 INFO  tests.TestBase -- ==============================================
18:06:43.789 INFO  tests.TestBase -- Name of method (test) -->loginSuccess1
18:06:43.817 INFO  manager.ListenerWD -- Before find element-->By.xpath: //button[text()='Sign Out']
18:06:43.839 INFO  manager.ListenerWD -- After find element-->By.xpath: //button[text()='Sign Out']
18:06:43.845 INFO  manager.ListenerWD -- Location of element-->button
18:06:43.858 INFO  manager.ListenerWD -- Before click element -->buttontext-->Sign Out
18:06:43.932 INFO  tests.TestBase -- Before method finished logout
18:06:43.935 INFO  manager.TestNGListener -- Start test -->loginSuccess1
18:06:43.941 INFO  manager.ListenerWD -- Before find element-->By.cssSelector: a[href='/login']
18:06:43.965 INFO  manager.ListenerWD -- After find element-->By.cssSelector: a[href='/login']
18:06:43.973 INFO  manager.ListenerWD -- Location of element-->a
18:06:43.988 INFO  manager.ListenerWD -- Before click element -->atext-->LOGIN
18:06:44.043 INFO  manager.ListenerWD -- After click element -->a
18:06:44.043 INFO  manager.HelperBase -- open form by click on button with locator a[href='/login']
18:06:44.044 INFO  manager.ListenerWD -- Before find element-->By.name: email
18:06:44.067 INFO  manager.ListenerWD -- After find element-->By.name: email
18:06:44.074 INFO  manager.ListenerWD -- Location of element-->input
18:06:44.092 INFO  manager.ListenerWD -- Before click element -->inputtext-->
18:06:44.181 INFO  manager.ListenerWD -- After click element -->input
18:06:44.211 INFO  manager.ListenerWD -- sendKeyds-->
18:06:44.219 INFO  manager.ListenerWD -- sendKeyds_TagName-->input
18:06:44.248 INFO  manager.ListenerWD -- sendKeyds-->
18:06:44.254 INFO  manager.ListenerWD -- sendKeyds_TagName-->input
18:06:44.290 INFO  manager.ListenerWD -- sendKeyds-->
18:06:44.295 INFO  manager.ListenerWD -- sendKeyds_TagName-->input
18:06:44.327 INFO  manager.ListenerWD -- Before find element-->By.xpath: //input[@placeholder='Password']
18:06:44.350 INFO  manager.ListenerWD -- After find element-->By.xpath: //input[@placeholder='Password']
18:06:44.357 INFO  manager.ListenerWD -- Location of element-->input
18:06:44.373 INFO  manager.ListenerWD -- Before click element -->inputtext-->
18:06:44.435 INFO  manager.ListenerWD -- After click element -->input
18:06:44.469 INFO  manager.ListenerWD -- sendKeyds-->
18:06:44.475 INFO  manager.ListenerWD -- sendKeyds_TagName-->input
18:06:44.515 INFO  manager.ListenerWD -- sendKeyds-->
18:06:44.522 INFO  manager.ListenerWD -- sendKeyds_TagName-->input
18:06:44.564 INFO  manager.ListenerWD -- sendKeyds-->
18:06:44.569 INFO  manager.ListenerWD -- sendKeyds_TagName-->input
18:06:44.597 INFO  manager.ListenerWD -- Before find element-->By.xpath: //button[text()='Login']
18:06:44.619 INFO  manager.ListenerWD -- After find element-->By.xpath: //button[text()='Login']
18:06:44.626 INFO  manager.ListenerWD -- Location of element-->button
18:06:44.640 INFO  manager.ListenerWD -- Before click element -->buttontext-->Login
18:06:44.977 INFO  manager.TestNGListener -- Success test -->loginSuccess1
18:06:44.978 INFO  tests.TestBase -- ==============================================
18:06:44.985 INFO  tests.TestBase -- Name of method (test) -->loginSuccessModel
18:06:45.007 INFO  manager.ListenerWD -- Before find element-->By.xpath: //button[text()='Sign Out']
18:06:45.028 INFO  manager.ListenerWD -- After find element-->By.xpath: //button[text()='Sign Out']
18:06:45.035 INFO  manager.ListenerWD -- Location of element-->button
18:06:45.051 INFO  manager.ListenerWD -- Before click element -->buttontext-->Sign Out
18:06:45.115 INFO  tests.TestBase -- Before method finished logout
18:06:45.119 INFO  manager.TestNGListener -- Start test -->loginSuccessModel
18:06:45.122 INFO  tests.TestBase -- Test data---> User{email='margo@gmail.com', password='Mmar123456$'}
18:06:45.123 INFO  manager.ListenerWD -- Before find element-->By.cssSelector: a[href='/login']
18:06:45.147 INFO  manager.ListenerWD -- After find element-->By.cssSelector: a[href='/login']
18:06:45.157 INFO  manager.ListenerWD -- Location of element-->a
18:06:45.177 INFO  manager.ListenerWD -- Before click element -->atext-->LOGIN
18:06:45.238 INFO  manager.ListenerWD -- After click element -->a
18:06:45.238 INFO  manager.HelperBase -- open form by click on button with locator a[href='/login']
18:06:45.239 INFO  manager.ListenerWD -- Before find element-->By.name: email
18:06:45.261 INFO  manager.ListenerWD -- After find element-->By.name: email
18:06:45.269 INFO  manager.ListenerWD -- Location of element-->input
18:06:45.284 INFO  manager.ListenerWD -- Before click element -->inputtext-->
18:06:45.376 INFO  manager.ListenerWD -- After click element -->input
18:06:45.407 INFO  manager.ListenerWD -- sendKeyds-->
18:06:45.411 INFO  manager.ListenerWD -- sendKeyds_TagName-->input
18:06:45.443 INFO  manager.ListenerWD -- sendKeyds-->
18:06:45.450 INFO  manager.ListenerWD -- sendKeyds_TagName-->input
18:06:45.480 INFO  manager.ListenerWD -- sendKeyds-->
18:06:45.486 INFO  manager.ListenerWD -- sendKeyds_TagName-->input
18:06:45.518 INFO  manager.ListenerWD -- Before find element-->By.xpath: //input[@placeholder='Password']
18:06:45.537 INFO  manager.ListenerWD -- After find element-->By.xpath: //input[@placeholder='Password']
18:06:45.544 INFO  manager.ListenerWD -- Location of element-->input
18:06:45.560 INFO  manager.ListenerWD -- Before click element -->inputtext-->
18:06:45.627 INFO  manager.ListenerWD -- After click element -->input
18:06:45.655 INFO  manager.ListenerWD -- sendKeyds-->
18:06:45.662 INFO  manager.ListenerWD -- sendKeyds_TagName-->input
18:06:45.703 INFO  manager.ListenerWD -- sendKeyds-->
18:06:45.708 INFO  manager.ListenerWD -- sendKeyds_TagName-->input
18:06:45.741 INFO  manager.ListenerWD -- sendKeyds-->
18:06:45.747 INFO  manager.ListenerWD -- sendKeyds_TagName-->input
18:06:45.776 INFO  manager.ListenerWD -- Before find element-->By.xpath: //button[text()='Login']
18:06:45.791 INFO  manager.ListenerWD -- After find element-->By.xpath: //button[text()='Login']
18:06:45.797 INFO  manager.ListenerWD -- Location of element-->button
18:06:45.810 INFO  manager.ListenerWD -- Before click element -->buttontext-->Login
18:06:46.198 INFO  tests.TestBase -- Assert check is element button 'Sign out' present
18:06:46.200 INFO  manager.TestNGListener -- Success test -->loginSuccessModel
18:06:46.201 INFO  tests.TestBase -- ==============================================
18:06:46.205 INFO  tests.TestBase -- Name of method (test) -->loginSuccessModel
18:06:46.235 INFO  manager.ListenerWD -- Before find element-->By.xpath: //button[text()='Sign Out']
18:06:46.258 INFO  manager.ListenerWD -- After find element-->By.xpath: //button[text()='Sign Out']
18:06:46.266 INFO  manager.ListenerWD -- Location of element-->button
18:06:46.281 INFO  manager.ListenerWD -- Before click element -->buttontext-->Sign Out
18:06:46.335 INFO  tests.TestBase -- Before method finished logout
18:06:46.338 INFO  manager.TestNGListener -- Start test -->loginSuccessModel
18:06:46.340 INFO  tests.TestBase -- Test data---> User{email='sonya@gmail.com', password='Ss12345$'}
18:06:46.341 INFO  manager.ListenerWD -- Before find element-->By.cssSelector: a[href='/login']
18:06:46.363 INFO  manager.ListenerWD -- After find element-->By.cssSelector: a[href='/login']
18:06:46.371 INFO  manager.ListenerWD -- Location of element-->a
18:06:46.386 INFO  manager.ListenerWD -- Before click element -->atext-->LOGIN
18:06:46.433 INFO  manager.ListenerWD -- After click element -->a
18:06:46.433 INFO  manager.HelperBase -- open form by click on button with locator a[href='/login']
18:06:46.434 INFO  manager.ListenerWD -- Before find element-->By.name: email
18:06:46.451 INFO  manager.ListenerWD -- After find element-->By.name: email
18:06:46.456 INFO  manager.ListenerWD -- Location of element-->input
18:06:46.470 INFO  manager.ListenerWD -- Before click element -->inputtext-->
18:06:46.552 INFO  manager.ListenerWD -- After click element -->input
18:06:46.583 INFO  manager.ListenerWD -- sendKeyds-->
18:06:46.590 INFO  manager.ListenerWD -- sendKeyds_TagName-->input
18:06:46.620 INFO  manager.ListenerWD -- sendKeyds-->
18:06:46.625 INFO  manager.ListenerWD -- sendKeyds_TagName-->input
18:06:46.655 INFO  manager.ListenerWD -- sendKeyds-->
18:06:46.662 INFO  manager.ListenerWD -- sendKeyds_TagName-->input
18:06:46.707 INFO  manager.ListenerWD -- Before find element-->By.xpath: //input[@placeholder='Password']
18:06:46.727 INFO  manager.ListenerWD -- After find element-->By.xpath: //input[@placeholder='Password']
18:06:46.734 INFO  manager.ListenerWD -- Location of element-->input
18:06:46.749 INFO  manager.ListenerWD -- Before click element -->inputtext-->
18:06:46.818 INFO  manager.ListenerWD -- After click element -->input
18:06:46.851 INFO  manager.ListenerWD -- sendKeyds-->
18:06:46.857 INFO  manager.ListenerWD -- sendKeyds_TagName-->input
18:06:46.888 INFO  manager.ListenerWD -- sendKeyds-->
18:06:46.895 INFO  manager.ListenerWD -- sendKeyds_TagName-->input
18:06:46.931 INFO  manager.ListenerWD -- sendKeyds-->
18:06:46.939 INFO  manager.ListenerWD -- sendKeyds_TagName-->input
18:06:46.971 INFO  manager.ListenerWD -- Before find element-->By.xpath: //button[text()='Login']
18:06:46.992 INFO  manager.ListenerWD -- After find element-->By.xpath: //button[text()='Login']
18:06:47.000 INFO  manager.ListenerWD -- Location of element-->button
18:06:47.016 INFO  manager.ListenerWD -- Before click element -->buttontext-->Login
18:06:47.440 INFO  tests.TestBase -- Assert check is element button 'Sign out' present
18:06:47.443 INFO  manager.TestNGListener -- Success test -->loginSuccessModel
18:06:47.444 INFO  tests.TestBase -- ==============================================
18:06:47.448 INFO  tests.TestBase -- Name of method (test) -->loginSuccessModelDPF
18:06:47.470 INFO  manager.ListenerWD -- Before find element-->By.xpath: //button[text()='Sign Out']
18:06:47.492 INFO  manager.ListenerWD -- After find element-->By.xpath: //button[text()='Sign Out']
18:06:47.500 INFO  manager.ListenerWD -- Location of element-->button
18:06:47.515 INFO  manager.ListenerWD -- Before click element -->buttontext-->Sign Out
18:06:47.576 INFO  tests.TestBase -- Before method finished logout
18:06:47.580 INFO  manager.TestNGListener -- Start test -->loginSuccessModelDPF
18:06:47.582 INFO  tests.TestBase -- Test data---> User{email='margo@gmail.com', password='Mmar123456$'}
18:06:47.583 INFO  manager.ListenerWD -- Before find element-->By.cssSelector: a[href='/login']
18:06:47.601 INFO  manager.ListenerWD -- After find element-->By.cssSelector: a[href='/login']
18:06:47.607 INFO  manager.ListenerWD -- Location of element-->a
18:06:47.624 INFO  manager.ListenerWD -- Before click element -->atext-->LOGIN
18:06:47.681 INFO  manager.ListenerWD -- After click element -->a
18:06:47.681 INFO  manager.HelperBase -- open form by click on button with locator a[href='/login']
18:06:47.682 INFO  manager.ListenerWD -- Before find element-->By.name: email
18:06:47.702 INFO  manager.ListenerWD -- After find element-->By.name: email
18:06:47.709 INFO  manager.ListenerWD -- Location of element-->input
18:06:47.725 INFO  manager.ListenerWD -- Before click element -->inputtext-->
18:06:47.812 INFO  manager.ListenerWD -- After click element -->input
18:06:47.840 INFO  manager.ListenerWD -- sendKeyds-->
18:06:47.846 INFO  manager.ListenerWD -- sendKeyds_TagName-->input
18:06:47.876 INFO  manager.ListenerWD -- sendKeyds-->
18:06:47.883 INFO  manager.ListenerWD -- sendKeyds_TagName-->input
18:06:47.914 INFO  manager.ListenerWD -- sendKeyds-->
18:06:47.920 INFO  manager.ListenerWD -- sendKeyds_TagName-->input
18:06:47.948 INFO  manager.ListenerWD -- Before find element-->By.xpath: //input[@placeholder='Password']
18:06:47.968 INFO  manager.ListenerWD -- After find element-->By.xpath: //input[@placeholder='Password']
18:06:47.974 INFO  manager.ListenerWD -- Location of element-->input
18:06:47.987 INFO  manager.ListenerWD -- Before click element -->inputtext-->
18:06:48.040 INFO  manager.ListenerWD -- After click element -->input
18:06:48.064 INFO  manager.ListenerWD -- sendKeyds-->
18:06:48.068 INFO  manager.ListenerWD -- sendKeyds_TagName-->input
18:06:48.095 INFO  manager.ListenerWD -- sendKeyds-->
18:06:48.102 INFO  manager.ListenerWD -- sendKeyds_TagName-->input
18:06:48.133 INFO  manager.ListenerWD -- sendKeyds-->
18:06:48.137 INFO  manager.ListenerWD -- sendKeyds_TagName-->input
18:06:48.162 INFO  manager.ListenerWD -- Before find element-->By.xpath: //button[text()='Login']
18:06:48.179 INFO  manager.ListenerWD -- After find element-->By.xpath: //button[text()='Login']
18:06:48.185 INFO  manager.ListenerWD -- Location of element-->button
18:06:48.199 INFO  manager.ListenerWD -- Before click element -->buttontext-->Login
18:06:48.547 INFO  tests.TestBase -- Assert check is element button 'Sign out' present
18:06:48.551 INFO  manager.TestNGListener -- Success test -->loginSuccessModelDPF
18:06:48.554 INFO  tests.TestBase -- ==============================================
18:06:48.560 INFO  tests.TestBase -- Name of method (test) -->loginSuccessModelDPF
18:06:48.590 INFO  manager.ListenerWD -- Before find element-->By.xpath: //button[text()='Sign Out']
18:06:48.614 INFO  manager.ListenerWD -- After find element-->By.xpath: //button[text()='Sign Out']
18:06:48.626 INFO  manager.ListenerWD -- Location of element-->button
18:06:48.647 INFO  manager.ListenerWD -- Before click element -->buttontext-->Sign Out
18:06:48.713 INFO  tests.TestBase -- Before method finished logout
18:06:48.715 INFO  manager.TestNGListener -- Start test -->loginSuccessModelDPF
18:06:48.717 INFO  tests.TestBase -- Test data---> User{email='sonya@gmail.com', password='Ss12345$'}
18:06:48.718 INFO  manager.ListenerWD -- Before find element-->By.cssSelector: a[href='/login']
18:06:48.735 INFO  manager.ListenerWD -- After find element-->By.cssSelector: a[href='/login']
18:06:48.741 INFO  manager.ListenerWD -- Location of element-->a
18:06:48.756 INFO  manager.ListenerWD -- Before click element -->atext-->LOGIN
18:06:48.801 INFO  manager.ListenerWD -- After click element -->a
18:06:48.801 INFO  manager.HelperBase -- open form by click on button with locator a[href='/login']
18:06:48.801 INFO  manager.ListenerWD -- Before find element-->By.name: email
18:06:48.815 INFO  manager.ListenerWD -- After find element-->By.name: email
18:06:48.820 INFO  manager.ListenerWD -- Location of element-->input
18:06:48.835 INFO  manager.ListenerWD -- Before click element -->inputtext-->
18:06:48.909 INFO  manager.ListenerWD -- After click element -->input
18:06:48.936 INFO  manager.ListenerWD -- sendKeyds-->
18:06:48.940 INFO  manager.ListenerWD -- sendKeyds_TagName-->input
18:06:48.967 INFO  manager.ListenerWD -- sendKeyds-->
18:06:48.972 INFO  manager.ListenerWD -- sendKeyds_TagName-->input
18:06:49.003 INFO  manager.ListenerWD -- sendKeyds-->
18:06:49.007 INFO  manager.ListenerWD -- sendKeyds_TagName-->input
18:06:49.037 INFO  manager.ListenerWD -- Before find element-->By.xpath: //input[@placeholder='Password']
18:06:49.052 INFO  manager.ListenerWD -- After find element-->By.xpath: //input[@placeholder='Password']
18:06:49.059 INFO  manager.ListenerWD -- Location of element-->input
18:06:49.072 INFO  manager.ListenerWD -- Before click element -->inputtext-->
18:06:49.122 INFO  manager.ListenerWD -- After click element -->input
18:06:49.145 INFO  manager.ListenerWD -- sendKeyds-->
18:06:49.152 INFO  manager.ListenerWD -- sendKeyds_TagName-->input
18:06:49.176 INFO  manager.ListenerWD -- sendKeyds-->
18:06:49.183 INFO  manager.ListenerWD -- sendKeyds_TagName-->input
18:06:49.214 INFO  manager.ListenerWD -- sendKeyds-->
18:06:49.220 INFO  manager.ListenerWD -- sendKeyds_TagName-->input
18:06:49.256 INFO  manager.ListenerWD -- Before find element-->By.xpath: //button[text()='Login']
18:06:49.272 INFO  manager.ListenerWD -- After find element-->By.xpath: //button[text()='Login']
18:06:49.279 INFO  manager.ListenerWD -- Location of element-->button
18:06:49.291 INFO  manager.ListenerWD -- Before click element -->buttontext-->Login
18:06:49.620 INFO  tests.TestBase -- Assert check is element button 'Sign out' present
18:06:49.625 INFO  manager.TestNGListener -- Success test -->loginSuccessModelDPF
18:06:49.626 INFO  tests.TestBase -- ==============================================
18:06:49.629 INFO  tests.TestBase -- Name of method (test) -->loginSuccessModelDPF
18:06:49.654 INFO  manager.ListenerWD -- Before find element-->By.xpath: //button[text()='Sign Out']
18:06:49.675 INFO  manager.ListenerWD -- After find element-->By.xpath: //button[text()='Sign Out']
18:06:49.682 INFO  manager.ListenerWD -- Location of element-->button
18:06:49.699 INFO  manager.ListenerWD -- Before click element -->buttontext-->Sign Out
18:06:49.764 INFO  tests.TestBase -- Before method finished logout
18:06:49.769 INFO  manager.TestNGListener -- Start test -->loginSuccessModelDPF
18:06:49.772 INFO  tests.TestBase -- Test data---> User{email='margo@gmail.com', password='Mmar123456$'}
18:06:49.772 INFO  manager.ListenerWD -- Before find element-->By.cssSelector: a[href='/login']
18:06:49.793 INFO  manager.ListenerWD -- After find element-->By.cssSelector: a[href='/login']
18:06:49.802 INFO  manager.ListenerWD -- Location of element-->a
18:06:49.815 INFO  manager.ListenerWD -- Before click element -->atext-->LOGIN
18:06:49.870 INFO  manager.ListenerWD -- After click element -->a
18:06:49.870 INFO  manager.HelperBase -- open form by click on button with locator a[href='/login']
18:06:49.871 INFO  manager.ListenerWD -- Before find element-->By.name: email
18:06:49.888 INFO  manager.ListenerWD -- After find element-->By.name: email
18:06:49.894 INFO  manager.ListenerWD -- Location of element-->input
18:06:49.906 INFO  manager.ListenerWD -- Before click element -->inputtext-->
18:06:49.987 INFO  manager.ListenerWD -- After click element -->input
18:06:50.022 INFO  manager.ListenerWD -- sendKeyds-->
18:06:50.027 INFO  manager.ListenerWD -- sendKeyds_TagName-->input
18:06:50.058 INFO  manager.ListenerWD -- sendKeyds-->
18:06:50.062 INFO  manager.ListenerWD -- sendKeyds_TagName-->input
18:06:50.093 INFO  manager.ListenerWD -- sendKeyds-->
18:06:50.099 INFO  manager.ListenerWD -- sendKeyds_TagName-->input
18:06:50.126 INFO  manager.ListenerWD -- Before find element-->By.xpath: //input[@placeholder='Password']
18:06:50.142 INFO  manager.ListenerWD -- After find element-->By.xpath: //input[@placeholder='Password']
18:06:50.149 INFO  manager.ListenerWD -- Location of element-->input
18:06:50.160 INFO  manager.ListenerWD -- Before click element -->inputtext-->
18:06:50.207 INFO  manager.ListenerWD -- After click element -->input
18:06:50.236 INFO  manager.ListenerWD -- sendKeyds-->
18:06:50.241 INFO  manager.ListenerWD -- sendKeyds_TagName-->input
18:06:50.275 INFO  manager.ListenerWD -- sendKeyds-->
18:06:50.280 INFO  manager.ListenerWD -- sendKeyds_TagName-->input
18:06:50.308 INFO  manager.ListenerWD -- sendKeyds-->
18:06:50.312 INFO  manager.ListenerWD -- sendKeyds_TagName-->input
18:06:50.339 INFO  manager.ListenerWD -- Before find element-->By.xpath: //button[text()='Login']
18:06:50.356 INFO  manager.ListenerWD -- After find element-->By.xpath: //button[text()='Login']
18:06:50.361 INFO  manager.ListenerWD -- Location of element-->button
18:06:50.377 INFO  manager.ListenerWD -- Before click element -->buttontext-->Login
18:06:50.714 INFO  tests.TestBase -- Assert check is element button 'Sign out' present
18:06:50.716 INFO  manager.TestNGListener -- Success test -->loginSuccessModelDPF
18:06:50.718 INFO  tests.TestBase -- ==============================================
18:06:50.720 INFO  tests.TestBase -- Name of method (test) -->loginUnregisteredUser
18:06:50.743 INFO  manager.ListenerWD -- Before find element-->By.xpath: //button[text()='Sign Out']
18:06:50.763 INFO  manager.ListenerWD -- After find element-->By.xpath: //button[text()='Sign Out']
18:06:50.769 INFO  manager.ListenerWD -- Location of element-->button
18:06:50.784 INFO  manager.ListenerWD -- Before click element -->buttontext-->Sign Out
18:06:50.840 INFO  tests.TestBase -- Before method finished logout
18:06:50.842 INFO  manager.TestNGListener -- Start test -->loginUnregisteredUser
18:06:50.845 INFO  tests.TestBase -- Test data---> email: 'margo_m@gmail.com' & password: 'Mmar123456$'
18:06:50.845 INFO  manager.ListenerWD -- Before find element-->By.cssSelector: a[href='/login']
18:06:50.863 INFO  manager.ListenerWD -- After find element-->By.cssSelector: a[href='/login']
18:06:50.869 INFO  manager.ListenerWD -- Location of element-->a
18:06:50.882 INFO  manager.ListenerWD -- Before click element -->atext-->LOGIN
18:06:50.928 INFO  manager.ListenerWD -- After click element -->a
18:06:50.928 INFO  manager.HelperBase -- open form by click on button with locator a[href='/login']
18:06:50.928 INFO  manager.ListenerWD -- Before find element-->By.name: email
18:06:50.945 INFO  manager.ListenerWD -- After find element-->By.name: email
18:06:50.953 INFO  manager.ListenerWD -- Location of element-->input
18:06:50.969 INFO  manager.ListenerWD -- Before click element -->inputtext-->
18:06:51.054 INFO  manager.ListenerWD -- After click element -->input
18:06:51.084 INFO  manager.ListenerWD -- sendKeyds-->
18:06:51.089 INFO  manager.ListenerWD -- sendKeyds_TagName-->input
18:06:51.116 INFO  manager.ListenerWD -- sendKeyds-->
18:06:51.123 INFO  manager.ListenerWD -- sendKeyds_TagName-->input
18:06:51.152 INFO  manager.ListenerWD -- sendKeyds-->
18:06:51.157 INFO  manager.ListenerWD -- sendKeyds_TagName-->input
18:06:51.189 INFO  manager.HelperBase -- type in input with locator By.name("email") 
18:06:51.189 INFO  manager.ListenerWD -- Before find element-->By.xpath: //input[@placeholder='Password']
18:06:51.205 INFO  manager.ListenerWD -- After find element-->By.xpath: //input[@placeholder='Password']
18:06:51.210 INFO  manager.ListenerWD -- Location of element-->input
18:06:51.224 INFO  manager.ListenerWD -- Before click element -->inputtext-->
18:06:51.279 INFO  manager.ListenerWD -- After click element -->input
18:06:51.312 INFO  manager.ListenerWD -- sendKeyds-->
18:06:51.318 INFO  manager.ListenerWD -- sendKeyds_TagName-->input
18:06:51.353 INFO  manager.ListenerWD -- sendKeyds-->
18:06:51.358 INFO  manager.ListenerWD -- sendKeyds_TagName-->input
18:06:51.388 INFO  manager.ListenerWD -- sendKeyds-->
18:06:51.392 INFO  manager.ListenerWD -- sendKeyds_TagName-->input
18:06:51.419 INFO  manager.ListenerWD -- Before find element-->By.xpath: //button[text()='Login']
18:06:51.435 INFO  manager.ListenerWD -- After find element-->By.xpath: //button[text()='Login']
18:06:51.440 INFO  manager.ListenerWD -- Location of element-->button
18:06:51.453 INFO  manager.ListenerWD -- Before click element -->buttontext-->Login
18:06:51.531 INFO  manager.ListenerWD -- Huston, we have a problem!
18:06:51.531 INFO  manager.ListenerWD -- Failed method:alert
18:06:51.531 INFO  manager.ListenerWD -- ***************
18:06:51.531 INFO  manager.ListenerWD -- Arguments:null
18:06:51.531 INFO  manager.ListenerWD -- ***************
18:06:51.531 INFO  manager.ListenerWD -- Exception:NoAlertPresentException
18:06:51.531 INFO  manager.ListenerWD -- ***************
18:06:51.531 INFO  manager.ListenerWD -- Messageno such alert
  (Session info: chrome=149.0.7827.103)
Build info: version: '4.26.0', revision: '8ccf0219d7'
System info: os.name: 'Windows 11', os.arch: 'amd64', os.version: '10.0', java.version: '21.0.10'
Driver info: org.openqa.selenium.chrome.ChromeDriver
Command: [e859930a089aec3810dec76aab7965bc, getAlertText {}]
Capabilities {acceptInsecureCerts: false, browserName: chrome, browserVersion: 149.0.7827.103, chrome: {chromedriverVersion: 149.0.7827.115 (daf70f9ddee..., userDataDir: C:\Users\marii\AppData\Loca...}, fedcm:accounts: true, goog:chromeOptions: {debuggerAddress: localhost:51884}, goog:processID: 1140, networkConnectionEnabled: false, pageLoadStrategy: normal, platformName: windows, proxy: Proxy(), se:cdp: ws://localhost:51884/devtoo..., se:cdpVersion: 149.0.7827.103, setWindowRect: true, strictFileInteractability: false, timeouts: {implicit: 0, pageLoad: 300000, script: 30000}, unhandledPromptBehavior: dismiss and notify, webauthn:extension:credBlob: true, webauthn:extension:largeBlob: true, webauthn:extension:minPinLength: true, webauthn:extension:prf: true, webauthn:virtualAuthenticators: true}
Session ID: e859930a089aec3810dec76aab7965bc
18:06:51.531 INFO  manager.ListenerWD -- ***************
18:06:51.531 INFO  manager.ListenerWD -- ***************
18:06:51.532 INFO  manager.ListenerWD -- Screen with error is--->src/test/screenshots/screen_1687.png
18:06:52.080 INFO  tests.TestBase -- Assert check is alert present with error text 'Wrong email or password'
18:06:52.083 INFO  manager.TestNGListener -- Success test -->loginUnregisteredUser
18:06:52.084 INFO  tests.TestBase -- ==============================================
18:06:52.089 INFO  tests.TestBase -- Name of method (test) -->loginWrongEmail
18:06:57.140 INFO  manager.TestNGListener -- Start test -->loginWrongEmail
18:06:57.146 INFO  tests.TestBase -- Test data---> email: 'margogmail.com' & password: 'Mmar123456$'
18:06:57.147 INFO  manager.ListenerWD -- Before find element-->By.cssSelector: a[href='/login']
18:06:57.162 INFO  manager.ListenerWD -- After find element-->By.cssSelector: a[href='/login']
18:06:57.168 INFO  manager.ListenerWD -- Location of element-->a
18:06:57.177 INFO  manager.ListenerWD -- Before click element -->atext-->LOGIN
18:06:57.217 INFO  manager.ListenerWD -- After click element -->a
18:06:57.217 INFO  manager.HelperBase -- open form by click on button with locator a[href='/login']
18:06:57.217 INFO  manager.ListenerWD -- Before find element-->By.name: email
18:06:57.232 INFO  manager.ListenerWD -- After find element-->By.name: email
18:06:57.236 INFO  manager.ListenerWD -- Location of element-->input
18:06:57.249 INFO  manager.ListenerWD -- Before click element -->inputtext-->
18:06:57.299 INFO  manager.ListenerWD -- After click element -->input
18:06:57.324 INFO  manager.ListenerWD -- sendKeyds-->
18:06:57.327 INFO  manager.ListenerWD -- sendKeyds_TagName-->input
18:06:57.371 INFO  manager.ListenerWD -- sendKeyds-->
18:06:57.375 INFO  manager.ListenerWD -- sendKeyds_TagName-->input
18:06:57.403 INFO  manager.ListenerWD -- sendKeyds-->
18:06:57.406 INFO  manager.ListenerWD -- sendKeyds_TagName-->input
18:06:57.433 INFO  manager.HelperBase -- type in input with locator By.name("email") 
18:06:57.433 INFO  manager.ListenerWD -- Before find element-->By.xpath: //input[@placeholder='Password']
18:06:57.447 INFO  manager.ListenerWD -- After find element-->By.xpath: //input[@placeholder='Password']
18:06:57.452 INFO  manager.ListenerWD -- Location of element-->input
18:06:57.462 INFO  manager.ListenerWD -- Before click element -->inputtext-->
18:06:57.509 INFO  manager.ListenerWD -- After click element -->input
18:06:57.535 INFO  manager.ListenerWD -- sendKeyds-->
18:06:57.540 INFO  manager.ListenerWD -- sendKeyds_TagName-->input
18:06:57.577 INFO  manager.ListenerWD -- sendKeyds-->
18:06:57.583 INFO  manager.ListenerWD -- sendKeyds_TagName-->input
18:06:57.607 INFO  manager.ListenerWD -- sendKeyds-->
18:06:57.611 INFO  manager.ListenerWD -- sendKeyds_TagName-->input
18:06:57.636 INFO  manager.ListenerWD -- Before find element-->By.xpath: //button[text()='Login']
18:06:57.650 INFO  manager.ListenerWD -- After find element-->By.xpath: //button[text()='Login']
18:06:57.655 INFO  manager.ListenerWD -- Location of element-->button
18:06:57.666 INFO  manager.ListenerWD -- Before click element -->buttontext-->Login
18:06:57.722 INFO  manager.ListenerWD -- Huston, we have a problem!
18:06:57.722 INFO  manager.ListenerWD -- Failed method:alert
18:06:57.722 INFO  manager.ListenerWD -- ***************
18:06:57.722 INFO  manager.ListenerWD -- Arguments:null
18:06:57.722 INFO  manager.ListenerWD -- ***************
18:06:57.722 INFO  manager.ListenerWD -- Exception:NoAlertPresentException
18:06:57.722 INFO  manager.ListenerWD -- ***************
18:06:57.723 INFO  manager.ListenerWD -- Messageno such alert
  (Session info: chrome=149.0.7827.103)
Build info: version: '4.26.0', revision: '8ccf0219d7'
System info: os.name: 'Windows 11', os.arch: 'amd64', os.version: '10.0', java.version: '21.0.10'
Driver info: org.openqa.selenium.chrome.ChromeDriver
Command: [e859930a089aec3810dec76aab7965bc, getAlertText {}]
Capabilities {acceptInsecureCerts: false, browserName: chrome, browserVersion: 149.0.7827.103, chrome: {chromedriverVersion: 149.0.7827.115 (daf70f9ddee..., userDataDir: C:\Users\marii\AppData\Loca...}, fedcm:accounts: true, goog:chromeOptions: {debuggerAddress: localhost:51884}, goog:processID: 1140, networkConnectionEnabled: false, pageLoadStrategy: normal, platformName: windows, proxy: Proxy(), se:cdp: ws://localhost:51884/devtoo..., se:cdpVersion: 149.0.7827.103, setWindowRect: true, strictFileInteractability: false, timeouts: {implicit: 0, pageLoad: 300000, script: 30000}, unhandledPromptBehavior: dismiss and notify, webauthn:extension:credBlob: true, webauthn:extension:largeBlob: true, webauthn:extension:minPinLength: true, webauthn:extension:prf: true, webauthn:virtualAuthenticators: true}
Session ID: e859930a089aec3810dec76aab7965bc
18:06:57.723 INFO  manager.ListenerWD -- ***************
18:06:57.723 INFO  manager.ListenerWD -- ***************
18:06:57.723 INFO  manager.ListenerWD -- Screen with error is--->src/test/screenshots/screen_1103.png
18:06:58.252 INFO  tests.TestBase -- Assert check is alert present with error text 'Wrong email or password'
18:06:58.256 INFO  manager.TestNGListener -- Success test -->loginWrongEmail
18:06:58.257 INFO  tests.TestBase -- ==============================================
18:06:58.261 INFO  tests.TestBase -- Name of method (test) -->loginWrongPassword
18:07:03.311 INFO  manager.TestNGListener -- Start test -->loginWrongPassword
18:07:03.315 INFO  tests.TestBase -- Test data---> email: 'margo@gmail.com' & password: 'Mmar123'
18:07:03.315 INFO  manager.ListenerWD -- Before find element-->By.cssSelector: a[href='/login']
18:07:03.326 INFO  manager.ListenerWD -- After find element-->By.cssSelector: a[href='/login']
18:07:03.332 INFO  manager.ListenerWD -- Location of element-->a
18:07:03.342 INFO  manager.ListenerWD -- Before click element -->atext-->LOGIN
18:07:03.386 INFO  manager.ListenerWD -- After click element -->a
18:07:03.386 INFO  manager.HelperBase -- open form by click on button with locator a[href='/login']
18:07:03.386 INFO  manager.ListenerWD -- Before find element-->By.name: email
18:07:03.400 INFO  manager.ListenerWD -- After find element-->By.name: email
18:07:03.405 INFO  manager.ListenerWD -- Location of element-->input
18:07:03.416 INFO  manager.ListenerWD -- Before click element -->inputtext-->
18:07:03.462 INFO  manager.ListenerWD -- After click element -->input
18:07:03.485 INFO  manager.ListenerWD -- sendKeyds-->
18:07:03.490 INFO  manager.ListenerWD -- sendKeyds_TagName-->input
18:07:03.526 INFO  manager.ListenerWD -- sendKeyds-->
18:07:03.531 INFO  manager.ListenerWD -- sendKeyds_TagName-->input
18:07:03.555 INFO  manager.ListenerWD -- sendKeyds-->
18:07:03.559 INFO  manager.ListenerWD -- sendKeyds_TagName-->input
18:07:03.586 INFO  manager.HelperBase -- type in input with locator By.name("email") 
18:07:03.586 INFO  manager.ListenerWD -- Before find element-->By.xpath: //input[@placeholder='Password']
18:07:03.601 INFO  manager.ListenerWD -- After find element-->By.xpath: //input[@placeholder='Password']
18:07:03.606 INFO  manager.ListenerWD -- Location of element-->input
18:07:03.615 INFO  manager.ListenerWD -- Before click element -->inputtext-->
18:07:03.662 INFO  manager.ListenerWD -- After click element -->input
18:07:03.687 INFO  manager.ListenerWD -- sendKeyds-->
18:07:03.691 INFO  manager.ListenerWD -- sendKeyds_TagName-->input
18:07:03.727 INFO  manager.ListenerWD -- sendKeyds-->
18:07:03.733 INFO  manager.ListenerWD -- sendKeyds_TagName-->input
18:07:03.758 INFO  manager.ListenerWD -- sendKeyds-->
18:07:03.763 INFO  manager.ListenerWD -- sendKeyds_TagName-->input
18:07:03.785 INFO  manager.ListenerWD -- Before find element-->By.xpath: //button[text()='Login']
18:07:03.800 INFO  manager.ListenerWD -- After find element-->By.xpath: //button[text()='Login']
18:07:03.805 INFO  manager.ListenerWD -- Location of element-->button
18:07:03.816 INFO  manager.ListenerWD -- Before click element -->buttontext-->Login
18:07:03.870 INFO  manager.ListenerWD -- Huston, we have a problem!
18:07:03.871 INFO  manager.ListenerWD -- Failed method:alert
18:07:03.871 INFO  manager.ListenerWD -- ***************
18:07:03.871 INFO  manager.ListenerWD -- Arguments:null
18:07:03.871 INFO  manager.ListenerWD -- ***************
18:07:03.871 INFO  manager.ListenerWD -- Exception:NoAlertPresentException
18:07:03.871 INFO  manager.ListenerWD -- ***************
18:07:03.871 INFO  manager.ListenerWD -- Messageno such alert
  (Session info: chrome=149.0.7827.103)
Build info: version: '4.26.0', revision: '8ccf0219d7'
System info: os.name: 'Windows 11', os.arch: 'amd64', os.version: '10.0', java.version: '21.0.10'
Driver info: org.openqa.selenium.chrome.ChromeDriver
Command: [e859930a089aec3810dec76aab7965bc, getAlertText {}]
Capabilities {acceptInsecureCerts: false, browserName: chrome, browserVersion: 149.0.7827.103, chrome: {chromedriverVersion: 149.0.7827.115 (daf70f9ddee..., userDataDir: C:\Users\marii\AppData\Loca...}, fedcm:accounts: true, goog:chromeOptions: {debuggerAddress: localhost:51884}, goog:processID: 1140, networkConnectionEnabled: false, pageLoadStrategy: normal, platformName: windows, proxy: Proxy(), se:cdp: ws://localhost:51884/devtoo..., se:cdpVersion: 149.0.7827.103, setWindowRect: true, strictFileInteractability: false, timeouts: {implicit: 0, pageLoad: 300000, script: 30000}, unhandledPromptBehavior: dismiss and notify, webauthn:extension:credBlob: true, webauthn:extension:largeBlob: true, webauthn:extension:minPinLength: true, webauthn:extension:prf: true, webauthn:virtualAuthenticators: true}
Session ID: e859930a089aec3810dec76aab7965bc
18:07:03.871 INFO  manager.ListenerWD -- ***************
18:07:03.871 INFO  manager.ListenerWD -- ***************
18:07:03.871 INFO  manager.ListenerWD -- Screen with error is--->src/test/screenshots/screen_1751.png
18:07:04.398 INFO  tests.TestBase -- Assert check is alert present with error text 'Wrong email or password'
18:07:04.401 INFO  manager.TestNGListener -- Success test -->loginWrongPassword
18:07:04.401 INFO  tests.TestBase -- ==============================================
18:07:04.404 INFO  tests.TestBase -- Name of method (test) -->registrationExistsUser
18:07:09.445 INFO  manager.TestNGListener -- Start test -->registrationExistsUser
18:07:09.447 INFO  manager.ListenerWD -- Before find element-->By.cssSelector: a[href='/login']
18:07:09.461 INFO  manager.ListenerWD -- After find element-->By.cssSelector: a[href='/login']
18:07:09.466 INFO  manager.ListenerWD -- Location of element-->a
18:07:09.477 INFO  manager.ListenerWD -- Before click element -->atext-->LOGIN
18:07:09.522 INFO  manager.ListenerWD -- After click element -->a
18:07:09.522 INFO  manager.HelperBase -- open form by click on button with locator a[href='/login']
18:07:09.523 INFO  manager.ListenerWD -- Before find element-->By.name: email
18:07:09.536 INFO  manager.ListenerWD -- After find element-->By.name: email
18:07:09.540 INFO  manager.ListenerWD -- Location of element-->input
18:07:09.553 INFO  manager.ListenerWD -- Before click element -->inputtext-->
18:07:09.600 INFO  manager.ListenerWD -- After click element -->input
18:07:09.622 INFO  manager.ListenerWD -- sendKeyds-->
18:07:09.630 INFO  manager.ListenerWD -- sendKeyds_TagName-->input
18:07:09.672 INFO  manager.ListenerWD -- sendKeyds-->
18:07:09.675 INFO  manager.ListenerWD -- sendKeyds_TagName-->input
18:07:09.700 INFO  manager.ListenerWD -- sendKeyds-->
18:07:09.703 INFO  manager.ListenerWD -- sendKeyds_TagName-->input
18:07:09.726 INFO  manager.ListenerWD -- Before find element-->By.xpath: //input[@placeholder='Password']
18:07:09.742 INFO  manager.ListenerWD -- After find element-->By.xpath: //input[@placeholder='Password']
18:07:09.746 INFO  manager.ListenerWD -- Location of element-->input
18:07:09.757 INFO  manager.ListenerWD -- Before click element -->inputtext-->
18:07:09.811 INFO  manager.ListenerWD -- After click element -->input
18:07:09.840 INFO  manager.ListenerWD -- sendKeyds-->
18:07:09.845 INFO  manager.ListenerWD -- sendKeyds_TagName-->input
18:07:09.889 INFO  manager.ListenerWD -- sendKeyds-->
18:07:09.893 INFO  manager.ListenerWD -- sendKeyds_TagName-->input
18:07:09.916 INFO  manager.ListenerWD -- sendKeyds-->
18:07:09.920 INFO  manager.ListenerWD -- sendKeyds_TagName-->input
18:07:09.941 INFO  manager.ListenerWD -- Before find element-->By.xpath: //button[text()='Registration']
18:07:09.961 INFO  manager.ListenerWD -- After find element-->By.xpath: //button[text()='Registration']
18:07:09.973 INFO  manager.ListenerWD -- Location of element-->button
18:07:09.990 INFO  manager.ListenerWD -- Before click element -->buttontext-->Registration
18:07:10.055 INFO  manager.ListenerWD -- Huston, we have a problem!
18:07:10.055 INFO  manager.ListenerWD -- Failed method:alert
18:07:10.055 INFO  manager.ListenerWD -- ***************
18:07:10.055 INFO  manager.ListenerWD -- Arguments:null
18:07:10.055 INFO  manager.ListenerWD -- ***************
18:07:10.055 INFO  manager.ListenerWD -- Exception:NoAlertPresentException
18:07:10.055 INFO  manager.ListenerWD -- ***************
18:07:10.057 INFO  manager.ListenerWD -- Messageno such alert
  (Session info: chrome=149.0.7827.103)
Build info: version: '4.26.0', revision: '8ccf0219d7'
System info: os.name: 'Windows 11', os.arch: 'amd64', os.version: '10.0', java.version: '21.0.10'
Driver info: org.openqa.selenium.chrome.ChromeDriver
Command: [e859930a089aec3810dec76aab7965bc, getAlertText {}]
Capabilities {acceptInsecureCerts: false, browserName: chrome, browserVersion: 149.0.7827.103, chrome: {chromedriverVersion: 149.0.7827.115 (daf70f9ddee..., userDataDir: C:\Users\marii\AppData\Loca...}, fedcm:accounts: true, goog:chromeOptions: {debuggerAddress: localhost:51884}, goog:processID: 1140, networkConnectionEnabled: false, pageLoadStrategy: normal, platformName: windows, proxy: Proxy(), se:cdp: ws://localhost:51884/devtoo..., se:cdpVersion: 149.0.7827.103, setWindowRect: true, strictFileInteractability: false, timeouts: {implicit: 0, pageLoad: 300000, script: 30000}, unhandledPromptBehavior: dismiss and notify, webauthn:extension:credBlob: true, webauthn:extension:largeBlob: true, webauthn:extension:minPinLength: true, webauthn:extension:prf: true, webauthn:virtualAuthenticators: true}
Session ID: e859930a089aec3810dec76aab7965bc
18:07:10.057 INFO  manager.ListenerWD -- ***************
18:07:10.057 INFO  manager.ListenerWD -- ***************
18:07:10.057 INFO  manager.ListenerWD -- Screen with error is--->src/test/screenshots/screen_1853.png
18:07:10.592 INFO  manager.TestNGListener -- Success test -->registrationExistsUser
18:07:10.594 INFO  tests.TestBase -- ==============================================
18:07:10.598 INFO  tests.TestBase -- Name of method (test) -->registrationSuccess
18:07:15.668 INFO  manager.TestNGListener -- Start test -->registrationSuccess
18:07:15.672 INFO  manager.ListenerWD -- Before find element-->By.cssSelector: a[href='/login']
18:07:15.697 INFO  manager.ListenerWD -- After find element-->By.cssSelector: a[href='/login']
18:07:15.705 INFO  manager.ListenerWD -- Location of element-->a
18:07:15.725 INFO  manager.ListenerWD -- Before click element -->atext-->LOGIN
18:07:15.805 INFO  manager.ListenerWD -- After click element -->a
18:07:15.805 INFO  manager.HelperBase -- open form by click on button with locator a[href='/login']
18:07:15.806 INFO  manager.ListenerWD -- Before find element-->By.name: email
18:07:15.826 INFO  manager.ListenerWD -- After find element-->By.name: email
18:07:15.833 INFO  manager.ListenerWD -- Location of element-->input
18:07:15.849 INFO  manager.ListenerWD -- Before click element -->inputtext-->
18:07:15.923 INFO  manager.ListenerWD -- After click element -->input
18:07:15.957 INFO  manager.ListenerWD -- sendKeyds-->
18:07:15.966 INFO  manager.ListenerWD -- sendKeyds_TagName-->input
18:07:16.024 INFO  manager.ListenerWD -- sendKeyds-->
18:07:16.030 INFO  manager.ListenerWD -- sendKeyds_TagName-->input
18:07:16.069 INFO  manager.ListenerWD -- sendKeyds-->
18:07:16.076 INFO  manager.ListenerWD -- sendKeyds_TagName-->input
18:07:16.113 INFO  manager.ListenerWD -- Before find element-->By.xpath: //input[@placeholder='Password']
18:07:16.131 INFO  manager.ListenerWD -- After find element-->By.xpath: //input[@placeholder='Password']
18:07:16.140 INFO  manager.ListenerWD -- Location of element-->input
18:07:16.155 INFO  manager.ListenerWD -- Before click element -->inputtext-->
18:07:16.215 INFO  manager.ListenerWD -- After click element -->input
18:07:16.247 INFO  manager.ListenerWD -- sendKeyds-->
18:07:16.252 INFO  manager.ListenerWD -- sendKeyds_TagName-->input
18:07:16.299 INFO  manager.ListenerWD -- sendKeyds-->
18:07:16.304 INFO  manager.ListenerWD -- sendKeyds_TagName-->input
18:07:16.341 INFO  manager.ListenerWD -- sendKeyds-->
18:07:16.347 INFO  manager.ListenerWD -- sendKeyds_TagName-->input
18:07:16.378 INFO  manager.ListenerWD -- Before find element-->By.xpath: //button[text()='Registration']
18:07:16.396 INFO  manager.ListenerWD -- After find element-->By.xpath: //button[text()='Registration']
18:07:16.403 INFO  manager.ListenerWD -- Location of element-->button
18:07:16.417 INFO  manager.ListenerWD -- Before click element -->buttontext-->Registration
18:07:16.822 INFO  manager.ListenerWD -- Before find element-->By.cssSelector: .contact-page_message__2qafk>h1
18:07:17.043 INFO  manager.ListenerWD -- After find element-->By.cssSelector: .contact-page_message__2qafk>h1
18:07:17.050 INFO  manager.ListenerWD -- Location of element-->h1
18:07:17.064 INFO  manager.TestNGListener -- Success test -->registrationSuccess
18:07:17.065 INFO  tests.TestBase -- ==============================================
18:07:17.068 INFO  tests.TestBase -- Name of method (test) -->registrationWrongEmail
18:07:17.092 INFO  manager.ListenerWD -- Before find element-->By.xpath: //button[text()='Sign Out']
18:07:17.125 INFO  manager.ListenerWD -- After find element-->By.xpath: //button[text()='Sign Out']
18:07:17.132 INFO  manager.ListenerWD -- Location of element-->button
18:07:17.150 INFO  manager.ListenerWD -- Before click element -->buttontext-->Sign Out
18:07:17.237 INFO  manager.TestNGListener -- Start test -->registrationWrongEmail
18:07:17.239 INFO  manager.ListenerWD -- Before find element-->By.cssSelector: a[href='/login']
18:07:17.257 INFO  manager.ListenerWD -- After find element-->By.cssSelector: a[href='/login']
18:07:17.266 INFO  manager.ListenerWD -- Location of element-->a
18:07:17.282 INFO  manager.ListenerWD -- Before click element -->atext-->LOGIN
18:07:17.353 INFO  manager.ListenerWD -- After click element -->a
18:07:17.353 INFO  manager.HelperBase -- open form by click on button with locator a[href='/login']
18:07:17.353 INFO  manager.ListenerWD -- Before find element-->By.name: email
18:07:17.373 INFO  manager.ListenerWD -- After find element-->By.name: email
18:07:17.380 INFO  manager.ListenerWD -- Location of element-->input
18:07:17.395 INFO  manager.ListenerWD -- Before click element -->inputtext-->
18:07:17.497 INFO  manager.ListenerWD -- After click element -->input
18:07:17.536 INFO  manager.ListenerWD -- sendKeyds-->
18:07:17.545 INFO  manager.ListenerWD -- sendKeyds_TagName-->input
18:07:17.590 INFO  manager.ListenerWD -- sendKeyds-->
18:07:17.597 INFO  manager.ListenerWD -- sendKeyds_TagName-->input
18:07:17.642 INFO  manager.ListenerWD -- sendKeyds-->
18:07:17.648 INFO  manager.ListenerWD -- sendKeyds_TagName-->input
18:07:17.687 INFO  manager.ListenerWD -- Before find element-->By.xpath: //input[@placeholder='Password']
18:07:17.707 INFO  manager.ListenerWD -- After find element-->By.xpath: //input[@placeholder='Password']
18:07:17.715 INFO  manager.ListenerWD -- Location of element-->input
18:07:17.730 INFO  manager.ListenerWD -- Before click element -->inputtext-->
18:07:17.795 INFO  manager.ListenerWD -- After click element -->input
18:07:17.827 INFO  manager.ListenerWD -- sendKeyds-->
18:07:17.832 INFO  manager.ListenerWD -- sendKeyds_TagName-->input
18:07:17.872 INFO  manager.ListenerWD -- sendKeyds-->
18:07:17.878 INFO  manager.ListenerWD -- sendKeyds_TagName-->input
18:07:17.915 INFO  manager.ListenerWD -- sendKeyds-->
18:07:17.921 INFO  manager.ListenerWD -- sendKeyds_TagName-->input
18:07:17.952 INFO  manager.ListenerWD -- Before find element-->By.xpath: //button[text()='Registration']
18:07:17.970 INFO  manager.ListenerWD -- After find element-->By.xpath: //button[text()='Registration']
18:07:17.976 INFO  manager.ListenerWD -- Location of element-->button
18:07:17.992 INFO  manager.ListenerWD -- Before click element -->buttontext-->Registration
18:07:18.070 INFO  manager.ListenerWD -- Huston, we have a problem!
18:07:18.070 INFO  manager.ListenerWD -- Failed method:alert
18:07:18.070 INFO  manager.ListenerWD -- ***************
18:07:18.070 INFO  manager.ListenerWD -- Arguments:null
18:07:18.070 INFO  manager.ListenerWD -- ***************
18:07:18.070 INFO  manager.ListenerWD -- Exception:NoAlertPresentException
18:07:18.070 INFO  manager.ListenerWD -- ***************
18:07:18.071 INFO  manager.ListenerWD -- Messageno such alert
  (Session info: chrome=149.0.7827.103)
Build info: version: '4.26.0', revision: '8ccf0219d7'
System info: os.name: 'Windows 11', os.arch: 'amd64', os.version: '10.0', java.version: '21.0.10'
Driver info: org.openqa.selenium.chrome.ChromeDriver
Command: [e859930a089aec3810dec76aab7965bc, getAlertText {}]
Capabilities {acceptInsecureCerts: false, browserName: chrome, browserVersion: 149.0.7827.103, chrome: {chromedriverVersion: 149.0.7827.115 (daf70f9ddee..., userDataDir: C:\Users\marii\AppData\Loca...}, fedcm:accounts: true, goog:chromeOptions: {debuggerAddress: localhost:51884}, goog:processID: 1140, networkConnectionEnabled: false, pageLoadStrategy: normal, platformName: windows, proxy: Proxy(), se:cdp: ws://localhost:51884/devtoo..., se:cdpVersion: 149.0.7827.103, setWindowRect: true, strictFileInteractability: false, timeouts: {implicit: 0, pageLoad: 300000, script: 30000}, unhandledPromptBehavior: dismiss and notify, webauthn:extension:credBlob: true, webauthn:extension:largeBlob: true, webauthn:extension:minPinLength: true, webauthn:extension:prf: true, webauthn:virtualAuthenticators: true}
Session ID: e859930a089aec3810dec76aab7965bc
18:07:18.071 INFO  manager.ListenerWD -- ***************
18:07:18.071 INFO  manager.ListenerWD -- ***************
18:07:18.071 INFO  manager.ListenerWD -- Screen with error is--->src/test/screenshots/screen_1021.png
18:07:18.667 INFO  manager.TestNGListener -- Success test -->registrationWrongEmail
18:07:18.669 INFO  tests.TestBase -- ==============================================
18:07:18.677 INFO  tests.TestBase -- Name of method (test) -->registrationWrongPassword
18:07:23.762 INFO  manager.TestNGListener -- Start test -->registrationWrongPassword
18:07:23.768 INFO  manager.ListenerWD -- Before find element-->By.cssSelector: a[href='/login']
18:07:23.801 INFO  manager.ListenerWD -- After find element-->By.cssSelector: a[href='/login']
18:07:23.808 INFO  manager.ListenerWD -- Location of element-->a
18:07:23.826 INFO  manager.ListenerWD -- Before click element -->atext-->LOGIN
18:07:23.909 INFO  manager.ListenerWD -- After click element -->a
18:07:23.909 INFO  manager.HelperBase -- open form by click on button with locator a[href='/login']
18:07:23.909 INFO  manager.ListenerWD -- Before find element-->By.name: email
18:07:23.923 INFO  manager.ListenerWD -- After find element-->By.name: email
18:07:23.932 INFO  manager.ListenerWD -- Location of element-->input
18:07:23.948 INFO  manager.ListenerWD -- Before click element -->inputtext-->
18:07:24.005 INFO  manager.ListenerWD -- After click element -->input
18:07:24.041 INFO  manager.ListenerWD -- sendKeyds-->
18:07:24.049 INFO  manager.ListenerWD -- sendKeyds_TagName-->input
18:07:24.107 INFO  manager.ListenerWD -- sendKeyds-->
18:07:24.115 INFO  manager.ListenerWD -- sendKeyds_TagName-->input
18:07:24.151 INFO  manager.ListenerWD -- sendKeyds-->
18:07:24.158 INFO  manager.ListenerWD -- sendKeyds_TagName-->input
18:07:24.192 INFO  manager.ListenerWD -- Before find element-->By.xpath: //input[@placeholder='Password']
18:07:24.211 INFO  manager.ListenerWD -- After find element-->By.xpath: //input[@placeholder='Password']
18:07:24.216 INFO  manager.ListenerWD -- Location of element-->input
18:07:24.230 INFO  manager.ListenerWD -- Before click element -->inputtext-->
18:07:24.288 INFO  manager.ListenerWD -- After click element -->input
18:07:24.328 INFO  manager.ListenerWD -- sendKeyds-->
18:07:24.334 INFO  manager.ListenerWD -- sendKeyds_TagName-->input
18:07:24.383 INFO  manager.ListenerWD -- sendKeyds-->
18:07:24.390 INFO  manager.ListenerWD -- sendKeyds_TagName-->input
18:07:24.426 INFO  manager.ListenerWD -- sendKeyds-->
18:07:24.434 INFO  manager.ListenerWD -- sendKeyds_TagName-->input
18:07:24.459 INFO  manager.ListenerWD -- Before find element-->By.xpath: //button[text()='Registration']
18:07:24.473 INFO  manager.ListenerWD -- After find element-->By.xpath: //button[text()='Registration']
18:07:24.480 INFO  manager.ListenerWD -- Location of element-->button
18:07:24.493 INFO  manager.ListenerWD -- Before click element -->buttontext-->Registration
18:07:24.563 INFO  manager.ListenerWD -- Huston, we have a problem!
18:07:24.563 INFO  manager.ListenerWD -- Failed method:alert
18:07:24.563 INFO  manager.ListenerWD -- ***************
18:07:24.563 INFO  manager.ListenerWD -- Arguments:null
18:07:24.563 INFO  manager.ListenerWD -- ***************
18:07:24.563 INFO  manager.ListenerWD -- Exception:NoAlertPresentException
18:07:24.564 INFO  manager.ListenerWD -- ***************
18:07:24.564 INFO  manager.ListenerWD -- Messageno such alert
  (Session info: chrome=149.0.7827.103)
Build info: version: '4.26.0', revision: '8ccf0219d7'
System info: os.name: 'Windows 11', os.arch: 'amd64', os.version: '10.0', java.version: '21.0.10'
Driver info: org.openqa.selenium.chrome.ChromeDriver
Command: [e859930a089aec3810dec76aab7965bc, getAlertText {}]
Capabilities {acceptInsecureCerts: false, browserName: chrome, browserVersion: 149.0.7827.103, chrome: {chromedriverVersion: 149.0.7827.115 (daf70f9ddee..., userDataDir: C:\Users\marii\AppData\Loca...}, fedcm:accounts: true, goog:chromeOptions: {debuggerAddress: localhost:51884}, goog:processID: 1140, networkConnectionEnabled: false, pageLoadStrategy: normal, platformName: windows, proxy: Proxy(), se:cdp: ws://localhost:51884/devtoo..., se:cdpVersion: 149.0.7827.103, setWindowRect: true, strictFileInteractability: false, timeouts: {implicit: 0, pageLoad: 300000, script: 30000}, unhandledPromptBehavior: dismiss and notify, webauthn:extension:credBlob: true, webauthn:extension:largeBlob: true, webauthn:extension:minPinLength: true, webauthn:extension:prf: true, webauthn:virtualAuthenticators: true}
Session ID: e859930a089aec3810dec76aab7965bc
18:07:24.564 INFO  manager.ListenerWD -- ***************
18:07:24.564 INFO  manager.ListenerWD -- ***************
18:07:24.564 INFO  manager.ListenerWD -- Screen with error is--->src/test/screenshots/screen_1308.png
18:07:25.101 INFO  manager.TestNGListener -- Success test -->registrationWrongPassword
18:07:25.102 INFO  tests.TestBase -- ==============================================
18:07:25.114 INFO  manager.TestNGListener -- Stop testing on date -->Mon Jun 15 18:07:25 IDT 2026
