19:36:13.451 INFO  manager.ApplicationManager -- All tests runs in Chrome Browser
19:36:14.547 INFO  manager.ApplicationManager -- The link --->https://telranedu.web.app/home
19:36:14.572 INFO  manager.TestNGListener -- Start testing on date -->Mon Jun 08 19:36:14 IDT 2026
19:36:14.623 INFO  tests.TestBase -- Name of method (test) -->loginSuccess1
19:36:19.670 INFO  manager.TestNGListener -- Start test -->loginSuccess1
19:36:19.673 INFO  manager.ListenerWD -- Before find element-->By.cssSelector: a[href='/login']
19:36:19.711 INFO  manager.ListenerWD -- After find element-->By.cssSelector: a[href='/login']
19:36:19.725 INFO  manager.ListenerWD -- Location of element-->a
19:36:19.745 INFO  manager.ListenerWD -- Before click element -->atext-->LOGIN
19:36:19.840 INFO  manager.ListenerWD -- After click element -->a
19:36:19.841 INFO  manager.HelperBase -- open form by click on button with locator a[href='/login']
19:36:19.842 INFO  manager.ListenerWD -- Before find element-->By.name: email
19:36:19.875 INFO  manager.ListenerWD -- After find element-->By.name: email
19:36:19.887 INFO  manager.ListenerWD -- Location of element-->input
19:36:19.909 INFO  manager.ListenerWD -- Before click element -->inputtext-->
19:36:19.977 INFO  manager.ListenerWD -- After click element -->input
19:36:20.016 INFO  manager.ListenerWD -- sendKeyds-->
19:36:20.024 INFO  manager.ListenerWD -- sendKeyds_TagName-->input
19:36:20.072 INFO  manager.ListenerWD -- sendKeyds-->
19:36:20.080 INFO  manager.ListenerWD -- sendKeyds_TagName-->input
19:36:20.117 INFO  manager.ListenerWD -- sendKeyds-->
19:36:20.124 INFO  manager.ListenerWD -- sendKeyds_TagName-->input
19:36:20.165 INFO  manager.ListenerWD -- Before find element-->By.xpath: //input[@placeholder='Password']
19:36:20.192 INFO  manager.ListenerWD -- After find element-->By.xpath: //input[@placeholder='Password']
19:36:20.201 INFO  manager.ListenerWD -- Location of element-->input
19:36:20.218 INFO  manager.ListenerWD -- Before click element -->inputtext-->
19:36:20.277 INFO  manager.ListenerWD -- After click element -->input
19:36:20.311 INFO  manager.ListenerWD -- sendKeyds-->
19:36:20.321 INFO  manager.ListenerWD -- sendKeyds_TagName-->input
19:36:20.357 INFO  manager.ListenerWD -- sendKeyds-->
19:36:20.363 INFO  manager.ListenerWD -- sendKeyds_TagName-->input
19:36:20.396 INFO  manager.ListenerWD -- sendKeyds-->
19:36:20.404 INFO  manager.ListenerWD -- sendKeyds_TagName-->input
19:36:20.439 INFO  manager.ListenerWD -- Before find element-->By.xpath: //button[text()='Login']
19:36:20.471 INFO  manager.ListenerWD -- After find element-->By.xpath: //button[text()='Login']
19:36:20.479 INFO  manager.ListenerWD -- Location of element-->button
19:36:20.495 INFO  manager.ListenerWD -- Before click element -->buttontext-->Login
19:36:21.537 INFO  manager.TestNGListener -- Success test -->loginSuccess1
19:36:21.540 INFO  tests.TestBase -- ==============================================
19:36:21.545 INFO  tests.TestBase -- Name of method (test) -->loginWrongEmail
19:36:21.571 INFO  manager.ListenerWD -- Before find element-->By.xpath: //button[text()='Sign Out']
19:36:21.594 INFO  manager.ListenerWD -- After find element-->By.xpath: //button[text()='Sign Out']
19:36:21.603 INFO  manager.ListenerWD -- Location of element-->button
19:36:21.626 INFO  manager.ListenerWD -- Before click element -->buttontext-->Sign Out
19:36:21.697 INFO  tests.TestBase -- Before method finished logout
19:36:21.697 INFO  manager.TestNGListener -- Start test -->loginWrongEmail
19:36:21.697 INFO  tests.TestBase -- Test data---> email: 'margogmail.com' & password: 'Mmar123456$'
19:36:21.699 INFO  manager.ListenerWD -- Before find element-->By.cssSelector: a[href='/login']
19:36:21.726 INFO  manager.ListenerWD -- After find element-->By.cssSelector: a[href='/login']
19:36:21.734 INFO  manager.ListenerWD -- Location of element-->a
19:36:21.754 INFO  manager.ListenerWD -- Before click element -->atext-->LOGIN
19:36:21.834 INFO  manager.ListenerWD -- After click element -->a
19:36:21.834 INFO  manager.HelperBase -- open form by click on button with locator a[href='/login']
19:36:21.835 INFO  manager.ListenerWD -- Before find element-->By.name: email
19:36:21.874 INFO  manager.ListenerWD -- After find element-->By.name: email
19:36:21.883 INFO  manager.ListenerWD -- Location of element-->input
19:36:21.904 INFO  manager.ListenerWD -- Before click element -->inputtext-->
19:36:22.014 INFO  manager.ListenerWD -- After click element -->input
19:36:22.058 INFO  manager.ListenerWD -- sendKeyds-->
19:36:22.066 INFO  manager.ListenerWD -- sendKeyds_TagName-->input
19:36:22.105 INFO  manager.ListenerWD -- sendKeyds-->
19:36:22.113 INFO  manager.ListenerWD -- sendKeyds_TagName-->input
19:36:22.151 INFO  manager.ListenerWD -- sendKeyds-->
19:36:22.158 INFO  manager.ListenerWD -- sendKeyds_TagName-->input
19:36:22.196 INFO  manager.HelperBase -- type in input with locator By.name("email") 
19:36:22.196 INFO  manager.ListenerWD -- Before find element-->By.xpath: //input[@placeholder='Password']
19:36:22.217 INFO  manager.ListenerWD -- After find element-->By.xpath: //input[@placeholder='Password']
19:36:22.226 INFO  manager.ListenerWD -- Location of element-->input
19:36:22.242 INFO  manager.ListenerWD -- Before click element -->inputtext-->
19:36:22.347 INFO  manager.ListenerWD -- After click element -->input
19:36:22.386 INFO  manager.ListenerWD -- sendKeyds-->
19:36:22.392 INFO  manager.ListenerWD -- sendKeyds_TagName-->input
19:36:22.430 INFO  manager.ListenerWD -- sendKeyds-->
19:36:22.441 INFO  manager.ListenerWD -- sendKeyds_TagName-->input
19:36:22.478 INFO  manager.ListenerWD -- sendKeyds-->
19:36:22.488 INFO  manager.ListenerWD -- sendKeyds_TagName-->input
19:36:22.523 INFO  manager.ListenerWD -- Before find element-->By.xpath: //button[text()='Login']
19:36:22.540 INFO  manager.ListenerWD -- After find element-->By.xpath: //button[text()='Login']
19:36:22.547 INFO  manager.ListenerWD -- Location of element-->button
19:36:22.564 INFO  manager.ListenerWD -- Before click element -->buttontext-->Login
19:36:22.641 INFO  manager.ListenerWD -- Huston, we have a problem!
19:36:22.641 INFO  manager.ListenerWD -- Failed method:alert
19:36:22.641 INFO  manager.ListenerWD -- ***************
19:36:22.641 INFO  manager.ListenerWD -- Arguments:null
19:36:22.641 INFO  manager.ListenerWD -- ***************
19:36:22.641 INFO  manager.ListenerWD -- Exception:NoAlertPresentException
19:36:22.641 INFO  manager.ListenerWD -- ***************
19:36:22.641 INFO  manager.ListenerWD -- Messageno such alert
  (Session info: chrome=148.0.7778.179)
Build info: version: '4.26.0', revision: '8ccf0219d7'
System info: os.name: 'Windows 11', os.arch: 'amd64', os.version: '10.0', java.version: '21.0.10'
Driver info: org.openqa.selenium.chrome.ChromeDriver
Command: [d65b88a4f422029ff88ba57960280d8d, getAlertText {}]
Capabilities {acceptInsecureCerts: false, browserName: chrome, browserVersion: 148.0.7778.179, chrome: {chromedriverVersion: 148.0.7778.178 (d096af1c9e9..., userDataDir: C:\Users\marii\AppData\Loca...}, fedcm:accounts: true, goog:chromeOptions: {debuggerAddress: localhost:58123}, goog:processID: 38192, networkConnectionEnabled: false, pageLoadStrategy: normal, platformName: windows, proxy: Proxy(), se:cdp: ws://localhost:58123/devtoo..., se:cdpVersion: 148.0.7778.179, setWindowRect: true, strictFileInteractability: false, timeouts: {implicit: 0, pageLoad: 300000, script: 30000}, unhandledPromptBehavior: dismiss and notify, webauthn:extension:credBlob: true, webauthn:extension:largeBlob: true, webauthn:extension:minPinLength: true, webauthn:extension:prf: true, webauthn:virtualAuthenticators: true}
Session ID: d65b88a4f422029ff88ba57960280d8d
19:36:22.641 INFO  manager.ListenerWD -- ***************
19:36:22.641 INFO  manager.ListenerWD -- ***************
19:36:22.642 INFO  manager.ListenerWD -- Screen with error is--->src/test/screenshots/screen_1182.png
19:36:24.134 INFO  tests.TestBase -- Assert check is alert present with error text 'Wrong email or password'
19:36:24.157 INFO  manager.TestNGListener -- Success test -->loginWrongEmail
19:36:24.160 INFO  tests.TestBase -- ==============================================
19:36:29.227 INFO  manager.ListenerWD -- Before find element-->By.cssSelector: a[href='/login']
19:36:29.246 INFO  manager.ListenerWD -- After find element-->By.cssSelector: a[href='/login']
19:36:29.257 INFO  manager.ListenerWD -- Location of element-->a
19:36:29.274 INFO  manager.ListenerWD -- Before click element -->atext-->LOGIN
19:36:29.327 INFO  manager.ListenerWD -- After click element -->a
19:36:29.327 INFO  manager.HelperBase -- open form by click on button with locator a[href='/login']
19:36:29.327 INFO  manager.ListenerWD -- Before find element-->By.name: email
19:36:29.348 INFO  manager.ListenerWD -- After find element-->By.name: email
19:36:29.355 INFO  manager.ListenerWD -- Location of element-->input
19:36:29.373 INFO  manager.ListenerWD -- Before click element -->inputtext-->
19:36:29.435 INFO  manager.ListenerWD -- After click element -->input
19:36:29.474 INFO  manager.ListenerWD -- sendKeyds-->
19:36:29.480 INFO  manager.ListenerWD -- sendKeyds_TagName-->input
19:36:29.532 INFO  manager.ListenerWD -- sendKeyds-->
19:36:29.541 INFO  manager.ListenerWD -- sendKeyds_TagName-->input
19:36:29.573 INFO  manager.ListenerWD -- sendKeyds-->
19:36:29.580 INFO  manager.ListenerWD -- sendKeyds_TagName-->input
19:36:29.617 INFO  manager.ListenerWD -- Before find element-->By.xpath: //input[@placeholder='Password']
19:36:29.636 INFO  manager.ListenerWD -- After find element-->By.xpath: //input[@placeholder='Password']
19:36:29.647 INFO  manager.ListenerWD -- Location of element-->input
19:36:29.666 INFO  manager.ListenerWD -- Before click element -->inputtext-->
19:36:29.726 INFO  manager.ListenerWD -- After click element -->input
19:36:29.762 INFO  manager.ListenerWD -- sendKeyds-->
19:36:29.769 INFO  manager.ListenerWD -- sendKeyds_TagName-->input
19:36:29.815 INFO  manager.ListenerWD -- sendKeyds-->
19:36:29.825 INFO  manager.ListenerWD -- sendKeyds_TagName-->input
19:36:29.859 INFO  manager.ListenerWD -- sendKeyds-->
19:36:29.867 INFO  manager.ListenerWD -- sendKeyds_TagName-->input
19:36:29.899 INFO  manager.ListenerWD -- Before find element-->By.xpath: //button[text()='Login']
19:36:29.921 INFO  manager.ListenerWD -- After find element-->By.xpath: //button[text()='Login']
19:36:29.927 INFO  manager.ListenerWD -- Location of element-->button
19:36:29.943 INFO  manager.ListenerWD -- Before click element -->buttontext-->Login
19:36:30.001 INFO  tests.TestBase -- Name of method (test) -->addNewContactSuccessRequiredFields
19:36:30.001 INFO  manager.TestNGListener -- Start test -->addNewContactSuccessRequiredFields
19:36:30.004 INFO  manager.ListenerWD -- Before find element-->By.cssSelector: a[href='/add']
19:36:30.336 INFO  manager.ListenerWD -- After find element-->By.cssSelector: a[href='/add']
19:36:30.346 INFO  manager.ListenerWD -- Location of element-->a
19:36:30.363 INFO  manager.ListenerWD -- Before click element -->atext-->ADD
19:36:30.434 INFO  manager.ListenerWD -- After click element -->a
19:36:30.434 INFO  manager.ListenerWD -- Before find element-->By.cssSelector: [placeholder='Name']
19:36:30.455 INFO  manager.ListenerWD -- After find element-->By.cssSelector: [placeholder='Name']
19:36:30.462 INFO  manager.ListenerWD -- Location of element-->input
19:36:30.478 INFO  manager.ListenerWD -- Before click element -->inputtext-->
19:36:30.554 INFO  manager.ListenerWD -- After click element -->input
19:36:30.589 INFO  manager.ListenerWD -- sendKeyds-->
19:36:30.596 INFO  manager.ListenerWD -- sendKeyds_TagName-->input
19:36:30.633 INFO  manager.ListenerWD -- sendKeyds-->
19:36:30.641 INFO  manager.ListenerWD -- sendKeyds_TagName-->input
19:36:30.680 INFO  manager.ListenerWD -- sendKeyds-->
19:36:30.688 INFO  manager.ListenerWD -- sendKeyds_TagName-->input
19:36:30.715 INFO  manager.ListenerWD -- Before find element-->By.cssSelector: [placeholder='Last Name']
19:36:30.736 INFO  manager.ListenerWD -- After find element-->By.cssSelector: [placeholder='Last Name']
19:36:30.745 INFO  manager.ListenerWD -- Location of element-->input
19:36:30.762 INFO  manager.ListenerWD -- Before click element -->inputtext-->
19:36:30.825 INFO  manager.ListenerWD -- After click element -->input
19:36:30.856 INFO  manager.ListenerWD -- sendKeyds-->
19:36:30.862 INFO  manager.ListenerWD -- sendKeyds_TagName-->input
19:36:30.895 INFO  manager.ListenerWD -- sendKeyds-->
19:36:30.901 INFO  manager.ListenerWD -- sendKeyds_TagName-->input
19:36:30.935 INFO  manager.ListenerWD -- sendKeyds-->
19:36:30.942 INFO  manager.ListenerWD -- sendKeyds_TagName-->input
19:36:30.974 INFO  manager.ListenerWD -- Before find element-->By.cssSelector: [placeholder='Phone']
19:36:30.996 INFO  manager.ListenerWD -- After find element-->By.cssSelector: [placeholder='Phone']
19:36:31.006 INFO  manager.ListenerWD -- Location of element-->input
19:36:31.024 INFO  manager.ListenerWD -- Before click element -->inputtext-->
19:36:31.078 INFO  manager.ListenerWD -- After click element -->input
19:36:31.109 INFO  manager.ListenerWD -- sendKeyds-->
19:36:31.114 INFO  manager.ListenerWD -- sendKeyds_TagName-->input
19:36:31.145 INFO  manager.ListenerWD -- sendKeyds-->
19:36:31.153 INFO  manager.ListenerWD -- sendKeyds_TagName-->input
19:36:31.189 INFO  manager.ListenerWD -- sendKeyds-->
19:36:31.195 INFO  manager.ListenerWD -- sendKeyds_TagName-->input
19:36:31.235 INFO  manager.ListenerWD -- Before find element-->By.cssSelector: [placeholder='email']
19:36:31.255 INFO  manager.ListenerWD -- After find element-->By.cssSelector: [placeholder='email']
19:36:31.262 INFO  manager.ListenerWD -- Location of element-->input
19:36:31.281 INFO  manager.ListenerWD -- Before click element -->inputtext-->
19:36:31.339 INFO  manager.ListenerWD -- After click element -->input
19:36:31.371 INFO  manager.ListenerWD -- sendKeyds-->
19:36:31.379 INFO  manager.ListenerWD -- sendKeyds_TagName-->input
19:36:31.413 INFO  manager.ListenerWD -- sendKeyds-->
19:36:31.421 INFO  manager.ListenerWD -- sendKeyds_TagName-->input
19:36:31.458 INFO  manager.ListenerWD -- sendKeyds-->
19:36:31.464 INFO  manager.ListenerWD -- sendKeyds_TagName-->input
19:36:31.501 INFO  manager.ListenerWD -- Before find element-->By.cssSelector: [placeholder='Address']
19:36:31.524 INFO  manager.ListenerWD -- After find element-->By.cssSelector: [placeholder='Address']
19:36:31.532 INFO  manager.ListenerWD -- Location of element-->input
19:36:31.546 INFO  manager.ListenerWD -- Before click element -->inputtext-->
19:36:31.604 INFO  manager.ListenerWD -- After click element -->input
19:36:31.639 INFO  manager.ListenerWD -- sendKeyds-->
19:36:31.646 INFO  manager.ListenerWD -- sendKeyds_TagName-->input
19:36:31.678 INFO  manager.ListenerWD -- sendKeyds-->
19:36:31.685 INFO  manager.ListenerWD -- sendKeyds_TagName-->input
19:36:31.718 INFO  manager.ListenerWD -- sendKeyds-->
19:36:31.725 INFO  manager.ListenerWD -- sendKeyds_TagName-->input
19:36:31.751 INFO  manager.ListenerWD -- Before find element-->By.cssSelector: [placeholder='description']
19:36:31.773 INFO  manager.ListenerWD -- After find element-->By.cssSelector: [placeholder='description']
19:36:31.781 INFO  manager.ListenerWD -- Location of element-->input
19:36:31.803 INFO  manager.ListenerWD -- Before click element -->inputtext-->
19:36:31.889 INFO  manager.ListenerWD -- After click element -->input
19:36:31.932 INFO  manager.ListenerWD -- sendKeyds-->
19:36:31.942 INFO  manager.ListenerWD -- sendKeyds_TagName-->input
19:36:31.995 INFO  manager.ListenerWD -- sendKeyds-->
19:36:32.009 INFO  manager.ListenerWD -- sendKeyds_TagName-->input
19:36:32.039 INFO  manager.ListenerWD -- Before find element-->By.cssSelector: .add_form__2rsm2>button
19:36:32.079 INFO  manager.ListenerWD -- After find element-->By.cssSelector: .add_form__2rsm2>button
19:36:32.088 INFO  manager.ListenerWD -- Location of element-->button
19:36:32.108 INFO  manager.ListenerWD -- Before click element -->buttontext-->Save
19:36:32.171 INFO  manager.ListenerWD -- After click element -->button
19:36:33.183 INFO  manager.TestNGListener -- Success test -->addNewContactSuccessRequiredFields
19:36:33.185 INFO  tests.TestBase -- ==============================================
19:36:33.188 INFO  tests.TestBase -- Name of method (test) -->registrationSuccess
19:36:33.205 INFO  manager.ListenerWD -- Before find element-->By.xpath: //button[text()='Sign Out']
19:36:33.223 INFO  manager.ListenerWD -- After find element-->By.xpath: //button[text()='Sign Out']
19:36:33.231 INFO  manager.ListenerWD -- Location of element-->button
19:36:33.253 INFO  manager.ListenerWD -- Before click element -->buttontext-->Sign Out
19:36:33.325 INFO  manager.TestNGListener -- Start test -->registrationSuccess
19:36:33.327 INFO  manager.ListenerWD -- Before find element-->By.cssSelector: a[href='/login']
19:36:33.344 INFO  manager.ListenerWD -- After find element-->By.cssSelector: a[href='/login']
19:36:33.355 INFO  manager.ListenerWD -- Location of element-->a
19:36:33.374 INFO  manager.ListenerWD -- Before click element -->atext-->LOGIN
19:36:33.430 INFO  manager.ListenerWD -- After click element -->a
19:36:33.430 INFO  manager.HelperBase -- open form by click on button with locator a[href='/login']
19:36:33.431 INFO  manager.ListenerWD -- Before find element-->By.name: email
19:36:33.447 INFO  manager.ListenerWD -- After find element-->By.name: email
19:36:33.455 INFO  manager.ListenerWD -- Location of element-->input
19:36:33.472 INFO  manager.ListenerWD -- Before click element -->inputtext-->
19:36:33.570 INFO  manager.ListenerWD -- After click element -->input
19:36:33.605 INFO  manager.ListenerWD -- sendKeyds-->
19:36:33.611 INFO  manager.ListenerWD -- sendKeyds_TagName-->input
19:36:33.646 INFO  manager.ListenerWD -- sendKeyds-->
19:36:33.653 INFO  manager.ListenerWD -- sendKeyds_TagName-->input
19:36:33.688 INFO  manager.ListenerWD -- sendKeyds-->
19:36:33.692 INFO  manager.ListenerWD -- sendKeyds_TagName-->input
19:36:33.731 INFO  manager.ListenerWD -- Before find element-->By.xpath: //input[@placeholder='Password']
19:36:33.747 INFO  manager.ListenerWD -- After find element-->By.xpath: //input[@placeholder='Password']
19:36:33.755 INFO  manager.ListenerWD -- Location of element-->input
19:36:33.771 INFO  manager.ListenerWD -- Before click element -->inputtext-->
19:36:33.867 INFO  manager.ListenerWD -- After click element -->input
19:36:33.903 INFO  manager.ListenerWD -- sendKeyds-->
19:36:33.910 INFO  manager.ListenerWD -- sendKeyds_TagName-->input
19:36:33.945 INFO  manager.ListenerWD -- sendKeyds-->
19:36:33.953 INFO  manager.ListenerWD -- sendKeyds_TagName-->input
19:36:33.987 INFO  manager.ListenerWD -- sendKeyds-->
19:36:33.993 INFO  manager.ListenerWD -- sendKeyds_TagName-->input
19:36:34.027 INFO  manager.ListenerWD -- Before find element-->By.xpath: //button[text()='Registration']
19:36:34.047 INFO  manager.ListenerWD -- After find element-->By.xpath: //button[text()='Registration']
19:36:34.058 INFO  manager.ListenerWD -- Location of element-->button
19:36:34.074 INFO  manager.ListenerWD -- Before click element -->buttontext-->Registration
19:36:34.717 INFO  manager.ListenerWD -- Before find element-->By.cssSelector: .contact-page_message__2qafk>h1
19:36:34.917 INFO  manager.ListenerWD -- After find element-->By.cssSelector: .contact-page_message__2qafk>h1
19:36:34.924 INFO  manager.ListenerWD -- Location of element-->h1
19:36:34.934 INFO  manager.TestNGListener -- Success test -->registrationSuccess
19:36:34.936 INFO  tests.TestBase -- ==============================================
19:36:34.940 INFO  tests.TestBase -- Name of method (test) -->registrationWrongEmail
19:36:34.960 INFO  manager.ListenerWD -- Before find element-->By.xpath: //button[text()='Sign Out']
19:36:34.979 INFO  manager.ListenerWD -- After find element-->By.xpath: //button[text()='Sign Out']
19:36:34.985 INFO  manager.ListenerWD -- Location of element-->button
19:36:35.002 INFO  manager.ListenerWD -- Before click element -->buttontext-->Sign Out
19:36:35.060 INFO  manager.TestNGListener -- Start test -->registrationWrongEmail
19:36:35.061 INFO  manager.ListenerWD -- Before find element-->By.cssSelector: a[href='/login']
19:36:35.077 INFO  manager.ListenerWD -- After find element-->By.cssSelector: a[href='/login']
19:36:35.085 INFO  manager.ListenerWD -- Location of element-->a
19:36:35.098 INFO  manager.ListenerWD -- Before click element -->atext-->LOGIN
19:36:35.155 INFO  manager.ListenerWD -- After click element -->a
19:36:35.155 INFO  manager.HelperBase -- open form by click on button with locator a[href='/login']
19:36:35.155 INFO  manager.ListenerWD -- Before find element-->By.name: email
19:36:35.173 INFO  manager.ListenerWD -- After find element-->By.name: email
19:36:35.181 INFO  manager.ListenerWD -- Location of element-->input
19:36:35.198 INFO  manager.ListenerWD -- Before click element -->inputtext-->
19:36:35.283 INFO  manager.ListenerWD -- After click element -->input
19:36:35.320 INFO  manager.ListenerWD -- sendKeyds-->
19:36:35.326 INFO  manager.ListenerWD -- sendKeyds_TagName-->input
19:36:35.364 INFO  manager.ListenerWD -- sendKeyds-->
19:36:35.371 INFO  manager.ListenerWD -- sendKeyds_TagName-->input
19:36:35.408 INFO  manager.ListenerWD -- sendKeyds-->
19:36:35.414 INFO  manager.ListenerWD -- sendKeyds_TagName-->input
19:36:35.448 INFO  manager.ListenerWD -- Before find element-->By.xpath: //input[@placeholder='Password']
19:36:35.465 INFO  manager.ListenerWD -- After find element-->By.xpath: //input[@placeholder='Password']
19:36:35.473 INFO  manager.ListenerWD -- Location of element-->input
19:36:35.487 INFO  manager.ListenerWD -- Before click element -->inputtext-->
19:36:35.582 INFO  manager.ListenerWD -- After click element -->input
19:36:35.621 INFO  manager.ListenerWD -- sendKeyds-->
19:36:35.626 INFO  manager.ListenerWD -- sendKeyds_TagName-->input
19:36:35.660 INFO  manager.ListenerWD -- sendKeyds-->
19:36:35.667 INFO  manager.ListenerWD -- sendKeyds_TagName-->input
19:36:35.698 INFO  manager.ListenerWD -- sendKeyds-->
19:36:35.705 INFO  manager.ListenerWD -- sendKeyds_TagName-->input
19:36:35.740 INFO  manager.ListenerWD -- Before find element-->By.xpath: //button[text()='Registration']
19:36:35.758 INFO  manager.ListenerWD -- After find element-->By.xpath: //button[text()='Registration']
19:36:35.766 INFO  manager.ListenerWD -- Location of element-->button
19:36:35.783 INFO  manager.ListenerWD -- Before click element -->buttontext-->Registration
19:36:35.846 INFO  manager.ListenerWD -- Huston, we have a problem!
19:36:35.847 INFO  manager.ListenerWD -- Failed method:alert
19:36:35.847 INFO  manager.ListenerWD -- ***************
19:36:35.847 INFO  manager.ListenerWD -- Arguments:null
19:36:35.847 INFO  manager.ListenerWD -- ***************
19:36:35.847 INFO  manager.ListenerWD -- Exception:NoAlertPresentException
19:36:35.847 INFO  manager.ListenerWD -- ***************
19:36:35.847 INFO  manager.ListenerWD -- Messageno such alert
  (Session info: chrome=148.0.7778.179)
Build info: version: '4.26.0', revision: '8ccf0219d7'
System info: os.name: 'Windows 11', os.arch: 'amd64', os.version: '10.0', java.version: '21.0.10'
Driver info: org.openqa.selenium.chrome.ChromeDriver
Command: [d65b88a4f422029ff88ba57960280d8d, getAlertText {}]
Capabilities {acceptInsecureCerts: false, browserName: chrome, browserVersion: 148.0.7778.179, chrome: {chromedriverVersion: 148.0.7778.178 (d096af1c9e9..., userDataDir: C:\Users\marii\AppData\Loca...}, fedcm:accounts: true, goog:chromeOptions: {debuggerAddress: localhost:58123}, goog:processID: 38192, networkConnectionEnabled: false, pageLoadStrategy: normal, platformName: windows, proxy: Proxy(), se:cdp: ws://localhost:58123/devtoo..., se:cdpVersion: 148.0.7778.179, setWindowRect: true, strictFileInteractability: false, timeouts: {implicit: 0, pageLoad: 300000, script: 30000}, unhandledPromptBehavior: dismiss and notify, webauthn:extension:credBlob: true, webauthn:extension:largeBlob: true, webauthn:extension:minPinLength: true, webauthn:extension:prf: true, webauthn:virtualAuthenticators: true}
Session ID: d65b88a4f422029ff88ba57960280d8d
19:36:35.847 INFO  manager.ListenerWD -- ***************
19:36:35.847 INFO  manager.ListenerWD -- ***************
19:36:35.847 INFO  manager.ListenerWD -- Screen with error is--->src/test/screenshots/screen_1885.png
19:36:36.385 INFO  manager.TestNGListener -- Success test -->registrationWrongEmail
19:36:36.387 INFO  tests.TestBase -- ==============================================
19:36:36.389 INFO  tests.TestBase -- Name of method (test) -->removeFirstContact
19:36:41.430 INFO  manager.ListenerWD -- Before find element-->By.cssSelector: a[href='/login']
19:36:41.445 INFO  manager.ListenerWD -- After find element-->By.cssSelector: a[href='/login']
19:36:41.453 INFO  manager.ListenerWD -- Location of element-->a
19:36:41.465 INFO  manager.ListenerWD -- Before click element -->atext-->LOGIN
19:36:41.516 INFO  manager.ListenerWD -- After click element -->a
19:36:41.517 INFO  manager.HelperBase -- open form by click on button with locator a[href='/login']
19:36:41.518 INFO  manager.ListenerWD -- Before find element-->By.name: email
19:36:41.533 INFO  manager.ListenerWD -- After find element-->By.name: email
19:36:41.539 INFO  manager.ListenerWD -- Location of element-->input
19:36:41.553 INFO  manager.ListenerWD -- Before click element -->inputtext-->
19:36:41.608 INFO  manager.ListenerWD -- After click element -->input
19:36:41.643 INFO  manager.ListenerWD -- sendKeyds-->
19:36:41.648 INFO  manager.ListenerWD -- sendKeyds_TagName-->input
19:36:41.701 INFO  manager.ListenerWD -- sendKeyds-->
19:36:41.708 INFO  manager.ListenerWD -- sendKeyds_TagName-->input
19:36:41.739 INFO  manager.ListenerWD -- sendKeyds-->
19:36:41.745 INFO  manager.ListenerWD -- sendKeyds_TagName-->input
19:36:41.776 INFO  manager.ListenerWD -- Before find element-->By.xpath: //input[@placeholder='Password']
19:36:41.793 INFO  manager.ListenerWD -- After find element-->By.xpath: //input[@placeholder='Password']
19:36:41.804 INFO  manager.ListenerWD -- Location of element-->input
19:36:41.822 INFO  manager.ListenerWD -- Before click element -->inputtext-->
19:36:41.892 INFO  manager.ListenerWD -- After click element -->input
19:36:41.932 INFO  manager.ListenerWD -- sendKeyds-->
19:36:41.941 INFO  manager.ListenerWD -- sendKeyds_TagName-->input
19:36:42.009 INFO  manager.ListenerWD -- sendKeyds-->
19:36:42.016 INFO  manager.ListenerWD -- sendKeyds_TagName-->input
19:36:42.055 INFO  manager.ListenerWD -- sendKeyds-->
19:36:42.062 INFO  manager.ListenerWD -- sendKeyds_TagName-->input
19:36:42.092 INFO  manager.ListenerWD -- Before find element-->By.xpath: //button[text()='Login']
19:36:42.107 INFO  manager.ListenerWD -- After find element-->By.xpath: //button[text()='Login']
19:36:42.113 INFO  manager.ListenerWD -- Location of element-->button
19:36:42.127 INFO  manager.ListenerWD -- Before click element -->buttontext-->Login
19:36:42.653 INFO  manager.TestNGListener -- Start test -->removeFirstContact
19:36:42.691 INFO  manager.HelperBase -- Number of Contacts before remove is-->4
19:36:42.691 INFO  manager.ListenerWD -- Before find element-->By.cssSelector: .contact-item_card__2SOIM
19:36:42.712 INFO  manager.ListenerWD -- After find element-->By.cssSelector: .contact-item_card__2SOIM
19:36:42.717 INFO  manager.ListenerWD -- Location of element-->div
19:36:42.731 INFO  manager.ListenerWD -- Before click element -->divtext-->Harry
555667771722
19:36:42.788 INFO  manager.ListenerWD -- After click element -->div
19:36:42.788 INFO  manager.ListenerWD -- Before find element-->By.xpath: //button[text()='Remove']
19:36:42.806 INFO  manager.ListenerWD -- After find element-->By.xpath: //button[text()='Remove']
19:36:42.812 INFO  manager.ListenerWD -- Location of element-->button
19:36:42.827 INFO  manager.ListenerWD -- Before click element -->buttontext-->Remove
19:36:42.899 INFO  manager.ListenerWD -- After click element -->button
19:36:43.928 INFO  manager.HelperBase -- Number of Contacts after remove is-->3
19:36:43.929 INFO  manager.TestNGListener -- Success test -->removeFirstContact
19:36:43.929 INFO  tests.TestBase -- ==============================================
19:36:43.930 INFO  manager.TestNGListener -- Stop testing on date -->Mon Jun 08 19:36:43 IDT 2026
